c --- [ banner ] -------------------------------------------------------------
c 
c CaDiCaL SAT Solver
c Copyright (c) 2016-2026
c A. Biere, M. Fleury, N. Froleyks, K. Fazekas, F. Pollitt, T. Faller
c JKU Linz, University of Freiburg, TU Wien
c 
c Version 3.0.1 6f2b1a38e26bb3cddb49c89c64d419c1d6a16ecb
c Apple clang version 21.0.0 (clang-2100.1.1.101) -Wall -Wextra -O3 -DNDEBUG -DNCLOSEFROM
c Sun Aug 30 17:38:15 CST 2026 Darwin djftekiMacBook-Pro.local 25.3.0 arm64
c 
c --- [ proof tracing ] ------------------------------------------------------
c 
c opening file to write '/Users/djf/develop/CS/Turing/Turing1/morphosat_research/proofs/layer_c_heterogeneous_tseitin.n8.s8.u.cadical.default.drat'
c writing non-binary proof trace to '/Users/djf/develop/CS/Turing/Turing1/morphosat_research/proofs/layer_c_heterogeneous_tseitin.n8.s8.u.cadical.default.drat'
c 
c --- [ parsing input ] ------------------------------------------------------
c 
c reading DIMACS file from '/Users/djf/develop/CS/Turing/Turing1/morphosat_research/instances/separation_v0.2/layer_c_heterogeneous_tseitin.n8.s8.u.cnf'
c opening file to read '/Users/djf/develop/CS/Turing/Turing1/morphosat_research/instances/separation_v0.2/layer_c_heterogeneous_tseitin.n8.s8.u.cnf'
c found 'p cnf 571 750' header
c parsed 750 clauses in 0.00 seconds process time
c 
c --- [ options ] ------------------------------------------------------------
c 
c   --binary=false                 (different from default 'true')
c 
c --- [ solving ] ------------------------------------------------------------
c 
c time measured in process time since initialization
c 
c  seconds  reduction conflicts       size tier2     variables
c         MB    restarts   redundant    glue  trail      remaining
c          level     rate       size/glu tier1 irredundant
c 
c *  0.00  0  0 0   0  0    0    0 0.0 0 0 2 6  0%  365  60 11%
c )  0.00  0  0 0   0  0    0    0 0.0 0 0 2 6  0%  365  60 11%
c {  0.00  0  0 0   0  0    0    0 0.0 0 0 2 6  0%  365  60 11%
c i  0.00  0  5 0   0  1   64   39 1.8 3 2 2 6 98%  355  55 10%
c i  0.00  0  5 0   0  1   67   40 1.8 3 2 2 6 98%  355  51  9%
c i  0.00  0  4 0   0  1   77   45 1.8 3 2 2 6 98%  355  46  8%
c i  0.00  0  4 0   0  1   78   45 1.8 3 2 2 6 98%  355  44  8%
c i  0.00  0  4 0   0  1   80   46 1.9 3 2 2 6 98%  355  37  6%
c }  0.00  0  4 0   0  1   82   46 1.9 3 1 2 6 98%  355  11  2%
c 0  0.00  0  4 0   0  1   82   46 1.9 3 1 2 6 98%  355  11  2%
c 
c --- [ closing proof ] ------------------------------------------------------
c 
c DRAT proof file '/Users/djf/develop/CS/Turing/Turing1/morphosat_research/proofs/layer_c_heterogeneous_tseitin.n8.s8.u.cadical.default.drat' closed
c DRAT 473 added clauses 64.44%
c DRAT 261 deleted clauses 35.56%
c DRAT 8950 bytes (0.01 MB)
c 
c --- [ result ] -------------------------------------------------------------
c 
s UNSATISFIABLE
c 
c --- [ run-time profiling ] -------------------------------------------------
c 
c process time taken by individual solving procedures
c (percentage relative to process time for solving)
c 
c         0.00   87.55% search
c         0.00   75.54% parse
c         0.00   68.67% unstable
c         0.00   15.02% lucky
c         0.00    0.00% simplify
c   =================================
c         0.00   34.47% solve
c 
c last line shows process time for solving
c (percentage relative to total process time)
c 
c --- [ statistics ] ---------------------------------------------------------
c 
c chronological:                30        36.59 %  of conflicts
c conflicts:                    82    351931.33    per second
c decisions:                    85    364806.87    per second
c fixed:                       560        98.07 %  of all variables
c learned:                      55        67.07 %  per conflict
c learned_lits:                187       100.00 %  learned literals
c minimized:                     0         0.00 %  learned literals
c shrunken:                     27        14.44 %  learned literals
c minishrunken:                  7         3.74 %  learned literals
c otfs:                         36        43.90 %  of conflict
c propagations:               1643         7.05 M  per second
c subsumed:                     23         5.56 %  of all clauses
c strengthened:                 26         6.28 %  of all clauses
c ticks:                      6365         3.87    propagation
c 
c seconds are measured in process time for solving
c 
c --- [ glue usage ] ---------------------------------------------------------
c 
c focused glue 1 used 59 clauses 60.20% accumulated 60.20% tier1
c focused glue 2 used 35 clauses 35.71% accumulated 95.91% tier2
c 
c stable glue 2 used 0 clauses 0.000% accumulated 0.000% tier1
c stable glue 3 used 0 clauses 0.000% accumulated 0.000%
c stable glue 4 used 0 clauses 0.000% accumulated 0.000%
c stable glue 5 used 0 clauses 0.000% accumulated 0.000%
c stable glue 6 used 0 clauses 0.000% accumulated 0.000% tier2
c 
c 
c --- [ resources ] ----------------------------------------------------------
c 
c total process time since initialization:         0.00    seconds
c total real time since initialization:            0.00    seconds
c maximum resident set size of process:            2.52    MB
c 
c --- [ shutting down ] ------------------------------------------------------
c 
c exit 20

        0.00 real         0.00 user         0.00 sys
             2637824  maximum resident set size
                   0  average shared memory size
                   0  average unshared data size
                   0  average unshared stack size
                 325  page reclaims
                   1  page faults
                   0  swaps
                   0  block input operations
                   0  block output operations
                   0  messages sent
                   0  messages received
                   0  signals received
                   0  voluntary context switches
                   5  involuntary context switches
            22726066  instructions retired
             8699554  cycles elapsed
             1376544  peak memory footprint
