c --- [ banner ] -------------------------------------------------------------
c 
c CaDiCaL SAT Solver
c Copyright (c) 2016-2026
c A. Biere, M. Fleury, N. Froleyks, K. Fazekas, F. Pollitt, T. Faller
c JKU Linz, University of Freiburg, TU Wien
c 
c Version 3.0.1 6f2b1a38e26bb3cddb49c89c64d419c1d6a16ecb
c Apple clang version 21.0.0 (clang-2100.1.1.101) -Wall -Wextra -O3 -DNDEBUG -DNCLOSEFROM
c Sun Aug 30 17:38:15 CST 2026 Darwin djftekiMacBook-Pro.local 25.3.0 arm64
c 
c --- [ proof tracing ] ------------------------------------------------------
c 
c opening file to write '/Users/djf/develop/CS/Turing/Turing1/morphosat_research/proofs/layer_b_heterogeneous_tseitin.n4.s4.u.cadical.elimdef_on.drat'
c writing non-binary proof trace to '/Users/djf/develop/CS/Turing/Turing1/morphosat_research/proofs/layer_b_heterogeneous_tseitin.n4.s4.u.cadical.elimdef_on.drat'
c 
c --- [ parsing input ] ------------------------------------------------------
c 
c reading DIMACS file from '/Users/djf/develop/CS/Turing/Turing1/morphosat_research/instances/separation_v0.2/layer_b_heterogeneous_tseitin.n4.s4.u.cnf'
c opening file to read '/Users/djf/develop/CS/Turing/Turing1/morphosat_research/instances/separation_v0.2/layer_b_heterogeneous_tseitin.n4.s4.u.cnf'
c found 'p cnf 41 144' header
c parsed 144 clauses in 0.00 seconds process time
c 
c --- [ options ] ------------------------------------------------------------
c 
c   --binary=false                 (different from default 'true')
c   --elimdef=true                 (different from default 'false')
c 
c --- [ solving ] ------------------------------------------------------------
c 
c time measured in process time since initialization
c 
c  seconds  reduction conflicts       size tier2     variables
c         MB    restarts   redundant    glue  trail      remaining
c          level     rate       size/glu tier1 irredundant
c 
c *  0.00  0  0 0   0  0    0    0 0.0 0 0 2 6  0%  124  35 85%
c )  0.00  0  0 0   0  0    0    0 0.0 1 0 2 6 23%  124  30 73%
c {  0.00  0  0 0   0  0    0    0 0.0 1 0 2 6 23%  124  30 73%
c i  0.00  0  0 0   0  0    0    0 0.0 1 0 2 6 23%  124  30 73%
c i  0.00  0  3 0   0  1   23   12 2.1 3 1 2 6 87%  117  27 66%
c i  0.00  0  2 0   0  1   27   15 2.0 3 1 2 6 85%  117  26 63%
c i  0.00  0  2 0   0  1   29   16 2.1 2 1 2 6 86%  117  22 54%
c i  0.00  0  2 0   0  1   30   16 2.1 2 1 2 6 86%  117  13 32%
c i  0.00  0  2 0   0  1   31   16 2.2 2 1 2 6 86%  117  12 29%
c }  0.00  0  2 0   0  1   33   16 2.2 2 1 2 6 86%  117   0  0%
c 0  0.00  0  2 0   0  1   33   16 2.2 2 1 2 6 86%  117   0  0%
c 
c --- [ closing proof ] ------------------------------------------------------
c 
c DRAT proof file '/Users/djf/develop/CS/Turing/Turing1/morphosat_research/proofs/layer_b_heterogeneous_tseitin.n4.s4.u.cadical.elimdef_on.drat' closed
c DRAT 75 added clauses 63.03%
c DRAT 44 deleted clauses 36.97%
c DRAT 1254 bytes (0.00 MB)
c 
c --- [ result ] -------------------------------------------------------------
c 
s UNSATISFIABLE
c 
c --- [ run-time profiling ] -------------------------------------------------
c 
c process time taken by individual solving procedures
c (percentage relative to process time for solving)
c 
c         0.00   81.46% search
c         0.00   59.51% unstable
c         0.00   42.44% parse
c         0.00   16.10% lucky
c         0.00    0.00% simplify
c   =================================
c         0.00   32.49% solve
c 
c last line shows process time for solving
c (percentage relative to total process time)
c 
c --- [ statistics ] ---------------------------------------------------------
c 
c chronological:                 6        18.18 %  of conflicts
c conflicts:                    33    160975.61    per second
c decisions:                    33    160975.61    per second
c fixed:                        41       100.00 %  of all variables
c learned:                      24        72.73 %  per conflict
c learned_lits:                 61       100.00 %  learned literals
c minimized:                     0         0.00 %  learned literals
c shrunken:                      5         8.20 %  learned literals
c minishrunken:                  1         1.64 %  learned literals
c otfs:                         17        51.52 %  of conflict
c propagations:                361         1.76 M  per second
c subsumed:                     14        10.00 %  of all clauses
c strengthened:                 10         7.14 %  of all clauses
c ticks:                      1759         4.87    propagation
c 
c seconds are measured in process time for solving
c 
c --- [ glue usage ] ---------------------------------------------------------
c 
c focused glue 1 used 12 clauses 57.14% accumulated 57.14% tier1
c focused glue 2 used 8 clauses 38.09% accumulated 95.23% tier2
c 
c stable glue 2 used 0 clauses 0.000% accumulated 0.000% tier1
c stable glue 3 used 0 clauses 0.000% accumulated 0.000%
c stable glue 4 used 0 clauses 0.000% accumulated 0.000%
c stable glue 5 used 0 clauses 0.000% accumulated 0.000%
c stable glue 6 used 0 clauses 0.000% accumulated 0.000% tier2
c 
c 
c --- [ resources ] ----------------------------------------------------------
c 
c total process time since initialization:         0.00    seconds
c total real time since initialization:            0.00    seconds
c maximum resident set size of process:            2.33    MB
c 
c --- [ shutting down ] ------------------------------------------------------
c 
c exit 20

        0.00 real         0.00 user         0.00 sys
             2441216  maximum resident set size
                   0  average shared memory size
                   0  average unshared data size
                   0  average unshared stack size
                 313  page reclaims
                   1  page faults
                   0  swaps
                   0  block input operations
                   0  block output operations
                   0  messages sent
                   0  messages received
                   0  signals received
                   0  voluntary context switches
                   8  involuntary context switches
            19765940  instructions retired
             9992144  cycles elapsed
             1179936  peak memory footprint
