c --- [ banner ] -------------------------------------------------------------
c 
c CaDiCaL SAT Solver
c Copyright (c) 2016-2026
c A. Biere, M. Fleury, N. Froleyks, K. Fazekas, F. Pollitt, T. Faller
c JKU Linz, University of Freiburg, TU Wien
c 
c Version 3.0.1 6f2b1a38e26bb3cddb49c89c64d419c1d6a16ecb
c Apple clang version 21.0.0 (clang-2100.1.1.101) -Wall -Wextra -O3 -DNDEBUG -DNCLOSEFROM
c Sun Aug 30 17:38:15 CST 2026 Darwin djftekiMacBook-Pro.local 25.3.0 arm64
c 
c --- [ proof tracing ] ------------------------------------------------------
c 
c opening file to write '/Users/djf/develop/CS/Turing/Turing1/morphosat_research/proofs/layer_b_heterogeneous_tseitin.n8.s3.u.cadical.elimdef_off.drat'
c writing non-binary proof trace to '/Users/djf/develop/CS/Turing/Turing1/morphosat_research/proofs/layer_b_heterogeneous_tseitin.n8.s3.u.cadical.elimdef_off.drat'
c 
c --- [ parsing input ] ------------------------------------------------------
c 
c reading DIMACS file from '/Users/djf/develop/CS/Turing/Turing1/morphosat_research/instances/separation_v0.2/layer_b_heterogeneous_tseitin.n8.s3.u.cnf'
c opening file to read '/Users/djf/develop/CS/Turing/Turing1/morphosat_research/instances/separation_v0.2/layer_b_heterogeneous_tseitin.n8.s3.u.cnf'
c found 'p cnf 97 358' header
c parsed 358 clauses in 0.00 seconds process time
c 
c --- [ options ] ------------------------------------------------------------
c 
c   --binary=false                 (different from default 'true')
c 
c --- [ solving ] ------------------------------------------------------------
c 
c time measured in process time since initialization
c 
c  seconds  reduction conflicts       size tier2     variables
c         MB    restarts   redundant    glue  trail      remaining
c          level     rate       size/glu tier1 irredundant
c 
c *  0.00  0  0 0   0  0    0    0 0.0 0 0 2 6  0%  290  74 76%
c )  0.00  0  0 0   0  0    0    0 0.0 0 0 2 6  0%  290  74 76%
c {  0.00  0  0 0   0  0    0    0 0.0 0 0 2 6  0%  290  74 76%
c i  0.00  0  1 0   0  7    1    0 0.0 1 0 2 6 49%  290  72 74%
c i  0.00  0  4 0   1  5    4    0 0.0 1 0 2 6 54%  289  69 71%
c i  0.00  0  7 0   1  2   23   11 1.7 3 1 2 6 88%  286  66 68%
c i  0.00  0  6 0   1  1   41   24 1.7 3 2 2 6 86%  286  64 66%
c i  0.00  0  5 0   1  1   50   28 1.7 3 2 2 6 87%  286  62 64%
c i  0.00  0  4 0   1  1   62   34 1.7 3 2 2 6 89%  285  60 62%
c i  0.00  0  4 0   1  1   69   39 1.8 3 2 2 6 89%  285  45 46%
c }  0.00  0  4 0   1  1   72   40 1.8 3 1 2 6 89%  285  24 25%
c 0  0.00  0  4 0   1  1   72   40 1.8 3 1 2 6 89%  285  24 25%
c 
c --- [ closing proof ] ------------------------------------------------------
c 
c DRAT proof file '/Users/djf/develop/CS/Turing/Turing1/morphosat_research/proofs/layer_b_heterogeneous_tseitin.n8.s3.u.cadical.elimdef_off.drat' closed
c DRAT 156 added clauses 57.56%
c DRAT 115 deleted clauses 42.44%
c DRAT 3336 bytes (0.00 MB)
c 
c --- [ result ] -------------------------------------------------------------
c 
s UNSATISFIABLE
c 
c --- [ run-time profiling ] -------------------------------------------------
c 
c process time taken by individual solving procedures
c (percentage relative to process time for solving)
c 
c         0.00   88.36% search
c         0.00   72.22% unstable
c         0.00   41.53% parse
c         0.00   13.49% lucky
c         0.00    0.00% simplify
c   =================================
c         0.00   43.60% solve
c 
c last line shows process time for solving
c (percentage relative to total process time)
c 
c --- [ statistics ] ---------------------------------------------------------
c 
c chronological:                19        26.39 %  of conflicts
c conflicts:                    72    190476.19    per second
c decisions:                    77    203703.70    per second
c fixed:                        73        75.26 %  of all variables
c learned:                      56        77.78 %  per conflict
c learned_lits:                193       100.00 %  learned literals
c minimized:                     0         0.00 %  learned literals
c shrunken:                     42        21.76 %  learned literals
c minishrunken:                  4         2.07 %  learned literals
c otfs:                         18        25.00 %  of conflict
c propagations:               1502         3.97 M  per second
c restarts:                      1        72.00    interval
c subsumed:                     18         5.33 %  of all clauses
c strengthened:                 13         3.85 %  of all clauses
c ticks:                      6531         4.35    propagation
c 
c seconds are measured in process time for solving
c 
c --- [ glue usage ] ---------------------------------------------------------
c 
c focused glue 1 used 90 clauses 66.17% accumulated 66.17% tier1
c focused glue 2 used 36 clauses 26.47% accumulated 92.64% tier2
c 
c stable glue 2 used 0 clauses 0.000% accumulated 0.000% tier1
c stable glue 3 used 0 clauses 0.000% accumulated 0.000%
c stable glue 4 used 0 clauses 0.000% accumulated 0.000%
c stable glue 5 used 0 clauses 0.000% accumulated 0.000%
c stable glue 6 used 0 clauses 0.000% accumulated 0.000% tier2
c 
c 
c --- [ resources ] ----------------------------------------------------------
c 
c total process time since initialization:         0.00    seconds
c total real time since initialization:            0.00    seconds
c maximum resident set size of process:            2.33    MB
c 
c --- [ shutting down ] ------------------------------------------------------
c 
c exit 20

        0.00 real         0.00 user         0.00 sys
             2457600  maximum resident set size
                   0  average shared memory size
                   0  average unshared data size
                   0  average unshared stack size
                 314  page reclaims
                   1  page faults
                   0  swaps
                   0  block input operations
                   0  block output operations
                   0  messages sent
                   0  messages received
                   0  signals received
                   1  voluntary context switches
                   5  involuntary context switches
            21551390  instructions retired
            10222152  cycles elapsed
             1196320  peak memory footprint
