c ---- [ banner ] ------------------------------------------------------------
c
c Kissat SAT Solver
c 
c Copyright (c) 2021-2024 Armin Biere University of Freiburg
c Copyright (c) 2019-2021 Armin Biere Johannes Kepler University Linz
c 
c Version 4.0.4 unknown
c Apple clang version 21.0.0 (clang-2100.1.1.101) -W -Wall -O3 -DNDEBUG
c Sun Aug 30 17:38:25 CST 2026 Darwin djftekiMacBook-Pro.local 25.3.0 arm64
c
c ---- [ proving ] -----------------------------------------------------------
c
c opened and writing proof to DRAT file:
c
c   /Users/djf/develop/CS/Turing/Turing1/morphosat_research/proofs/layer_d_random_reordered_parity.n16.s0.u.kissat.default.drat
c
c ---- [ parsing ] -----------------------------------------------------------
c
c opened and reading DIMACS file:
c
c   /Users/djf/develop/CS/Turing/Turing1/morphosat_research/instances/separation_v0.2/layer_d_random_reordered_parity.n16.s0.u.cnf
c
c parsed 'p cnf 24 64' header
c closing input after reading 817 bytes
c finished parsing after 0.00 seconds
c
c ---- [ solving ] -----------------------------------------------------------
c
c seconds switched rate     size/glue tier1 binary   remaining
c        MB reductions conflicts size  tier2 irredundant
c         level restarts redundant glue  trail   variables
c
c *  0.00  2 0 0 0  0 0   0   0 0.0 0 0 0 0 0%   0 64 24 100%
c (  0.00  2 0 0 0  0 0   0   0 0.0 0 0 0 0 0%   0 64 24 100%
c .  0.00  2 0 0 0  0 0   0   0 0.0 0 0 0 0 0%   0 64 24 100%
c )  0.00  2 0 0 0  0 0   0   0 0.0 0 0 0 0 0%   0 64 24 100%
c {  0.00  2 0 0 0  0 0   0   0 0.0 0 0 2 6 0%   0 64 24 100%
c i  0.00  2 5 0 0  0 1  80  26 1.6 4 3 3 4 66%   6 64 23 96%
c i  0.00  2 5 0 0  0 1 117  36 1.6 4 3 3 4 65%   9 64 22 92%
c i  0.00  2 5 0 0  0 1 132  39 1.6 4 3 3 4 65%  14 64 20 83%
c i  0.00  2 5 0 0  0 1 136  39 1.6 4 2 3 4 64%  15 64 19 79%
c }  0.00  2 5 0 0  0 1 138  39 1.7 4 2 3 4 64%  15 64 15 62%
c 0  0.00  2 5 0 0  0 1 138  39 1.7 4 2 3 4 64%  15 64 15 62%
c
c ---- [ result ] ------------------------------------------------------------
c
s UNSATISFIABLE
c
c ---- [ profiling ] ---------------------------------------------------------
c
c           0.00   31.57 %  preprocess
c           0.00   29.96 %  probe
c           0.00   20.85 %  search
c           0.00   20.41 %  focused
c           0.00   19.24 %  sweep
c           0.00    5.43 %  congruence
c           0.00    3.96 %  parse
c           0.00    3.08 %  factor
c           0.00    2.94 %  lucky
c           0.00    0.59 %  backbone
c           0.00    0.59 %  substitute
c           0.00    0.00 %  simplify
c =============================================
c           0.00  100.00 %  total
c
c ---- [ statistics ] --------------------------------------------------------
c
c conflicts:                              138            64697.61 per second
c decisions:                              124                0.90 per conflict
c iterations:                               5               21 %  variables
c propagations:                           894           419128    per second
c switched:                                 0                0    interval
c
c ---- [ glue usage ] --------------------------------------------------------
c
c focused glue 2 used 67 clauses 41.61% accumulated 49.69% tier1
c focused glue 3 used 61 clauses 37.89% accumulated 87.58%
c focused glue 4 used 17 clauses 10.56% accumulated 98.14% tier2
c
c ---- [ resources ] ---------------------------------------------------------
c
c maximum-resident-set-size:       2063597568 bytes       1968 MB
c process-time:                                              0.00 seconds
c
c ---- [ shutting down ] -----------------------------------------------------
c
c exit 20

        0.00 real         0.00 user         0.00 sys
             2015232  maximum resident set size
                   0  average shared memory size
                   0  average unshared data size
                   0  average unshared stack size
                 286  page reclaims
                   1  page faults
                   0  swaps
                   0  block input operations
                   0  block output operations
                   0  messages sent
                   0  messages received
                   0  signals received
                   0  voluntary context switches
                   3  involuntary context switches
            17750895  instructions retired
             9118149  cycles elapsed
             1294624  peak memory footprint
