c ---- [ banner ] ------------------------------------------------------------
c
c Kissat SAT Solver
c 
c Copyright (c) 2021-2024 Armin Biere University of Freiburg
c Copyright (c) 2019-2021 Armin Biere Johannes Kepler University Linz
c 
c Version 4.0.4 unknown
c Apple clang version 21.0.0 (clang-2100.1.1.101) -W -Wall -O3 -DNDEBUG
c Sun Aug 30 17:38:25 CST 2026 Darwin djftekiMacBook-Pro.local 25.3.0 arm64
c
c ---- [ proving ] -----------------------------------------------------------
c
c opened and writing proof to DRAT file:
c
c   /Users/djf/develop/CS/Turing/Turing1/morphosat_research/proofs/layer_d_random_reordered_parity.n8.s5.u.kissat.default.drat
c
c ---- [ parsing ] -----------------------------------------------------------
c
c opened and reading DIMACS file:
c
c   /Users/djf/develop/CS/Turing/Turing1/morphosat_research/instances/separation_v0.2/layer_d_random_reordered_parity.n8.s5.u.cnf
c
c parsed 'p cnf 12 32' header
c closing input after reading 406 bytes
c finished parsing after 0.00 seconds
c
c ---- [ solving ] -----------------------------------------------------------
c
c seconds switched rate     size/glue tier1 binary   remaining
c        MB reductions conflicts size  tier2 irredundant
c         level restarts redundant glue  trail   variables
c
c *  0.00  2 0 0 0  0 0   0   0 0.0 0 0 0 0 0%   0 32 12 100%
c (  0.00  2 0 0 0  0 0   0   0 0.0 0 0 0 0 0%   0 32 12 100%
c .  0.00  2 0 0 0  0 0   0   0 0.0 0 0 0 0 0%   0 32 12 100%
c )  0.00  2 0 0 0  0 0   0   0 0.0 0 0 0 0 0%   0 32 12 100%
c {  0.00  2 0 0 0  0 0   0   0 0.0 0 0 2 6 0%   0 32 12 100%
c i  0.00  2 3 0 0  0 1  18   3 1.6 3 2 3 3 90%   4 31 11 92%
c i  0.00  2 3 0 0  0 1  28   4 1.6 3 2 2 3 86%   7 31 10 83%
c i  0.00  2 3 0 0  0 1  30   4 1.6 3 2 2 3 85%   8 31  9 75%
c i  0.00  2 3 0 0  0 1  32   4 1.7 3 2 2 3 85%   9 31  7 58%
c }  0.00  2 3 0 0  0 1  34   4 1.7 3 2 2 3 85%   9 31  3 25%
c 0  0.00  2 3 0 0  0 1  34   4 1.7 3 2 2 3 85%   9 31  3 25%
c
c ---- [ result ] ------------------------------------------------------------
c
s UNSATISFIABLE
c
c ---- [ profiling ] ---------------------------------------------------------
c
c           0.00   28.92 %  preprocess
c           0.00   26.75 %  probe
c           0.00   16.87 %  sweep
c           0.00   11.57 %  search
c           0.00   10.84 %  focused
c           0.00    4.82 %  congruence
c           0.00    4.10 %  parse
c           0.00    2.89 %  factor
c           0.00    2.65 %  lucky
c           0.00    0.96 %  substitute
c           0.00    0.72 %  backbone
c           0.00    0.00 %  simplify
c =============================================
c           0.00  100.00 %  total
c
c ---- [ statistics ] --------------------------------------------------------
c
c conflicts:                               34            22236.76 per second
c decisions:                               37                1.09 per conflict
c iterations:                               5               42 %  variables
c propagations:                           304           198823    per second
c switched:                                 0                0    interval
c
c ---- [ glue usage ] --------------------------------------------------------
c
c focused glue 2 used 10 clauses 58.82% accumulated 58.82% tier1
c focused glue 3 used  7 clauses 41.18% accumulated 100.00% tier2
c
c ---- [ resources ] ---------------------------------------------------------
c
c maximum-resident-set-size:       1979711488 bytes       1888 MB
c process-time:                                              0.00 seconds
c
c ---- [ shutting down ] -----------------------------------------------------
c
c exit 20

        0.00 real         0.00 user         0.00 sys
             1933312  maximum resident set size
                   0  average shared memory size
                   0  average unshared data size
                   0  average unshared stack size
                 281  page reclaims
                   1  page faults
                   0  swaps
                   0  block input operations
                   0  block output operations
                   0  messages sent
                   0  messages received
                   0  signals received
                   0  voluntary context switches
                   6  involuntary context switches
            16097207  instructions retired
             6583307  cycles elapsed
             1212704  peak memory footprint
