c ---- [ banner ] ------------------------------------------------------------
c
c Kissat SAT Solver
c 
c Copyright (c) 2021-2024 Armin Biere University of Freiburg
c Copyright (c) 2019-2021 Armin Biere Johannes Kepler University Linz
c 
c Version 4.0.4 unknown
c Apple clang version 21.0.0 (clang-2100.1.1.101) -W -Wall -O3 -DNDEBUG
c Sun Aug 30 17:38:25 CST 2026 Darwin djftekiMacBook-Pro.local 25.3.0 arm64
c
c ---- [ proving ] -----------------------------------------------------------
c
c opened and writing proof to DRAT file:
c
c   /Users/djf/develop/CS/Turing/Turing1/morphosat_research/proofs/layer_b_heterogeneous_tseitin.n4.s5.u.kissat.default.drat
c
c ---- [ parsing ] -----------------------------------------------------------
c
c opened and reading DIMACS file:
c
c   /Users/djf/develop/CS/Turing/Turing1/morphosat_research/instances/separation_v0.2/layer_b_heterogeneous_tseitin.n4.s5.u.cnf
c
c parsed 'p cnf 48 172' header
c closing input after reading 2232 bytes (2 KB)
c finished parsing after 0.00 seconds
c
c ---- [ solving ] -----------------------------------------------------------
c
c seconds switched rate     size/glue tier1 binary    remaining
c        MB reductions conflicts size  tier2  irredundant
c         level restarts redundant glue  trail    variables
c
c *  0.00  2 0 0 0  0 0   0   0 0.0 0 0 0 0 0%  19 109 37 77%
c (  0.00  2 0 0 0  0 0   0   0 0.0 0 0 0 0 0%  19 109 37 77%
c .  0.00  2 0 0 0  0 0   0   0 0.0 0 0 0 0 0%  26 88 37 77%
c c  0.00  2 0 0 0  0 0   0   0 0.0 0 0 0 0 0%  22 75 24 50%
c d  0.00  2 0 0 0  0 0   0   0 0.0 0 0 0 0 0%   6 71 24 50%
c d  0.00  2 0 0 0  0 0   0   0 0.0 0 0 0 0 0%   4 71 23 48%
c =  0.00  2 0 0 0  0 0   0   0 0.0 0 0 0 0 0%  26 48 14 29%
c d  0.00  2 0 0 0  0 0   0   0 0.0 0 0 0 0 0%   0 48 14 29%
c f  0.00  2 0 0 0  0 0   0   0 0.0 0 0 0 0 0%   2 44 15 31%
c )  0.00  2 0 0 0  0 0   0   0 0.0 0 0 0 0 0%   2 44 15 31%
c lucky 1 units
c l  0.00  2 0 0 0  0 0   0   0 0.0 0 0 0 0 0%   2 44 14 29%
c {  0.00  2 0 0 0  0 0   0   0 0.0 0 0 2 6 0%   2 44 14 29%
c i  0.00  2 2 0 0  1 1   6   0 2.0 2 1 2 6 90%   5 42 12 25%
c i  0.00  2 2 0 0  1 1   8   0 2.2 2 1 2 6 93%   6 42  7 15%
c }  0.00  2 2 0 0  1 1  10   0 2.4 2 1 2 6 94%   6 42  0 0%
c 0  0.00  2 2 0 0  1 1  10   0 2.4 2 1 2 6 94%   6 42  0 0%
c
c ---- [ result ] ------------------------------------------------------------
c
s UNSATISFIABLE
c
c ---- [ profiling ] ---------------------------------------------------------
c
c           0.00   55.39 %  preprocess
c           0.00   51.80 %  probe
c           0.00   29.33 %  sweep
c           0.00    9.07 %  congruence
c           0.00    6.05 %  substitute
c           0.00    5.88 %  factor
c           0.00    5.80 %  parse
c           0.00    3.19 %  search
c           0.00    2.94 %  focused
c           0.00    2.53 %  lucky
c           0.00    0.25 %  backbone
c           0.00    0.00 %  simplify
c =============================================
c           0.00  100.00 %  total
c
c ---- [ statistics ] --------------------------------------------------------
c
c conflicts:                               10             2927.40 per second
c congruent:                                9               19 %  variables
c decisions:                                9                0.90 per conflict
c factored:                                 1                2 %  variables
c iterations:                               3                6 %  variables
c propagations:                           351           102752    per second
c restarts:                                 1               10    interval
c substituted:                             18               38 %  variables
c switched:                                 0                0    interval
c
c ---- [ glue usage ] --------------------------------------------------------
c
c focused glue 0 used 0 clauses  0.00% accumulated  0.00% tier1 tier2
c
c ---- [ resources ] ---------------------------------------------------------
c
c maximum-resident-set-size:       2147483648 bytes       2048 MB
c process-time:                                              0.00 seconds
c
c ---- [ shutting down ] -----------------------------------------------------
c
c exit 20

        0.00 real         0.00 user         0.00 sys
             2097152  maximum resident set size
                   0  average shared memory size
                   0  average unshared data size
                   0  average unshared stack size
                 291  page reclaims
                   1  page faults
                   0  swaps
                   0  block input operations
                   0  block output operations
                   0  messages sent
                   0  messages received
                   0  signals received
                   0  voluntary context switches
                  17  involuntary context switches
            17942445  instructions retired
             9995458  cycles elapsed
             1376544  peak memory footprint
