c --- [ banner ] -------------------------------------------------------------
c 
c CaDiCaL SAT Solver
c Copyright (c) 2016-2026
c A. Biere, M. Fleury, N. Froleyks, K. Fazekas, F. Pollitt, T. Faller
c JKU Linz, University of Freiburg, TU Wien
c 
c Version 3.0.1 6f2b1a38e26bb3cddb49c89c64d419c1d6a16ecb
c Apple clang version 21.0.0 (clang-2100.1.1.101) -Wall -Wextra -O3 -DNDEBUG -DNCLOSEFROM
c Sun Aug 30 17:38:15 CST 2026 Darwin djftekiMacBook-Pro.local 25.3.0 arm64
c 
c --- [ proof tracing ] ------------------------------------------------------
c 
c opening file to write '/Users/djf/develop/CS/Turing/Turing1/morphosat_research/proofs/layer_b_heterogeneous_tseitin.n8.s5.u.cadical.bve_on.drat'
c writing non-binary proof trace to '/Users/djf/develop/CS/Turing/Turing1/morphosat_research/proofs/layer_b_heterogeneous_tseitin.n8.s5.u.cadical.bve_on.drat'
c 
c --- [ parsing input ] ------------------------------------------------------
c 
c reading DIMACS file from '/Users/djf/develop/CS/Turing/Turing1/morphosat_research/instances/separation_v0.2/layer_b_heterogeneous_tseitin.n8.s5.u.cnf'
c opening file to read '/Users/djf/develop/CS/Turing/Turing1/morphosat_research/instances/separation_v0.2/layer_b_heterogeneous_tseitin.n8.s5.u.cnf'
c found 'p cnf 83 296' header
c parsed 296 clauses in 0.00 seconds process time
c 
c --- [ options ] ------------------------------------------------------------
c 
c   --binary=false                 (different from default 'true')
c 
c --- [ solving ] ------------------------------------------------------------
c 
c time measured in process time since initialization
c 
c  seconds  reduction conflicts       size tier2     variables
c         MB    restarts   redundant    glue  trail      remaining
c          level     rate       size/glu tier1 irredundant
c 
c *  0.00  0  0 0   0  0    0    0 0.0 0 0 2 6  0%  258  67 81%
c )  0.00  0  0 0   0  0    0    0 0.0 1 0 2 6 22%  258  65 78%
c {  0.00  0  0 0   0  0    0    0 0.0 1 0 2 6 22%  258  65 78%
c i  0.00  0  0 0   0  0    0    0 0.0 1 0 2 6 22%  258  65 78%
c i  0.00  0  4 0   1  3    7    1 4.0 1 0 2 6 51%  255  63 76%
c i  0.00  0  4 0   1  1   62   31 1.8 3 2 2 6 87%  250  61 73%
c i  0.00  0  3 0   1  1   63   31 1.8 3 2 2 6 86%  250  58 70%
c i  0.00  0  3 0   1  1   65   31 1.8 3 2 2 6 87%  250  54 65%
c i  0.00  0  3 0   1  1   80   41 1.8 3 2 2 6 88%  250  42 51%
c i  0.00  0  3 0   1  1   85   44 1.8 3 2 2 6 89%  250  38 46%
c i  0.00  0  3 0   1  1   87   45 1.8 3 1 2 6 89%  250  18 22%
c }  0.00  0  3 0   1  1   89   45 1.9 3 1 2 6 89%  250   3  4%
c 0  0.00  0  3 0   1  1   89   45 1.9 3 1 2 6 89%  250   3  4%
c 
c --- [ closing proof ] ------------------------------------------------------
c 
c DRAT proof file '/Users/djf/develop/CS/Turing/Turing1/morphosat_research/proofs/layer_b_heterogeneous_tseitin.n8.s5.u.cadical.bve_on.drat' closed
c DRAT 174 added clauses 64.93%
c DRAT 94 deleted clauses 35.07%
c DRAT 3066 bytes (0.00 MB)
c 
c --- [ result ] -------------------------------------------------------------
c 
s UNSATISFIABLE
c 
c --- [ run-time profiling ] -------------------------------------------------
c 
c process time taken by individual solving procedures
c (percentage relative to process time for solving)
c 
c         0.00   88.72% search
c         0.00   71.98% unstable
c         0.00   31.91% parse
c         0.00   14.01% lucky
c         0.00    0.00% simplify
c   =================================
c         0.00   48.13% solve
c 
c last line shows process time for solving
c (percentage relative to total process time)
c 
c --- [ statistics ] ---------------------------------------------------------
c 
c chronological:                18        20.22 %  of conflicts
c conflicts:                    89    346303.50    per second
c decisions:                    98    381322.96    per second
c fixed:                        80        96.39 %  of all variables
c learned:                      62        69.66 %  per conflict
c learned_lits:                221       100.00 %  learned literals
c minimized:                     0         0.00 %  learned literals
c shrunken:                     50        22.62 %  learned literals
c minishrunken:                  2         0.90 %  learned literals
c otfs:                         32        35.96 %  of conflict
c propagations:               1501         5.84 M  per second
c restarts:                      1        89.00    interval
c subsumed:                     24         7.72 %  of all clauses
c strengthened:                 24         7.72 %  of all clauses
c ticks:                      6944         4.63    propagation
c 
c seconds are measured in process time for solving
c 
c --- [ glue usage ] ---------------------------------------------------------
c 
c focused glue 1 used 102 clauses 64.55% accumulated 64.55% tier1
c focused glue 2 used 48 clauses 30.37% accumulated 94.93% tier2
c 
c stable glue 2 used 0 clauses 0.000% accumulated 0.000% tier1
c stable glue 3 used 0 clauses 0.000% accumulated 0.000%
c stable glue 4 used 0 clauses 0.000% accumulated 0.000%
c stable glue 5 used 0 clauses 0.000% accumulated 0.000%
c stable glue 6 used 0 clauses 0.000% accumulated 0.000% tier2
c 
c 
c --- [ resources ] ----------------------------------------------------------
c 
c total process time since initialization:         0.00    seconds
c total real time since initialization:            0.00    seconds
c maximum resident set size of process:            2.38    MB
c 
c --- [ shutting down ] ------------------------------------------------------
c 
c exit 20

        0.00 real         0.00 user         0.00 sys
             2490368  maximum resident set size
                   0  average shared memory size
                   0  average unshared data size
                   0  average unshared stack size
                 316  page reclaims
                   1  page faults
                   0  swaps
                   0  block input operations
                   0  block output operations
                   0  messages sent
                   0  messages received
                   0  signals received
                   1  voluntary context switches
                   5  involuntary context switches
            21596019  instructions retired
             7893381  cycles elapsed
             1229088  peak memory footprint
