c ---- [ banner ] ------------------------------------------------------------
c
c Kissat SAT Solver
c 
c Copyright (c) 2021-2024 Armin Biere University of Freiburg
c Copyright (c) 2019-2021 Armin Biere Johannes Kepler University Linz
c 
c Version 4.0.4 unknown
c Apple clang version 21.0.0 (clang-2100.1.1.101) -W -Wall -O3 -DNDEBUG
c Sun Aug 30 17:38:25 CST 2026 Darwin djftekiMacBook-Pro.local 25.3.0 arm64
c
c ---- [ proving ] -----------------------------------------------------------
c
c opened and writing proof to DRAT file:
c
c   /Users/djf/develop/CS/Turing/Turing1/morphosat_research/proofs/layer_b_heterogeneous_tseitin.n4.s9.u.kissat.default.drat
c
c ---- [ parsing ] -----------------------------------------------------------
c
c opened and reading DIMACS file:
c
c   /Users/djf/develop/CS/Turing/Turing1/morphosat_research/instances/separation_v0.2/layer_b_heterogeneous_tseitin.n4.s9.u.cnf
c
c parsed 'p cnf 40 136' header
c closing input after reading 1723 bytes (2 KB)
c finished parsing after 0.00 seconds
c
c ---- [ solving ] -----------------------------------------------------------
c
c seconds switched rate     size/glue tier1 binary   remaining
c        MB reductions conflicts size  tier2 irredundant
c         level restarts redundant glue  trail   variables
c
c *  0.00  2 0 0 0  0 0   0   0 0.0 0 0 0 0 0%  19 96 33 82%
c lucky 3 units
c l  0.00  2 0 0 0  0 0   0   0 0.0 0 0 0 0 0%  19 96 30 75%
c (  0.00  2 0 0 0  0 0   0   0 0.0 0 0 0 0 0%  19 96 30 75%
c .  0.00  2 0 0 0  0 0   0   0 0.0 0 0 0 0 0%  18 76 30 75%
c c  0.00  2 0 0 0  0 0   0   0 0.0 0 0 0 0 0%  17 66 20 50%
c d  0.00  2 0 0 0  0 0   0   0 0.0 0 0 0 0 0%   1 64 19 48%
c =  0.00  2 0 0 0  0 0   0   0 0.0 0 0 0 0 0%   9 52 15 38%
c d  0.00  2 0 0 0  0 0   0   0 0.0 0 0 0 0 0%   0 52 15 38%
c f  0.00  2 0 0 0  0 0   0   0 0.0 0 0 0 0 0%   4 45 17 42%
c )  0.00  2 0 0 0  0 0   0   0 0.0 0 0 0 0 0%   4 45 17 42%
c lucky 2 units
c l  0.00  2 0 0 0  0 0   0   0 0.0 0 0 0 0 0%   4 45 15 38%
c {  0.00  2 0 0 0  0 0   0   0 0.0 0 0 2 6 0%   4 45 15 38%
c i  0.00  2 2 0 0  0 1   9   2 2.2 2 1 1 1 100%   8 45 14 35%
c i  0.00  2 2 0 0  0 1  14   3 2.0 3 1 1 2 96%   9 45 12 30%
c }  0.00  2 2 0 0  0 1  17   2 2.1 2 1 1 2 96%  10 45  8 20%
c 0  0.00  2 2 0 0  0 1  17   2 2.1 2 1 1 2 96%  10 45  8 20%
c
c ---- [ result ] ------------------------------------------------------------
c
s UNSATISFIABLE
c
c ---- [ profiling ] ---------------------------------------------------------
c
c           0.00   41.83 %  preprocess
c           0.00   39.03 %  probe
c           0.00   20.45 %  sweep
c           0.00    8.40 %  congruence
c           0.00    6.16 %  parse
c           0.00    5.14 %  search
c           0.00    5.04 %  focused
c           0.00    4.95 %  factor
c           0.00    4.20 %  substitute
c           0.00    4.01 %  lucky
c           0.00    0.28 %  backbone
c           0.00    0.00 %  simplify
c =============================================
c           0.00  100.00 %  total
c
c ---- [ statistics ] --------------------------------------------------------
c
c conflicts:                               17             5068.57 per second
c congruent:                                7               18 %  variables
c decisions:                               14                0.82 per conflict
c factored:                                 2                5 %  variables
c iterations:                               3                8 %  variables
c propagations:                           384           114490    per second
c substituted:                             11               28 %  variables
c switched:                                 0                0    interval
c
c ---- [ glue usage ] --------------------------------------------------------
c
c focused glue 1 used 2 clauses 40.00% accumulated 40.00% tier1
c focused glue 2 used 3 clauses 60.00% accumulated 100.00% tier2
c
c ---- [ resources ] ---------------------------------------------------------
c
c maximum-resident-set-size:       2080374784 bytes       1984 MB
c process-time:                                              0.00 seconds
c
c ---- [ shutting down ] -----------------------------------------------------
c
c exit 20

        0.00 real         0.00 user         0.00 sys
             2031616  maximum resident set size
                   0  average shared memory size
                   0  average unshared data size
                   0  average unshared stack size
                 287  page reclaims
                   1  page faults
                   0  swaps
                   0  block input operations
                   0  block output operations
                   0  messages sent
                   0  messages received
                   0  signals received
                   0  voluntary context switches
                  10  involuntary context switches
            18088415  instructions retired
             9187638  cycles elapsed
             1311008  peak memory footprint
