c --- [ banner ] -------------------------------------------------------------
c 
c CaDiCaL SAT Solver
c Copyright (c) 2016-2026
c A. Biere, M. Fleury, N. Froleyks, K. Fazekas, F. Pollitt, T. Faller
c JKU Linz, University of Freiburg, TU Wien
c 
c Version 3.0.1 6f2b1a38e26bb3cddb49c89c64d419c1d6a16ecb
c Apple clang version 21.0.0 (clang-2100.1.1.101) -Wall -Wextra -O3 -DNDEBUG -DNCLOSEFROM
c Sun Aug 30 17:38:15 CST 2026 Darwin djftekiMacBook-Pro.local 25.3.0 arm64
c 
c --- [ proof tracing ] ------------------------------------------------------
c 
c opening file to write '/Users/djf/develop/CS/Turing/Turing1/morphosat_research/proofs/layer_c_heterogeneous_tseitin.n8.s2.u.cadical.bve_off.drat'
c writing non-binary proof trace to '/Users/djf/develop/CS/Turing/Turing1/morphosat_research/proofs/layer_c_heterogeneous_tseitin.n8.s2.u.cadical.bve_off.drat'
c 
c --- [ parsing input ] ------------------------------------------------------
c 
c reading DIMACS file from '/Users/djf/develop/CS/Turing/Turing1/morphosat_research/instances/separation_v0.2/layer_c_heterogeneous_tseitin.n8.s2.u.cnf'
c opening file to read '/Users/djf/develop/CS/Turing/Turing1/morphosat_research/instances/separation_v0.2/layer_c_heterogeneous_tseitin.n8.s2.u.cnf'
c found 'p cnf 643 846' header
c parsed 846 clauses in 0.00 seconds process time
c 
c --- [ options ] ------------------------------------------------------------
c 
c   --binary=false                 (different from default 'true')
c   --elim=false                   (different from default 'true')
c 
c --- [ solving ] ------------------------------------------------------------
c 
c time measured in process time since initialization
c 
c  seconds  reduction conflicts       size tier2     variables
c         MB    restarts   redundant    glue  trail      remaining
c          level     rate       size/glu tier1 irredundant
c 
c *  0.00  0  0 0   0  0    0    0 0.0 0 0 2 6  0%  398  65 10%
c )  0.00  0  0 0   0  0    0    0 0.0 1 0 2 6 90%  398  63 10%
c {  0.00  0  0 0   0  0    0    0 0.0 1 0 2 6 90%  398  63 10%
c i  0.00  0  0 0   0  0    0    0 0.0 1 0 2 6 90%  398  63 10%
c i  0.00  0  4 0   0  3    5    1 4.0 1 0 2 6 93%  395  61  9%
c i  0.00  0  5 0   0  1   55   28 1.7 3 2 2 6 98%  391  59  9%
c i  0.00  0  5 0   0  1   57   28 1.7 3 2 2 6 98%  391  58  9%
c i  0.00  0  5 0   0  1   63   32 1.7 3 2 2 6 98%  391  56  9%
c i  0.00  0  4 0   0  1   73   35 1.7 3 2 2 6 98%  390  54  8%
c i  0.00  0  4 0   0  1   75   36 1.7 3 2 2 6 98%  390  38  6%
c }  0.00  0  4 0   0  1   79   36 1.7 3 2 2 6 98%  390  14  2%
c 0  0.00  0  4 0   0  1   79   36 1.7 3 2 2 6 98%  390  14  2%
c 
c --- [ closing proof ] ------------------------------------------------------
c 
c DRAT proof file '/Users/djf/develop/CS/Turing/Turing1/morphosat_research/proofs/layer_c_heterogeneous_tseitin.n8.s2.u.cadical.bve_off.drat' closed
c DRAT 503 added clauses 63.19%
c DRAT 293 deleted clauses 36.81%
c DRAT 9641 bytes (0.01 MB)
c 
c --- [ result ] -------------------------------------------------------------
c 
s UNSATISFIABLE
c 
c --- [ run-time profiling ] -------------------------------------------------
c 
c process time taken by individual solving procedures
c (percentage relative to process time for solving)
c 
c         0.00   89.47% search
c         0.00   83.28% parse
c         0.00   76.47% unstable
c         0.00    9.29% lucky
c         0.00    0.00% simplify
c   =================================
c         0.00   36.54% solve
c 
c last line shows process time for solving
c (percentage relative to total process time)
c 
c --- [ statistics ] ---------------------------------------------------------
c 
c chronological:                27        34.18 %  of conflicts
c conflicts:                    79    244582.04    per second
c decisions:                    87    269349.85    per second
c fixed:                       629        97.82 %  of all variables
c learned:                      50        63.29 %  per conflict
c learned_lits:                178       100.00 %  learned literals
c minimized:                     0         0.00 %  learned literals
c shrunken:                     39        21.91 %  learned literals
c minishrunken:                  2         1.12 %  learned literals
c otfs:                         33        41.77 %  of conflict
c propagations:               2003         6.20 M  per second
c subsumed:                     22         5.00 %  of all clauses
c strengthened:                 25         5.68 %  of all clauses
c ticks:                      7852         3.92    propagation
c 
c seconds are measured in process time for solving
c 
c --- [ glue usage ] ---------------------------------------------------------
c 
c focused glue 1 used 81 clauses 65.32% accumulated 65.32% tier1
c focused glue 2 used 34 clauses 27.41% accumulated 92.74% tier2
c 
c stable glue 2 used 0 clauses 0.000% accumulated 0.000% tier1
c stable glue 3 used 0 clauses 0.000% accumulated 0.000%
c stable glue 4 used 0 clauses 0.000% accumulated 0.000%
c stable glue 5 used 0 clauses 0.000% accumulated 0.000%
c stable glue 6 used 0 clauses 0.000% accumulated 0.000% tier2
c 
c 
c --- [ resources ] ----------------------------------------------------------
c 
c total process time since initialization:         0.00    seconds
c total real time since initialization:            0.00    seconds
c maximum resident set size of process:            2.53    MB
c 
c --- [ shutting down ] ------------------------------------------------------
c 
c exit 20

        0.00 real         0.00 user         0.00 sys
             2654208  maximum resident set size
                   0  average shared memory size
                   0  average unshared data size
                   0  average unshared stack size
                 326  page reclaims
                   1  page faults
                   0  swaps
                   0  block input operations
                   0  block output operations
                   0  messages sent
                   0  messages received
                   0  signals received
                   1  voluntary context switches
                   4  involuntary context switches
            23440196  instructions retired
            10198599  cycles elapsed
             1392928  peak memory footprint
