c ---- [ banner ] ------------------------------------------------------------
c
c Kissat SAT Solver
c 
c Copyright (c) 2021-2024 Armin Biere University of Freiburg
c Copyright (c) 2019-2021 Armin Biere Johannes Kepler University Linz
c 
c Version 4.0.4 unknown
c Apple clang version 21.0.0 (clang-2100.1.1.101) -W -Wall -O3 -DNDEBUG
c Sun Aug 30 17:38:25 CST 2026 Darwin djftekiMacBook-Pro.local 25.3.0 arm64
c
c ---- [ proving ] -----------------------------------------------------------
c
c opened and writing proof to DRAT file:
c
c   /Users/djf/develop/CS/Turing/Turing1/morphosat_research/proofs/layer_b_heterogeneous_tseitin.n8.s6.u.kissat.default.drat
c
c ---- [ parsing ] -----------------------------------------------------------
c
c opened and reading DIMACS file:
c
c   /Users/djf/develop/CS/Turing/Turing1/morphosat_research/instances/separation_v0.2/layer_b_heterogeneous_tseitin.n8.s6.u.cnf
c
c parsed 'p cnf 82 282' header
c closing input after reading 3606 bytes (4 KB)
c finished parsing after 0.00 seconds
c
c ---- [ solving ] -----------------------------------------------------------
c
c seconds switched rate     size/glue tier1 binary    remaining
c        MB reductions conflicts size  tier2  irredundant
c         level restarts redundant glue  trail    variables
c
c *  0.00  2 0 0 0  0 0   0   0 0.0 0 0 0 0 0%  41 198 68 83%
c (  0.00  2 0 0 0  0 0   0   0 0.0 0 0 0 0 0%  41 198 68 83%
c .  0.00  2 0 0 0  0 0   0   0 0.0 0 0 0 0 0%  49 164 68 83%
c c  0.00  2 0 0 0  0 0   0   0 0.0 0 0 0 0 0%  39 131 42 51%
c d  0.00  2 0 0 0  0 0   0   0 0.0 0 0 0 0 0%   9 123 41 50%
c d  0.00  2 0 0 0  0 0   0   0 0.0 0 0 0 0 0%   7 123 40 49%
c =  0.00  2 0 0 0  0 0   0   0 0.0 0 0 0 0 0%  45 92 27 33%
c d  0.00  2 0 0 0  0 0   0   0 0.0 0 0 0 0 0%   0 92 27 33%
c f  0.00  2 0 0 0  0 0   0   0 0.0 0 0 0 0 0%   4 84 29 35%
c )  0.00  2 0 0 0  0 0   0   0 0.0 0 0 0 0 0%   4 84 29 35%
c lucky 2 units
c l  0.00  2 0 0 0  0 0   0   0 0.0 0 0 0 0 0%   4 84 27 33%
c {  0.00  2 0 0 0  0 0   0   0 0.0 0 0 2 6 0%   4 84 27 33%
c i  0.00  2 4 0 0  0 1  17   5 1.9 3 1 2 2 86%   9 84 26 32%
c i  0.00  2 4 0 0  0 1  22   5 1.9 3 1 2 2 80%  11 84 22 27%
c i  0.00  2 3 0 0  0 1  25   4 1.9 3 1 2 2 77%  12 84 19 23%
c }  0.00  2 3 0 0  0 1  27   4 2.0 2 1 2 2 76%  12 84 11 13%
c 0  0.00  2 3 0 0  0 1  27   4 2.0 2 1 2 2 76%  12 84 11 13%
c
c ---- [ result ] ------------------------------------------------------------
c
s UNSATISFIABLE
c
c ---- [ profiling ] ---------------------------------------------------------
c
c           0.00   52.15 %  preprocess
c           0.00   49.50 %  probe
c           0.00   29.00 %  sweep
c           0.00    9.37 %  congruence
c           0.00    5.73 %  factor
c           0.00    5.73 %  parse
c           0.00    4.96 %  search
c           0.00    4.85 %  focused
c           0.00    4.63 %  substitute
c           0.00    3.20 %  lucky
c           0.00    0.44 %  backbone
c           0.00    0.00 %  simplify
c =============================================
c           0.00  100.00 %  total
c
c ---- [ statistics ] --------------------------------------------------------
c
c conflicts:                               27            14069.83 per second
c congruent:                               17               21 %  variables
c decisions:                               27                1.00 per conflict
c factored:                                 2                2 %  variables
c iterations:                               4                5 %  variables
c propagations:                           685           356957    per second
c substituted:                             32               39 %  variables
c switched:                                 0                0    interval
c
c ---- [ glue usage ] --------------------------------------------------------
c
c focused glue 2 used 10 clauses 71.43% accumulated 100.00% tier1 tier2
c
c ---- [ resources ] ---------------------------------------------------------
c
c maximum-resident-set-size:       2130706432 bytes       2032 MB
c process-time:                                              0.00 seconds
c
c ---- [ shutting down ] -----------------------------------------------------
c
c exit 20

        0.00 real         0.00 user         0.00 sys
             2080768  maximum resident set size
                   0  average shared memory size
                   0  average unshared data size
                   0  average unshared stack size
                 290  page reclaims
                   1  page faults
                   0  swaps
                   0  block input operations
                   0  block output operations
                   0  messages sent
                   0  messages received
                   0  signals received
                   0  voluntary context switches
                   6  involuntary context switches
            21213407  instructions retired
             8282403  cycles elapsed
             1360160  peak memory footprint
