c ---- [ banner ] ------------------------------------------------------------
c
c Kissat SAT Solver
c 
c Copyright (c) 2021-2024 Armin Biere University of Freiburg
c Copyright (c) 2019-2021 Armin Biere Johannes Kepler University Linz
c 
c Version 4.0.4 unknown
c Apple clang version 21.0.0 (clang-2100.1.1.101) -W -Wall -O3 -DNDEBUG
c Sun Aug 30 17:38:25 CST 2026 Darwin djftekiMacBook-Pro.local 25.3.0 arm64
c
c ---- [ proving ] -----------------------------------------------------------
c
c opened and writing proof to DRAT file:
c
c   /Users/djf/develop/CS/Turing/Turing1/morphosat_research/proofs/layer_b_heterogeneous_tseitin.n16.s2.u.kissat.default.drat
c
c ---- [ parsing ] -----------------------------------------------------------
c
c opened and reading DIMACS file:
c
c   /Users/djf/develop/CS/Turing/Turing1/morphosat_research/instances/separation_v0.2/layer_b_heterogeneous_tseitin.n16.s2.u.cnf
c
c parsed 'p cnf 180 652' header
c closing input after reading 9438 bytes (9 KB)
c finished parsing after 0.00 seconds
c
c ---- [ solving ] -----------------------------------------------------------
c
c seconds switched rate     size/glue tier1 binary     remaining
c        MB reductions conflicts size  tier2  irredundant
c         level restarts redundant glue  trail     variables
c
c *  0.00  2 0 0 0  0 0   0   0 0.0 0 0 0 0 0%  74 457 142 79%
c (  0.00  2 0 0 0  0 0   0   0 0.0 0 0 0 0 0%  74 457 142 79%
c .  0.00  2 0 0 0  0 0   0   0 0.0 0 0 0 0 0%  82 372 142 79%
c c  0.00  2 0 0 0  0 0   0   0 0.0 0 0 0 0 0%  80 320 99 55%
c d  0.00  2 0 0 0  0 0   0   0 0.0 0 0 0 0 0%  18 310 99 55%
c =  0.00  2 0 0 0  0 0   0   0 0.0 0 0 0 0 0% 112 212 61 34%
c d  0.00  2 0 0 0  0 0   0   0 0.0 0 0 0 0 0%   0 212 61 34%
c f  0.00  2 0 0 0  0 0   0   0 0.0 0 0 0 0 0%  10 192 66 37%
c )  0.00  2 0 0 0  0 0   0   0 0.0 0 0 0 0 0%  10 192 66 37%
c lucky 5 units
c l  0.00  2 0 0 0  0 0   0   0 0.0 0 0 0 0 0%  10 192 61 34%
c {  0.00  2 0 0 0  0 0   0   0 0.0 0 0 2 6 0%  10 192 61 34%
c i  0.00  2 7 0 0  1 1 205 121 2.2 5 2 2 4 75%  26 179 56 31%
c i  0.00  2 7 0 0  1 1 215 121 2.2 5 2 2 4 74%  30 178 55 31%
c i  0.00  2 7 0 0  1 1 219 122 2.2 5 2 2 4 73%  32 178 49 27%
c i  0.00  2 7 0 0  1 1 223 122 2.2 5 2 2 4 73%  34 178 48 27%
c }  0.00  2 7 0 0  1 1 225 122 2.2 5 2 2 4 72%  34 178 35 19%
c 0  0.00  2 7 0 0  1 1 225 122 2.2 5 2 2 4 72%  34 178 35 19%
c
c ---- [ result ] ------------------------------------------------------------
c
s UNSATISFIABLE
c
c ---- [ profiling ] ---------------------------------------------------------
c
c           0.00   53.68 %  preprocess
c           0.00   51.40 %  probe
c           0.00   32.54 %  sweep
c           0.00   20.24 %  search
c           0.00   20.19 %  focused
c           0.00    8.46 %  congruence
c           0.00    5.94 %  parse
c           0.00    5.61 %  factor
c           0.00    4.23 %  substitute
c           0.00    1.90 %  lucky
c           0.00    0.29 %  backbone
c           0.00    0.00 %  simplify
c =============================================
c           0.00  100.00 %  total
c
c ---- [ statistics ] --------------------------------------------------------
c
c conflicts:                              225            60483.87 per second
c congruent:                               30               17 %  variables
c decisions:                              237                1.05 per conflict
c factored:                                 5                3 %  variables
c iterations:                               5                3 %  variables
c propagations:                          3827          1028763    per second
c restarts:                                 1              225    interval
c substituted:                             64               36 %  variables
c switched:                                 0                0    interval
c
c ---- [ glue usage ] --------------------------------------------------------
c
c focused glue 2 used 203 clauses 32.95% accumulated 82.14% tier1
c focused glue 3 used  68 clauses 11.04% accumulated 93.18% tier2
c
c ---- [ resources ] ---------------------------------------------------------
c
c maximum-resident-set-size:       2415919104 bytes       2304 MB
c process-time:                                              0.00 seconds
c
c ---- [ shutting down ] -----------------------------------------------------
c
c exit 20

        0.00 real         0.00 user         0.00 sys
             2359296  maximum resident set size
                   0  average shared memory size
                   0  average unshared data size
                   0  average unshared stack size
                 307  page reclaims
                   1  page faults
                   0  swaps
                   0  block input operations
                   0  block output operations
                   0  messages sent
                   0  messages received
                   0  signals received
                   0  voluntary context switches
                   8  involuntary context switches
            29663580  instructions retired
            13728773  cycles elapsed
             1638688  peak memory footprint
