c ---- [ banner ] ------------------------------------------------------------
c
c Kissat SAT Solver
c 
c Copyright (c) 2021-2024 Armin Biere University of Freiburg
c Copyright (c) 2019-2021 Armin Biere Johannes Kepler University Linz
c 
c Version 4.0.4 unknown
c Apple clang version 21.0.0 (clang-2100.1.1.101) -W -Wall -O3 -DNDEBUG
c Sun Aug 30 17:38:25 CST 2026 Darwin djftekiMacBook-Pro.local 25.3.0 arm64
c
c ---- [ proving ] -----------------------------------------------------------
c
c opened and writing proof to DRAT file:
c
c   /Users/djf/develop/CS/Turing/Turing1/morphosat_research/proofs/layer_c_heterogeneous_tseitin.n4.s1.u.kissat.default.drat
c
c ---- [ parsing ] -----------------------------------------------------------
c
c opened and reading DIMACS file:
c
c   /Users/djf/develop/CS/Turing/Turing1/morphosat_research/instances/separation_v0.2/layer_c_heterogeneous_tseitin.n4.s1.u.cnf
c
c parsed 'p cnf 305 402' header
c closing input after reading 4891 bytes (5 KB)
c finished parsing after 0.00 seconds
c
c ---- [ solving ] -----------------------------------------------------------
c
c seconds switched rate     size/glue tier1 binary    remaining
c        MB reductions conflicts size  tier2  irredundant
c         level restarts redundant glue  trail    variables
c
c *  0.00  2 0 0 0  0 0   0   0 0.0 0 0 0 0 0%  75 118 31 10%
c (  0.00  2 0 0 0  0 0   0   0 0.0 0 0 0 0 0%  75 118 31 10%
c .  0.00  2 0 0 0  0 0   0   0 0.0 0 0 0 0 0%  10 92 31 10%
c c  0.00  2 0 0 0  0 0   0   0 0.0 0 0 0 0 0%  20 84 25 8%
c d  0.00  2 0 0 0  0 0   0   0 0.0 0 0 0 0 0%   2 84 25 8%
c =  0.00  2 0 0 0  0 0   0   0 0.0 0 0 0 0 0%  18 60 17 6%
c d  0.00  2 0 0 0  0 0   0   0 0.0 0 0 0 0 0%   0 60 17 6%
c f  0.00  2 0 0 0  0 0   0   0 0.0 0 0 0 0 0%   4 53 19 6%
c )  0.00  2 0 0 0  0 0   0   0 0.0 0 0 0 0 0%   4 53 19 6%
c lucky 2 units
c l  0.00  2 0 0 0  0 0   0   0 0.0 0 0 0 0 0%   4 53 17 6%
c {  0.00  2 0 0 0  0 0   0   0 0.0 0 0 2 6 0%   4 53 17 6%
c i  0.00  2 2 0 0  0 1   3   1 2.0 2 1 2 6 76%   5 53 16 5%
c i  0.00  2 2 0 0  0 1   5   1 2.3 2 1 2 6 77%   6 53 15 5%
c i  0.00  2 2 0 0  0 1   8   1 2.3 2 1 2 6 86%   8 53 10 3%
c i  0.00  2 2 0 0  0 1  10   1 2.4 2 1 2 6 86%   9 53  8 3%
c }  0.00  2 2 0 0  0 1  12   1 2.6 2 1 2 6 87%   9 53  4 1%
c 0  0.00  2 2 0 0  0 1  12   1 2.6 2 1 2 6 87%   9 53  4 1%
c
c ---- [ result ] ------------------------------------------------------------
c
s UNSATISFIABLE
c
c ---- [ profiling ] ---------------------------------------------------------
c
c           0.00   42.86 %  preprocess
c           0.00   38.65 %  probe
c           0.00   21.30 %  sweep
c           0.00   10.59 %  parse
c           0.00    7.27 %  congruence
c           0.00    5.36 %  search
c           0.00    5.23 %  factor
c           0.00    5.10 %  focused
c           0.00    3.44 %  substitute
c           0.00    2.81 %  lucky
c           0.00    0.38 %  backbone
c           0.00    0.00 %  simplify
c =============================================
c           0.00  100.00 %  total
c
c ---- [ statistics ] --------------------------------------------------------
c
c conflicts:                               12             5524.86 per second
c congruent:                                6                2 %  variables
c decisions:                               11                0.92 per conflict
c factored:                                 2                1 %  variables
c iterations:                               5                2 %  variables
c propagations:                           614           282689    per second
c substituted:                             12                4 %  variables
c switched:                                 0                0    interval
c
c ---- [ glue usage ] --------------------------------------------------------
c
c no clauses used at all
c
c ---- [ resources ] ---------------------------------------------------------
c
c maximum-resident-set-size:       2130706432 bytes       2032 MB
c process-time:                                              0.00 seconds
c
c ---- [ shutting down ] -----------------------------------------------------
c
c exit 20

        0.00 real         0.00 user         0.00 sys
             2080768  maximum resident set size
                   0  average shared memory size
                   0  average unshared data size
                   0  average unshared stack size
                 290  page reclaims
                   1  page faults
                   0  swaps
                   0  block input operations
                   0  block output operations
                   0  messages sent
                   0  messages received
                   0  signals received
                   0  voluntary context switches
                   9  involuntary context switches
            18591345  instructions retired
             8507607  cycles elapsed
             1360160  peak memory footprint
