c ---- [ banner ] ------------------------------------------------------------
c
c Kissat SAT Solver
c 
c Copyright (c) 2021-2024 Armin Biere University of Freiburg
c Copyright (c) 2019-2021 Armin Biere Johannes Kepler University Linz
c 
c Version 4.0.4 unknown
c Apple clang version 21.0.0 (clang-2100.1.1.101) -W -Wall -O3 -DNDEBUG
c Sun Aug 30 17:38:25 CST 2026 Darwin djftekiMacBook-Pro.local 25.3.0 arm64
c
c ---- [ proving ] -----------------------------------------------------------
c
c opened and writing proof to DRAT file:
c
c   /Users/djf/develop/CS/Turing/Turing1/morphosat_research/proofs/layer_d_resolution_tseitin_reference.n8.s0.u.kissat.default.drat
c
c ---- [ parsing ] -----------------------------------------------------------
c
c opened and reading DIMACS file:
c
c   /Users/djf/develop/CS/Turing/Turing1/morphosat_research/instances/separation_v0.2/layer_d_resolution_tseitin_reference.n8.s0.u.cnf
c
c parsed 'p cnf 12 32' header
c closing input after reading 411 bytes
c finished parsing after 0.00 seconds
c
c ---- [ solving ] -----------------------------------------------------------
c
c seconds switched rate     size/glue tier1 binary   remaining
c        MB reductions conflicts size  tier2 irredundant
c         level restarts redundant glue  trail   variables
c
c *  0.00  2 0 0 0  0 0   0   0 0.0 0 0 0 0 0%   0 32 12 100%
c (  0.00  2 0 0 0  0 0   0   0 0.0 0 0 0 0 0%   0 32 12 100%
c .  0.00  2 0 0 0  0 0   0   0 0.0 0 0 0 0 0%   0 32 12 100%
c )  0.00  2 0 0 0  0 0   0   0 0.0 0 0 0 0 0%   0 32 12 100%
c {  0.00  2 0 0 0  0 0   0   0 0.0 0 0 2 6 0%   0 32 12 100%
c i  0.00  2 3 0 0  0 1  23   7 1.9 3 2 2 2 89%   4 31 11 92%
c i  0.00  2 3 0 0  0 1  29   7 1.8 3 2 2 2 85%   5 31 10 83%
c }  0.00  2 3 0 0  0 1  31   7 1.8 3 2 2 2 83%   5 31  6 50%
c 0  0.00  2 3 0 0  0 1  31   7 1.8 3 2 2 2 83%   5 31  6 50%
c
c ---- [ result ] ------------------------------------------------------------
c
s UNSATISFIABLE
c
c ---- [ profiling ] ---------------------------------------------------------
c
c           0.00   27.90 %  preprocess
c           0.00   25.04 %  probe
c           0.00   16.45 %  sweep
c           0.00   11.16 %  search
c           0.00   11.02 %  focused
c           0.00    4.29 %  parse
c           0.00    4.15 %  congruence
c           0.00    2.43 %  factor
c           0.00    2.00 %  lucky
c           0.00    0.57 %  substitute
c           0.00    0.43 %  backbone
c           0.00    0.00 %  simplify
c =============================================
c           0.00  100.00 %  total
c
c ---- [ statistics ] --------------------------------------------------------
c
c conflicts:                               31            11992.26 per second
c decisions:                               30                0.97 per conflict
c iterations:                               3               25 %  variables
c propagations:                           240            92843    per second
c switched:                                 0                0    interval
c
c ---- [ glue usage ] --------------------------------------------------------
c
c focused glue 2 used 11 clauses 64.71% accumulated 82.35% tier1
c focused glue 3 used  3 clauses 17.65% accumulated 100.00% tier2
c
c ---- [ resources ] ---------------------------------------------------------
c
c maximum-resident-set-size:       1996488704 bytes       1904 MB
c process-time:                                              0.00 seconds
c
c ---- [ shutting down ] -----------------------------------------------------
c
c exit 20

        0.00 real         0.00 user         0.00 sys
             1949696  maximum resident set size
                   0  average shared memory size
                   0  average unshared data size
                   0  average unshared stack size
                 282  page reclaims
                   1  page faults
                   0  swaps
                   0  block input operations
                   0  block output operations
                   0  messages sent
                   0  messages received
                   0  signals received
                   1  voluntary context switches
                   8  involuntary context switches
            16175273  instructions retired
             7464944  cycles elapsed
             1229088  peak memory footprint
