c --- [ banner ] -------------------------------------------------------------
c 
c CaDiCaL SAT Solver
c Copyright (c) 2016-2026
c A. Biere, M. Fleury, N. Froleyks, K. Fazekas, F. Pollitt, T. Faller
c JKU Linz, University of Freiburg, TU Wien
c 
c Version 3.0.1 6f2b1a38e26bb3cddb49c89c64d419c1d6a16ecb
c Apple clang version 21.0.0 (clang-2100.1.1.101) -Wall -Wextra -O3 -DNDEBUG -DNCLOSEFROM
c Sun Aug 30 17:38:15 CST 2026 Darwin djftekiMacBook-Pro.local 25.3.0 arm64
c 
c --- [ proof tracing ] ------------------------------------------------------
c 
c opening file to write '/Users/djf/develop/CS/Turing/Turing1/morphosat_research/proofs/layer_a_v01_regression.n8.s5.u.cadical.elimdef_off.drat'
c writing non-binary proof trace to '/Users/djf/develop/CS/Turing/Turing1/morphosat_research/proofs/layer_a_v01_regression.n8.s5.u.cadical.elimdef_off.drat'
c 
c --- [ parsing input ] ------------------------------------------------------
c 
c reading DIMACS file from '/Users/djf/develop/CS/Turing/Turing1/morphosat_research/instances/separation_v0.2/layer_a_v01_regression.n8.s5.u.cnf'
c opening file to read '/Users/djf/develop/CS/Turing/Turing1/morphosat_research/instances/separation_v0.2/layer_a_v01_regression.n8.s5.u.cnf'
c found 'p cnf 76 184' header
c parsed 184 clauses in 0.00 seconds process time
c 
c --- [ options ] ------------------------------------------------------------
c 
c   --binary=false                 (different from default 'true')
c 
c --- [ solving ] ------------------------------------------------------------
c 
c time measured in process time since initialization
c 
c  seconds  reduction conflicts       size tier2     variables
c         MB    restarts   redundant    glue  trail      remaining
c          level     rate       size/glu tier1 irredundant
c 
c *  0.00  0  0 0   0  0    0    0 0.0 0 0 2 6  0%  165  65 86%
c )  0.00  0  0 0   0  0    0    0 0.0 0 0 2 6  0%  165  65 86%
c {  0.00  0  0 0   0  0    0    0 0.0 0 0 2 6  0%  165  65 86%
c i  0.00  0  2 0   0  1   19   16 1.9 3 2 2 6 100%  165  43 57%
c i  0.00  0  2 0   0  1   21   17 2.0 3 2 2 6 98%  165  38 50%
c i  0.00  0  2 0   0  1   23   18 2.0 3 2 2 6 98%  165  33 43%
c }  0.00  0  2 0   0  1   25   18 2.0 3 1 2 6 98%  165  16 21%
c 0  0.00  0  2 0   0  1   25   18 2.0 3 1 2 6 98%  165  16 21%
c 
c --- [ closing proof ] ------------------------------------------------------
c 
c DRAT proof file '/Users/djf/develop/CS/Turing/Turing1/morphosat_research/proofs/layer_a_v01_regression.n8.s5.u.cadical.elimdef_off.drat' closed
c DRAT 80 added clauses 80.00%
c DRAT 20 deleted clauses 20.00%
c DRAT 867 bytes (0.00 MB)
c 
c --- [ result ] -------------------------------------------------------------
c 
s UNSATISFIABLE
c 
c --- [ run-time profiling ] -------------------------------------------------
c 
c process time taken by individual solving procedures
c (percentage relative to process time for solving)
c 
c         0.00   82.16% search
c         0.00   58.38% unstable
c         0.00   38.92% parse
c         0.00   18.92% lucky
c         0.00    0.00% simplify
c   =================================
c         0.00   33.94% solve
c 
c last line shows process time for solving
c (percentage relative to total process time)
c 
c --- [ statistics ] ---------------------------------------------------------
c 
c chronological:                 3        12.00 %  of conflicts
c conflicts:                    25    135135.14    per second
c decisions:                    27    145945.95    per second
c fixed:                        60        78.95 %  of all variables
c learned:                      24        96.00 %  per conflict
c learned_lits:                105       100.00 %  learned literals
c minimized:                     0         0.00 %  learned literals
c shrunken:                     28        26.67 %  learned literals
c minishrunken:                  6         5.71 %  learned literals
c otfs:                          0         0.00 %  of conflict
c propagations:                770         4.16 M  per second
c subsumed:                      2         1.08 %  of all clauses
c ticks:                      3216         4.18    propagation
c 
c seconds are measured in process time for solving
c 
c --- [ glue usage ] ---------------------------------------------------------
c 
c focused glue 2 used 11 clauses 40.74% accumulated 81.48% tier1
c focused glue 3 used 5 clauses 18.51% accumulated 100.0% tier2
c 
c stable glue 2 used 0 clauses 0.000% accumulated 0.000% tier1
c stable glue 3 used 0 clauses 0.000% accumulated 0.000%
c stable glue 4 used 0 clauses 0.000% accumulated 0.000%
c stable glue 5 used 0 clauses 0.000% accumulated 0.000%
c stable glue 6 used 0 clauses 0.000% accumulated 0.000% tier2
c 
c 
c --- [ resources ] ----------------------------------------------------------
c 
c total process time since initialization:         0.00    seconds
c total real time since initialization:            0.00    seconds
c maximum resident set size of process:            2.30    MB
c 
c --- [ shutting down ] ------------------------------------------------------
c 
c exit 20

        0.00 real         0.00 user         0.00 sys
             2408448  maximum resident set size
                   0  average shared memory size
                   0  average unshared data size
                   0  average unshared stack size
                 311  page reclaims
                   1  page faults
                   0  swaps
                   0  block input operations
                   0  block output operations
                   0  messages sent
                   0  messages received
                   0  signals received
                   0  voluntary context switches
                   6  involuntary context switches
            19980711  instructions retired
            10858572  cycles elapsed
             1147168  peak memory footprint
