c --- [ banner ] -------------------------------------------------------------
c 
c CaDiCaL SAT Solver
c Copyright (c) 2016-2026
c A. Biere, M. Fleury, N. Froleyks, K. Fazekas, F. Pollitt, T. Faller
c JKU Linz, University of Freiburg, TU Wien
c 
c Version 3.0.1 6f2b1a38e26bb3cddb49c89c64d419c1d6a16ecb
c Apple clang version 21.0.0 (clang-2100.1.1.101) -Wall -Wextra -O3 -DNDEBUG -DNCLOSEFROM
c Sun Aug 30 17:38:15 CST 2026 Darwin djftekiMacBook-Pro.local 25.3.0 arm64
c 
c --- [ proof tracing ] ------------------------------------------------------
c 
c opening file to write '/Users/djf/develop/CS/Turing/Turing1/morphosat_research/proofs/layer_b_heterogeneous_tseitin.n4.s3.u.cadical.bve_off.drat'
c writing non-binary proof trace to '/Users/djf/develop/CS/Turing/Turing1/morphosat_research/proofs/layer_b_heterogeneous_tseitin.n4.s3.u.cadical.bve_off.drat'
c 
c --- [ parsing input ] ------------------------------------------------------
c 
c reading DIMACS file from '/Users/djf/develop/CS/Turing/Turing1/morphosat_research/instances/separation_v0.2/layer_b_heterogeneous_tseitin.n4.s3.u.cnf'
c opening file to read '/Users/djf/develop/CS/Turing/Turing1/morphosat_research/instances/separation_v0.2/layer_b_heterogeneous_tseitin.n4.s3.u.cnf'
c found 'p cnf 40 146' header
c parsed 146 clauses in 0.00 seconds process time
c 
c --- [ options ] ------------------------------------------------------------
c 
c   --binary=false                 (different from default 'true')
c   --elim=false                   (different from default 'true')
c 
c --- [ solving ] ------------------------------------------------------------
c 
c time measured in process time since initialization
c 
c  seconds  reduction conflicts       size tier2     variables
c         MB    restarts   redundant    glue  trail      remaining
c          level     rate       size/glu tier1 irredundant
c 
c *  0.00  0  0 0   0  0    0    0 0.0 0 0 2 6  0%  124  32 80%
c )  0.00  0  0 0   0  0    0    0 0.0 0 0 2 6  0%  124  32 80%
c {  0.00  0  0 0   0  0    0    0 0.0 0 0 2 6  0%  124  32 80%
c i  0.00  0  3 0   0  1   29   15 2.0 3 1 2 6 94%  119  31 78%
c }  0.00  0  3 0   0  1   31   15 2.0 3 1 2 6 91%  119  26 65%
c 0  0.00  0  3 0   0  1   31   15 2.0 3 1 2 6 91%  119  26 65%
c 
c --- [ closing proof ] ------------------------------------------------------
c 
c DRAT proof file '/Users/djf/develop/CS/Turing/Turing1/morphosat_research/proofs/layer_b_heterogeneous_tseitin.n4.s3.u.cadical.bve_off.drat' closed
c DRAT 43 added clauses 51.81%
c DRAT 40 deleted clauses 48.19%
c DRAT 1066 bytes (0.00 MB)
c 
c --- [ result ] -------------------------------------------------------------
c 
s UNSATISFIABLE
c 
c --- [ run-time profiling ] -------------------------------------------------
c 
c process time taken by individual solving procedures
c (percentage relative to process time for solving)
c 
c         0.00   77.48% search
c         0.00   51.35% unstable
c         0.00   50.45% parse
c         0.00   19.82% lucky
c         0.00    0.00% simplify
c   =================================
c         0.00   29.21% solve
c 
c last line shows process time for solving
c (percentage relative to total process time)
c 
c --- [ statistics ] ---------------------------------------------------------
c 
c chronological:                 6        19.35 %  of conflicts
c conflicts:                    31    279279.28    per second
c decisions:                    30    270270.27    per second
c fixed:                        14        35.00 %  of all variables
c learned:                      17        54.84 %  per conflict
c learned_lits:                 57       100.00 %  learned literals
c minimized:                     0         0.00 %  learned literals
c shrunken:                      9        15.79 %  learned literals
c minishrunken:                  0         0.00 %  learned literals
c otfs:                         15        48.39 %  of conflict
c propagations:                369         3.32 M  per second
c subsumed:                     10         7.19 %  of all clauses
c strengthened:                 10         7.19 %  of all clauses
c ticks:                      1761         4.77    propagation
c 
c seconds are measured in process time for solving
c 
c --- [ glue usage ] ---------------------------------------------------------
c 
c focused glue 1 used 17 clauses 68.00% accumulated 68.00% tier1
c focused glue 2 used 7 clauses 28.00% accumulated 96.00% tier2
c 
c stable glue 2 used 0 clauses 0.000% accumulated 0.000% tier1
c stable glue 3 used 0 clauses 0.000% accumulated 0.000%
c stable glue 4 used 0 clauses 0.000% accumulated 0.000%
c stable glue 5 used 0 clauses 0.000% accumulated 0.000%
c stable glue 6 used 0 clauses 0.000% accumulated 0.000% tier2
c 
c 
c --- [ resources ] ----------------------------------------------------------
c 
c total process time since initialization:         0.00    seconds
c total real time since initialization:            0.00    seconds
c maximum resident set size of process:            2.28    MB
c 
c --- [ shutting down ] ------------------------------------------------------
c 
c exit 20

        0.00 real         0.00 user         0.00 sys
             2392064  maximum resident set size
                   0  average shared memory size
                   0  average unshared data size
                   0  average unshared stack size
                 310  page reclaims
                   1  page faults
                   0  swaps
                   0  block input operations
                   0  block output operations
                   0  messages sent
                   0  messages received
                   0  signals received
                   0  voluntary context switches
                   6  involuntary context switches
            19324761  instructions retired
             7223587  cycles elapsed
             1130784  peak memory footprint
