c --- [ banner ] -------------------------------------------------------------
c 
c CaDiCaL SAT Solver
c Copyright (c) 2016-2026
c A. Biere, M. Fleury, N. Froleyks, K. Fazekas, F. Pollitt, T. Faller
c JKU Linz, University of Freiburg, TU Wien
c 
c Version 3.0.1 6f2b1a38e26bb3cddb49c89c64d419c1d6a16ecb
c Apple clang version 21.0.0 (clang-2100.1.1.101) -Wall -Wextra -O3 -DNDEBUG -DNCLOSEFROM
c Sun Aug 30 17:38:15 CST 2026 Darwin djftekiMacBook-Pro.local 25.3.0 arm64
c 
c --- [ proof tracing ] ------------------------------------------------------
c 
c opening file to write '/Users/djf/develop/CS/Turing/Turing1/morphosat_research/proofs/layer_d_random_reordered_parity.n32.s2.u.cadical.default.drat'
c writing non-binary proof trace to '/Users/djf/develop/CS/Turing/Turing1/morphosat_research/proofs/layer_d_random_reordered_parity.n32.s2.u.cadical.default.drat'
c 
c --- [ parsing input ] ------------------------------------------------------
c 
c reading DIMACS file from '/Users/djf/develop/CS/Turing/Turing1/morphosat_research/instances/separation_v0.2/layer_d_random_reordered_parity.n32.s2.u.cnf'
c opening file to read '/Users/djf/develop/CS/Turing/Turing1/morphosat_research/instances/separation_v0.2/layer_d_random_reordered_parity.n32.s2.u.cnf'
c found 'p cnf 48 128' header
c parsed 128 clauses in 0.00 seconds process time
c 
c --- [ options ] ------------------------------------------------------------
c 
c   --binary=false                 (different from default 'true')
c 
c --- [ solving ] ------------------------------------------------------------
c 
c time measured in process time since initialization
c 
c  seconds  reduction conflicts       size tier2     variables
c         MB    restarts   redundant    glue  trail      remaining
c          level     rate       size/glu tier1 irredundant
c 
c *  0.00  0  0 0   0  0    0    0 0.0 0 0 2 6  0%  128  48 100%
c )  0.00  0  0 0   0  0    0    0 0.0 0 0 2 6  0%  128  48 100%
c {  0.00  0  0 0   0  0    0    0 0.0 0 0 2 6  0%  128  48 100%
c -  0.00  0 12 1   0  1  301  125 1.9 11 6 2 6 94%  128  48 100%
c -  0.00  0 10 2  21  1  735  219 1.5 10 6 2 6 73%  128  48 100%
c }  0.00  0  9 2  21  1 1001  321 1.5 9 6 2 6 69%  128  48 100%
c [  0.00  0  0 2  21  0 1001  321 0.0 0 0 2 6  0%  128  48 100%
c O  0.00  0 16 2  21 17 1002  322 1.3 4 3 2 6 100%  128  48 100%
c -  0.00  0  8 3  21  1 1412  422 1.6 8 5 2 6 60%  128  48 100%
c i  0.00  0  7 3  21  1 1618  447 1.5 7 5 2 6 53%  128  47 98%
c i  0.00  0  7 3  21  1 1732  498 1.5 6 4 2 6 52%  128  46 96%
c i  0.00  0  7 3  21  1 1772  510 1.5 6 4 2 6 51%  128  45 94%
c i  0.00  0  6 3  21  1 1792  520 1.5 6 4 2 6 51%  128  44 92%
c i  0.00  0  6 3  21  1 1798  523 1.5 6 4 2 6 50%  128  43 90%
c i  0.00  0  6 3  21  1 1800  524 1.5 6 4 2 6 50%  128  42 88%
c ]  0.00  0  6 3  21  1 1802  524 1.5 6 4 2 6 50%  128  39 81%
c 0  0.00  0  6 3  21  1 1802  524 1.5 6 4 2 6 50%  128  39 81%
c 
c --- [ closing proof ] ------------------------------------------------------
c 
c DRAT proof file '/Users/djf/develop/CS/Turing/Turing1/morphosat_research/proofs/layer_d_random_reordered_parity.n32.s2.u.cadical.default.drat' closed
c DRAT 1804 added clauses 58.69%
c DRAT 1270 deleted clauses 41.31%
c DRAT 94814 bytes (0.09 MB)
c 
c --- [ result ] -------------------------------------------------------------
c 
s UNSATISFIABLE
c 
c --- [ run-time profiling ] -------------------------------------------------
c 
c process time taken by individual solving procedures
c (percentage relative to process time for solving)
c 
c         0.00   93.16% search
c         0.00   46.49% unstable
c         0.00   45.16% stable
c         0.00    5.74% simplify
c         0.00    2.62% congruence
c         0.00    2.40% sweep
c         0.00    1.89% parse
c         0.00    0.98% lucky
c         0.00    0.25% backbone
c         0.00    0.09% probe
c   =================================
c         0.00   89.43% solve
c 
c last line shows process time for solving
c (percentage relative to total process time)
c 
c --- [ statistics ] ---------------------------------------------------------
c 
c chronological:               260        14.43 %  of conflicts
c conflicts:                  1802    567916.80    per second
c backbone:                    288       600.00 %  of vars
c decisions:                  1596    502994.01    per second
c fixed:                         9        18.75 %  of all variables
c learned:                    1176        65.26 %  per conflict
c learned_lits:              11060       100.00 %  learned literals
c minimized:                     0         0.00 %  learned literals
c shrunken:                   1703        15.40 %  learned literals
c minishrunken:                 40         0.36 %  learned literals
c otfs:                        638        35.41 %  of conflict
c propagations:              11376         3.59 M  per second
c reduced:                     148         8.21 %  per conflict
c rephased:                      1      1802.00    interval
c restarts:                     21        85.81    interval
c stabilizing:                   1        33.41 %  of conflicts
c subsumed:                    510        39.32 %  of all clauses
c strengthened:                625        48.19 %  of all clauses
c ticks:                     94925         8.34    propagation
c congruence:                    1      1802.00    interval
c 
c seconds are measured in process time for solving
c 
c --- [ glue usage ] ---------------------------------------------------------
c 
c focused glue 2 used 19 clauses 1.257% accumulated 1.257% tier1
c focused glue 3 used 98 clauses 6.485% accumulated 7.743%
c focused glue 4 used 273 clauses 18.06% accumulated 25.81%
c focused glue 5 used 355 clauses 23.49% accumulated 49.30%
c focused glue 6 used 419 clauses 27.72% accumulated 77.03% tier2
c 
c stable glue 3 used 419 clauses 27.63% accumulated 51.71% tier1
c stable glue 4 used 359 clauses 23.68% accumulated 75.39% tier2
c 
c 
c --- [ resources ] ----------------------------------------------------------
c 
c total process time since initialization:         0.00    seconds
c total real time since initialization:            0.00    seconds
c maximum resident set size of process:            3.27    MB
c 
c --- [ shutting down ] ------------------------------------------------------
c 
c exit 20

        0.00 real         0.00 user         0.00 sys
             3424256  maximum resident set size
                   0  average shared memory size
                   0  average unshared data size
                   0  average unshared stack size
                 373  page reclaims
                   1  page faults
                   0  swaps
                   0  block input operations
                   0  block output operations
                   0  messages sent
                   0  messages received
                   0  signals received
                   1  voluntary context switches
                  11  involuntary context switches
            55587031  instructions retired
            20814382  cycles elapsed
             1917216  peak memory footprint
