c ---- [ banner ] ------------------------------------------------------------
c
c Kissat SAT Solver
c 
c Copyright (c) 2021-2024 Armin Biere University of Freiburg
c Copyright (c) 2019-2021 Armin Biere Johannes Kepler University Linz
c 
c Version 4.0.4 unknown
c Apple clang version 21.0.0 (clang-2100.1.1.101) -W -Wall -O3 -DNDEBUG
c Sun Aug 30 17:38:25 CST 2026 Darwin djftekiMacBook-Pro.local 25.3.0 arm64
c
c ---- [ proving ] -----------------------------------------------------------
c
c opened and writing proof to DRAT file:
c
c   /Users/djf/develop/CS/Turing/Turing1/morphosat_research/proofs/layer_c_heterogeneous_tseitin.n4.s6.s.kissat.default.drat
c
c ---- [ parsing ] -----------------------------------------------------------
c
c opened and reading DIMACS file:
c
c   /Users/djf/develop/CS/Turing/Turing1/morphosat_research/instances/separation_v0.2/layer_c_heterogeneous_tseitin.n4.s6.s.cnf
c
c parsed 'p cnf 297 390' header
c closing input after reading 4685 bytes (5 KB)
c finished parsing after 0.00 seconds
c
c ---- [ solving ] -----------------------------------------------------------
c
c seconds switched rate     size/glue tier1 binary    remaining
c        MB reductions conflicts size  tier2  irredundant
c         level restarts redundant glue  trail    variables
c
c *  0.00  2 0 0 0  0 0   0   0 0.0 0 0 0 0 0%  80 110 31 10%
c lucky in forward setting literals to true
c l  0.00  2 0 0 0  0 0   0   0 0.0 0 0 0 0 0%  80 110 29 10%
c 1  0.00  2 0 0 0  0 0   0   0 0.0 0 0 0 0 0%  80 110 29 10%
c
c ---- [ result ] ------------------------------------------------------------
c
s SATISFIABLE
v 1 -2 -3 4 5 -6 -7 -8 -9 -10 11 12 13 14 -15 -16 -17 18 19 -20 -21 22 23 -24
v 25 -26 27 28 29 30 31 -32 33 34 35 -36 -37 38 39 -40 -41 42 43 44 -45 -46
v -47 48 49 50 -51 -52 53 -54 55 56 -57 -58 -59 -60 -61 -62 -63 64 65 66 -67
v -68 69 -70 -71 -72 -73 -74 75 76 -77 -78 79 -80 -81 82 83 -84 85 86 87 88
v -89 90 91 -92 93 -94 -95 96 97 -98 -99 100 -101 -102 -103 104 -105 106 107
v 108 -109 -110 -111 112 -113 -114 -115 -116 117 -118 119 -120 121 -122 123
v 124 125 -126 -127 -128 129 130 -131 -132 133 -134 -135 -136 137 -138 139
v -140 -141 142 -143 144 145 146 147 -148 149 150 -151 152 -153 154 -155 -156
v -157 158 159 160 -161 -162 163 164 -165 -166 -167 -168 -169 -170 171 172
v -173 174 175 -176 177 -178 179 -180 181 -182 183 184 185 -186 187 188 -189
v 190 191 -192 193 194 195 -196 -197 -198 -199 200 201 -202 -203 -204 205 -206
v -207 -208 -209 -210 211 -212 213 -214 -215 -216 217 -218 -219 220 -221 222
v 223 224 225 -226 -227 -228 -229 230 -231 232 233 -234 235 236 -237 238 239
v 240 241 242 243 244 -245 246 -247 -248 -249 -250 -251 252 -253 -254 255 -256
v -257 258 259 -260 261 262 -263 264 265 -266 -267 268 -269 -270 271 272 273
v 274 275 -276 277 278 279 280 281 -282 -283 284 285 -286 287 -288 -289 290
v 291 -292 293 -294 295 -296 -297 0
c
c ---- [ profiling ] ---------------------------------------------------------
c
c           0.00   21.13 %  parse
c           0.00    3.77 %  lucky
c           0.00    0.00 %  search
c           0.00    0.00 %  simplify
c =============================================
c           0.00  100.00 %  total
c
c ---- [ statistics ] --------------------------------------------------------
c
c conflicts:                                0                0.00 per second
c decisions:                                0                0.00 per conflict
c propagations:                           328           101391    per second
c switched:                                 0                0    interval
c
c ---- [ glue usage ] --------------------------------------------------------
c
c no clauses used at all
c
c ---- [ resources ] ---------------------------------------------------------
c
c maximum-resident-set-size:       1946157056 bytes       1856 MB
c process-time:                                              0.00 seconds
c
c ---- [ shutting down ] -----------------------------------------------------
c
c exit 10

        0.00 real         0.00 user         0.00 sys
             1900544  maximum resident set size
                   0  average shared memory size
                   0  average unshared data size
                   0  average unshared stack size
                 279  page reclaims
                   1  page faults
                   0  swaps
                   0  block input operations
                   0  block output operations
                   0  messages sent
                   0  messages received
                   0  signals received
                   0  voluntary context switches
                  11  involuntary context switches
            15926956  instructions retired
             9080718  cycles elapsed
             1229088  peak memory footprint
