c --- [ banner ] -------------------------------------------------------------
c 
c CaDiCaL SAT Solver
c Copyright (c) 2016-2026
c A. Biere, M. Fleury, N. Froleyks, K. Fazekas, F. Pollitt, T. Faller
c JKU Linz, University of Freiburg, TU Wien
c 
c Version 3.0.1 6f2b1a38e26bb3cddb49c89c64d419c1d6a16ecb
c Apple clang version 21.0.0 (clang-2100.1.1.101) -Wall -Wextra -O3 -DNDEBUG -DNCLOSEFROM
c Sun Aug 30 17:38:15 CST 2026 Darwin djftekiMacBook-Pro.local 25.3.0 arm64
c 
c --- [ proof tracing ] ------------------------------------------------------
c 
c opening file to write '/Users/djf/develop/CS/Turing/Turing1/morphosat_research/proofs/layer_b_heterogeneous_tseitin.n16.s0.u.cadical.default.drat'
c writing non-binary proof trace to '/Users/djf/develop/CS/Turing/Turing1/morphosat_research/proofs/layer_b_heterogeneous_tseitin.n16.s0.u.cadical.default.drat'
c 
c --- [ parsing input ] ------------------------------------------------------
c 
c reading DIMACS file from '/Users/djf/develop/CS/Turing/Turing1/morphosat_research/instances/separation_v0.2/layer_b_heterogeneous_tseitin.n16.s0.u.cnf'
c opening file to read '/Users/djf/develop/CS/Turing/Turing1/morphosat_research/instances/separation_v0.2/layer_b_heterogeneous_tseitin.n16.s0.u.cnf'
c found 'p cnf 175 642' header
c parsed 642 clauses in 0.00 seconds process time
c 
c --- [ options ] ------------------------------------------------------------
c 
c   --binary=false                 (different from default 'true')
c 
c --- [ solving ] ------------------------------------------------------------
c 
c time measured in process time since initialization
c 
c  seconds  reduction conflicts       size tier2     variables
c         MB    restarts   redundant    glue  trail      remaining
c          level     rate       size/glu tier1 irredundant
c 
c *  0.00  0  0 0   0  0    0    0 0.0 0 0 2 6  0%  511 137 78%
c )  0.00  0  0 0   0  0    0    0 0.0 0 0 2 6  0%  511 137 78%
c {  0.00  0  0 0   0  0    0    0 0.0 0 0 2 6  0%  511 137 78%
c i  0.00  0  1 0   0  8    1    0 0.0 1 0 2 6 30%  511 135 77%
c i  0.00  0 13 0   0  2   43   20 1.6 3 2 2 6 87%  500 132 75%
c i  0.00  0  8 0   1  1  188  119 1.9 4 2 2 6 87%  494 130 74%
c i  0.00  0  8 0   1  1  213  131 1.8 4 2 2 6 86%  494 124 71%
c i  0.00  0  7 0   1  1  221  136 1.8 4 2 2 6 86%  494 123 70%
c i  0.00  0  7 0   1  1  223  137 1.8 4 2 2 6 86%  494 116 66%
c i  0.00  0  7 0   1  1  225  137 1.9 4 2 2 6 85%  494 103 59%
c }  0.00  0  7 0   1  1  227  137 1.9 4 2 2 6 85%  494  83 47%
c 0  0.00  0  7 0   1  1  227  137 1.9 4 2 2 6 85%  494  83 47%
c 
c --- [ closing proof ] ------------------------------------------------------
c 
c DRAT proof file '/Users/djf/develop/CS/Turing/Turing1/morphosat_research/proofs/layer_b_heterogeneous_tseitin.n16.s0.u.cadical.default.drat' closed
c DRAT 351 added clauses 56.61%
c DRAT 269 deleted clauses 43.39%
c DRAT 10243 bytes (0.01 MB)
c 
c --- [ result ] -------------------------------------------------------------
c 
s UNSATISFIABLE
c 
c --- [ run-time profiling ] -------------------------------------------------
c 
c process time taken by individual solving procedures
c (percentage relative to process time for solving)
c 
c         0.00   96.01% search
c         0.00   87.87% unstable
c         0.00   29.81% parse
c         0.00    6.85% lucky
c         0.00    0.00% simplify
c   =================================
c         0.00   57.93% solve
c 
c last line shows process time for solving
c (percentage relative to total process time)
c 
c --- [ statistics ] ---------------------------------------------------------
c 
c chronological:                93        40.97 %  of conflicts
c conflicts:                   227    323823.11    per second
c decisions:                   275    392296.72    per second
c fixed:                        92        52.57 %  of all variables
c learned:                     175        77.09 %  per conflict
c learned_lits:                868       100.00 %  learned literals
c minimized:                     0         0.00 %  learned literals
c shrunken:                    158        18.20 %  learned literals
c minishrunken:                 29         3.34 %  learned literals
c otfs:                         57        25.11 %  of conflict
c propagations:               6794         9.69 M  per second
c restarts:                      1       227.00    interval
c subsumed:                     64         9.44 %  of all clauses
c strengthened:                 40         5.90 %  of all clauses
c ticks:                     29711         4.37    propagation
c 
c seconds are measured in process time for solving
c 
c --- [ glue usage ] ---------------------------------------------------------
c 
c focused glue 1 used 568 clauses 67.94% accumulated 67.94% tier1
c focused glue 2 used 216 clauses 25.83% accumulated 93.77% tier2
c 
c stable glue 2 used 0 clauses 0.000% accumulated 0.000% tier1
c stable glue 3 used 0 clauses 0.000% accumulated 0.000%
c stable glue 4 used 0 clauses 0.000% accumulated 0.000%
c stable glue 5 used 0 clauses 0.000% accumulated 0.000%
c stable glue 6 used 0 clauses 0.000% accumulated 0.000% tier2
c 
c 
c --- [ resources ] ----------------------------------------------------------
c 
c total process time since initialization:         0.00    seconds
c total real time since initialization:            0.00    seconds
c maximum resident set size of process:            2.52    MB
c 
c --- [ shutting down ] ------------------------------------------------------
c 
c exit 20

        0.00 real         0.00 user         0.00 sys
             2637824  maximum resident set size
                   0  average shared memory size
                   0  average unshared data size
                   0  average unshared stack size
                 325  page reclaims
                   1  page faults
                   0  swaps
                   0  block input operations
                   0  block output operations
                   0  messages sent
                   0  messages received
                   0  signals received
                   3  voluntary context switches
                   4  involuntary context switches
            26558555  instructions retired
            12675647  cycles elapsed
             1376544  peak memory footprint
