s SATISFIABLE
v -1 2 3 4 5 -6 7 8 9 10 11 12 -13 14 -15 -16 -17 -18 -19 20 -21 22 -23 -24 -25 -26 27 28 -29 -30 31 -32 33 34 35 -36 0
(:sat-backjumps         4
 :sat-conflicts         4
 :sat-decisions         12
 :sat-del-clause        21
 :sat-elim-clauses      15
 :sat-elim-literals     9
 :sat-mk-clause-2ary    18
 :sat-mk-clause-nary    105
 :sat-mk-var            37
 :sat-propagations-2ary 16
 :sat-propagations-nary 36
 :sat-units             7
 :total-time            0.00)

        0.00 real         0.00 user         0.00 sys
             3260416  maximum resident set size
                   0  average shared memory size
                   0  average unshared data size
                   0  average unshared stack size
                 362  page reclaims
                   2  page faults
                   0  swaps
                   0  block input operations
                   0  block output operations
                   0  messages sent
                   0  messages received
                   0  signals received
                   0  voluntary context switches
                  10  involuntary context switches
            16542342  instructions retired
             8676478  cycles elapsed
             1687864  peak memory footprint
