c ---- [ banner ] ------------------------------------------------------------
c
c Kissat SAT Solver
c 
c Copyright (c) 2021-2024 Armin Biere University of Freiburg
c Copyright (c) 2019-2021 Armin Biere Johannes Kepler University Linz
c 
c Version 4.0.4 unknown
c Apple clang version 21.0.0 (clang-2100.1.1.101) -W -Wall -O3 -DNDEBUG
c Sun Aug 30 17:38:25 CST 2026 Darwin djftekiMacBook-Pro.local 25.3.0 arm64
c
c ---- [ proving ] -----------------------------------------------------------
c
c opened and writing proof to DRAT file:
c
c   /Users/djf/develop/CS/Turing/Turing1/morphosat_research/proofs/layer_b_heterogeneous_tseitin.n16.s1.u.kissat.default.drat
c
c ---- [ parsing ] -----------------------------------------------------------
c
c opened and reading DIMACS file:
c
c   /Users/djf/develop/CS/Turing/Turing1/morphosat_research/instances/separation_v0.2/layer_b_heterogeneous_tseitin.n16.s1.u.cnf
c
c parsed 'p cnf 151 540' header
c closing input after reading 7616 bytes (7 KB)
c finished parsing after 0.00 seconds
c
c ---- [ solving ] -----------------------------------------------------------
c
c seconds switched rate     size/glue tier1 binary     remaining
c        MB reductions conflicts size  tier2  irredundant
c         level restarts redundant glue  trail     variables
c
c *  0.00  2 0 0 0  0 0   0   0 0.0 0 0 0 0 0%  72 381 122 81%
c (  0.00  2 0 0 0  0 0   0   0 0.0 0 0 0 0 0%  72 381 122 81%
c .  0.00  2 0 0 0  0 0   0   0 0.0 0 0 0 0 0%  88 328 122 81%
c c  0.00  2 0 0 0  0 0   0   0 0.0 0 0 0 0 0%  63 218 71 47%
c d  0.00  2 0 0 0  0 0   0   0 0.0 0 0 0 0 0%  21 198 70 46%
c d  0.00  2 0 0 0  0 0   0   0 0.0 0 0 0 0 0%  17 198 68 45%
c =  0.00  2 0 0 0  0 0   0   0 0.0 0 0 0 0 0%  78 140 43 28%
c d  0.00  2 0 0 0  0 0   0   0 0.0 0 0 0 0 0%   0 140 43 28%
c f  0.00  2 0 0 0  0 0   0   0 0.0 0 0 0 0 0%   2 136 44 29%
c )  0.00  2 0 0 0  0 0   0   0 0.0 0 0 0 0 0%   2 136 44 29%
c lucky 1 units
c l  0.00  2 0 0 0  0 0   0   0 0.0 0 0 0 0 0%   2 136 43 28%
c {  0.00  2 0 0 0  0 0   0   0 0.0 0 0 2 6 0%   2 136 43 28%
c i  0.00  2 6 0 0  0 2  78  44 1.9 4 2 2 3 80%  14 124 42 28%
c i  0.00  2 6 0 0  0 2 112  59 1.8 4 2 2 3 75%  18 122 39 26%
c i  0.00  2 5 0 0  0 2 134  63 1.8 4 2 2 3 73%  23 121 37 25%
c }  0.00  2 5 0 0  0 2 136  63 1.8 4 2 2 3 72%  23 121 33 22%
c 0  0.00  2 5 0 0  0 2 136  63 1.8 4 2 2 3 72%  23 121 33 22%
c
c ---- [ result ] ------------------------------------------------------------
c
s UNSATISFIABLE
c
c ---- [ profiling ] ---------------------------------------------------------
c
c           0.00   54.59 %  preprocess
c           0.00   52.08 %  probe
c           0.00   29.27 %  sweep
c           0.00   12.34 %  search
c           0.00   12.12 %  focused
c           0.00   10.76 %  congruence
c           0.00    6.96 %  parse
c           0.00    5.52 %  factor
c           0.00    5.45 %  substitute
c           0.00    2.51 %  lucky
c           0.00    0.57 %  backbone
c           0.00    0.00 %  simplify
c =============================================
c           0.00  100.00 %  total
c
c ---- [ statistics ] --------------------------------------------------------
c
c conflicts:                              136            48658.32 per second
c congruent:                               27               18 %  variables
c decisions:                              157                1.15 per conflict
c factored:                                 1                1 %  variables
c iterations:                               4                3 %  variables
c propagations:                          1747           625045    per second
c substituted:                             53               35 %  variables
c switched:                                 0                0    interval
c
c ---- [ glue usage ] --------------------------------------------------------
c
c focused glue 2 used 97 clauses 56.73% accumulated 72.51% tier1
c focused glue 3 used 43 clauses 25.15% accumulated 97.66% tier2
c
c ---- [ resources ] ---------------------------------------------------------
c
c maximum-resident-set-size:       2214592512 bytes       2112 MB
c process-time:                                              0.00 seconds
c
c ---- [ shutting down ] -----------------------------------------------------
c
c exit 20

        0.00 real         0.00 user         0.00 sys
             2162688  maximum resident set size
                   0  average shared memory size
                   0  average unshared data size
                   0  average unshared stack size
                 295  page reclaims
                   1  page faults
                   0  swaps
                   0  block input operations
                   0  block output operations
                   0  messages sent
                   0  messages received
                   0  signals received
                   1  voluntary context switches
                   4  involuntary context switches
            24109690  instructions retired
            11999287  cycles elapsed
             1442080  peak memory footprint
