c ---- [ banner ] ------------------------------------------------------------
c
c Kissat SAT Solver
c 
c Copyright (c) 2021-2024 Armin Biere University of Freiburg
c Copyright (c) 2019-2021 Armin Biere Johannes Kepler University Linz
c 
c Version 4.0.4 unknown
c Apple clang version 21.0.0 (clang-2100.1.1.101) -W -Wall -O3 -DNDEBUG
c Sun Aug 30 17:38:25 CST 2026 Darwin djftekiMacBook-Pro.local 25.3.0 arm64
c
c ---- [ proving ] -----------------------------------------------------------
c
c opened and writing proof to DRAT file:
c
c   /Users/djf/develop/CS/Turing/Turing1/morphosat_research/proofs/layer_b_heterogeneous_tseitin.n32.s6.u.kissat.default.drat
c
c ---- [ parsing ] -----------------------------------------------------------
c
c opened and reading DIMACS file:
c
c   /Users/djf/develop/CS/Turing/Turing1/morphosat_research/instances/separation_v0.2/layer_b_heterogeneous_tseitin.n32.s6.u.cnf
c
c parsed 'p cnf 348 1266' header
c closing input after reading 19721 bytes (19 KB)
c finished parsing after 0.00 seconds
c
c ---- [ solving ] -----------------------------------------------------------
c
c seconds switched rate     size/glue tier1 binary     remaining
c        MB reductions conflicts size  tier2  irredundant
c         level restarts redundant glue  trail     variables
c
c *  0.00  2 0 0 0  0 0   0   0 0.0 0 0 0 0 0% 160 894 274 79%
c (  0.00  2 0 0 0  0 0   0   0 0.0 0 0 0 0 0% 160 894 274 79%
c .  0.00  2 0 0 0  0 0   0   0 0.0 0 0 0 0 0% 186 688 274 79%
c c  0.00  2 0 0 0  0 0   0   0 0.0 0 0 0 0 0% 169 551 173 50%
c d  0.00  2 0 0 0  0 0   0   0 0.0 0 0 0 0 0%  33 521 169 49%
c d  0.00  2 0 0 0  0 0   0   0 0.0 0 0 0 0 0%  23 521 164 47%
c =  0.00  2 0 0 0  0 0   0   0 0.0 0 0 0 0 0% 148 384 112 32%
c d  0.00  2 0 0 0  0 0   0   0 0.0 0 0 0 0 0%   0 384 112 32%
c f  0.00  2 0 0 0  0 0   0   0 0.0 0 0 0 0 0%  18 350 121 35%
c )  0.00  2 0 0 0  0 0   0   0 0.0 0 0 0 0 0%  18 350 121 35%
c lucky 9 units
c l  0.00  2 0 0 0  0 0   0   0 0.0 0 0 0 0 0%  18 350 112 32%
c {  0.00  2 0 0 0  0 0   0   0 0.0 0 0 2 6 0%  18 350 112 32%
c i  0.00  3 10 0 0 159 3 803 469 1.5 6 4 2 5 50%  48 316 110 32%
c i  0.00  3 10 0 0 159 3 873 483 1.5 6 4 2 5 48%  53 316 107 31%
c i  0.00  3 10 0 0 159 3 930 506 1.5 6 4 2 5 47%  58 316 103 30%
c i  0.00  3 10 0 0 159 2 944 511 1.5 6 4 2 5 46%  61 316 101 29%
c i  0.00  3 10 0 0 159 2 952 509 1.5 6 4 2 5 46%  63 316 98 28%
c }  0.00  3 10 0 0 159 2 955 509 1.5 6 4 2 5 46%  64 316 90 26%
c 0  0.00  3 10 0 0 159 2 955 509 1.5 6 4 2 5 46%  64 316 90 26%
c
c ---- [ result ] ------------------------------------------------------------
c
s UNSATISFIABLE
c
c ---- [ profiling ] ---------------------------------------------------------
c
c           0.00   44.55 %  preprocess
c           0.00   42.35 %  probe
c           0.00   41.30 %  search
c           0.00   41.25 %  focused
c           0.00   24.82 %  sweep
c           0.00    8.82 %  congruence
c           0.00    4.57 %  factor
c           0.00    4.47 %  parse
c           0.00    3.63 %  substitute
c           0.00    1.41 %  lucky
c           0.00    0.26 %  backbone
c           0.00    0.00 %  simplify
c =============================================
c           0.00  100.00 %  total
c
c ---- [ statistics ] --------------------------------------------------------
c
c conflicts:                              955           171824.40 per second
c congruent:                               67               19 %  variables
c decisions:                             1955                2.05 per conflict
c factored:                                 9                3 %  variables
c iterations:                               6                2 %  variables
c propagations:                         16655          2996582    per second
c restarts:                               159                6    interval
c substituted:                            121               35 %  variables
c switched:                                 0                0    interval
c
c ---- [ glue usage ] --------------------------------------------------------
c
c focused glue 2 used 748 clauses 24.53% accumulated 61.30% tier1
c focused glue 3 used 525 clauses 17.22% accumulated 78.52%
c focused glue 4 used 316 clauses 10.36% accumulated 88.88%
c focused glue 5 used 186 clauses  6.10% accumulated 94.98% tier2
c
c ---- [ resources ] ---------------------------------------------------------
c
c maximum-resident-set-size:       2768240640 bytes       2640 MB
c process-time:                                              0.00 seconds
c
c ---- [ shutting down ] -----------------------------------------------------
c
c exit 20

        0.00 real         0.00 user         0.00 sys
             2719744  maximum resident set size
                   0  average shared memory size
                   0  average unshared data size
                   0  average unshared stack size
                 329  page reclaims
                   1  page faults
                   0  swaps
                   0  block input operations
                   0  block output operations
                   0  messages sent
                   0  messages received
                   0  signals received
                   0  voluntary context switches
                  14  involuntary context switches
            48097918  instructions retired
            24137581  cycles elapsed
             2031952  peak memory footprint
