c --- [ banner ] -------------------------------------------------------------
c 
c CaDiCaL SAT Solver
c Copyright (c) 2016-2026
c A. Biere, M. Fleury, N. Froleyks, K. Fazekas, F. Pollitt, T. Faller
c JKU Linz, University of Freiburg, TU Wien
c 
c Version 3.0.1 6f2b1a38e26bb3cddb49c89c64d419c1d6a16ecb
c Apple clang version 21.0.0 (clang-2100.1.1.101) -Wall -Wextra -O3 -DNDEBUG -DNCLOSEFROM
c Sun Aug 30 17:38:15 CST 2026 Darwin djftekiMacBook-Pro.local 25.3.0 arm64
c 
c --- [ proof tracing ] ------------------------------------------------------
c 
c opening file to write '/Users/djf/develop/CS/Turing/Turing1/morphosat_research/proofs/layer_c_heterogeneous_tseitin.n8.s9.u.cadical.congruence_on.drat'
c writing non-binary proof trace to '/Users/djf/develop/CS/Turing/Turing1/morphosat_research/proofs/layer_c_heterogeneous_tseitin.n8.s9.u.cadical.congruence_on.drat'
c 
c --- [ parsing input ] ------------------------------------------------------
c 
c reading DIMACS file from '/Users/djf/develop/CS/Turing/Turing1/morphosat_research/instances/separation_v0.2/layer_c_heterogeneous_tseitin.n8.s9.u.cnf'
c opening file to read '/Users/djf/develop/CS/Turing/Turing1/morphosat_research/instances/separation_v0.2/layer_c_heterogeneous_tseitin.n8.s9.u.cnf'
c found 'p cnf 642 846' header
c parsed 846 clauses in 0.00 seconds process time
c 
c --- [ options ] ------------------------------------------------------------
c 
c   --binary=false                 (different from default 'true')
c 
c --- [ solving ] ------------------------------------------------------------
c 
c time measured in process time since initialization
c 
c  seconds  reduction conflicts       size tier2     variables
c         MB    restarts   redundant    glue  trail      remaining
c          level     rate       size/glu tier1 irredundant
c 
c *  0.00  0  0 0   0  0    0    0 0.0 0 0 2 6  0%  408  62 10%
c )  0.00  0  0 0   0  0    0    0 0.0 0 0 2 6  0%  408  62 10%
c {  0.00  0  0 0   0  0    0    0 0.0 0 0 2 6  0%  408  62 10%
c i  0.00  0 11 0   1  1   17    6 1.8 2 1 2 6 99%  406  59  9%
c i  0.00  0  9 0   1  1   28   10 1.4 3 2 2 6 99%  405  58  9%
c i  0.00  0  6 0   1  1   57   26 1.6 3 2 2 6 99%  404  57  9%
c i  0.00  0  5 0   1  1   73   36 1.6 3 2 2 6 99%  404  55  9%
c i  0.00  0  5 0   1  1   76   37 1.7 3 2 2 6 99%  404  39  6%
c }  0.00  0  5 0   1  1   78   37 1.7 3 2 2 6 99%  404  25  4%
c 0  0.00  0  5 0   1  1   78   37 1.7 3 2 2 6 99%  404  25  4%
c 
c --- [ closing proof ] ------------------------------------------------------
c 
c DRAT proof file '/Users/djf/develop/CS/Turing/Turing1/morphosat_research/proofs/layer_c_heterogeneous_tseitin.n8.s9.u.cadical.congruence_on.drat' closed
c DRAT 496 added clauses 63.67%
c DRAT 283 deleted clauses 36.33%
c DRAT 9611 bytes (0.01 MB)
c 
c --- [ result ] -------------------------------------------------------------
c 
s UNSATISFIABLE
c 
c --- [ run-time profiling ] -------------------------------------------------
c 
c process time taken by individual solving procedures
c (percentage relative to process time for solving)
c 
c         0.00   90.49% search
c         0.00   76.72% parse
c         0.00   74.43% unstable
c         0.00   12.46% lucky
c         0.00    0.00% simplify
c   =================================
c         0.00   37.98% solve
c 
c last line shows process time for solving
c (percentage relative to total process time)
c 
c --- [ statistics ] ---------------------------------------------------------
c 
c chronological:                26        33.33 %  of conflicts
c conflicts:                    78    255737.70    per second
c decisions:                    75    245901.64    per second
c fixed:                       617        96.11 %  of all variables
c learned:                      57        73.08 %  per conflict
c learned_lits:                253       100.00 %  learned literals
c minimized:                     0         0.00 %  learned literals
c shrunken:                     86        33.99 %  learned literals
c minishrunken:                  2         0.79 %  learned literals
c otfs:                         18        23.08 %  of conflict
c propagations:               2143         7.03 M  per second
c restarts:                      1        78.00    interval
c subsumed:                     22         4.79 %  of all clauses
c strengthened:                 14         3.05 %  of all clauses
c ticks:                      8229         3.84    propagation
c 
c seconds are measured in process time for solving
c 
c --- [ glue usage ] ---------------------------------------------------------
c 
c focused glue 1 used 120 clauses 74.07% accumulated 74.07% tier1
c focused glue 2 used 35 clauses 21.60% accumulated 95.67% tier2
c 
c stable glue 2 used 0 clauses 0.000% accumulated 0.000% tier1
c stable glue 3 used 0 clauses 0.000% accumulated 0.000%
c stable glue 4 used 0 clauses 0.000% accumulated 0.000%
c stable glue 5 used 0 clauses 0.000% accumulated 0.000%
c stable glue 6 used 0 clauses 0.000% accumulated 0.000% tier2
c 
c 
c --- [ resources ] ----------------------------------------------------------
c 
c total process time since initialization:         0.00    seconds
c total real time since initialization:            0.00    seconds
c maximum resident set size of process:            2.58    MB
c 
c --- [ shutting down ] ------------------------------------------------------
c 
c exit 20

        0.00 real         0.00 user         0.00 sys
             2703360  maximum resident set size
                   0  average shared memory size
                   0  average unshared data size
                   0  average unshared stack size
                 329  page reclaims
                   1  page faults
                   0  swaps
                   0  block input operations
                   0  block output operations
                   0  messages sent
                   0  messages received
                   0  signals received
                   1  voluntary context switches
                   4  involuntary context switches
            23436170  instructions retired
            10928633  cycles elapsed
             1442080  peak memory footprint
