c --- [ banner ] -------------------------------------------------------------
c 
c CaDiCaL SAT Solver
c Copyright (c) 2016-2026
c A. Biere, M. Fleury, N. Froleyks, K. Fazekas, F. Pollitt, T. Faller
c JKU Linz, University of Freiburg, TU Wien
c 
c Version 3.0.1 6f2b1a38e26bb3cddb49c89c64d419c1d6a16ecb
c Apple clang version 21.0.0 (clang-2100.1.1.101) -Wall -Wextra -O3 -DNDEBUG -DNCLOSEFROM
c Sun Aug 30 17:38:15 CST 2026 Darwin djftekiMacBook-Pro.local 25.3.0 arm64
c 
c --- [ proof tracing ] ------------------------------------------------------
c 
c opening file to write '/Users/djf/develop/CS/Turing/Turing1/morphosat_research/proofs/layer_b_heterogeneous_tseitin.n32.s8.u.cadical.default.drat'
c writing non-binary proof trace to '/Users/djf/develop/CS/Turing/Turing1/morphosat_research/proofs/layer_b_heterogeneous_tseitin.n32.s8.u.cadical.default.drat'
c 
c --- [ parsing input ] ------------------------------------------------------
c 
c reading DIMACS file from '/Users/djf/develop/CS/Turing/Turing1/morphosat_research/instances/separation_v0.2/layer_b_heterogeneous_tseitin.n32.s8.u.cnf'
c opening file to read '/Users/djf/develop/CS/Turing/Turing1/morphosat_research/instances/separation_v0.2/layer_b_heterogeneous_tseitin.n32.s8.u.cnf'
c found 'p cnf 318 1140' header
c parsed 1140 clauses in 0.00 seconds process time
c 
c --- [ options ] ------------------------------------------------------------
c 
c   --binary=false                 (different from default 'true')
c 
c --- [ solving ] ------------------------------------------------------------
c 
c time measured in process time since initialization
c 
c  seconds  reduction conflicts       size tier2     variables
c         MB    restarts   redundant    glue  trail      remaining
c          level     rate       size/glu tier1 irredundant
c 
c *  0.00  0  0 0   0  0    0    0 0.0 0 0 2 6  0%  946 259 81%
c )  0.00  0  0 0   0  0    0    0 0.0 0 0 2 6  0%  946 259 81%
c {  0.00  0  0 0   0  0    0    0 0.0 0 0 2 6  0%  946 259 81%
c i  0.00  0 25 0   1  5   16    5 1.8 2 1 2 6 45%  938 256 81%
c -  0.00  0 20 1  49  4  301  189 1.4 4 3 2 6 79%  807 256 81%
c -  0.00  0 13 2 163  3  734  453 1.4 6 5 2 6 67%  805 256 81%
c 2  0.00  0 12 2 191  3  888  521 1.3 7 5 2 6 64%  805 233 73%
c d  0.00  0 12 2 191  3  888  495 1.3 7 5 2 6 64%  506 154 48%
c d  0.00  0 12 2 191  3  888  495 1.3 7 5 2 6 64%  453 137 43%
c p  0.00  0 12 2 191  3  888  495 1.3 7 5 2 6 64%  453 136 43%
c c  0.01  0 12 2 191  3  888  494 1.3 7 5 2 6 64%  469 129 41%
c d  0.01  0 12 2 191  3  888  494 1.3 7 5 2 6 64%  402 115 36%
c t  0.01  0 12 2 191  3  888  493 1.3 7 5 2 6 64%  402 115 36%
c i  0.01  0 11 2 191  3  968  512 1.4 6 5 2 6 62%  402 114 36%
c }  0.01  0 11 2 191  3 1002  526 1.4 6 5 2 6 61%  402 114 36%
c [  0.01  0  0 2 191  0 1002  526 0.0 0 0 2 6  0%  402 114 36%
c O  0.01  0 26 2 191 27 1003  527 1.5 3 2 2 6 61%  402 114 36%
c i  0.01  0  8 2 191  1 1327  720 1.8 7 4 2 6 47%  401 112 35%
c i  0.01  0  7 2 191  1 1365  728 1.7 7 4 2 6 46%  401 111 35%
c i  0.01  0  7 2 191  1 1371  729 1.7 7 4 2 6 46%  401 110 35%
c 
c  seconds  reduction conflicts       size tier2     variables
c         MB    restarts   redundant    glue  trail      remaining
c          level     rate       size/glu tier1 irredundant
c 
c i  0.01  0  7 2 191  1 1376  731 1.7 7 4 2 6 46%  401 107 34%
c i  0.01  0  7 2 191  1 1378  732 1.7 7 4 2 6 46%  401 106 33%
c ]  0.01  0  7 2 191  1 1380  732 1.7 7 4 2 6 46%  401  96 30%
c 0  0.01  0  7 2 191  1 1380  732 1.7 7 4 2 6 46%  401  96 30%
c 
c --- [ closing proof ] ------------------------------------------------------
c 
c DRAT proof file '/Users/djf/develop/CS/Turing/Turing1/morphosat_research/proofs/layer_b_heterogeneous_tseitin.n32.s8.u.cadical.default.drat' closed
c DRAT 2775 added clauses 50.98%
c DRAT 2668 deleted clauses 49.02%
c DRAT 116975 bytes (0.11 MB)
c 
c --- [ result ] -------------------------------------------------------------
c 
s UNSATISFIABLE
c 
c --- [ run-time profiling ] -------------------------------------------------
c 
c process time taken by individual solving procedures
c (percentage relative to process time for solving)
c 
c         0.01   81.06% search
c         0.00   61.70% unstable
c         0.00   18.44% simplify
c         0.00   18.37% stable
c         0.00    5.52% sweep
c         0.00    4.89% parse
c         0.00    4.36% congruence
c         0.00    0.71% lucky
c         0.00    0.20% backbone
c         0.00    0.17% probe
c   =================================
c         0.01   90.74% solve
c 
c last line shows process time for solving
c (percentage relative to total process time)
c 
c --- [ statistics ] ---------------------------------------------------------
c 
c chronological:               341        24.71 %  of conflicts
c conflicts:                  1380    212014.13    per second
c backbone:                    359       112.89 %  of vars
c decisions:                  3118    479029.04    per second
c fixed:                       112        35.22 %  of all variables
c learned:                    1069        77.46 %  per conflict
c learned_lits:               8247       100.00 %  learned literals
c minimized:                     0         0.00 %  learned literals
c shrunken:                   1241        15.05 %  learned literals
c minishrunken:                160         1.94 %  learned literals
c otfs:                        331        23.99 %  of conflict
c propagations:              50499         7.76 M  per second
c reduced:                      46         3.33 %  per conflict
c rephased:                      1      1380.00    interval
c restarts:                    191         7.23    interval
c stabilizing:                   1        23.48 %  of conflicts
c substituted:                 110        34.59 %  of all variables
c subsumed:                    338        12.78 %  of all clauses
c strengthened:                292        11.04 %  of all clauses
c ticks:                    296247         5.88    propagation
c weakened:                    220         2.00    average size
c congruence:                    1      1380.00    interval
c 
c seconds are measured in process time for solving
c 
c --- [ glue usage ] ---------------------------------------------------------
c 
c focused glue 2 used 976 clauses 19.74% accumulated 72.13% tier1
c focused glue 3 used 406 clauses 8.215% accumulated 80.35%
c focused glue 4 used 375 clauses 7.588% accumulated 87.94%
c focused glue 5 used 294 clauses 5.949% accumulated 93.88%
c focused glue 6 used 178 clauses 3.601% accumulated 97.49% tier2
c 
c stable glue 2 used 492 clauses 24.14% accumulated 68.30% tier1
c stable glue 3 used 344 clauses 16.87% accumulated 85.18% tier2
c 
c 
c --- [ resources ] ----------------------------------------------------------
c 
c total process time since initialization:         0.01    seconds
c total real time since initialization:            0.01    seconds
c maximum resident set size of process:            4.06    MB
c 
c --- [ shutting down ] ------------------------------------------------------
c 
c exit 20

        0.01 real         0.00 user         0.00 sys
             4259840  maximum resident set size
                   0  average shared memory size
                   0  average unshared data size
                   0  average unshared stack size
                 424  page reclaims
                   1  page faults
                   0  swaps
                   0  block input operations
                   0  block output operations
                   0  messages sent
                   0  messages received
                   0  signals received
                   3  voluntary context switches
                   6  involuntary context switches
            78077439  instructions retired
            36095243  cycles elapsed
             2720032  peak memory footprint
