c ---- [ banner ] ------------------------------------------------------------
c
c Kissat SAT Solver
c 
c Copyright (c) 2021-2024 Armin Biere University of Freiburg
c Copyright (c) 2019-2021 Armin Biere Johannes Kepler University Linz
c 
c Version 4.0.4 unknown
c Apple clang version 21.0.0 (clang-2100.1.1.101) -W -Wall -O3 -DNDEBUG
c Sun Aug 30 17:38:25 CST 2026 Darwin djftekiMacBook-Pro.local 25.3.0 arm64
c
c ---- [ proving ] -----------------------------------------------------------
c
c opened and writing proof to DRAT file:
c
c   /Users/djf/develop/CS/Turing/Turing1/morphosat_research/proofs/layer_d_random_reordered_parity.n32.s0.u.kissat.default.drat
c
c ---- [ parsing ] -----------------------------------------------------------
c
c opened and reading DIMACS file:
c
c   /Users/djf/develop/CS/Turing/Turing1/morphosat_research/instances/separation_v0.2/layer_d_random_reordered_parity.n32.s0.u.cnf
c
c parsed 'p cnf 48 128' header
c closing input after reading 1618 bytes (2 KB)
c finished parsing after 0.00 seconds
c
c ---- [ solving ] -----------------------------------------------------------
c
c seconds switched rate     size/glue tier1 binary    remaining
c        MB reductions conflicts size  tier2  irredundant
c         level restarts redundant glue  trail    variables
c
c *  0.00  2 0 0 0  0 0   0   0 0.0 0 0 0 0 0%   0 128 48 100%
c (  0.00  2 0 0 0  0 0   0   0 0.0 0 0 0 0 0%   0 128 48 100%
c .  0.00  2 0 0 0  0 0   0   0 0.0 0 0 0 0 0%   0 128 48 100%
c )  0.00  2 0 0 0  0 0   0   0 0.0 0 0 0 0 0%   0 128 48 100%
c {  0.00  2 0 0 0  0 0   0   0 0.0 0 0 2 6 0%   0 128 48 100%
c -  0.00  2 10 0 1 16 1 1002 462 1.8 9 5 4 6 65%   1 128 48 100%
c }  0.00  2 10 1 1 16 1 1002 462 1.8 9 5 4 6 65%   1 128 48 100%
c [  0.00  2 0 1 1 16 0 1002 462 0.0 0 0 2 6 0%   1 128 48 100%
c B  0.00  2 0 1 1 16 0 1002 462 0.0 0 0 2 6 0%   1 128 48 100%
c i  0.00  2 6 1 1 16 1 1227 578 2.0 6 3 2 4 41%   7 128 47 98%
c i  0.00  2 5 1 1 16 1 1256 579 1.9 6 3 2 4 40%  11 128 46 96%
c i  0.00  2 5 1 1 16 1 1277 580 1.9 5 3 2 4 39%  15 128 45 94%
c i  0.00  2 5 1 1 16 1 1289 579 1.8 5 3 2 4 38%  19 128 42 88%
c i  0.00  2 5 1 1 16 1 1293 579 1.8 5 3 2 4 38%  21 128 38 79%
c i  0.00  2 5 1 1 16 1 1294 579 1.9 5 3 2 4 37%  21 128 35 73%
c ]  0.00  2 5 1 1 16 1 1296 579 1.9 5 3 2 4 37%  21 128 32 67%
c 0  0.00  2 10 1 1 16 1 1296 579 1.8 9 5 4 6 65%  21 128 32 67%
c
c ---- [ result ] ------------------------------------------------------------
c
s UNSATISFIABLE
c
c ---- [ profiling ] ---------------------------------------------------------
c
c           0.00   65.76 %  search
c           0.00   47.85 %  focused
c           0.00   17.77 %  stable
c           0.00   15.65 %  preprocess
c           0.00   15.17 %  probe
c           0.00   10.66 %  sweep
c           0.00    2.38 %  congruence
c           0.00    1.65 %  reduce
c           0.00    1.56 %  parse
c           0.00    1.34 %  factor
c           0.00    1.26 %  lucky
c           0.00    0.26 %  substitute
c           0.00    0.17 %  backbone
c           0.00    0.00 %  simplify
c =============================================
c           0.00  100.00 %  total
c
c ---- [ statistics ] --------------------------------------------------------
c
c conflicts:                             1296           338116.36 per second
c decisions:                              959                0.74 per conflict
c iterations:                               7               15 %  variables
c propagations:                          6124          1597704    per second
c reductions:                               1             1296    interval
c rephased:                                 1             1296    interval
c restarts:                                16               81    interval
c switched:                                 1             1296    interval
c
c ---- [ glue usage ] --------------------------------------------------------
c
c focused glue 4 used 399 clauses 22.68% accumulated 70.21% tier1
c focused glue 5 used 231 clauses 13.13% accumulated 83.34%
c focused glue 6 used 186 clauses 10.57% accumulated 93.92% tier2
c
c stable glue 2 used 226 clauses 34.72% accumulated 56.99% tier1
c stable glue 3 used 167 clauses 25.65% accumulated 82.64%
c stable glue 4 used  90 clauses 13.82% accumulated 96.47% tier2
c
c ---- [ resources ] ---------------------------------------------------------
c
c maximum-resident-set-size:       2365587456 bytes       2256 MB
c process-time:                                              0.00 seconds
c
c ---- [ shutting down ] -----------------------------------------------------
c
c exit 20

        0.00 real         0.00 user         0.00 sys
             2326528  maximum resident set size
                   0  average shared memory size
                   0  average unshared data size
                   0  average unshared stack size
                 305  page reclaims
                   1  page faults
                   0  swaps
                   0  block input operations
                   0  block output operations
                   0  messages sent
                   0  messages received
                   0  signals received
                   1  voluntary context switches
                   8  involuntary context switches
            33002193  instructions retired
            16481759  cycles elapsed
             1622328  peak memory footprint
