c ---- [ banner ] ------------------------------------------------------------
c
c Kissat SAT Solver
c 
c Copyright (c) 2021-2024 Armin Biere University of Freiburg
c Copyright (c) 2019-2021 Armin Biere Johannes Kepler University Linz
c 
c Version 4.0.4 unknown
c Apple clang version 21.0.0 (clang-2100.1.1.101) -W -Wall -O3 -DNDEBUG
c Sun Aug 30 17:38:25 CST 2026 Darwin djftekiMacBook-Pro.local 25.3.0 arm64
c
c ---- [ proving ] -----------------------------------------------------------
c
c opened and writing proof to DRAT file:
c
c   /Users/djf/develop/CS/Turing/Turing1/morphosat_research/proofs/layer_b_heterogeneous_tseitin.n32.s0.u.kissat.default.drat
c
c ---- [ parsing ] -----------------------------------------------------------
c
c opened and reading DIMACS file:
c
c   /Users/djf/develop/CS/Turing/Turing1/morphosat_research/instances/separation_v0.2/layer_b_heterogeneous_tseitin.n32.s0.u.cnf
c
c parsed 'p cnf 330 1200' header
c closing input after reading 18774 bytes (18 KB)
c finished parsing after 0.00 seconds
c
c ---- [ solving ] -----------------------------------------------------------
c
c seconds switched rate     size/glue tier1 binary     remaining
c        MB reductions conflicts size  tier2  irredundant
c         level restarts redundant glue  trail     variables
c
c *  0.00  2 0 0 0  0 0   0   0 0.0 0 0 0 0 0% 157 829 258 78%
c (  0.00  2 0 0 0  0 0   0   0 0.0 0 0 0 0 0% 157 829 258 78%
c .  0.00  2 0 0 0  0 0   0   0 0.0 0 0 0 0 0% 187 648 258 78%
c c  0.00  2 0 0 0  0 0   0   0 0.0 0 0 0 0 0% 162 468 148 45%
c d  0.00  2 0 0 0  0 0   0   0 0.0 0 0 0 0 0%  28 444 146 44%
c d  0.00  2 0 0 0  0 0   0   0 0.0 0 0 0 0 0%  16 444 140 42%
c =  0.00  2 0 0 0  0 0   0   0 0.0 0 0 0 0 0% 103 352 104 32%
c d  0.00  2 0 0 0  0 0   0   0 0.0 0 0 0 0 0%   0 352 104 32%
c f  0.00  2 0 0 0  0 0   0   0 0.0 0 0 0 0 0%  14 326 111 34%
c )  0.00  2 0 0 0  0 0   0   0 0.0 0 0 0 0 0%  14 326 111 34%
c lucky 7 units
c l  0.00  2 0 0 0  0 0   0   0 0.0 0 0 0 0 0%  14 326 104 32%
c {  0.00  2 0 0 0  0 0   0   0 0.0 0 0 2 6 0%  14 326 104 32%
c i  0.00  2 11 0 0 97 3 587 361 1.6 6 4 2 5 60%  37 303 101 31%
c i  0.00  2 11 0 0 97 3 877 523 1.8 6 4 2 5 56%  45 301 100 30%
c i  0.00  2 10 0 0 97 3 920 541 1.7 6 4 2 5 55%  48 301 98 30%
c i  0.00  2 10 0 0 97 3 938 542 1.7 6 4 2 5 54%  51 301 95 29%
c i  0.00  2 10 0 0 97 3 948 543 1.7 6 4 2 5 54%  54 301 94 28%
c i  0.00  2 10 0 0 97 3 950 543 1.7 6 4 2 5 54%  55 301 91 28%
c }  0.00  2 10 0 0 97 3 952 543 1.7 6 4 2 5 54%  55 301 67 20%
c 0  0.00  2 10 0 0 97 3 952 543 1.7 6 4 2 5 54%  55 301 67 20%
c
c ---- [ result ] ------------------------------------------------------------
c
s UNSATISFIABLE
c
c ---- [ profiling ] ---------------------------------------------------------
c
c           0.00   44.82 %  search
c           0.00   44.74 %  focused
c           0.00   39.90 %  preprocess
c           0.00   38.17 %  probe
c           0.00   22.49 %  sweep
c           0.00    7.24 %  congruence
c           0.00    4.91 %  parse
c           0.00    4.57 %  factor
c           0.00    3.47 %  substitute
c           0.00    1.68 %  lucky
c           0.00    0.16 %  backbone
c           0.00    0.00 %  simplify
c =============================================
c           0.00  100.00 %  total
c
c ---- [ statistics ] --------------------------------------------------------
c
c conflicts:                              952           179860.19 per second
c congruent:                               69               21 %  variables
c decisions:                             1891                1.99 per conflict
c factored:                                 7                2 %  variables
c iterations:                               7                2 %  variables
c propagations:                         16808          3175515    per second
c restarts:                                97               10    interval
c substituted:                            109               33 %  variables
c switched:                                 0                0    interval
c
c ---- [ glue usage ] --------------------------------------------------------
c
c focused glue 2 used 797 clauses 29.00% accumulated 67.32% tier1
c focused glue 3 used 454 clauses 16.52% accumulated 83.84%
c focused glue 4 used 257 clauses  9.35% accumulated 93.20% tier2
c
c ---- [ resources ] ---------------------------------------------------------
c
c maximum-resident-set-size:       2634022912 bytes       2512 MB
c process-time:                                              0.00 seconds
c
c ---- [ shutting down ] -----------------------------------------------------
c
c exit 20

        0.00 real         0.00 user         0.00 sys
             2588672  maximum resident set size
                   0  average shared memory size
                   0  average unshared data size
                   0  average unshared stack size
                 321  page reclaims
                   1  page faults
                   0  swaps
                   0  block input operations
                   0  block output operations
                   0  messages sent
                   0  messages received
                   0  signals received
                   0  voluntary context switches
                   4  involuntary context switches
            45909031  instructions retired
            22703989  cycles elapsed
             1884472  peak memory footprint
