c ---- [ banner ] ------------------------------------------------------------
c
c Kissat SAT Solver
c 
c Copyright (c) 2021-2024 Armin Biere University of Freiburg
c Copyright (c) 2019-2021 Armin Biere Johannes Kepler University Linz
c 
c Version 4.0.4 unknown
c Apple clang version 21.0.0 (clang-2100.1.1.101) -W -Wall -O3 -DNDEBUG
c Sun Aug 30 17:38:25 CST 2026 Darwin djftekiMacBook-Pro.local 25.3.0 arm64
c
c ---- [ proving ] -----------------------------------------------------------
c
c opened and writing proof to DRAT file:
c
c   /Users/djf/develop/CS/Turing/Turing1/morphosat_research/proofs/layer_a_v01_regression.n4.s3.u.kissat.default.drat
c
c ---- [ parsing ] -----------------------------------------------------------
c
c opened and reading DIMACS file:
c
c   /Users/djf/develop/CS/Turing/Turing1/morphosat_research/instances/separation_v0.2/layer_a_v01_regression.n4.s3.u.cnf
c
c parsed 'p cnf 38 92' header
c closing input after reading 913 bytes
c finished parsing after 0.00 seconds
c
c ---- [ solving ] -----------------------------------------------------------
c
c seconds switched rate     size/glue tier1 binary   remaining
c        MB reductions conflicts size  tier2 irredundant
c         level restarts redundant glue  trail   variables
c
c *  0.00  2 0 0 0  0 0   0   0 0.0 0 0 0 0 0%  55 17 25 66%
c (  0.00  2 0 0 0  0 0   0   0 0.0 0 0 0 0 0%  55 17 25 66%
c .  0.00  2 0 0 0  0 0   0   0 0.0 0 0 0 0 0%  45 14 25 66%
c c  0.00  2 0 0 0  0 0   0   0 0.0 0 0 0 0 0%  45 14 17 45%
c d  0.00  2 0 0 0  0 0   0   0 0.0 0 0 0 0 0%  24 12 14 37%
c )  0.00  2 0 0 0  0 0   0   0 0.0 0 0 0 0 0%  24 12 14 37%
c {  0.00  2 0 0 0  0 0   0   0 0.0 0 0 2 6 0%  24 12 14 37%
c i  0.00  2 2 0 0  0 1   7   2 2.4 2 1 1 1 100%  26 12  6 16%
c }  0.00  2 2 0 0  0 1   9   2 2.6 2 1 1 1 100%  26 12  0 0%
c 0  0.00  2 2 0 0  0 1   9   2 2.6 2 1 1 1 100%  26 12  0 0%
c
c ---- [ result ] ------------------------------------------------------------
c
s UNSATISFIABLE
c
c ---- [ profiling ] ---------------------------------------------------------
c
c           0.00   38.18 %  preprocess
c           0.00   34.14 %  probe
c           0.00   17.98 %  sweep
c           0.00    8.28 %  congruence
c           0.00    6.06 %  parse
c           0.00    4.85 %  search
c           0.00    4.24 %  focused
c           0.00    3.43 %  substitute
c           0.00    3.03 %  factor
c           0.00    2.63 %  lucky
c           0.00    0.81 %  backbone
c           0.00    0.00 %  simplify
c =============================================
c           0.00  100.00 %  total
c
c ---- [ statistics ] --------------------------------------------------------
c
c conflicts:                                9             5360.33 per second
c congruent:                                8               21 %  variables
c decisions:                                7                0.78 per conflict
c iterations:                               2                5 %  variables
c propagations:                           426           253722    per second
c substituted:                             11               29 %  variables
c switched:                                 0                0    interval
c
c ---- [ glue usage ] --------------------------------------------------------
c
c focused glue 1 used 2 clauses 66.67% accumulated 66.67% tier1 tier2
c
c ---- [ resources ] ---------------------------------------------------------
c
c maximum-resident-set-size:       2046820352 bytes       1952 MB
c process-time:                                              0.00 seconds
c
c ---- [ shutting down ] -----------------------------------------------------
c
c exit 20

        0.00 real         0.00 user         0.00 sys
             1998848  maximum resident set size
                   0  average shared memory size
                   0  average unshared data size
                   0  average unshared stack size
                 285  page reclaims
                   1  page faults
                   0  swaps
                   0  block input operations
                   0  block output operations
                   0  messages sent
                   0  messages received
                   0  signals received
                   1  voluntary context switches
                   6  involuntary context switches
            16307835  instructions retired
             6880488  cycles elapsed
             1278240  peak memory footprint
