c ---- [ banner ] ------------------------------------------------------------
c
c Kissat SAT Solver
c 
c Copyright (c) 2021-2024 Armin Biere University of Freiburg
c Copyright (c) 2019-2021 Armin Biere Johannes Kepler University Linz
c 
c Version 4.0.4 unknown
c Apple clang version 21.0.0 (clang-2100.1.1.101) -W -Wall -O3 -DNDEBUG
c Sun Aug 30 17:38:25 CST 2026 Darwin djftekiMacBook-Pro.local 25.3.0 arm64
c
c ---- [ proving ] -----------------------------------------------------------
c
c opened and writing proof to DRAT file:
c
c   /Users/djf/develop/CS/Turing/Turing1/morphosat_research/proofs/layer_d_random_reordered_parity.n8.s1.u.kissat.default.drat
c
c ---- [ parsing ] -----------------------------------------------------------
c
c opened and reading DIMACS file:
c
c   /Users/djf/develop/CS/Turing/Turing1/morphosat_research/instances/separation_v0.2/layer_d_random_reordered_parity.n8.s1.u.cnf
c
c parsed 'p cnf 12 32' header
c closing input after reading 406 bytes
c finished parsing after 0.00 seconds
c
c ---- [ solving ] -----------------------------------------------------------
c
c seconds switched rate     size/glue tier1 binary   remaining
c        MB reductions conflicts size  tier2 irredundant
c         level restarts redundant glue  trail   variables
c
c *  0.00  2 0 0 0  0 0   0   0 0.0 0 0 0 0 0%   0 32 12 100%
c (  0.00  2 0 0 0  0 0   0   0 0.0 0 0 0 0 0%   0 32 12 100%
c .  0.00  2 0 0 0  0 0   0   0 0.0 0 0 0 0 0%   0 32 12 100%
c )  0.00  2 0 0 0  0 0   0   0 0.0 0 0 0 0 0%   0 32 12 100%
c {  0.00  2 0 0 0  0 0   0   0 0.0 0 0 2 6 0%   0 32 12 100%
c i  0.00  2 3 0 0  0 1  18   2 1.5 3 2 3 4 100%   4 32 11 92%
c i  0.00  2 3 0 0  0 1  26   2 1.6 3 2 3 4 100%   7 32  9 75%
c i  0.00  2 3 0 0  0 1  30   1 1.6 3 2 3 4 100%   9 32  8 67%
c i  0.00  2 3 0 0  0 1  32   1 1.6 3 2 3 4 100%  10 32  6 50%
c }  0.00  2 3 0 0  0 1  34   1 1.6 3 2 3 4 100%  10 32  0 0%
c 0  0.00  2 3 0 0  0 1  34   1 1.6 3 2 3 4 100%  10 32  0 0%
c
c ---- [ result ] ------------------------------------------------------------
c
s UNSATISFIABLE
c
c ---- [ profiling ] ---------------------------------------------------------
c
c           0.00   25.76 %  preprocess
c           0.00   22.88 %  probe
c           0.00   14.68 %  sweep
c           0.00   12.23 %  search
c           0.00   11.94 %  focused
c           0.00    4.32 %  parse
c           0.00    4.03 %  congruence
c           0.00    2.30 %  factor
c           0.00    2.01 %  lucky
c           0.00    0.58 %  substitute
c           0.00    0.29 %  backbone
c           0.00    0.00 %  simplify
c =============================================
c           0.00  100.00 %  total
c
c ---- [ statistics ] --------------------------------------------------------
c
c conflicts:                               34            12363.64 per second
c decisions:                               31                0.91 per conflict
c iterations:                               5               42 %  variables
c propagations:                           344           125091    per second
c switched:                                 0                0    interval
c
c ---- [ glue usage ] --------------------------------------------------------
c
c focused glue 2 used 10 clauses 58.82% accumulated 58.82% tier1
c focused glue 3 used  5 clauses 29.41% accumulated 88.24% tier2
c
c ---- [ resources ] ---------------------------------------------------------
c
c maximum-resident-set-size:       1962934272 bytes       1872 MB
c process-time:                                              0.00 seconds
c
c ---- [ shutting down ] -----------------------------------------------------
c
c exit 20

        0.00 real         0.00 user         0.00 sys
             1916928  maximum resident set size
                   0  average shared memory size
                   0  average unshared data size
                   0  average unshared stack size
                 284  page reclaims
                   1  page faults
                   0  swaps
                   0  block input operations
                   0  block output operations
                   0  messages sent
                   0  messages received
                   0  signals received
                   1  voluntary context switches
                  10  involuntary context switches
            16254667  instructions retired
             8787029  cycles elapsed
             1196320  peak memory footprint
