c ---- [ banner ] ------------------------------------------------------------
c
c Kissat SAT Solver
c 
c Copyright (c) 2021-2024 Armin Biere University of Freiburg
c Copyright (c) 2019-2021 Armin Biere Johannes Kepler University Linz
c 
c Version 4.0.4 unknown
c Apple clang version 21.0.0 (clang-2100.1.1.101) -W -Wall -O3 -DNDEBUG
c Sun Aug 30 17:38:25 CST 2026 Darwin djftekiMacBook-Pro.local 25.3.0 arm64
c
c ---- [ proving ] -----------------------------------------------------------
c
c opened and writing proof to DRAT file:
c
c   /Users/djf/develop/CS/Turing/Turing1/morphosat_research/proofs/layer_b_heterogeneous_tseitin.n4.s2.u.kissat.default.drat
c
c ---- [ parsing ] -----------------------------------------------------------
c
c opened and reading DIMACS file:
c
c   /Users/djf/develop/CS/Turing/Turing1/morphosat_research/instances/separation_v0.2/layer_b_heterogeneous_tseitin.n4.s2.u.cnf
c
c parsed 'p cnf 37 134' header
c closing input after reading 1728 bytes (2 KB)
c finished parsing after 0.00 seconds
c
c ---- [ solving ] -----------------------------------------------------------
c
c seconds switched rate     size/glue tier1 binary   remaining
c        MB reductions conflicts size  tier2 irredundant
c         level restarts redundant glue  trail   variables
c
c *  0.00  2 0 0 0  0 0   0   0 0.0 0 0 0 0 0%  16 94 31 84%
c (  0.00  2 0 0 0  0 0   0   0 0.0 0 0 0 0 0%  16 94 31 84%
c .  0.00  2 0 0 0  0 0   0   0 0.0 0 0 0 0 0%  19 80 31 84%
c c  0.00  2 0 0 0  0 0   0   0 0.0 0 0 0 0 0%  28 66 20 54%
c d  0.00  2 0 0 0  0 0   0   0 0.0 0 0 0 0 0%   2 60 18 49%
c d  0.00  2 0 0 0  0 0   0   0 0.0 0 0 0 0 0%   0 60 17 46%
c f  0.00  2 0 0 0  0 0   0   0 0.0 0 0 0 0 0%   4 53 19 51%
c )  0.00  2 0 0 0  0 0   0   0 0.0 0 0 0 0 0%   4 53 19 51%
c lucky 2 units
c l  0.00  2 0 0 0  0 0   0   0 0.0 0 0 0 0 0%   4 53 17 46%
c {  0.00  2 0 0 0  0 0   0   0 0.0 0 0 2 6 0%   4 53 17 46%
c i  0.00  2 3 0 0  2 1  10   1 2.3 2 1 2 6 63%   8 48 16 43%
c i  0.00  2 3 0 0  2 1  16   2 1.9 2 1 2 6 76%  11 46  9 24%
c i  0.00  2 3 0 0  2 1  17   2 2.0 2 1 2 6 78%  11 46  4 11%
c }  0.00  2 2 0 0  2 1  19   2 2.1 2 1 2 6 80%  11 46  0 0%
c 0  0.00  2 2 0 0  2 1  19   2 2.1 2 1 2 6 80%  11 46  0 0%
c
c ---- [ result ] ------------------------------------------------------------
c
s UNSATISFIABLE
c
c ---- [ profiling ] ---------------------------------------------------------
c
c           0.00   41.91 %  preprocess
c           0.00   39.10 %  probe
c           0.00   20.25 %  sweep
c           0.00    9.00 %  congruence
c           0.00    8.72 %  parse
c           0.00    5.34 %  factor
c           0.00    4.92 %  search
c           0.00    4.64 %  focused
c           0.00    3.66 %  substitute
c           0.00    2.95 %  lucky
c           0.00    0.28 %  backbone
c           0.00    0.00 %  simplify
c =============================================
c           0.00  100.00 %  total
c
c ---- [ statistics ] --------------------------------------------------------
c
c conflicts:                               19             9396.64 per second
c congruent:                                9               24 %  variables
c decisions:                               16                0.84 per conflict
c factored:                                 2                5 %  variables
c iterations:                               4               11 %  variables
c propagations:                           350           173096    per second
c restarts:                                 2               10    interval
c substituted:                             12               32 %  variables
c switched:                                 0                0    interval
c
c ---- [ glue usage ] --------------------------------------------------------
c
c focused glue 2 used 2 clauses 50.00% accumulated 75.00% tier1 tier2
c
c ---- [ resources ] ---------------------------------------------------------
c
c maximum-resident-set-size:       2080374784 bytes       1984 MB
c process-time:                                              0.00 seconds
c
c ---- [ shutting down ] -----------------------------------------------------
c
c exit 20

        0.00 real         0.00 user         0.00 sys
             2031616  maximum resident set size
                   0  average shared memory size
                   0  average unshared data size
                   0  average unshared stack size
                 287  page reclaims
                   1  page faults
                   0  swaps
                   0  block input operations
                   0  block output operations
                   0  messages sent
                   0  messages received
                   0  signals received
                   0  voluntary context switches
                   8  involuntary context switches
            17683253  instructions retired
             7995221  cycles elapsed
             1311008  peak memory footprint
