c ---- [ banner ] ------------------------------------------------------------
c
c Kissat SAT Solver
c 
c Copyright (c) 2021-2024 Armin Biere University of Freiburg
c Copyright (c) 2019-2021 Armin Biere Johannes Kepler University Linz
c 
c Version 4.0.4 unknown
c Apple clang version 21.0.0 (clang-2100.1.1.101) -W -Wall -O3 -DNDEBUG
c Sun Aug 30 17:38:25 CST 2026 Darwin djftekiMacBook-Pro.local 25.3.0 arm64
c
c ---- [ proving ] -----------------------------------------------------------
c
c opened and writing proof to DRAT file:
c
c   /Users/djf/develop/CS/Turing/Turing1/morphosat_research/proofs/layer_d_random_reordered_parity.n16.s6.u.kissat.default.drat
c
c ---- [ parsing ] -----------------------------------------------------------
c
c opened and reading DIMACS file:
c
c   /Users/djf/develop/CS/Turing/Turing1/morphosat_research/instances/separation_v0.2/layer_d_random_reordered_parity.n16.s6.u.cnf
c
c parsed 'p cnf 24 64' header
c closing input after reading 817 bytes
c finished parsing after 0.00 seconds
c
c ---- [ solving ] -----------------------------------------------------------
c
c seconds switched rate     size/glue tier1 binary   remaining
c        MB reductions conflicts size  tier2 irredundant
c         level restarts redundant glue  trail   variables
c
c *  0.00  2 0 0 0  0 0   0   0 0.0 0 0 0 0 0%   0 64 24 100%
c (  0.00  2 0 0 0  0 0   0   0 0.0 0 0 0 0 0%   0 64 24 100%
c .  0.00  2 0 0 0  0 0   0   0 0.0 0 0 0 0 0%   0 64 24 100%
c )  0.00  2 0 0 0  0 0   0   0 0.0 0 0 0 0 0%   0 64 24 100%
c {  0.00  2 0 0 0  0 0   0   0 0.0 0 0 2 6 0%   0 64 24 100%
c i  0.00  2 5 0 0  0 1 168  74 1.8 5 3 3 4 81%   7 64 23 96%
c i  0.00  2 5 0 0  0 1 206  87 1.7 5 3 3 4 78%  11 64 22 92%
c i  0.00  2 5 0 0  0 1 210  87 1.7 5 3 3 4 76%  13 64 20 83%
c i  0.00  2 5 0 0  0 1 212  87 1.7 5 3 3 4 76%  14 64 18 75%
c }  0.00  2 5 0 0  0 1 214  87 1.7 5 3 3 4 75%  14 64 14 58%
c 0  0.00  2 5 0 0  0 1 214  87 1.7 5 3 3 4 75%  14 64 14 58%
c
c ---- [ result ] ------------------------------------------------------------
c
s UNSATISFIABLE
c
c ---- [ profiling ] ---------------------------------------------------------
c
c           0.00   28.61 %  preprocess
c           0.00   27.92 %  search
c           0.00   27.64 %  focused
c           0.00   27.08 %  probe
c           0.00   18.47 %  sweep
c           0.00    4.17 %  congruence
c           0.00    3.47 %  parse
c           0.00    2.64 %  factor
c           0.00    2.36 %  lucky
c           0.00    0.56 %  substitute
c           0.00    0.42 %  backbone
c           0.00    0.00 %  simplify
c =============================================
c           0.00  100.00 %  total
c
c ---- [ statistics ] --------------------------------------------------------
c
c conflicts:                              214           100281.16 per second
c decisions:                              158                0.74 per conflict
c iterations:                               5               21 %  variables
c propagations:                          1165           545923    per second
c switched:                                 0                0    interval
c
c ---- [ glue usage ] --------------------------------------------------------
c
c focused glue 3 used 133 clauses 46.02% accumulated 75.09% tier1
c focused glue 4 used  60 clauses 20.76% accumulated 95.85% tier2
c
c ---- [ resources ] ---------------------------------------------------------
c
c maximum-resident-set-size:       2063597568 bytes       1968 MB
c process-time:                                              0.00 seconds
c
c ---- [ shutting down ] -----------------------------------------------------
c
c exit 20

        0.00 real         0.00 user         0.00 sys
             2015232  maximum resident set size
                   0  average shared memory size
                   0  average unshared data size
                   0  average unshared stack size
                 286  page reclaims
                   1  page faults
                   0  swaps
                   0  block input operations
                   0  block output operations
                   0  messages sent
                   0  messages received
                   0  signals received
                   0  voluntary context switches
                   3  involuntary context switches
            18544902  instructions retired
             9309554  cycles elapsed
             1294624  peak memory footprint
