c --- [ banner ] -------------------------------------------------------------
c 
c CaDiCaL SAT Solver
c Copyright (c) 2016-2026
c A. Biere, M. Fleury, N. Froleyks, K. Fazekas, F. Pollitt, T. Faller
c JKU Linz, University of Freiburg, TU Wien
c 
c Version 3.0.1 6f2b1a38e26bb3cddb49c89c64d419c1d6a16ecb
c Apple clang version 21.0.0 (clang-2100.1.1.101) -Wall -Wextra -O3 -DNDEBUG -DNCLOSEFROM
c Sun Aug 30 17:38:15 CST 2026 Darwin djftekiMacBook-Pro.local 25.3.0 arm64
c 
c --- [ proof tracing ] ------------------------------------------------------
c 
c opening file to write '/Users/djf/develop/CS/Turing/Turing1/morphosat_research/proofs/layer_c_heterogeneous_tseitin.n4.s9.u.cadical.bve_off.drat'
c writing non-binary proof trace to '/Users/djf/develop/CS/Turing/Turing1/morphosat_research/proofs/layer_c_heterogeneous_tseitin.n4.s9.u.cadical.bve_off.drat'
c 
c --- [ parsing input ] ------------------------------------------------------
c 
c reading DIMACS file from '/Users/djf/develop/CS/Turing/Turing1/morphosat_research/instances/separation_v0.2/layer_c_heterogeneous_tseitin.n4.s9.u.cnf'
c opening file to read '/Users/djf/develop/CS/Turing/Turing1/morphosat_research/instances/separation_v0.2/layer_c_heterogeneous_tseitin.n4.s9.u.cnf'
c found 'p cnf 312 408' header
c parsed 408 clauses in 0.00 seconds process time
c 
c --- [ options ] ------------------------------------------------------------
c 
c   --binary=false                 (different from default 'true')
c   --elim=false                   (different from default 'true')
c 
c --- [ solving ] ------------------------------------------------------------
c 
c time measured in process time since initialization
c 
c  seconds  reduction conflicts       size tier2     variables
c         MB    restarts   redundant    glue  trail      remaining
c          level     rate       size/glu tier1 irredundant
c 
c *  0.00  0  0 0   0  0    0    0 0.0 0 0 2 6  0%  198  33 11%
c )  0.00  0  0 0   0  0    0    0 0.0 0 0 2 6  0%  198  33 11%
c {  0.00  0  0 0   0  0    0    0 0.0 0 0 2 6  0%  198  33 11%
c i  0.00  0  1 0   0  2    1    0 0.0 1 0 2 6 91%  198  30 10%
c i  0.00  0  2 0   0  1   19    6 1.7 2 1 2 6 98%  195  29  9%
c i  0.00  0  2 0   0  1   22    8 1.8 2 1 2 6 98%  195  27  9%
c i  0.00  0  2 0   0  1   24    9 1.9 2 1 2 6 98%  195  25  8%
c i  0.00  0  2 0   0  1   25    9 1.9 2 1 2 6 98%  195  11  4%
c }  0.00  0  2 0   0  1   27    9 2.0 2 1 2 6 98%  195   0  0%
c 0  0.00  0  2 0   0  1   27    9 2.0 2 1 2 6 98%  195   0  0%
c 
c --- [ closing proof ] ------------------------------------------------------
c 
c DRAT proof file '/Users/djf/develop/CS/Turing/Turing1/morphosat_research/proofs/layer_c_heterogeneous_tseitin.n4.s9.u.cadical.bve_off.drat' closed
c DRAT 243 added clauses 64.46%
c DRAT 134 deleted clauses 35.54%
c DRAT 4226 bytes (0.00 MB)
c 
c --- [ result ] -------------------------------------------------------------
c 
s UNSATISFIABLE
c 
c --- [ run-time profiling ] -------------------------------------------------
c 
c process time taken by individual solving procedures
c (percentage relative to process time for solving)
c 
c         0.00   80.72% search
c         0.00   70.68% parse
c         0.00   60.64% unstable
c         0.00   15.66% lucky
c         0.00    0.00% simplify
c   =================================
c         0.00   32.89% solve
c 
c last line shows process time for solving
c (percentage relative to total process time)
c 
c --- [ statistics ] ---------------------------------------------------------
c 
c chronological:                 3        11.11 %  of conflicts
c conflicts:                    27    108433.73    per second
c decisions:                    24     96385.54    per second
c fixed:                       312       100.00 %  of all variables
c learned:                      16        59.26 %  per conflict
c learned_lits:                 40       100.00 %  learned literals
c minimized:                     0         0.00 %  learned literals
c shrunken:                      8        20.00 %  learned literals
c minishrunken:                  0         0.00 %  learned literals
c otfs:                         12        44.44 %  of conflict
c propagations:                557         2.24 M  per second
c subsumed:                      7         3.37 %  of all clauses
c strengthened:                  9         4.33 %  of all clauses
c ticks:                      1884         3.38    propagation
c 
c seconds are measured in process time for solving
c 
c --- [ glue usage ] ---------------------------------------------------------
c 
c focused glue 1 used 10 clauses 71.42% accumulated 71.42% tier1
c focused glue 2 used 2 clauses 14.28% accumulated 85.71% tier2
c 
c stable glue 2 used 0 clauses 0.000% accumulated 0.000% tier1
c stable glue 3 used 0 clauses 0.000% accumulated 0.000%
c stable glue 4 used 0 clauses 0.000% accumulated 0.000%
c stable glue 5 used 0 clauses 0.000% accumulated 0.000%
c stable glue 6 used 0 clauses 0.000% accumulated 0.000% tier2
c 
c 
c --- [ resources ] ----------------------------------------------------------
c 
c total process time since initialization:         0.00    seconds
c total real time since initialization:            0.00    seconds
c maximum resident set size of process:            2.42    MB
c 
c --- [ shutting down ] ------------------------------------------------------
c 
c exit 20

        0.00 real         0.00 user         0.00 sys
             2539520  maximum resident set size
                   0  average shared memory size
                   0  average unshared data size
                   0  average unshared stack size
                 319  page reclaims
                   1  page faults
                   0  swaps
                   0  block input operations
                   0  block output operations
                   0  messages sent
                   0  messages received
                   0  signals received
                   2  voluntary context switches
                   8  involuntary context switches
            20729514  instructions retired
             8878735  cycles elapsed
             1278240  peak memory footprint
