c ---- [ banner ] ------------------------------------------------------------
c
c Kissat SAT Solver
c 
c Copyright (c) 2021-2024 Armin Biere University of Freiburg
c Copyright (c) 2019-2021 Armin Biere Johannes Kepler University Linz
c 
c Version 4.0.4 unknown
c Apple clang version 21.0.0 (clang-2100.1.1.101) -W -Wall -O3 -DNDEBUG
c Sun Aug 30 17:38:25 CST 2026 Darwin djftekiMacBook-Pro.local 25.3.0 arm64
c
c ---- [ proving ] -----------------------------------------------------------
c
c opened and writing proof to DRAT file:
c
c   /Users/djf/develop/CS/Turing/Turing1/morphosat_research/proofs/layer_c_heterogeneous_tseitin.n8.s3.u.kissat.default.drat
c
c ---- [ parsing ] -----------------------------------------------------------
c
c opened and reading DIMACS file:
c
c   /Users/djf/develop/CS/Turing/Turing1/morphosat_research/instances/separation_v0.2/layer_c_heterogeneous_tseitin.n8.s3.u.cnf
c
c parsed 'p cnf 813 1074' header
c closing input after reading 13544 bytes (13 KB)
c finished parsing after 0.00 seconds
c
c ---- [ solving ] -----------------------------------------------------------
c
c seconds switched rate     size/glue tier1 binary   remaining
c        MB reductions conflicts size  tier2  irredundant
c         level restarts redundant glue  trail    variables
c
c *  0.00  2 0 0 0  0 0   0   0 0.0 0 0 0 0 0% 230 291 74 9%
c (  0.00  2 0 0 0  0 0   0   0 0.0 0 0 0 0 0% 230 291 74 9%
c .  0.00  2 0 0 0  0 0   0   0 0.0 0 0 0 0 0%  53 184 74 9%
c c  0.00  2 0 0 0  0 0   0   0 0.0 0 0 0 0 0%  43 138 42 5%
c d  0.00  2 0 0 0  0 0   0   0 0.0 0 0 0 0 0%   9 130 42 5%
c d  0.00  2 0 0 0  0 0   0   0 0.0 0 0 0 0 0%   5 130 40 5%
c =  0.00  2 0 0 0  0 0   0   0 0.0 0 0 0 0 0%  22 112 32 4%
c d  0.00  2 0 0 0  0 0   0   0 0.0 0 0 0 0 0%   0 112 32 4%
c f  0.00  2 0 0 0  0 0   0   0 0.0 0 0 0 0 0%   6 102 35 4%
c )  0.00  2 0 0 0  0 0   0   0 0.0 0 0 0 0 0%   6 102 35 4%
c lucky 3 units
c l  0.00  2 0 0 0  0 0   0   0 0.0 0 0 0 0 0%   6 102 32 4%
c {  0.00  2 0 0 0  0 0   0   0 0.0 0 0 2 6 0%   6 102 32 4%
c i  0.00  2 5 0 0  0 1  45  21 1.7 4 2 2 3 82%  15 92 26 3%
c i  0.00  2 5 0 0  0 1  53  22 1.7 4 2 2 3 82%  18 92 22 3%
c }  0.00  2 4 0 0  0 1  55  22 1.7 4 2 2 3 81%  18 92 10 1%
c 0  0.00  2 4 0 0  0 1  55  22 1.7 4 2 2 3 81%  18 92 10 1%
c
c ---- [ result ] ------------------------------------------------------------
c
s UNSATISFIABLE
c
c ---- [ profiling ] ---------------------------------------------------------
c
c           0.00   48.30 %  preprocess
c           0.00   43.03 %  probe
c           0.00   24.52 %  sweep
c           0.00   15.11 %  parse
c           0.00    7.99 %  congruence
c           0.00    7.24 %  search
c           0.00    6.93 %  focused
c           0.00    5.51 %  factor
c           0.00    4.09 %  substitute
c           0.00    2.85 %  lucky
c           0.00    0.31 %  backbone
c           0.00    0.00 %  simplify
c =============================================
c           0.00  100.00 %  total
c
c ---- [ statistics ] --------------------------------------------------------
c
c conflicts:                               55            15328.87 per second
c congruent:                               18                2 %  variables
c decisions:                               60                1.09 per conflict
c factored:                                 3                0 %  variables
c iterations:                               3                0 %  variables
c propagations:                          1780           496098    per second
c substituted:                             27                3 %  variables
c switched:                                 0                0    interval
c
c ---- [ glue usage ] --------------------------------------------------------
c
c focused glue 2 used 19 clauses 41.30% accumulated 63.04% tier1
c focused glue 3 used 13 clauses 28.26% accumulated 91.30% tier2
c
c ---- [ resources ] ---------------------------------------------------------
c
c maximum-resident-set-size:       2315255808 bytes       2208 MB
c process-time:                                              0.00 seconds
c
c ---- [ shutting down ] -----------------------------------------------------
c
c exit 20

        0.00 real         0.00 user         0.00 sys
             2260992  maximum resident set size
                   0  average shared memory size
                   0  average unshared data size
                   0  average unshared stack size
                 301  page reclaims
                   1  page faults
                   0  swaps
                   0  block input operations
                   0  block output operations
                   0  messages sent
                   0  messages received
                   0  signals received
                   0  voluntary context switches
                   5  involuntary context switches
            22848956  instructions retired
            11571506  cycles elapsed
             1540384  peak memory footprint
