c ---- [ banner ] ------------------------------------------------------------
c
c Kissat SAT Solver
c 
c Copyright (c) 2021-2024 Armin Biere University of Freiburg
c Copyright (c) 2019-2021 Armin Biere Johannes Kepler University Linz
c 
c Version 4.0.4 unknown
c Apple clang version 21.0.0 (clang-2100.1.1.101) -W -Wall -O3 -DNDEBUG
c Sun Aug 30 17:38:25 CST 2026 Darwin djftekiMacBook-Pro.local 25.3.0 arm64
c
c ---- [ proving ] -----------------------------------------------------------
c
c opened and writing proof to DRAT file:
c
c   /Users/djf/develop/CS/Turing/Turing1/morphosat_research/proofs/layer_b_heterogeneous_tseitin.n4.s1.u.kissat.default.drat
c
c ---- [ parsing ] -----------------------------------------------------------
c
c opened and reading DIMACS file:
c
c   /Users/djf/develop/CS/Turing/Turing1/morphosat_research/instances/separation_v0.2/layer_b_heterogeneous_tseitin.n4.s1.u.cnf
c
c parsed 'p cnf 37 134' header
c closing input after reading 1717 bytes (2 KB)
c finished parsing after 0.00 seconds
c
c ---- [ solving ] -----------------------------------------------------------
c
c seconds switched rate     size/glue tier1 binary    remaining
c        MB reductions conflicts size  tier2  irredundant
c         level restarts redundant glue  trail    variables
c
c *  0.00  2 0 0 0  0 0   0   0 0.0 0 0 0 0 0%  10 104 31 84%
c (  0.00  2 0 0 0  0 0   0   0 0.0 0 0 0 0 0%  10 104 31 84%
c .  0.00  2 0 0 0  0 0   0   0 0.0 0 0 0 0 0%  10 92 31 84%
c c  0.00  2 0 0 0  0 0   0   0 0.0 0 0 0 0 0%  20 84 25 68%
c d  0.00  2 0 0 0  0 0   0   0 0.0 0 0 0 0 0%   2 84 25 68%
c =  0.00  2 0 0 0  0 0   0   0 0.0 0 0 0 0 0%  20 60 17 46%
c d  0.00  2 0 0 0  0 0   0   0 0.0 0 0 0 0 0%   0 60 17 46%
c f  0.00  2 0 0 0  0 0   0   0 0.0 0 0 0 0 0%   4 53 19 51%
c )  0.00  2 0 0 0  0 0   0   0 0.0 0 0 0 0 0%   4 53 19 51%
c lucky 2 units
c l  0.00  2 0 0 0  0 0   0   0 0.0 0 0 0 0 0%   4 53 17 46%
c {  0.00  2 0 0 0  0 0   0   0 0.0 0 0 2 6 0%   4 53 17 46%
c i  0.00  2 1 0 0  0 1   2   0 3.0 1 0 2 6 100%   5 53 16 43%
c i  0.00  2 3 0 0  0 1  13   2 1.9 2 1 2 2 93%   8 51 10 27%
c }  0.00  2 3 0 0  0 1  15   2 2.0 2 1 2 2 94%   8 51  0 0%
c 0  0.00  2 3 0 0  0 1  15   2 2.0 2 1 2 2 94%   8 51  0 0%
c
c ---- [ result ] ------------------------------------------------------------
c
s UNSATISFIABLE
c
c ---- [ profiling ] ---------------------------------------------------------
c
c           0.00   47.53 %  preprocess
c           0.00   44.93 %  probe
c           0.00   25.07 %  sweep
c           0.00    8.36 %  congruence
c           0.00    5.75 %  factor
c           0.00    5.34 %  parse
c           0.00    4.66 %  substitute
c           0.00    4.66 %  search
c           0.00    4.52 %  focused
c           0.00    2.74 %  lucky
c           0.00    0.55 %  backbone
c           0.00    0.00 %  simplify
c =============================================
c           0.00  100.00 %  total
c
c ---- [ statistics ] --------------------------------------------------------
c
c conflicts:                               15             7602.64 per second
c congruent:                                6               16 %  variables
c decisions:                               12                0.80 per conflict
c factored:                                 2                5 %  variables
c iterations:                               3                8 %  variables
c propagations:                           303           153573    per second
c substituted:                             12               32 %  variables
c switched:                                 0                0    interval
c
c ---- [ glue usage ] --------------------------------------------------------
c
c focused glue 2 used 3 clauses 75.00% accumulated 75.00% tier1 tier2
c
c ---- [ resources ] ---------------------------------------------------------
c
c maximum-resident-set-size:       2080374784 bytes       1984 MB
c process-time:                                              0.00 seconds
c
c ---- [ shutting down ] -----------------------------------------------------
c
c exit 20

        0.00 real         0.00 user         0.00 sys
             2031616  maximum resident set size
                   0  average shared memory size
                   0  average unshared data size
                   0  average unshared stack size
                 287  page reclaims
                   1  page faults
                   0  swaps
                   0  block input operations
                   0  block output operations
                   0  messages sent
                   0  messages received
                   0  signals received
                   0  voluntary context switches
                   6  involuntary context switches
            17996496  instructions retired
             7808171  cycles elapsed
             1311008  peak memory footprint
