c ---- [ banner ] ------------------------------------------------------------
c
c Kissat SAT Solver
c 
c Copyright (c) 2021-2024 Armin Biere University of Freiburg
c Copyright (c) 2019-2021 Armin Biere Johannes Kepler University Linz
c 
c Version 4.0.4 unknown
c Apple clang version 21.0.0 (clang-2100.1.1.101) -W -Wall -O3 -DNDEBUG
c Sun Aug 30 17:38:25 CST 2026 Darwin djftekiMacBook-Pro.local 25.3.0 arm64
c
c ---- [ proving ] -----------------------------------------------------------
c
c opened and writing proof to DRAT file:
c
c   /Users/djf/develop/CS/Turing/Turing1/morphosat_research/proofs/layer_c_heterogeneous_tseitin.n4.s7.u.kissat.default.drat
c
c ---- [ parsing ] -----------------------------------------------------------
c
c opened and reading DIMACS file:
c
c   /Users/djf/develop/CS/Turing/Turing1/morphosat_research/instances/separation_v0.2/layer_c_heterogeneous_tseitin.n4.s7.u.cnf
c
c parsed 'p cnf 343 450' header
c closing input after reading 5487 bytes (5 KB)
c finished parsing after 0.00 seconds
c
c ---- [ solving ] -----------------------------------------------------------
c
c seconds switched rate     size/glue tier1 binary    remaining
c        MB reductions conflicts size  tier2  irredundant
c         level restarts redundant glue  trail    variables
c
c *  0.00  2 0 0 0  0 0   0   0 0.0 0 0 0 0 0%  94 124 34 10%
c lucky 3 units
c l  0.00  2 0 0 0  0 0   0   0 0.0 0 0 0 0 0%  94 124 31 9%
c (  0.00  2 0 0 0  0 0   0   0 0.0 0 0 0 0 0%  94 124 31 9%
c .  0.00  2 0 0 0  0 0   0   0 0.0 0 0 0 0 0%  20 72 31 9%
c c  0.00  2 0 0 0  0 0   0   0 0.0 0 0 0 0 0%  28 68 21 6%
c d  0.00  2 0 0 0  0 0   0   0 0.0 0 0 0 0 0%   2 68 21 6%
c =  0.00  2 0 0 0  0 0   0   0 0.0 0 0 0 0 0%  17 48 14 4%
c d  0.00  2 0 0 0  0 0   0   0 0.0 0 0 0 0 0%   0 48 14 4%
c f  0.00  2 0 0 0  0 0   0   0 0.0 0 0 0 0 0%   2 44 15 4%
c )  0.00  2 0 0 0  0 0   0   0 0.0 0 0 0 0 0%   2 44 15 4%
c lucky 1 units
c l  0.00  2 0 0 0  0 0   0   0 0.0 0 0 0 0 0%   2 44 14 4%
c {  0.00  2 0 0 0  0 0   0   0 0.0 0 0 2 6 0%   2 44 14 4%
c i  0.00  2 3 0 0  0 1   9   1 1.6 3 2 0 0 80%   5 38 13 4%
c i  0.00  2 3 0 0  0 1  23   3 1.9 3 1 1 2 89%  11 32  8 2%
c }  0.00  2 3 0 0  0 1  26   3 1.9 2 1 1 2 90%  12 32  0 0%
c 0  0.00  2 3 0 0  0 1  26   3 1.9 2 1 1 2 90%  12 32  0 0%
c
c ---- [ result ] ------------------------------------------------------------
c
s UNSATISFIABLE
c
c ---- [ profiling ] ---------------------------------------------------------
c
c           0.00   39.62 %  preprocess
c           0.00   35.13 %  probe
c           0.00   19.10 %  sweep
c           0.00   10.80 %  parse
c           0.00    6.89 %  congruence
c           0.00    4.73 %  search
c           0.00    4.49 %  focused
c           0.00    4.40 %  factor
c           0.00    3.99 %  lucky
c           0.00    3.57 %  substitute
c           0.00    0.33 %  backbone
c           0.00    0.00 %  simplify
c =============================================
c           0.00  100.00 %  total
c
c ---- [ statistics ] --------------------------------------------------------
c
c conflicts:                               26             7924.41 per second
c congruent:                               10                3 %  variables
c decisions:                               23                0.88 per conflict
c factored:                                 1                0 %  variables
c iterations:                               3                1 %  variables
c propagations:                           706           215178    per second
c substituted:                             16                5 %  variables
c switched:                                 0                0    interval
c
c ---- [ glue usage ] --------------------------------------------------------
c
c focused glue 1 used 3 clauses 50.00% accumulated 50.00% tier1
c focused glue 2 used 2 clauses 33.33% accumulated 83.33% tier2
c
c ---- [ resources ] ---------------------------------------------------------
c
c maximum-resident-set-size:       2130706432 bytes       2032 MB
c process-time:                                              0.00 seconds
c
c ---- [ shutting down ] -----------------------------------------------------
c
c exit 20

        0.00 real         0.00 user         0.00 sys
             2080768  maximum resident set size
                   0  average shared memory size
                   0  average unshared data size
                   0  average unshared stack size
                 290  page reclaims
                   1  page faults
                   0  swaps
                   0  block input operations
                   0  block output operations
                   0  messages sent
                   0  messages received
                   0  signals received
                   0  voluntary context switches
                   8  involuntary context switches
            19124730  instructions retired
             8709055  cycles elapsed
             1360160  peak memory footprint
