c ---- [ banner ] ------------------------------------------------------------
c
c Kissat SAT Solver
c 
c Copyright (c) 2021-2024 Armin Biere University of Freiburg
c Copyright (c) 2019-2021 Armin Biere Johannes Kepler University Linz
c 
c Version 4.0.4 unknown
c Apple clang version 21.0.0 (clang-2100.1.1.101) -W -Wall -O3 -DNDEBUG
c Sun Aug 30 17:38:25 CST 2026 Darwin djftekiMacBook-Pro.local 25.3.0 arm64
c
c ---- [ proving ] -----------------------------------------------------------
c
c opened and writing proof to DRAT file:
c
c   /Users/djf/develop/CS/Turing/Turing1/morphosat_research/proofs/layer_b_heterogeneous_tseitin.n8.s4.u.kissat.default.drat
c
c ---- [ parsing ] -----------------------------------------------------------
c
c opened and reading DIMACS file:
c
c   /Users/djf/develop/CS/Turing/Turing1/morphosat_research/instances/separation_v0.2/layer_b_heterogeneous_tseitin.n8.s4.u.cnf
c
c parsed 'p cnf 85 310' header
c closing input after reading 4067 bytes (4 KB)
c finished parsing after 0.00 seconds
c
c ---- [ solving ] -----------------------------------------------------------
c
c seconds switched rate     size/glue tier1 binary    remaining
c        MB reductions conflicts size  tier2  irredundant
c         level restarts redundant glue  trail    variables
c
c *  0.00  2 0 0 0  0 0   0   0 0.0 0 0 0 0 0%  37 222 67 79%
c (  0.00  2 0 0 0  0 0   0   0 0.0 0 0 0 0 0%  37 222 67 79%
c .  0.00  2 0 0 0  0 0   0   0 0.0 0 0 0 0 0%  38 176 67 79%
c c  0.00  2 0 0 0  0 0   0   0 0.0 0 0 0 0 0%  38 152 47 55%
c d  0.00  2 0 0 0  0 0   0   0 0.0 0 0 0 0 0%   6 148 46 54%
c d  0.00  2 0 0 0  0 0   0   0 0.0 0 0 0 0 0%   4 148 45 53%
c =  0.00  2 0 0 0  0 0   0   0 0.0 0 0 0 0 0%  35 100 29 34%
c d  0.00  2 0 0 0  0 0   0   0 0.0 0 0 0 0 0%   0 100 29 34%
c f  0.00  2 0 0 0  0 0   0   0 0.0 0 0 0 0 0%   4 92 31 36%
c )  0.00  2 0 0 0  0 0   0   0 0.0 0 0 0 0 0%   4 92 31 36%
c lucky 2 units
c l  0.00  2 0 0 0  0 0   0   0 0.0 0 0 0 0 0%   4 92 29 34%
c {  0.00  2 0 0 0  0 0   0   0 0.0 0 0 2 6 0%   4 92 29 34%
c i  0.00  2 4 0 0  3 1  23   9 2.1 4 2 2 2 80%  10 84 28 33%
c i  0.00  2 4 0 0  3 1  34  14 1.9 4 2 2 2 83%  11 84 25 29%
c i  0.00  2 4 0 0  3 1  45  16 1.9 4 2 2 3 85%  13 84 23 27%
c i  0.00  2 3 0 0  3 1  47  16 1.9 4 2 2 3 86%  14 84 22 26%
c i  0.00  2 3 0 0  3 1  51  15 1.9 3 2 2 3 86%  17 82 17 20%
c }  0.00  2 3 0 0  3 1  54  14 1.9 3 2 2 3 85%  18 82  2 2%
c 0  0.00  2 3 0 0  3 1  54  14 1.9 3 2 2 3 85%  18 82  2 2%
c
c ---- [ result ] ------------------------------------------------------------
c
s UNSATISFIABLE
c
c ---- [ profiling ] ---------------------------------------------------------
c
c           0.00   51.35 %  preprocess
c           0.00   48.96 %  probe
c           0.00   28.73 %  sweep
c           0.00    9.85 %  search
c           0.00    9.65 %  focused
c           0.00    8.71 %  congruence
c           0.00    6.12 %  factor
c           0.00    6.02 %  parse
c           0.00    4.25 %  substitute
c           0.00    3.11 %  lucky
c           0.00    0.31 %  backbone
c           0.00    0.00 %  simplify
c =============================================
c           0.00  100.00 %  total
c
c ---- [ statistics ] --------------------------------------------------------
c
c conflicts:                               54            26772.43 per second
c congruent:                               15               18 %  variables
c decisions:                               56                1.04 per conflict
c factored:                                 2                2 %  variables
c iterations:                               6                7 %  variables
c propagations:                          1065           528012    per second
c restarts:                                 3               18    interval
c substituted:                             29               34 %  variables
c switched:                                 0                0    interval
c
c ---- [ glue usage ] --------------------------------------------------------
c
c focused glue 2 used 17 clauses 34.00% accumulated 74.00% tier1
c focused glue 3 used  9 clauses 18.00% accumulated 92.00% tier2
c
c ---- [ resources ] ---------------------------------------------------------
c
c maximum-resident-set-size:       2147483648 bytes       2048 MB
c process-time:                                              0.00 seconds
c
c ---- [ shutting down ] -----------------------------------------------------
c
c exit 20

        0.00 real         0.00 user         0.00 sys
             2097152  maximum resident set size
                   0  average shared memory size
                   0  average unshared data size
                   0  average unshared stack size
                 291  page reclaims
                   1  page faults
                   0  swaps
                   0  block input operations
                   0  block output operations
                   0  messages sent
                   0  messages received
                   0  signals received
                   0  voluntary context switches
                   6  involuntary context switches
            21463148  instructions retired
             8708077  cycles elapsed
             1376544  peak memory footprint
