c ---- [ banner ] ------------------------------------------------------------
c
c Kissat SAT Solver
c 
c Copyright (c) 2021-2024 Armin Biere University of Freiburg
c Copyright (c) 2019-2021 Armin Biere Johannes Kepler University Linz
c 
c Version 4.0.4 unknown
c Apple clang version 21.0.0 (clang-2100.1.1.101) -W -Wall -O3 -DNDEBUG
c Sun Aug 30 17:38:25 CST 2026 Darwin djftekiMacBook-Pro.local 25.3.0 arm64
c
c ---- [ proving ] -----------------------------------------------------------
c
c opened and writing proof to DRAT file:
c
c   /Users/djf/develop/CS/Turing/Turing1/morphosat_research/proofs/layer_b_heterogeneous_tseitin.n32.s1.u.kissat.default.drat
c
c ---- [ parsing ] -----------------------------------------------------------
c
c opened and reading DIMACS file:
c
c   /Users/djf/develop/CS/Turing/Turing1/morphosat_research/instances/separation_v0.2/layer_b_heterogeneous_tseitin.n32.s1.u.cnf
c
c parsed 'p cnf 371 1350' header
c closing input after reading 20899 bytes (20 KB)
c finished parsing after 0.00 seconds
c
c ---- [ solving ] -----------------------------------------------------------
c
c seconds switched rate     size/glue tier1 binary     remaining
c        MB reductions conflicts size  tier2  irredundant
c         level restarts redundant glue  trail     variables
c
c *  0.00  2 0 0 0  0 0   0   0 0.0 0 0 0 0 0% 154 950 290 78%
c (  0.00  2 0 0 0  0 0   0   0 0.0 0 0 0 0 0% 154 950 290 78%
c .  0.00  2 0 0 0  0 0   0   0 0.0 0 0 0 0 0% 190 728 290 78%
c c  0.00  2 0 0 0  0 0   0   0 0.0 0 0 0 0 0% 164 617 195 53%
c d  0.00  2 0 0 0  0 0   0   0 0.0 0 0 0 0 0%  42 593 195 53%
c d  0.00  2 0 0 0  0 0   0   0 0.0 0 0 0 0 0%  30 593 189 51%
c =  0.00  2 0 0 0  0 0   0   0 0.0 0 0 0 0 0% 219 396 115 31%
c d  0.00  2 0 0 0  0 0   0   0 0.0 0 0 0 0 0%   0 396 115 31%
c f  0.00  2 0 0 0  0 0   0   0 0.0 0 0 0 0 0%  18 362 124 33%
c )  0.00  2 0 0 0  0 0   0   0 0.0 0 0 0 0 0%  18 362 124 33%
c lucky 9 units
c l  0.00  2 0 0 0  0 0   0   0 0.0 0 0 0 0 0%  18 362 115 31%
c {  0.00  2 0 0 0  0 0   0   0 0.0 0 0 2 6 0%  18 362 115 31%
c i  0.00  2 10 0 0 128 3 508 262 1.4 5 4 2 5 47%  46 336 114 31%
c i  0.00  2 9 0 0 128 2 755 408 1.5 6 4 2 5 48%  51 328 111 30%
c i  0.00  2 9 0 0 128 2 815 428 1.5 6 4 2 5 47%  56 328 110 30%
c i  0.00  2 9 0 0 128 2 840 435 1.5 6 4 2 5 46%  61 328 108 29%
c i  0.00  2 9 0 0 128 2 856 437 1.5 6 4 2 5 46%  65 328 107 29%
c i  0.00  2 9 0 0 128 2 861 436 1.5 6 4 2 5 46%  68 328 105 28%
c i  0.00  2 9 0 0 128 2 864 436 1.5 6 4 2 5 46%  69 328 103 28%
c }  0.00  2 9 0 0 128 2 866 436 1.5 6 4 2 5 46%  69 328 75 20%
c
c seconds switched  rate     size/glue tier1  binary    remaining
c        MB reductions conflicts  size  tier2   irredundant
c         level restarts redundant  glue   trail    variables
c
c 0  0.00  2 9 0 0 128 2 866 436 1.5 6 4 2 5 46%  69 328 75 20%
c
c ---- [ result ] ------------------------------------------------------------
c
s UNSATISFIABLE
c
c ---- [ profiling ] ---------------------------------------------------------
c
c           0.00   42.11 %  search
c           0.00   42.07 %  focused
c           0.00   41.85 %  preprocess
c           0.00   40.16 %  probe
c           0.00   25.10 %  sweep
c           0.00    6.54 %  congruence
c           0.00    4.88 %  parse
c           0.00    4.59 %  factor
c           0.00    3.57 %  substitute
c           0.00    1.31 %  lucky
c           0.00    0.19 %  backbone
c           0.00    0.00 %  simplify
c =============================================
c           0.00  100.00 %  total
c
c ---- [ statistics ] --------------------------------------------------------
c
c conflicts:                              866           154615.25 per second
c congruent:                               65               18 %  variables
c decisions:                             1673                1.93 per conflict
c factored:                                 9                2 %  variables
c iterations:                               8                2 %  variables
c propagations:                         17928          3200857    per second
c restarts:                               128                7    interval
c substituted:                            137               37 %  variables
c switched:                                 0                0    interval
c
c ---- [ glue usage ] --------------------------------------------------------
c
c focused glue 2 used 847 clauses 25.98% accumulated 68.44% tier1
c focused glue 3 used 521 clauses 15.98% accumulated 84.42%
c focused glue 4 used 272 clauses  8.34% accumulated 92.76% tier2
c
c ---- [ resources ] ---------------------------------------------------------
c
c maximum-resident-set-size:       2634022912 bytes       2512 MB
c process-time:                                              0.00 seconds
c
c ---- [ shutting down ] -----------------------------------------------------
c
c exit 20

        0.00 real         0.00 user         0.00 sys
             2588672  maximum resident set size
                   0  average shared memory size
                   0  average unshared data size
                   0  average unshared stack size
                 321  page reclaims
                   1  page faults
                   0  swaps
                   0  block input operations
                   0  block output operations
                   0  messages sent
                   0  messages received
                   0  signals received
                   0  voluntary context switches
                   8  involuntary context switches
            48725693  instructions retired
            23913387  cycles elapsed
             1884472  peak memory footprint
