s UNSATISFIABLE
(:sat-backjumps         31
 :sat-conflicts         32
 :sat-decisions         32
 :sat-del-clause        56
 :sat-elim-clauses      31
 :sat-elim-literals     46
 :sat-minimized-lits    31
 :sat-mk-clause-2ary    156
 :sat-mk-clause-nary    62
 :sat-mk-var            77
 :sat-propagations-2ary 812
 :sat-propagations-nary 196
 :sat-units             49
 :total-time            0.00)

        0.00 real         0.00 user         0.00 sys
             3244032  maximum resident set size
                   0  average shared memory size
                   0  average unshared data size
                   0  average unshared stack size
                 361  page reclaims
                   2  page faults
                   0  swaps
                   0  block input operations
                   0  block output operations
                   0  messages sent
                   0  messages received
                   0  signals received
                   0  voluntary context switches
                   5  involuntary context switches
            17331297  instructions retired
             5976477  cycles elapsed
             1671480  peak memory footprint
