c --- [ banner ] -------------------------------------------------------------
c 
c CaDiCaL SAT Solver
c Copyright (c) 2016-2026
c A. Biere, M. Fleury, N. Froleyks, K. Fazekas, F. Pollitt, T. Faller
c JKU Linz, University of Freiburg, TU Wien
c 
c Version 3.0.1 6f2b1a38e26bb3cddb49c89c64d419c1d6a16ecb
c Apple clang version 21.0.0 (clang-2100.1.1.101) -Wall -Wextra -O3 -DNDEBUG -DNCLOSEFROM
c Sun Aug 30 17:38:15 CST 2026 Darwin djftekiMacBook-Pro.local 25.3.0 arm64
c 
c --- [ proof tracing ] ------------------------------------------------------
c 
c opening file to write '/Users/djf/develop/CS/Turing/Turing1/morphosat_research/proofs/layer_d_random_reordered_parity.n16.s6.u.cadical.default.drat'
c writing non-binary proof trace to '/Users/djf/develop/CS/Turing/Turing1/morphosat_research/proofs/layer_d_random_reordered_parity.n16.s6.u.cadical.default.drat'
c 
c --- [ parsing input ] ------------------------------------------------------
c 
c reading DIMACS file from '/Users/djf/develop/CS/Turing/Turing1/morphosat_research/instances/separation_v0.2/layer_d_random_reordered_parity.n16.s6.u.cnf'
c opening file to read '/Users/djf/develop/CS/Turing/Turing1/morphosat_research/instances/separation_v0.2/layer_d_random_reordered_parity.n16.s6.u.cnf'
c found 'p cnf 24 64' header
c parsed 64 clauses in 0.00 seconds process time
c 
c --- [ options ] ------------------------------------------------------------
c 
c   --binary=false                 (different from default 'true')
c 
c --- [ solving ] ------------------------------------------------------------
c 
c time measured in process time since initialization
c 
c  seconds  reduction conflicts       size tier2     variables
c         MB    restarts   redundant    glue  trail      remaining
c          level     rate       size/glu tier1 irredundant
c 
c *  0.00  0  0 0   0  0    0    0 0.0 0 0 2 6  0%   64  24 100%
c )  0.00  0  0 0   0  0    0    0 0.0 0 0 2 6  0%   64  24 100%
c {  0.00  0  0 0   0  0    0    0 0.0 0 0 2 6  0%   64  24 100%
c i  0.00  0  4 0   0  1  164   55 1.6 5 3 2 6 78%   64  23 96%
c i  0.00  0  4 0   0  1  248   75 1.5 5 3 2 6 83%   64  21 88%
c i  0.00  0  4 0   0  1  286   85 1.5 5 3 2 6 85%   64  20 83%
c -  0.00  0  4 1   0  1  300    7 1.5 5 3 2 6 85%   50  20 83%
c i  0.00  0  4 1   0  1  306    7 1.5 5 3 2 6 85%   50  19 79%
c i  0.00  0  4 1   0  1  318   13 1.5 5 3 2 6 85%   50  18 75%
c i  0.00  0  4 1   0  1  322   15 1.5 5 3 2 6 85%   50  17 71%
c i  0.00  0  4 1   0  1  325   15 1.5 5 3 2 6 85%   50  16 67%
c }  0.00  0  4 1   0  1  327   15 1.5 5 3 2 6 84%   50  10 42%
c 0  0.00  0  4 1   0  1  327   15 1.5 5 3 2 6 84%   50  10 42%
c 
c --- [ closing proof ] ------------------------------------------------------
c 
c DRAT proof file '/Users/djf/develop/CS/Turing/Turing1/morphosat_research/proofs/layer_d_random_reordered_parity.n16.s6.u.cadical.default.drat' closed
c DRAT 343 added clauses 51.19%
c DRAT 327 deleted clauses 48.81%
c DRAT 12741 bytes (0.01 MB)
c 
c --- [ result ] -------------------------------------------------------------
c 
s UNSATISFIABLE
c 
c --- [ run-time profiling ] -------------------------------------------------
c 
c process time taken by individual solving procedures
c (percentage relative to process time for solving)
c 
c         0.00   94.02% search
c         0.00   87.85% unstable
c         0.00    7.85% parse
c         0.00    4.49% lucky
c         0.00    0.00% simplify
c   =================================
c         0.00   63.77% solve
c 
c last line shows process time for solving
c (percentage relative to total process time)
c 
c --- [ statistics ] ---------------------------------------------------------
c 
c chronological:                72        22.02 %  of conflicts
c conflicts:                   327    611214.95    per second
c decisions:                   344    642990.65    per second
c fixed:                        14        58.33 %  of all variables
c learned:                     250        76.45 %  per conflict
c learned_lits:               1589       100.00 %  learned literals
c minimized:                     0         0.00 %  learned literals
c shrunken:                    443        27.88 %  learned literals
c minishrunken:                  0         0.00 %  learned literals
c otfs:                         76        23.24 %  of conflict
c propagations:               2084         3.90 M  per second
c subsumed:                    142        46.41 %  of all clauses
c strengthened:                 76        24.84 %  of all clauses
c ticks:                     12107         5.81    propagation
c 
c seconds are measured in process time for solving
c 
c --- [ glue usage ] ---------------------------------------------------------
c 
c focused glue 3 used 166 clauses 36.72% accumulated 68.36% tier1
c focused glue 4 used 98 clauses 21.68% accumulated 90.04% tier2
c 
c stable glue 2 used 0 clauses 0.000% accumulated 0.000% tier1
c stable glue 3 used 0 clauses 0.000% accumulated 0.000%
c stable glue 4 used 0 clauses 0.000% accumulated 0.000%
c stable glue 5 used 0 clauses 0.000% accumulated 0.000%
c stable glue 6 used 0 clauses 0.000% accumulated 0.000% tier2
c 
c 
c --- [ resources ] ----------------------------------------------------------
c 
c total process time since initialization:         0.00    seconds
c total real time since initialization:            0.00    seconds
c maximum resident set size of process:            2.33    MB
c 
c --- [ shutting down ] ------------------------------------------------------
c 
c exit 20

        0.00 real         0.00 user         0.00 sys
             2441216  maximum resident set size
                   0  average shared memory size
                   0  average unshared data size
                   0  average unshared stack size
                 313  page reclaims
                   1  page faults
                   0  swaps
                   0  block input operations
                   0  block output operations
                   0  messages sent
                   0  messages received
                   0  signals received
                   0  voluntary context switches
                   5  involuntary context switches
            23785438  instructions retired
            10872408  cycles elapsed
             1179936  peak memory footprint
