s SATISFIABLE
v 1 2 -3 -4 5 -6 -7 8 9 10 -11 -12 13 14 -15 16 -17 18 19 -20 -21 22 -23 -24 -25 -26 -27 -28 -29 -30 -31 -32 33 34 35 -36 -37 38 -39 40 -41 -42 -43 -44 -45 -46 47 -48 0
(:sat-backjumps         4
 :sat-conflicts         4
 :sat-decisions         18
 :sat-del-clause        40
 :sat-elim-clauses      34
 :sat-elim-literals     28
 :sat-minimized-lits    1
 :sat-mk-clause-2ary    30
 :sat-mk-clause-nary    125
 :sat-mk-var            49
 :sat-propagations-2ary 26
 :sat-propagations-nary 28
 :sat-units             13
 :total-time            0.00)

        0.00 real         0.00 user         0.00 sys
             3211264  maximum resident set size
                   0  average shared memory size
                   0  average unshared data size
                   0  average unshared stack size
                 359  page reclaims
                   2  page faults
                   0  swaps
                   0  block input operations
                   0  block output operations
                   0  messages sent
                   0  messages received
                   0  signals received
                   0  voluntary context switches
                   6  involuntary context switches
            16607668  instructions retired
             6385707  cycles elapsed
             1638712  peak memory footprint
