c --- [ banner ] -------------------------------------------------------------
c 
c CaDiCaL SAT Solver
c Copyright (c) 2016-2026
c A. Biere, M. Fleury, N. Froleyks, K. Fazekas, F. Pollitt, T. Faller
c JKU Linz, University of Freiburg, TU Wien
c 
c Version 3.0.1 6f2b1a38e26bb3cddb49c89c64d419c1d6a16ecb
c Apple clang version 21.0.0 (clang-2100.1.1.101) -Wall -Wextra -O3 -DNDEBUG -DNCLOSEFROM
c Sun Aug 30 17:38:15 CST 2026 Darwin djftekiMacBook-Pro.local 25.3.0 arm64
c 
c --- [ proof tracing ] ------------------------------------------------------
c 
c opening file to write '/Users/djf/develop/CS/Turing/Turing1/morphosat_research/proofs/layer_b_heterogeneous_tseitin.n32.s4.u.cadical.default.drat'
c writing non-binary proof trace to '/Users/djf/develop/CS/Turing/Turing1/morphosat_research/proofs/layer_b_heterogeneous_tseitin.n32.s4.u.cadical.default.drat'
c 
c --- [ parsing input ] ------------------------------------------------------
c 
c reading DIMACS file from '/Users/djf/develop/CS/Turing/Turing1/morphosat_research/instances/separation_v0.2/layer_b_heterogeneous_tseitin.n32.s4.u.cnf'
c opening file to read '/Users/djf/develop/CS/Turing/Turing1/morphosat_research/instances/separation_v0.2/layer_b_heterogeneous_tseitin.n32.s4.u.cnf'
c found 'p cnf 332 1182' header
c parsed 1182 clauses in 0.00 seconds process time
c 
c --- [ options ] ------------------------------------------------------------
c 
c   --binary=false                 (different from default 'true')
c 
c --- [ solving ] ------------------------------------------------------------
c 
c time measured in process time since initialization
c 
c  seconds  reduction conflicts       size tier2     variables
c         MB    restarts   redundant    glue  trail      remaining
c          level     rate       size/glu tier1 irredundant
c 
c *  0.00  0  0 0   0  0    0    0 0.0 0 0 2 6  0%  983 270 81%
c )  0.00  0  0 0   0  0    0    0 0.0 0 0 2 6  0%  983 270 81%
c {  0.00  0  0 0   0  0    0    0 0.0 0 0 2 6  0%  983 270 81%
c i  0.00  0  1 0   0  2    1    0 0.0 1 0 2 6 20%  983 268 81%
c i  0.00  0  2 0   1  4    4    0 0.0 1 0 2 6 22%  981 266 80%
c i  0.00  0 16 0   1  6    9    1 3.0 2 1 2 6 34%  978 264 80%
c i  0.00  0 28 0   1  7   20    3 2.7 2 1 2 6 53%  972 262 79%
c i  0.00  0 29 0   9  4  154   75 1.7 3 2 2 6 79%  951 259 78%
c -  0.00  0 22 1  37  3  300  178 1.6 4 2 2 6 77%  798 259 78%
c i  0.00  0 13 1 125  3  664  408 1.5 5 3 2 6 64%  797 254 77%
c i  0.00  0 13 1 125  3  688  418 1.5 5 3 2 6 63%  797 253 76%
c i  0.00  0 13 1 125  3  692  421 1.5 5 3 2 6 63%  797 252 76%
c i  0.00  0 13 1 125  3  701  425 1.5 5 3 2 6 63%  797 217 65%
c }  0.00  0 13 1 125  3  703  425 1.5 5 3 2 6 63%  797 185 56%
c 0  0.00  0 13 1 125  3  703  425 1.5 5 3 2 6 63%  797 185 56%
c 
c --- [ closing proof ] ------------------------------------------------------
c 
c DRAT proof file '/Users/djf/develop/CS/Turing/Turing1/morphosat_research/proofs/layer_b_heterogeneous_tseitin.n32.s4.u.cadical.default.drat' closed
c DRAT 971 added clauses 55.36%
c DRAT 783 deleted clauses 44.64%
c DRAT 34037 bytes (0.03 MB)
c 
c --- [ result ] -------------------------------------------------------------
c 
s UNSATISFIABLE
c 
c --- [ run-time profiling ] -------------------------------------------------
c 
c process time taken by individual solving procedures
c (percentage relative to process time for solving)
c 
c         0.00   98.78% search
c         0.00   95.49% unstable
c         0.00   11.97% parse
c         0.00    2.98% lucky
c         0.00    0.00% simplify
c   =================================
c         0.00   80.15% solve
c 
c last line shows process time for solving
c (percentage relative to total process time)
c 
c --- [ statistics ] ---------------------------------------------------------
c 
c chronological:               204        29.02 %  of conflicts
c conflicts:                   703    275902.67    per second
c decisions:                  1689    662872.84    per second
c fixed:                       147        44.28 %  of all variables
c learned:                     537        76.39 %  per conflict
c learned_lits:               3362       100.00 %  learned literals
c minimized:                     0         0.00 %  learned literals
c shrunken:                    550        16.36 %  learned literals
c minishrunken:                 84         2.50 %  learned literals
c otfs:                        186        26.46 %  of conflict
c propagations:              27735        10.89 M  per second
c restarts:                    125         5.62    interval
c subsumed:                    170        11.26 %  of all clauses
c strengthened:                152        10.07 %  of all clauses
c ticks:                    132561         4.78    propagation
c 
c seconds are measured in process time for solving
c 
c --- [ glue usage ] ---------------------------------------------------------
c 
c focused glue 1 used 2115 clauses 62.79% accumulated 62.79% tier1
c focused glue 2 used 620 clauses 18.40% accumulated 81.20% tier2
c 
c stable glue 2 used 0 clauses 0.000% accumulated 0.000% tier1
c stable glue 3 used 0 clauses 0.000% accumulated 0.000%
c stable glue 4 used 0 clauses 0.000% accumulated 0.000%
c stable glue 5 used 0 clauses 0.000% accumulated 0.000%
c stable glue 6 used 0 clauses 0.000% accumulated 0.000% tier2
c 
c 
c --- [ resources ] ----------------------------------------------------------
c 
c total process time since initialization:         0.00    seconds
c total real time since initialization:            0.00    seconds
c maximum resident set size of process:            2.77    MB
c 
c --- [ shutting down ] ------------------------------------------------------
c 
c exit 20

        0.00 real         0.00 user         0.00 sys
             2899968  maximum resident set size
                   0  average shared memory size
                   0  average unshared data size
                   0  average unshared stack size
                 341  page reclaims
                   1  page faults
                   0  swaps
                   0  block input operations
                   0  block output operations
                   0  messages sent
                   0  messages received
                   0  signals received
                   3  voluntary context switches
                   3  involuntary context switches
            44404358  instructions retired
            21611239  cycles elapsed
             1638688  peak memory footprint
