c ---- [ banner ] ------------------------------------------------------------
c
c Kissat SAT Solver
c 
c Copyright (c) 2021-2024 Armin Biere University of Freiburg
c Copyright (c) 2019-2021 Armin Biere Johannes Kepler University Linz
c 
c Version 4.0.4 unknown
c Apple clang version 21.0.0 (clang-2100.1.1.101) -W -Wall -O3 -DNDEBUG
c Sun Aug 30 17:38:25 CST 2026 Darwin djftekiMacBook-Pro.local 25.3.0 arm64
c
c ---- [ proving ] -----------------------------------------------------------
c
c opened and writing proof to DRAT file:
c
c   /Users/djf/develop/CS/Turing/Turing1/morphosat_research/proofs/layer_a_v01_regression.n4.s2.u.kissat.default.drat
c
c ---- [ parsing ] -----------------------------------------------------------
c
c opened and reading DIMACS file:
c
c   /Users/djf/develop/CS/Turing/Turing1/morphosat_research/instances/separation_v0.2/layer_a_v01_regression.n4.s2.u.cnf
c
c parsed 'p cnf 38 92' header
c closing input after reading 917 bytes
c finished parsing after 0.00 seconds
c
c ---- [ solving ] -----------------------------------------------------------
c
c seconds switched rate     size/glue tier1 binary   remaining
c        MB reductions conflicts size  tier2 irredundant
c         level restarts redundant glue  trail   variables
c
c *  0.00  2 0 0 0  0 0   0   0 0.0 0 0 0 0 0%  62 23 31 82%
c (  0.00  2 0 0 0  0 0   0   0 0.0 0 0 0 0 0%  62 23 31 82%
c .  0.00  2 0 0 0  0 0   0   0 0.0 0 0 0 0 0%  55 18 31 82%
c c  0.00  2 0 0 0  0 0   0   0 0.0 0 0 0 0 0%  55 18 23 61%
c d  0.00  2 0 0 0  0 0   0   0 0.0 0 0 0 0 0%  24 12 14 37%
c )  0.00  2 0 0 0  0 0   0   0 0.0 0 0 0 0 0%  24 12 14 37%
c {  0.00  2 0 0 0  0 0   0   0 0.0 0 0 2 6 0%  24 12 14 37%
c i  0.00  2 1 0 0  0 1   2   0 3.0 1 0 2 6 100%  25 12 13 34%
c i  0.00  2 1 0 0  0 1   3   0 4.0 1 0 2 6 100%  25 12 12 32%
c }  0.00  2 2 0 0  0 1   9   2 2.5 2 1 2 6 100%  27 12  0 0%
c 0  0.00  2 2 0 0  0 1   9   2 2.5 2 1 2 6 100%  27 12  0 0%
c
c ---- [ result ] ------------------------------------------------------------
c
s UNSATISFIABLE
c
c ---- [ profiling ] ---------------------------------------------------------
c
c           0.00   35.85 %  preprocess
c           0.00   32.56 %  probe
c           0.00   17.25 %  sweep
c           0.00    7.36 %  congruence
c           0.00    6.01 %  parse
c           0.00    5.43 %  search
c           0.00    4.84 %  focused
c           0.00    3.88 %  substitute
c           0.00    2.91 %  lucky
c           0.00    2.33 %  factor
c           0.00    0.78 %  backbone
c           0.00    0.00 %  simplify
c =============================================
c           0.00  100.00 %  total
c
c ---- [ statistics ] --------------------------------------------------------
c
c conflicts:                                9             4899.29 per second
c congruent:                                8               21 %  variables
c decisions:                                8                0.89 per conflict
c iterations:                               3                8 %  variables
c propagations:                           447           243332    per second
c substituted:                             17               45 %  variables
c switched:                                 0                0    interval
c
c ---- [ glue usage ] --------------------------------------------------------
c
c focused glue 1 used 1 clauses 50.00% accumulated 50.00% tier1 tier2
c
c ---- [ resources ] ---------------------------------------------------------
c
c maximum-resident-set-size:       2046820352 bytes       1952 MB
c process-time:                                              0.00 seconds
c
c ---- [ shutting down ] -----------------------------------------------------
c
c exit 20

        0.00 real         0.00 user         0.00 sys
             1998848  maximum resident set size
                   0  average shared memory size
                   0  average unshared data size
                   0  average unshared stack size
                 285  page reclaims
                   1  page faults
                   0  swaps
                   0  block input operations
                   0  block output operations
                   0  messages sent
                   0  messages received
                   0  signals received
                   0  voluntary context switches
                   7  involuntary context switches
            16614632  instructions retired
             7336488  cycles elapsed
             1278240  peak memory footprint
