c --- [ banner ] -------------------------------------------------------------
c 
c CaDiCaL SAT Solver
c Copyright (c) 2016-2026
c A. Biere, M. Fleury, N. Froleyks, K. Fazekas, F. Pollitt, T. Faller
c JKU Linz, University of Freiburg, TU Wien
c 
c Version 3.0.1 6f2b1a38e26bb3cddb49c89c64d419c1d6a16ecb
c Apple clang version 21.0.0 (clang-2100.1.1.101) -Wall -Wextra -O3 -DNDEBUG -DNCLOSEFROM
c Sun Aug 30 17:38:15 CST 2026 Darwin djftekiMacBook-Pro.local 25.3.0 arm64
c 
c --- [ proof tracing ] ------------------------------------------------------
c 
c opening file to write '/Users/djf/develop/CS/Turing/Turing1/morphosat_research/proofs/layer_b_heterogeneous_tseitin.n16.s1.u.cadical.default.drat'
c writing non-binary proof trace to '/Users/djf/develop/CS/Turing/Turing1/morphosat_research/proofs/layer_b_heterogeneous_tseitin.n16.s1.u.cadical.default.drat'
c 
c --- [ parsing input ] ------------------------------------------------------
c 
c reading DIMACS file from '/Users/djf/develop/CS/Turing/Turing1/morphosat_research/instances/separation_v0.2/layer_b_heterogeneous_tseitin.n16.s1.u.cnf'
c opening file to read '/Users/djf/develop/CS/Turing/Turing1/morphosat_research/instances/separation_v0.2/layer_b_heterogeneous_tseitin.n16.s1.u.cnf'
c found 'p cnf 151 540' header
c parsed 540 clauses in 0.00 seconds process time
c 
c --- [ options ] ------------------------------------------------------------
c 
c   --binary=false                 (different from default 'true')
c 
c --- [ solving ] ------------------------------------------------------------
c 
c time measured in process time since initialization
c 
c  seconds  reduction conflicts       size tier2     variables
c         MB    restarts   redundant    glue  trail      remaining
c          level     rate       size/glu tier1 irredundant
c 
c *  0.00  0  0 0   0  0    0    0 0.0 0 0 2 6  0%  453 122 81%
c )  0.00  0  0 0   0  0    0    0 0.0 0 0 2 6  0%  453 122 81%
c {  0.00  0  0 0   0  0    0    0 0.0 0 0 2 6  0%  453 122 81%
c i  0.00  0  1 0   0  3    1    0 0.0 1 0 2 6 22%  453 120 79%
c i  0.00  0  1 0   0  4    2    0 0.0 1 0 2 6 24%  453 118 78%
c i  0.00  0  9 0   1  4    6    1 5.0 1 0 2 6 40%  451 116 77%
c i  0.00  0 13 0   1  3   19    6 1.9 2 1 2 6 68%  448 114 75%
c i  0.00  0  9 0   5  2  173   96 1.9 4 2 2 6 82%  442 102 68%
c i  0.00  0  9 0   5  2  178  100 1.9 4 2 2 6 81%  442  87 58%
c i  0.00  0  9 0   5  2  180  100 1.9 4 2 2 6 81%  442  74 49%
c }  0.00  0  9 0   5  2  182  100 1.9 4 2 2 6 80%  442  67 44%
c 0  0.00  0  9 0   5  2  182  100 1.9 4 2 2 6 80%  442  67 44%
c 
c --- [ closing proof ] ------------------------------------------------------
c 
c DRAT proof file '/Users/djf/develop/CS/Turing/Turing1/morphosat_research/proofs/layer_b_heterogeneous_tseitin.n16.s1.u.cadical.default.drat' closed
c DRAT 283 added clauses 59.08%
c DRAT 196 deleted clauses 40.92%
c DRAT 7352 bytes (0.01 MB)
c 
c --- [ result ] -------------------------------------------------------------
c 
s UNSATISFIABLE
c 
c --- [ run-time profiling ] -------------------------------------------------
c 
c process time taken by individual solving procedures
c (percentage relative to process time for solving)
c 
c         0.00   94.16% search
c         0.00   84.85% unstable
c         0.00   36.15% parse
c         0.00    7.36% lucky
c         0.00    0.00% simplify
c   =================================
c         0.00   50.11% solve
c 
c last line shows process time for solving
c (percentage relative to total process time)
c 
c --- [ statistics ] ---------------------------------------------------------
c 
c chronological:                67        36.81 %  of conflicts
c conflicts:                   182    393939.39    per second
c decisions:                   241    521645.02    per second
c fixed:                        84        55.63 %  of all variables
c learned:                     121        66.48 %  per conflict
c learned_lits:                499       100.00 %  learned literals
c minimized:                     0         0.00 %  learned literals
c shrunken:                     42         8.42 %  learned literals
c minishrunken:                 12         2.40 %  learned literals
c otfs:                         67        36.81 %  of conflict
c propagations:               3296         7.13 M  per second
c restarts:                      5        36.40    interval
c subsumed:                     35         6.18 %  of all clauses
c strengthened:                 56         9.89 %  of all clauses
c ticks:                     15255         4.63    propagation
c 
c seconds are measured in process time for solving
c 
c --- [ glue usage ] ---------------------------------------------------------
c 
c focused glue 1 used 236 clauses 62.59% accumulated 62.59% tier1
c focused glue 2 used 105 clauses 27.85% accumulated 90.45% tier2
c 
c stable glue 2 used 0 clauses 0.000% accumulated 0.000% tier1
c stable glue 3 used 0 clauses 0.000% accumulated 0.000%
c stable glue 4 used 0 clauses 0.000% accumulated 0.000%
c stable glue 5 used 0 clauses 0.000% accumulated 0.000%
c stable glue 6 used 0 clauses 0.000% accumulated 0.000% tier2
c 
c 
c --- [ resources ] ----------------------------------------------------------
c 
c total process time since initialization:         0.00    seconds
c total real time since initialization:            0.00    seconds
c maximum resident set size of process:            2.45    MB
c 
c --- [ shutting down ] ------------------------------------------------------
c 
c exit 20

        0.00 real         0.00 user         0.00 sys
             2572288  maximum resident set size
                   0  average shared memory size
                   0  average unshared data size
                   0  average unshared stack size
                 321  page reclaims
                   1  page faults
                   0  swaps
                   0  block input operations
                   0  block output operations
                   0  messages sent
                   0  messages received
                   0  signals received
                   0  voluntary context switches
                   5  involuntary context switches
            24071577  instructions retired
            11848267  cycles elapsed
             1311008  peak memory footprint
