c ---- [ banner ] ------------------------------------------------------------
c
c Kissat SAT Solver
c 
c Copyright (c) 2021-2024 Armin Biere University of Freiburg
c Copyright (c) 2019-2021 Armin Biere Johannes Kepler University Linz
c 
c Version 4.0.4 unknown
c Apple clang version 21.0.0 (clang-2100.1.1.101) -W -Wall -O3 -DNDEBUG
c Sun Aug 30 17:38:25 CST 2026 Darwin djftekiMacBook-Pro.local 25.3.0 arm64
c
c ---- [ proving ] -----------------------------------------------------------
c
c opened and writing proof to DRAT file:
c
c   /Users/djf/develop/CS/Turing/Turing1/morphosat_research/proofs/layer_c_heterogeneous_tseitin.n4.s3.u.kissat.default.drat
c
c ---- [ parsing ] -----------------------------------------------------------
c
c opened and reading DIMACS file:
c
c   /Users/djf/develop/CS/Turing/Turing1/morphosat_research/instances/separation_v0.2/layer_c_heterogeneous_tseitin.n4.s3.u.cnf
c
c parsed 'p cnf 332 438' header
c closing input after reading 5331 bytes (5 KB)
c finished parsing after 0.00 seconds
c
c ---- [ solving ] -----------------------------------------------------------
c
c seconds switched rate     size/glue tier1 binary    remaining
c        MB reductions conflicts size  tier2  irredundant
c         level restarts redundant glue  trail    variables
c
c *  0.00  2 0 0 0  0 0   0   0 0.0 0 0 0 0 0%  79 126 32 10%
c (  0.00  2 0 0 0  0 0   0   0 0.0 0 0 0 0 0%  79 126 32 10%
c .  0.00  2 0 0 0  0 0   0   0 0.0 0 0 0 0 0%  17 84 32 10%
c c  0.00  2 0 0 0  0 0   0   0 0.0 0 0 0 0 0%  25 76 24 7%
c d  0.00  2 0 0 0  0 0   0   0 0.0 0 0 0 0 0%   3 76 24 7%
c =  0.00  2 0 0 0  0 0   0   0 0.0 0 0 0 0 0%  29 44 13 4%
c d  0.00  2 0 0 0  0 0   0   0 0.0 0 0 0 0 0%   0 44 13 4%
c f  0.00  2 0 0 0  0 0   0   0 0.0 0 0 0 0 0%   2 40 14 4%
c )  0.00  2 0 0 0  0 0   0   0 0.0 0 0 0 0 0%   2 40 14 4%
c lucky 1 units
c l  0.00  2 0 0 0  0 0   0   0 0.0 0 0 0 0 0%   2 40 13 4%
c {  0.00  2 0 0 0  0 0   0   0 0.0 0 0 2 6 0%   2 40 13 4%
c i  0.00  2 3 0 0  0 1   9   2 1.6 3 2 3 3 100%   4 40 12 4%
c }  0.00  2 2 0 0  0 1  12   2 1.7 2 1 3 3 93%   5 40  0 0%
c 0  0.00  2 2 0 0  0 1  12   2 1.7 2 1 3 3 93%   5 40  0 0%
c
c ---- [ result ] ------------------------------------------------------------
c
s UNSATISFIABLE
c
c ---- [ profiling ] ---------------------------------------------------------
c
c           0.00   43.48 %  preprocess
c           0.00   38.60 %  probe
c           0.00   21.21 %  sweep
c           0.00   11.73 %  parse
c           0.00    7.91 %  congruence
c           0.00    4.35 %  factor
c           0.00    3.95 %  substitute
c           0.00    3.69 %  search
c           0.00    3.29 %  focused
c           0.00    3.16 %  lucky
c           0.00    0.40 %  backbone
c           0.00    0.00 %  simplify
c =============================================
c           0.00  100.00 %  total
c
c ---- [ statistics ] --------------------------------------------------------
c
c conflicts:                               12             6054.49 per second
c congruent:                                8                2 %  variables
c decisions:                                9                0.75 per conflict
c factored:                                 1                0 %  variables
c iterations:                               2                1 %  variables
c propagations:                           619           312311    per second
c substituted:                             17                5 %  variables
c switched:                                 0                0    interval
c
c ---- [ glue usage ] --------------------------------------------------------
c
c focused glue 2 used 2 clauses 50.00% accumulated 50.00% tier1
c focused glue 3 used 2 clauses 50.00% accumulated 100.00% tier2
c
c ---- [ resources ] ---------------------------------------------------------
c
c maximum-resident-set-size:       2130706432 bytes       2032 MB
c process-time:                                              0.00 seconds
c
c ---- [ shutting down ] -----------------------------------------------------
c
c exit 20

        0.00 real         0.00 user         0.00 sys
             2080768  maximum resident set size
                   0  average shared memory size
                   0  average unshared data size
                   0  average unshared stack size
                 290  page reclaims
                   1  page faults
                   0  swaps
                   0  block input operations
                   0  block output operations
                   0  messages sent
                   0  messages received
                   0  signals received
                   0  voluntary context switches
                   7  involuntary context switches
            18550986  instructions retired
             7294684  cycles elapsed
             1360160  peak memory footprint
