c ---- [ banner ] ------------------------------------------------------------
c
c Kissat SAT Solver
c 
c Copyright (c) 2021-2024 Armin Biere University of Freiburg
c Copyright (c) 2019-2021 Armin Biere Johannes Kepler University Linz
c 
c Version 4.0.4 unknown
c Apple clang version 21.0.0 (clang-2100.1.1.101) -W -Wall -O3 -DNDEBUG
c Sun Aug 30 17:38:25 CST 2026 Darwin djftekiMacBook-Pro.local 25.3.0 arm64
c
c ---- [ proving ] -----------------------------------------------------------
c
c opened and writing proof to DRAT file:
c
c   /Users/djf/develop/CS/Turing/Turing1/morphosat_research/proofs/layer_d_random_reordered_parity.n32.s7.u.kissat.default.drat
c
c ---- [ parsing ] -----------------------------------------------------------
c
c opened and reading DIMACS file:
c
c   /Users/djf/develop/CS/Turing/Turing1/morphosat_research/instances/separation_v0.2/layer_d_random_reordered_parity.n32.s7.u.cnf
c
c parsed 'p cnf 48 128' header
c closing input after reading 1618 bytes (2 KB)
c finished parsing after 0.00 seconds
c
c ---- [ solving ] -----------------------------------------------------------
c
c seconds switched rate     size/glue tier1 binary    remaining
c        MB reductions conflicts size  tier2  irredundant
c         level restarts redundant glue  trail    variables
c
c *  0.00  2 0 0 0  0 0   0   0 0.0 0 0 0 0 0%   0 128 48 100%
c (  0.00  2 0 0 0  0 0   0   0 0.0 0 0 0 0 0%   0 128 48 100%
c .  0.00  2 0 0 0  0 0   0   0 0.0 0 0 0 0 0%   0 128 48 100%
c )  0.00  2 0 0 0  0 0   0   0 0.0 0 0 0 0 0%   0 128 48 100%
c {  0.00  2 0 0 0  0 0   0   0 0.0 0 0 2 6 0%   0 128 48 100%
c -  0.00  2 11 0 1  0 1 1002 482 2.0 10 5 5 6 77%   0 128 48 100%
c }  0.00  2 11 1 1  0 1 1002 482 2.0 10 5 5 6 77%   0 128 48 100%
c [  0.00  2 0 1 1  0 0 1002 482 0.0 0 0 2 6 0%   0 128 48 100%
c B  0.00  2 0 1 1  0 0 1002 482 0.0 0 0 2 6 0%   0 128 48 100%
c ]  0.00  2 8 2 1  0 1 1715 809 1.9 9 5 5 6 59%   1 128 48 100%
c {  0.00  2 11 2 1  0 1 1715 809 2.0 10 5 5 6 77%   1 128 48 100%
c -  0.00  2 10 2 2  0 1 2006 921 1.9 10 5 5 6 74%   1 128 48 100%
c }  0.00  2 9 3 2  0 1 2715 1257 2.0 9 5 5 6 64%   5 128 48 100%
c [  0.00  2 8 3 2  0 1 2715 1257 1.9 9 5 5 6 59%   5 128 48 100%
c W  0.00  2 8 3 2  0 1 2715 1257 1.9 9 5 5 6 59%   5 128 48 100%
c i  0.00  2 7 3 2  0 1 2880 1308 1.8 8 5 5 6 54%   9 128 47 98%
c i  0.00  2 7 3 2  0 1 2965 1314 1.7 8 5 5 6 52%  14 128 45 94%
c i  0.00  2 7 3 2  0 1 2968 1314 1.7 8 5 5 6 52%  15 128 43 90%
c i  0.00  2 7 3 2  0 1 2969 1314 1.7 8 5 5 6 52%  15 128 39 81%
c ]  0.00  2 7 3 2  0 1 2971 1314 1.7 8 5 5 6 52%  15 128 32 67%
c
c seconds switched rate       size/glue tier1  binary    remaining
c        MB reductions conflicts   size  tier2   irredundant
c         level restarts redundant   glue   trail    variables
c
c 0  0.00  2 9 3 2  0 1 2971 1314 2.0 9 5 5 6 64%  15 128 32 67%
c
c ---- [ result ] ------------------------------------------------------------
c
s UNSATISFIABLE
c
c ---- [ profiling ] ---------------------------------------------------------
c
c           0.00   66.22 %  search
c           0.00   42.40 %  focused
c           0.00   23.67 %  stable
c           0.00   17.26 %  simplify
c           0.00   17.26 %  walking
c           0.00    7.60 %  preprocess
c           0.00    7.20 %  probe
c           0.00    5.10 %  sweep
c           0.00    2.10 %  reduce
c           0.00    1.02 %  congruence
c           0.00    0.79 %  parse
c           0.00    0.73 %  factor
c           0.00    0.60 %  lucky
c           0.00    0.12 %  substitute
c           0.00    0.08 %  backbone
c =============================================
c           0.00  100.00 %  total
c
c ---- [ statistics ] --------------------------------------------------------
c
c conflicts:                             2971           459267.27 per second
c decisions:                             1923                0.65 per conflict
c iterations:                               5               10 %  variables
c propagations:                         12065          1865049    per second
c reductions:                               2             1486    interval
c rephased:                                 2             1486    interval
c switched:                                 3              990    interval
c walks:                                    1             2971    interval
c
c ---- [ glue usage ] --------------------------------------------------------
c
c focused glue 4 used 917 clauses 27.25% accumulated 54.92% tier1
c focused glue 5 used 917 clauses 27.25% accumulated 82.17%
c focused glue 6 used 465 clauses 13.82% accumulated 95.99% tier2
c
c stable glue 4 used 423 clauses 23.79% accumulated 61.98% tier1
c stable glue 5 used 365 clauses 20.53% accumulated 82.51%
c stable glue 6 used 208 clauses 11.70% accumulated 94.21% tier2
c
c ---- [ resources ] ---------------------------------------------------------
c
c maximum-resident-set-size:       2634022912 bytes       2512 MB
c process-time:                                              0.00 seconds
c
c ---- [ shutting down ] -----------------------------------------------------
c
c exit 20

        0.00 real         0.00 user         0.00 sys
             2572288  maximum resident set size
                   0  average shared memory size
                   0  average unshared data size
                   0  average unshared stack size
                 320  page reclaims
                   1  page faults
                   0  swaps
                   0  block input operations
                   0  block output operations
                   0  messages sent
                   0  messages received
                   0  signals received
                   0  voluntary context switches
                   9  involuntary context switches
            65381219  instructions retired
            28141736  cycles elapsed
             1868088  peak memory footprint
