c --- [ banner ] -------------------------------------------------------------
c 
c CaDiCaL SAT Solver
c Copyright (c) 2016-2026
c A. Biere, M. Fleury, N. Froleyks, K. Fazekas, F. Pollitt, T. Faller
c JKU Linz, University of Freiburg, TU Wien
c 
c Version 3.0.1 6f2b1a38e26bb3cddb49c89c64d419c1d6a16ecb
c Apple clang version 21.0.0 (clang-2100.1.1.101) -Wall -Wextra -O3 -DNDEBUG -DNCLOSEFROM
c Sun Aug 30 17:38:15 CST 2026 Darwin djftekiMacBook-Pro.local 25.3.0 arm64
c 
c --- [ proof tracing ] ------------------------------------------------------
c 
c opening file to write '/Users/djf/develop/CS/Turing/Turing1/morphosat_research/proofs/layer_b_heterogeneous_tseitin.n16.s5.u.cadical.default.drat'
c writing non-binary proof trace to '/Users/djf/develop/CS/Turing/Turing1/morphosat_research/proofs/layer_b_heterogeneous_tseitin.n16.s5.u.cadical.default.drat'
c 
c --- [ parsing input ] ------------------------------------------------------
c 
c reading DIMACS file from '/Users/djf/develop/CS/Turing/Turing1/morphosat_research/instances/separation_v0.2/layer_b_heterogeneous_tseitin.n16.s5.u.cnf'
c opening file to read '/Users/djf/develop/CS/Turing/Turing1/morphosat_research/instances/separation_v0.2/layer_b_heterogeneous_tseitin.n16.s5.u.cnf'
c found 'p cnf 178 650' header
c parsed 650 clauses in 0.00 seconds process time
c 
c --- [ options ] ------------------------------------------------------------
c 
c   --binary=false                 (different from default 'true')
c 
c --- [ solving ] ------------------------------------------------------------
c 
c time measured in process time since initialization
c 
c  seconds  reduction conflicts       size tier2     variables
c         MB    restarts   redundant    glue  trail      remaining
c          level     rate       size/glu tier1 irredundant
c 
c *  0.00  0  0 0   0  0    0    0 0.0 0 0 2 6  0%  508 137 77%
c )  0.00  0  0 0   0  0    0    0 0.0 1 0 2 6 25%  508 133 75%
c {  0.00  0  0 0   0  0    0    0 0.0 1 0 2 6 25%  508 133 75%
c i  0.00  0  0 0   0  0    0    0 0.0 1 0 2 6 25%  508 133 75%
c i  0.00  0  8 0   0  2    5    3 2.2 2 1 2 6 39%  507 130 73%
c i  0.00  0 13 0   0  2   26   10 1.8 2 1 2 6 69%  500 128 72%
c i  0.00  0 12 0   0  2   44   17 1.7 3 2 2 6 77%  498 125 70%
c i  0.00  0 12 0   1  2   60   27 1.6 3 2 2 6 80%  496 122 69%
c i  0.00  0 10 0   4  2   81   38 1.6 3 2 2 6 80%  493 119 67%
c i  0.00  0  8 0  11  2  179  112 1.7 4 2 2 6 85%  492 113 63%
c i  0.00  0  8 0  11  2  199  121 1.7 4 2 2 6 84%  492 111 62%
c i  0.00  0  7 0  11  2  204  123 1.7 4 2 2 6 84%  492 103 58%
c i  0.00  0  7 0  11  2  206  122 1.7 4 2 2 6 84%  492  97 54%
c i  0.00  0  7 0  11  2  209  123 1.7 4 2 2 6 84%  492  89 50%
c }  0.00  0  7 0  11  2  211  123 1.7 4 2 2 6 84%  492  22 12%
c 0  0.00  0  7 0  11  2  211  123 1.7 4 2 2 6 84%  492  22 12%
c 
c --- [ closing proof ] ------------------------------------------------------
c 
c DRAT proof file '/Users/djf/develop/CS/Turing/Turing1/morphosat_research/proofs/layer_b_heterogeneous_tseitin.n16.s5.u.cadical.default.drat' closed
c DRAT 406 added clauses 58.84%
c DRAT 284 deleted clauses 41.16%
c DRAT 10611 bytes (0.01 MB)
c 
c --- [ result ] -------------------------------------------------------------
c 
s UNSATISFIABLE
c 
c --- [ run-time profiling ] -------------------------------------------------
c 
c process time taken by individual solving procedures
c (percentage relative to process time for solving)
c 
c         0.00   95.74% search
c         0.00   89.29% unstable
c         0.00   28.26% parse
c         0.00    5.16% lucky
c         0.00    0.00% simplify
c   =================================
c         0.00   60.36% solve
c 
c last line shows process time for solving
c (percentage relative to total process time)
c 
c --- [ statistics ] ---------------------------------------------------------
c 
c chronological:                73        34.60 %  of conflicts
c conflicts:                   211    272258.06    per second
c decisions:                   324    418064.52    per second
c fixed:                       156        87.64 %  of all variables
c learned:                     169        80.09 %  per conflict
c learned_lits:                875       100.00 %  learned literals
c minimized:                     0         0.00 %  learned literals
c shrunken:                    177        20.23 %  learned literals
c minishrunken:                 35         4.00 %  learned literals
c otfs:                         53        25.12 %  of conflict
c propagations:               6706         8.65 M  per second
c restarts:                     11        19.18    interval
c subsumed:                     65         9.79 %  of all clauses
c strengthened:                 37         5.57 %  of all clauses
c ticks:                     30498         4.55    propagation
c 
c seconds are measured in process time for solving
c 
c --- [ glue usage ] ---------------------------------------------------------
c 
c focused glue 1 used 408 clauses 58.70% accumulated 58.70% tier1
c focused glue 2 used 207 clauses 29.78% accumulated 88.48% tier2
c 
c stable glue 2 used 0 clauses 0.000% accumulated 0.000% tier1
c stable glue 3 used 0 clauses 0.000% accumulated 0.000%
c stable glue 4 used 0 clauses 0.000% accumulated 0.000%
c stable glue 5 used 0 clauses 0.000% accumulated 0.000%
c stable glue 6 used 0 clauses 0.000% accumulated 0.000% tier2
c 
c 
c --- [ resources ] ----------------------------------------------------------
c 
c total process time since initialization:         0.00    seconds
c total real time since initialization:            0.00    seconds
c maximum resident set size of process:            2.53    MB
c 
c --- [ shutting down ] ------------------------------------------------------
c 
c exit 20

        0.00 real         0.00 user         0.00 sys
             2654208  maximum resident set size
                   0  average shared memory size
                   0  average unshared data size
                   0  average unshared stack size
                 326  page reclaims
                   1  page faults
                   0  swaps
                   0  block input operations
                   0  block output operations
                   0  messages sent
                   0  messages received
                   0  signals received
                   0  voluntary context switches
                   7  involuntary context switches
            28477384  instructions retired
            12286896  cycles elapsed
             1392928  peak memory footprint
