c --- [ banner ] -------------------------------------------------------------
c 
c CaDiCaL SAT Solver
c Copyright (c) 2016-2026
c A. Biere, M. Fleury, N. Froleyks, K. Fazekas, F. Pollitt, T. Faller
c JKU Linz, University of Freiburg, TU Wien
c 
c Version 3.0.1 6f2b1a38e26bb3cddb49c89c64d419c1d6a16ecb
c Apple clang version 21.0.0 (clang-2100.1.1.101) -Wall -Wextra -O3 -DNDEBUG -DNCLOSEFROM
c Sun Aug 30 17:38:15 CST 2026 Darwin djftekiMacBook-Pro.local 25.3.0 arm64
c 
c --- [ proof tracing ] ------------------------------------------------------
c 
c opening file to write '/Users/djf/develop/CS/Turing/Turing1/morphosat_research/proofs/layer_a_v01_regression.n8.s6.u.cadical.bve_on.drat'
c writing non-binary proof trace to '/Users/djf/develop/CS/Turing/Turing1/morphosat_research/proofs/layer_a_v01_regression.n8.s6.u.cadical.bve_on.drat'
c 
c --- [ parsing input ] ------------------------------------------------------
c 
c reading DIMACS file from '/Users/djf/develop/CS/Turing/Turing1/morphosat_research/instances/separation_v0.2/layer_a_v01_regression.n8.s6.u.cnf'
c opening file to read '/Users/djf/develop/CS/Turing/Turing1/morphosat_research/instances/separation_v0.2/layer_a_v01_regression.n8.s6.u.cnf'
c found 'p cnf 76 184' header
c parsed 184 clauses in 0.00 seconds process time
c 
c --- [ options ] ------------------------------------------------------------
c 
c   --binary=false                 (different from default 'true')
c 
c --- [ solving ] ------------------------------------------------------------
c 
c time measured in process time since initialization
c 
c  seconds  reduction conflicts       size tier2     variables
c         MB    restarts   redundant    glue  trail      remaining
c          level     rate       size/glu tier1 irredundant
c 
c *  0.00  0  0 0   0  0    0    0 0.0 0 0 2 6  0%  159  59 78%
c )  0.00  0  0 0   0  0    0    0 0.0 0 0 2 6  0%  159  59 78%
c {  0.00  0  0 0   0  0    0    0 0.0 0 0 2 6  0%  159  59 78%
c i  0.00  0  3 0   0  1   19   12 1.6 3 2 2 6 93%  159  43 57%
c i  0.00  0  3 0   0  1   23   14 1.6 3 2 2 6 94%  159  40 53%
c }  0.00  0  2 0   0  1   25   14 1.7 3 2 2 6 94%  159  25 33%
c 0  0.00  0  2 0   0  1   25   14 1.7 3 2 2 6 94%  159  25 33%
c 
c --- [ closing proof ] ------------------------------------------------------
c 
c DRAT proof file '/Users/djf/develop/CS/Turing/Turing1/morphosat_research/proofs/layer_a_v01_regression.n8.s6.u.cadical.bve_on.drat' closed
c DRAT 66 added clauses 72.53%
c DRAT 25 deleted clauses 27.47%
c DRAT 857 bytes (0.00 MB)
c 
c --- [ result ] -------------------------------------------------------------
c 
s UNSATISFIABLE
c 
c --- [ run-time profiling ] -------------------------------------------------
c 
c process time taken by individual solving procedures
c (percentage relative to process time for solving)
c 
c         0.00   79.29% search
c         0.00   57.14% unstable
c         0.00   42.14% parse
c         0.00   17.86% lucky
c         0.00    0.00% simplify
c   =================================
c         0.00   34.15% solve
c 
c last line shows process time for solving
c (percentage relative to total process time)
c 
c --- [ statistics ] ---------------------------------------------------------
c 
c chronological:                 7        28.00 %  of conflicts
c conflicts:                    25    178571.43    per second
c decisions:                    31    221428.57    per second
c fixed:                        51        67.11 %  of all variables
c learned:                      24        96.00 %  per conflict
c learned_lits:                 98       100.00 %  learned literals
c minimized:                     0         0.00 %  learned literals
c shrunken:                     27        27.55 %  learned literals
c minishrunken:                  1         1.02 %  learned literals
c otfs:                          0         0.00 %  of conflict
c propagations:                697         4.98 M  per second
c subsumed:                      7         3.89 %  of all clauses
c ticks:                      2800         4.02    propagation
c 
c seconds are measured in process time for solving
c 
c --- [ glue usage ] ---------------------------------------------------------
c 
c focused glue 2 used 20 clauses 60.60% accumulated 90.90% tier1
c focused glue 3 used 3 clauses 9.090% accumulated 100.0% tier2
c 
c stable glue 2 used 0 clauses 0.000% accumulated 0.000% tier1
c stable glue 3 used 0 clauses 0.000% accumulated 0.000%
c stable glue 4 used 0 clauses 0.000% accumulated 0.000%
c stable glue 5 used 0 clauses 0.000% accumulated 0.000%
c stable glue 6 used 0 clauses 0.000% accumulated 0.000% tier2
c 
c 
c --- [ resources ] ----------------------------------------------------------
c 
c total process time since initialization:         0.00    seconds
c total real time since initialization:            0.00    seconds
c maximum resident set size of process:            2.30    MB
c 
c --- [ shutting down ] ------------------------------------------------------
c 
c exit 20

        0.00 real         0.00 user         0.00 sys
             2408448  maximum resident set size
                   0  average shared memory size
                   0  average unshared data size
                   0  average unshared stack size
                 311  page reclaims
                   1  page faults
                   0  swaps
                   0  block input operations
                   0  block output operations
                   0  messages sent
                   0  messages received
                   0  signals received
                   2  voluntary context switches
                   7  involuntary context switches
            19765011  instructions retired
             8199569  cycles elapsed
             1147168  peak memory footprint
