c --- [ banner ] -------------------------------------------------------------
c 
c CaDiCaL SAT Solver
c Copyright (c) 2016-2026
c A. Biere, M. Fleury, N. Froleyks, K. Fazekas, F. Pollitt, T. Faller
c JKU Linz, University of Freiburg, TU Wien
c 
c Version 3.0.1 6f2b1a38e26bb3cddb49c89c64d419c1d6a16ecb
c Apple clang version 21.0.0 (clang-2100.1.1.101) -Wall -Wextra -O3 -DNDEBUG -DNCLOSEFROM
c Sun Aug 30 17:38:15 CST 2026 Darwin djftekiMacBook-Pro.local 25.3.0 arm64
c 
c --- [ proof tracing ] ------------------------------------------------------
c 
c opening file to write '/Users/djf/develop/CS/Turing/Turing1/morphosat_research/proofs/layer_b_heterogeneous_tseitin.n8.s0.s.cadical.bve_off.drat'
c writing non-binary proof trace to '/Users/djf/develop/CS/Turing/Turing1/morphosat_research/proofs/layer_b_heterogeneous_tseitin.n8.s0.s.cadical.bve_off.drat'
c 
c --- [ parsing input ] ------------------------------------------------------
c 
c reading DIMACS file from '/Users/djf/develop/CS/Turing/Turing1/morphosat_research/instances/separation_v0.2/layer_b_heterogeneous_tseitin.n8.s0.s.cnf'
c opening file to read '/Users/djf/develop/CS/Turing/Turing1/morphosat_research/instances/separation_v0.2/layer_b_heterogeneous_tseitin.n8.s0.s.cnf'
c found 'p cnf 96 352' header
c parsed 352 clauses in 0.00 seconds process time
c 
c --- [ options ] ------------------------------------------------------------
c 
c   --binary=false                 (different from default 'true')
c   --elim=false                   (different from default 'true')
c 
c --- [ solving ] ------------------------------------------------------------
c 
c time measured in process time since initialization
c 
c  seconds  reduction conflicts       size tier2     variables
c         MB    restarts   redundant    glue  trail      remaining
c          level     rate       size/glu tier1 irredundant
c 
c *  0.00  0  0 0   0  0    0    0 0.0 0 0 2 6  0%  287  74 77%
c )  0.00  0  0 0   0  0    0    0 0.0 0 0 2 6  0%  287  74 77%
c {  0.00  0  0 0   0  0    0    0 0.0 0 0 2 6  0%  287  74 77%
c i  0.00  0  1 0   0  4    1    0 0.0 1 0 2 6 32%  287  71 74%
c i  0.00  0  3 0   1  5    5    0 0.0 1 0 2 6 45%  284  69 72%
c }  0.00  0  5 0   1  4    8    3 2.2 2 1 2 6 55%  284  69 72%
c 1  0.00  0  5 0   1  4    8    3 2.2 2 1 2 6 55%  284  69 72%
c 
c --- [ closing proof ] ------------------------------------------------------
c 
c DRAT proof file '/Users/djf/develop/CS/Turing/Turing1/morphosat_research/proofs/layer_b_heterogeneous_tseitin.n8.s0.s.cadical.bve_off.drat' closed
c DRAT 44 added clauses 34.92%
c DRAT 82 deleted clauses 65.08%
c DRAT 1787 bytes (0.00 MB)
c 
c --- [ result ] -------------------------------------------------------------
c 
s SATISFIABLE
v -1 -2 -3 -4 -5 -6 -7 8 -9 -10 -11 12 -13 14 15 -16 -17 -18 -19 -20 -21 -22
v -23 -24 25 -26 27 -28 -29 30 31 -32 33 -34 35 -36 37 38 -39 -40 41 -42 -43
v -44 45 46 -47 48 49 -50 -51 52 53 -54 55 56 -57 58 -59 60 -61 62 -63 64 -65
v -66 67 68 69 70 -71 72 -73 -74 75 -76 -77 78 79 -80 -81 -82 -83 84 -85 86 87
v 88 89 90 91 -92 -93 94 95 96 0
c 
c --- [ run-time profiling ] -------------------------------------------------
c 
c process time taken by individual solving procedures
c (percentage relative to process time for solving)
c 
c         0.00   90.67% parse
c         0.00   72.02% search
c         0.00   36.79% unstable
c         0.00   26.42% lucky
c         0.00    0.00% simplify
c   =================================
c         0.00   25.66% solve
c 
c last line shows process time for solving
c (percentage relative to total process time)
c 
c --- [ statistics ] ---------------------------------------------------------
c 
c chronological:                 6        75.00 %  of conflicts
c conflicts:                     8     41450.78    per second
c decisions:                    41    212435.23    per second
c fixed:                        27        28.12 %  of all variables
c learned:                       5        62.50 %  per conflict
c learned_lits:                 12       100.00 %  learned literals
c minimized:                     0         0.00 %  learned literals
c shrunken:                      3        25.00 %  learned literals
c minishrunken:                  0         0.00 %  learned literals
c otfs:                          6        75.00 %  of conflict
c propagations:                189         0.98 M  per second
c restarts:                      1         8.00    interval
c subsumed:                      6         2.07 %  of all clauses
c strengthened:                  3         1.03 %  of all clauses
c ticks:                       792         4.19    propagation
c 
c seconds are measured in process time for solving
c 
c --- [ glue usage ] ---------------------------------------------------------
c 
c focused glue 2 used 0 clauses 0.000% accumulated 0.000% tier1
c focused glue 3 used 0 clauses 0.000% accumulated 0.000%
c focused glue 4 used 0 clauses 0.000% accumulated 0.000%
c focused glue 5 used 0 clauses 0.000% accumulated 0.000%
c focused glue 6 used 0 clauses 0.000% accumulated 0.000% tier2
c 
c stable glue 2 used 0 clauses 0.000% accumulated 0.000% tier1
c stable glue 3 used 0 clauses 0.000% accumulated 0.000%
c stable glue 4 used 0 clauses 0.000% accumulated 0.000%
c stable glue 5 used 0 clauses 0.000% accumulated 0.000%
c stable glue 6 used 0 clauses 0.000% accumulated 0.000% tier2
c 
c 
c --- [ resources ] ----------------------------------------------------------
c 
c total process time since initialization:         0.00    seconds
c total real time since initialization:            0.00    seconds
c maximum resident set size of process:            2.34    MB
c 
c --- [ shutting down ] ------------------------------------------------------
c 
c exit 10

        0.00 real         0.00 user         0.00 sys
             2473984  maximum resident set size
                   0  average shared memory size
                   0  average unshared data size
                   0  average unshared stack size
                 315  page reclaims
                   1  page faults
                   0  swaps
                   0  block input operations
                   0  block output operations
                   0  messages sent
                   0  messages received
                   0  signals received
                   2  voluntary context switches
                  17  involuntary context switches
            20419547  instructions retired
             8641668  cycles elapsed
             1212704  peak memory footprint
