c --- [ banner ] -------------------------------------------------------------
c 
c CaDiCaL SAT Solver
c Copyright (c) 2016-2026
c A. Biere, M. Fleury, N. Froleyks, K. Fazekas, F. Pollitt, T. Faller
c JKU Linz, University of Freiburg, TU Wien
c 
c Version 3.0.1 6f2b1a38e26bb3cddb49c89c64d419c1d6a16ecb
c Apple clang version 21.0.0 (clang-2100.1.1.101) -Wall -Wextra -O3 -DNDEBUG -DNCLOSEFROM
c Sun Aug 30 17:38:15 CST 2026 Darwin djftekiMacBook-Pro.local 25.3.0 arm64
c 
c --- [ proof tracing ] ------------------------------------------------------
c 
c opening file to write '/Users/djf/develop/CS/Turing/Turing1/morphosat_research/proofs/layer_b_heterogeneous_tseitin.n4.s7.u.cadical.default.drat'
c writing non-binary proof trace to '/Users/djf/develop/CS/Turing/Turing1/morphosat_research/proofs/layer_b_heterogeneous_tseitin.n4.s7.u.cadical.default.drat'
c 
c --- [ parsing input ] ------------------------------------------------------
c 
c reading DIMACS file from '/Users/djf/develop/CS/Turing/Turing1/morphosat_research/instances/separation_v0.2/layer_b_heterogeneous_tseitin.n4.s7.u.cnf'
c opening file to read '/Users/djf/develop/CS/Turing/Turing1/morphosat_research/instances/separation_v0.2/layer_b_heterogeneous_tseitin.n4.s7.u.cnf'
c found 'p cnf 43 150' header
c parsed 150 clauses in 0.00 seconds process time
c 
c --- [ options ] ------------------------------------------------------------
c 
c   --binary=false                 (different from default 'true')
c 
c --- [ solving ] ------------------------------------------------------------
c 
c time measured in process time since initialization
c 
c  seconds  reduction conflicts       size tier2     variables
c         MB    restarts   redundant    glue  trail      remaining
c          level     rate       size/glu tier1 irredundant
c 
c *  0.00  0  0 0   0  0    0    0 0.0 0 0 2 6  0%  129  34 79%
c )  0.00  0  0 0   0  0    0    0 0.0 1 0 2 6 28%  129  31 72%
c {  0.00  0  0 0   0  0    0    0 0.0 1 0 2 6 28%  129  31 72%
c i  0.00  0  0 0   0  0    0    0 0.0 1 0 2 6 28%  129  31 72%
c i  0.00  0  2 0   0  1   14    4 2.0 2 1 2 6 85%  126  30 70%
c i  0.00  0  2 0   0  1   25   11 1.8 2 1 2 6 86%  125  21 49%
c i  0.00  0  2 0   0  1   29   13 1.9 2 1 2 6 87%  125  18 42%
c i  0.00  0  2 0   0  1   32   14 1.9 2 1 2 6 88%  124   8 19%
c }  0.00  0  2 0   0  1   35   14 2.0 2 1 2 6 89%  124   1  2%
c 0  0.00  0  2 0   0  1   35   14 2.0 2 1 2 6 89%  124   1  2%
c 
c --- [ closing proof ] ------------------------------------------------------
c 
c DRAT proof file '/Users/djf/develop/CS/Turing/Turing1/morphosat_research/proofs/layer_b_heterogeneous_tseitin.n4.s7.u.cadical.default.drat' closed
c DRAT 72 added clauses 63.72%
c DRAT 41 deleted clauses 36.28%
c DRAT 1154 bytes (0.00 MB)
c 
c --- [ result ] -------------------------------------------------------------
c 
s UNSATISFIABLE
c 
c --- [ run-time profiling ] -------------------------------------------------
c 
c process time taken by individual solving procedures
c (percentage relative to process time for solving)
c 
c         0.00   79.60% search
c         0.00   55.20% unstable
c         0.00   47.20% parse
c         0.00   18.40% lucky
c         0.00    0.00% simplify
c   =================================
c         0.00   34.15% solve
c 
c last line shows process time for solving
c (percentage relative to total process time)
c 
c --- [ statistics ] ---------------------------------------------------------
c 
c chronological:                 6        17.14 %  of conflicts
c conflicts:                    35    140000.00    per second
c decisions:                    34    136000.00    per second
c fixed:                        42        97.67 %  of all variables
c learned:                      21        60.00 %  per conflict
c learned_lits:                 55       100.00 %  learned literals
c minimized:                     0         0.00 %  learned literals
c shrunken:                      9        16.36 %  learned literals
c minishrunken:                  1         1.82 %  learned literals
c otfs:                         16        45.71 %  of conflict
c propagations:                343         1.37 M  per second
c subsumed:                     11         7.64 %  of all clauses
c strengthened:                 11         7.64 %  of all clauses
c ticks:                      1546         4.51    propagation
c 
c seconds are measured in process time for solving
c 
c --- [ glue usage ] ---------------------------------------------------------
c 
c focused glue 1 used 13 clauses 65.00% accumulated 65.00% tier1
c focused glue 2 used 7 clauses 35.00% accumulated 100.0% tier2
c 
c stable glue 2 used 0 clauses 0.000% accumulated 0.000% tier1
c stable glue 3 used 0 clauses 0.000% accumulated 0.000%
c stable glue 4 used 0 clauses 0.000% accumulated 0.000%
c stable glue 5 used 0 clauses 0.000% accumulated 0.000%
c stable glue 6 used 0 clauses 0.000% accumulated 0.000% tier2
c 
c 
c --- [ resources ] ----------------------------------------------------------
c 
c total process time since initialization:         0.00    seconds
c total real time since initialization:            0.00    seconds
c maximum resident set size of process:            2.30    MB
c 
c --- [ shutting down ] ------------------------------------------------------
c 
c exit 20

        0.00 real         0.00 user         0.00 sys
             2408448  maximum resident set size
                   0  average shared memory size
                   0  average unshared data size
                   0  average unshared stack size
                 311  page reclaims
                   1  page faults
                   0  swaps
                   0  block input operations
                   0  block output operations
                   0  messages sent
                   0  messages received
                   0  signals received
                   2  voluntary context switches
                  13  involuntary context switches
            19765482  instructions retired
             9292890  cycles elapsed
             1147168  peak memory footprint
