c --- [ banner ] -------------------------------------------------------------
c 
c CaDiCaL SAT Solver
c Copyright (c) 2016-2026
c A. Biere, M. Fleury, N. Froleyks, K. Fazekas, F. Pollitt, T. Faller
c JKU Linz, University of Freiburg, TU Wien
c 
c Version 3.0.1 6f2b1a38e26bb3cddb49c89c64d419c1d6a16ecb
c Apple clang version 21.0.0 (clang-2100.1.1.101) -Wall -Wextra -O3 -DNDEBUG -DNCLOSEFROM
c Sun Aug 30 17:38:15 CST 2026 Darwin djftekiMacBook-Pro.local 25.3.0 arm64
c 
c --- [ proof tracing ] ------------------------------------------------------
c 
c opening file to write '/Users/djf/develop/CS/Turing/Turing1/morphosat_research/proofs/layer_c_heterogeneous_tseitin.n4.s8.u.cadical.factor_on.drat'
c writing non-binary proof trace to '/Users/djf/develop/CS/Turing/Turing1/morphosat_research/proofs/layer_c_heterogeneous_tseitin.n4.s8.u.cadical.factor_on.drat'
c 
c --- [ parsing input ] ------------------------------------------------------
c 
c reading DIMACS file from '/Users/djf/develop/CS/Turing/Turing1/morphosat_research/instances/separation_v0.2/layer_c_heterogeneous_tseitin.n4.s8.u.cnf'
c opening file to read '/Users/djf/develop/CS/Turing/Turing1/morphosat_research/instances/separation_v0.2/layer_c_heterogeneous_tseitin.n4.s8.u.cnf'
c found 'p cnf 350 462' header
c parsed 462 clauses in 0.00 seconds process time
c 
c --- [ options ] ------------------------------------------------------------
c 
c   --binary=false                 (different from default 'true')
c   --factor=true                  (different from default 'false')
c 
c --- [ solving ] ------------------------------------------------------------
c 
c time measured in process time since initialization
c 
c  seconds  reduction conflicts       size tier2     variables
c         MB    restarts   redundant    glue  trail      remaining
c          level     rate       size/glu tier1 irredundant
c 
c *  0.00  0  0 0   0  0    0    0 0.0 0 0 2 6  0%  224  33  9%
c )  0.00  0  0 0   0  0    0    0 0.0 0 0 2 6  0%  224  33  9%
c {  0.00  0  0 0   0  0    0    0 0.0 0 0 2 6  0%  224  33  9%
c i  0.00  0  1 0   0  2    1    0 0.0 1 0 2 6 93%  224  31  9%
c i  0.00  0  2 0   0  1   22   12 1.9 2 1 2 6 99%  218  28  8%
c i  0.00  0  2 0   0  1   23   12 1.9 2 1 2 6 99%  218  25  7%
c i  0.00  0  2 0   0  1   29   13 2.0 2 1 2 6 99%  218  22  6%
c }  0.00  0  2 0   0  1   31   13 2.1 2 1 2 6 99%  218   1  0%
c 0  0.00  0  2 0   0  1   31   13 2.1 2 1 2 6 99%  218   1  0%
c 
c --- [ closing proof ] ------------------------------------------------------
c 
c DRAT proof file '/Users/djf/develop/CS/Turing/Turing1/morphosat_research/proofs/layer_c_heterogeneous_tseitin.n4.s8.u.cadical.factor_on.drat' closed
c DRAT 256 added clauses 65.14%
c DRAT 137 deleted clauses 34.86%
c DRAT 4341 bytes (0.00 MB)
c 
c --- [ result ] -------------------------------------------------------------
c 
s UNSATISFIABLE
c 
c --- [ run-time profiling ] -------------------------------------------------
c 
c process time taken by individual solving procedures
c (percentage relative to process time for solving)
c 
c         0.00   81.71% parse
c         0.00   81.32% search
c         0.00   59.53% unstable
c         0.00   15.56% lucky
c         0.00    0.00% simplify
c   =================================
c         0.00   30.41% solve
c 
c last line shows process time for solving
c (percentage relative to total process time)
c 
c --- [ statistics ] ---------------------------------------------------------
c 
c chronological:                 7        22.58 %  of conflicts
c conflicts:                    31    120622.57    per second
c decisions:                    24     93385.21    per second
c fixed:                       349        99.71 %  of all variables
c learned:                      18        58.06 %  per conflict
c learned_lits:                 49       100.00 %  learned literals
c minimized:                     0         0.00 %  learned literals
c shrunken:                     10        20.41 %  learned literals
c minishrunken:                  0         0.00 %  learned literals
c otfs:                         18        58.06 %  of conflict
c propagations:                590         2.30 M  per second
c subsumed:                     12         5.06 %  of all clauses
c strengthened:                 12         5.06 %  of all clauses
c ticks:                      1973         3.34    propagation
c 
c seconds are measured in process time for solving
c 
c --- [ glue usage ] ---------------------------------------------------------
c 
c focused glue 1 used 13 clauses 61.90% accumulated 61.90% tier1
c focused glue 2 used 6 clauses 28.57% accumulated 90.47% tier2
c 
c stable glue 2 used 0 clauses 0.000% accumulated 0.000% tier1
c stable glue 3 used 0 clauses 0.000% accumulated 0.000%
c stable glue 4 used 0 clauses 0.000% accumulated 0.000%
c stable glue 5 used 0 clauses 0.000% accumulated 0.000%
c stable glue 6 used 0 clauses 0.000% accumulated 0.000% tier2
c 
c 
c --- [ resources ] ----------------------------------------------------------
c 
c total process time since initialization:         0.00    seconds
c total real time since initialization:            0.00    seconds
c maximum resident set size of process:            2.45    MB
c 
c --- [ shutting down ] ------------------------------------------------------
c 
c exit 20

        0.00 real         0.00 user         0.00 sys
             2572288  maximum resident set size
                   0  average shared memory size
                   0  average unshared data size
                   0  average unshared stack size
                 321  page reclaims
                   1  page faults
                   0  swaps
                   0  block input operations
                   0  block output operations
                   0  messages sent
                   0  messages received
                   0  signals received
                   0  voluntary context switches
                   7  involuntary context switches
            20897905  instructions retired
             9413168  cycles elapsed
             1311008  peak memory footprint
