c ---- [ banner ] ------------------------------------------------------------
c
c Kissat SAT Solver
c 
c Copyright (c) 2021-2024 Armin Biere University of Freiburg
c Copyright (c) 2019-2021 Armin Biere Johannes Kepler University Linz
c 
c Version 4.0.4 unknown
c Apple clang version 21.0.0 (clang-2100.1.1.101) -W -Wall -O3 -DNDEBUG
c Sun Aug 30 17:38:25 CST 2026 Darwin djftekiMacBook-Pro.local 25.3.0 arm64
c
c ---- [ proving ] -----------------------------------------------------------
c
c opened and writing proof to DRAT file:
c
c   /Users/djf/develop/CS/Turing/Turing1/morphosat_research/proofs/layer_d_resolution_tseitin_reference.n8.s2.u.kissat.default.drat
c
c ---- [ parsing ] -----------------------------------------------------------
c
c opened and reading DIMACS file:
c
c   /Users/djf/develop/CS/Turing/Turing1/morphosat_research/instances/separation_v0.2/layer_d_resolution_tseitin_reference.n8.s2.u.cnf
c
c parsed 'p cnf 12 32' header
c closing input after reading 411 bytes
c finished parsing after 0.00 seconds
c
c ---- [ solving ] -----------------------------------------------------------
c
c seconds switched rate     size/glue tier1 binary   remaining
c        MB reductions conflicts size  tier2 irredundant
c         level restarts redundant glue  trail   variables
c
c *  0.00  2 0 0 0  0 0   0   0 0.0 0 0 0 0 0%   0 32 12 100%
c (  0.00  2 0 0 0  0 0   0   0 0.0 0 0 0 0 0%   0 32 12 100%
c .  0.00  2 0 0 0  0 0   0   0 0.0 0 0 0 0 0%   0 32 12 100%
c )  0.00  2 0 0 0  0 0   0   0 0.0 0 0 0 0 0%   0 32 12 100%
c {  0.00  2 0 0 0  0 0   0   0 0.0 0 0 2 6 0%   0 32 12 100%
c i  0.00  2 3 0 0  0 1  15   4 1.6 3 2 2 3 84%   2 32 11 92%
c i  0.00  2 3 0 0  0 1  23   4 1.8 3 2 2 2 83%   6 32 10 83%
c }  0.00  2 3 0 0  0 1  30   4 1.8 3 1 2 2 82%   8 31  6 50%
c 0  0.00  2 3 0 0  0 1  30   4 1.8 3 1 2 2 82%   8 31  6 50%
c
c ---- [ result ] ------------------------------------------------------------
c
s UNSATISFIABLE
c
c ---- [ profiling ] ---------------------------------------------------------
c
c           0.00   26.91 %  preprocess
c           0.00   24.36 %  probe
c           0.00   15.09 %  sweep
c           0.00    8.55 %  search
c           0.00    8.00 %  focused
c           0.00    4.36 %  congruence
c           0.00    4.00 %  parse
c           0.00    2.55 %  factor
c           0.00    2.18 %  lucky
c           0.00    0.55 %  substitute
c           0.00    0.36 %  backbone
c           0.00    0.00 %  simplify
c =============================================
c           0.00  100.00 %  total
c
c ---- [ statistics ] --------------------------------------------------------
c
c conflicts:                               30            13054.83 per second
c decisions:                               27                0.90 per conflict
c iterations:                               3               25 %  variables
c propagations:                           240           104439    per second
c switched:                                 0                0    interval
c
c ---- [ glue usage ] --------------------------------------------------------
c
c focused glue 2 used 10 clauses 76.92% accumulated 84.62% tier1 tier2
c
c ---- [ resources ] ---------------------------------------------------------
c
c maximum-resident-set-size:       1946157056 bytes       1856 MB
c process-time:                                              0.00 seconds
c
c ---- [ shutting down ] -----------------------------------------------------
c
c exit 20

        0.00 real         0.00 user         0.00 sys
             1900544  maximum resident set size
                   0  average shared memory size
                   0  average unshared data size
                   0  average unshared stack size
                 279  page reclaims
                   1  page faults
                   0  swaps
                   0  block input operations
                   0  block output operations
                   0  messages sent
                   0  messages received
                   0  signals received
                   0  voluntary context switches
                   5  involuntary context switches
            15854773  instructions retired
             7864707  cycles elapsed
             1179936  peak memory footprint
