c ---- [ banner ] ------------------------------------------------------------
c
c Kissat SAT Solver
c 
c Copyright (c) 2021-2024 Armin Biere University of Freiburg
c Copyright (c) 2019-2021 Armin Biere Johannes Kepler University Linz
c 
c Version 4.0.4 unknown
c Apple clang version 21.0.0 (clang-2100.1.1.101) -W -Wall -O3 -DNDEBUG
c Sun Aug 30 17:38:25 CST 2026 Darwin djftekiMacBook-Pro.local 25.3.0 arm64
c
c ---- [ proving ] -----------------------------------------------------------
c
c opened and writing proof to DRAT file:
c
c   /Users/djf/develop/CS/Turing/Turing1/morphosat_research/proofs/layer_c_heterogeneous_tseitin.n4.s5.u.kissat.default.drat
c
c ---- [ parsing ] -----------------------------------------------------------
c
c opened and reading DIMACS file:
c
c   /Users/djf/develop/CS/Turing/Turing1/morphosat_research/instances/separation_v0.2/layer_c_heterogeneous_tseitin.n4.s5.u.cnf
c
c parsed 'p cnf 392 516' header
c closing input after reading 6358 bytes (6 KB)
c finished parsing after 0.00 seconds
c
c ---- [ solving ] -----------------------------------------------------------
c
c seconds switched rate     size/glue tier1 binary   remaining
c        MB reductions conflicts size  tier2  irredundant
c         level restarts redundant glue  trail    variables
c
c *  0.00  2 0 0 0  0 0   0   0 0.0 0 0 0 0 0%  97 145 37 9%
c (  0.00  2 0 0 0  0 0   0   0 0.0 0 0 0 0 0%  97 145 37 9%
c .  0.00  2 0 0 0  0 0   0   0 0.0 0 0 0 0 0%  26 88 37 9%
c c  0.00  2 0 0 0  0 0   0   0 0.0 0 0 0 0 0%  22 75 24 6%
c d  0.00  2 0 0 0  0 0   0   0 0.0 0 0 0 0 0%   6 71 24 6%
c d  0.00  2 0 0 0  0 0   0   0 0.0 0 0 0 0 0%   4 71 23 6%
c =  0.00  2 0 0 0  0 0   0   0 0.0 0 0 0 0 0%  25 48 14 4%
c d  0.00  2 0 0 0  0 0   0   0 0.0 0 0 0 0 0%   0 48 14 4%
c f  0.00  2 0 0 0  0 0   0   0 0.0 0 0 0 0 0%   2 44 15 4%
c )  0.00  2 0 0 0  0 0   0   0 0.0 0 0 0 0 0%   2 44 15 4%
c lucky 1 units
c l  0.00  2 0 0 0  0 0   0   0 0.0 0 0 0 0 0%   2 44 14 4%
c {  0.00  2 0 0 0  0 0   0   0 0.0 0 0 2 6 0%   2 44 14 4%
c i  0.00  2 3 0 0  0 1   9   2 1.7 2 1 0 0 67%   5 42 13 3%
c i  0.00  2 2 0 0  0 1  16   4 1.7 2 1 2 2 77%   8 39  7 2%
c }  0.00  2 2 0 0  0 1  18   4 1.8 2 1 2 2 79%   8 39  0 0%
c 0  0.00  2 2 0 0  0 1  18   4 1.8 2 1 2 2 79%   8 39  0 0%
c
c ---- [ result ] ------------------------------------------------------------
c
s UNSATISFIABLE
c
c ---- [ profiling ] ---------------------------------------------------------
c
c           0.00   38.47 %  preprocess
c           0.00   33.64 %  probe
c           0.00   18.05 %  sweep
c           0.00   11.19 %  parse
c           0.00    6.69 %  congruence
c           0.00    4.07 %  factor
c           0.00    3.73 %  substitute
c           0.00    3.56 %  search
c           0.00    3.39 %  focused
c           0.00    3.31 %  lucky
c           0.00    0.25 %  backbone
c           0.00    0.00 %  simplify
c =============================================
c           0.00  100.00 %  total
c
c ---- [ statistics ] --------------------------------------------------------
c
c conflicts:                               18             5610.97 per second
c congruent:                                9                2 %  variables
c decisions:                               13                0.72 per conflict
c factored:                                 1                0 %  variables
c iterations:                               3                1 %  variables
c propagations:                           720           224439    per second
c substituted:                             18                5 %  variables
c switched:                                 0                0    interval
c
c ---- [ glue usage ] --------------------------------------------------------
c
c focused glue 2 used 4 clauses 80.00% accumulated 80.00% tier1 tier2
c
c ---- [ resources ] ---------------------------------------------------------
c
c maximum-resident-set-size:       2164260864 bytes       2064 MB
c process-time:                                              0.00 seconds
c
c ---- [ shutting down ] -----------------------------------------------------
c
c exit 20

        0.00 real         0.00 user         0.00 sys
             2113536  maximum resident set size
                   0  average shared memory size
                   0  average unshared data size
                   0  average unshared stack size
                 292  page reclaims
                   1  page faults
                   0  swaps
                   0  block input operations
                   0  block output operations
                   0  messages sent
                   0  messages received
                   0  signals received
                   0  voluntary context switches
                   8  involuntary context switches
            19592973  instructions retired
            10171529  cycles elapsed
             1392928  peak memory footprint
