c --- [ banner ] -------------------------------------------------------------
c 
c CaDiCaL SAT Solver
c Copyright (c) 2016-2026
c A. Biere, M. Fleury, N. Froleyks, K. Fazekas, F. Pollitt, T. Faller
c JKU Linz, University of Freiburg, TU Wien
c 
c Version 3.0.1 6f2b1a38e26bb3cddb49c89c64d419c1d6a16ecb
c Apple clang version 21.0.0 (clang-2100.1.1.101) -Wall -Wextra -O3 -DNDEBUG -DNCLOSEFROM
c Sun Aug 30 17:38:15 CST 2026 Darwin djftekiMacBook-Pro.local 25.3.0 arm64
c 
c --- [ proof tracing ] ------------------------------------------------------
c 
c opening file to write '/Users/djf/develop/CS/Turing/Turing1/morphosat_research/proofs/layer_c_heterogeneous_tseitin.n4.s3.u.cadical.congruence_off.drat'
c writing non-binary proof trace to '/Users/djf/develop/CS/Turing/Turing1/morphosat_research/proofs/layer_c_heterogeneous_tseitin.n4.s3.u.cadical.congruence_off.drat'
c 
c --- [ parsing input ] ------------------------------------------------------
c 
c reading DIMACS file from '/Users/djf/develop/CS/Turing/Turing1/morphosat_research/instances/separation_v0.2/layer_c_heterogeneous_tseitin.n4.s3.u.cnf'
c opening file to read '/Users/djf/develop/CS/Turing/Turing1/morphosat_research/instances/separation_v0.2/layer_c_heterogeneous_tseitin.n4.s3.u.cnf'
c found 'p cnf 332 438' header
c parsed 438 clauses in 0.00 seconds process time
c 
c --- [ options ] ------------------------------------------------------------
c 
c   --binary=false                 (different from default 'true')
c   --congruence=false             (different from default 'true')
c 
c --- [ solving ] ------------------------------------------------------------
c 
c time measured in process time since initialization
c 
c  seconds  reduction conflicts       size tier2     variables
c         MB    restarts   redundant    glue  trail      remaining
c          level     rate       size/glu tier1 irredundant
c 
c *  0.00  0  0 0   0  0    0    0 0.0 0 0 2 6  0%  205  32 10%
c )  0.00  0  0 0   0  0    0    0 0.0 0 0 2 6  0%  205  32 10%
c {  0.00  0  0 0   0  0    0    0 0.0 0 0 2 6  0%  205  32 10%
c i  0.00  0  3 0   0  1   31   17 1.8 3 2 2 6 99%  202  31  9%
c }  0.00  0  3 0   0  1   33   17 1.8 3 2 2 6 98%  202  26  8%
c 0  0.00  0  3 0   0  1   33   17 1.8 3 2 2 6 98%  202  26  8%
c 
c --- [ closing proof ] ------------------------------------------------------
c 
c DRAT proof file '/Users/djf/develop/CS/Turing/Turing1/morphosat_research/proofs/layer_c_heterogeneous_tseitin.n4.s3.u.cadical.congruence_off.drat' closed
c DRAT 232 added clauses 61.70%
c DRAT 144 deleted clauses 38.30%
c DRAT 4444 bytes (0.00 MB)
c 
c --- [ result ] -------------------------------------------------------------
c 
s UNSATISFIABLE
c 
c --- [ run-time profiling ] -------------------------------------------------
c 
c process time taken by individual solving procedures
c (percentage relative to process time for solving)
c 
c         0.00   87.77% parse
c         0.00   77.70% search
c         0.00   54.68% unstable
c         0.00   15.83% lucky
c         0.00    0.00% simplify
c   =================================
c         0.00   29.20% solve
c 
c last line shows process time for solving
c (percentage relative to total process time)
c 
c --- [ statistics ] ---------------------------------------------------------
c 
c chronological:                 2         6.06 %  of conflicts
c conflicts:                    33    237410.07    per second
c decisions:                    29    208633.09    per second
c fixed:                       306        92.17 %  of all variables
c learned:                      20        60.61 %  per conflict
c learned_lits:                 64       100.00 %  learned literals
c minimized:                     0         0.00 %  learned literals
c shrunken:                      8        12.50 %  learned literals
c minishrunken:                  0         0.00 %  learned literals
c otfs:                         14        42.42 %  of conflict
c propagations:                577         4.15 M  per second
c subsumed:                      7         3.14 %  of all clauses
c strengthened:                 11         4.93 %  of all clauses
c ticks:                      1981         3.43    propagation
c 
c seconds are measured in process time for solving
c 
c --- [ glue usage ] ---------------------------------------------------------
c 
c focused glue 2 used 19 clauses 67.85% accumulated 96.42% tier1
c focused glue 3 used 1 clauses 3.571% accumulated 100.0% tier2
c 
c stable glue 2 used 0 clauses 0.000% accumulated 0.000% tier1
c stable glue 3 used 0 clauses 0.000% accumulated 0.000%
c stable glue 4 used 0 clauses 0.000% accumulated 0.000%
c stable glue 5 used 0 clauses 0.000% accumulated 0.000%
c stable glue 6 used 0 clauses 0.000% accumulated 0.000% tier2
c 
c 
c --- [ resources ] ----------------------------------------------------------
c 
c total process time since initialization:         0.00    seconds
c total real time since initialization:            0.00    seconds
c maximum resident set size of process:            2.42    MB
c 
c --- [ shutting down ] ------------------------------------------------------
c 
c exit 20

        0.00 real         0.00 user         0.00 sys
             2539520  maximum resident set size
                   0  average shared memory size
                   0  average unshared data size
                   0  average unshared stack size
                 319  page reclaims
                   1  page faults
                   0  swaps
                   0  block input operations
                   0  block output operations
                   0  messages sent
                   0  messages received
                   0  signals received
                   0  voluntary context switches
                   5  involuntary context switches
            20394947  instructions retired
             7839513  cycles elapsed
             1278240  peak memory footprint
