c ---- [ banner ] ------------------------------------------------------------
c
c Kissat SAT Solver
c 
c Copyright (c) 2021-2024 Armin Biere University of Freiburg
c Copyright (c) 2019-2021 Armin Biere Johannes Kepler University Linz
c 
c Version 4.0.4 unknown
c Apple clang version 21.0.0 (clang-2100.1.1.101) -W -Wall -O3 -DNDEBUG
c Sun Aug 30 17:38:25 CST 2026 Darwin djftekiMacBook-Pro.local 25.3.0 arm64
c
c ---- [ proving ] -----------------------------------------------------------
c
c opened and writing proof to DRAT file:
c
c   /Users/djf/develop/CS/Turing/Turing1/morphosat_research/proofs/layer_c_heterogeneous_tseitin.n4.s5.s.kissat.default.drat
c
c ---- [ parsing ] -----------------------------------------------------------
c
c opened and reading DIMACS file:
c
c   /Users/djf/develop/CS/Turing/Turing1/morphosat_research/instances/separation_v0.2/layer_c_heterogeneous_tseitin.n4.s5.s.cnf
c
c parsed 'p cnf 288 378' header
c closing input after reading 4486 bytes (4 KB)
c finished parsing after 0.00 seconds
c
c ---- [ solving ] -----------------------------------------------------------
c
c seconds switched rate     size/glue tier1 binary    remaining
c        MB reductions conflicts size  tier2  irredundant
c         level restarts redundant glue  trail    variables
c
c *  0.00  2 0 0 0  0 0   0   0 0.0 0 0 0 0 0%  70 112 31 11%
c lucky in forward setting literals to true
c l  0.00  2 0 0 0  0 0   0   0 0.0 0 0 0 0 0%  70 112 31 11%
c 1  0.00  2 0 0 0  0 0   0   0 0.0 0 0 0 0 0%  70 112 31 11%
c
c ---- [ result ] ------------------------------------------------------------
c
s SATISFIABLE
v 1 2 3 -4 5 -6 -7 8 9 10 11 -12 13 14 -15 -16 17 18 -19 20 21 -22 -23 24 25
v 26 -27 28 -29 -30 -31 32 33 -34 -35 36 -37 38 39 40 -41 42 -43 44 -45 46 -47
v -48 -49 -50 -51 52 53 54 -55 56 57 -58 59 -60 -61 62 63 -64 65 -66 67 68 69
v -70 71 -72 -73 -74 -75 76 -77 -78 79 80 81 -82 -83 84 -85 -86 -87 88 89 90
v 91 -92 -93 -94 95 96 97 -98 99 -100 -101 -102 -103 -104 105 -106 -107 108
v 109 -110 111 112 113 114 115 -116 -117 -118 119 -120 -121 -122 -123 -124 125
v 126 -127 -128 129 130 -131 132 133 -134 -135 -136 -137 138 -139 140 141 -142
v 143 144 145 146 -147 -148 149 150 151 152 153 -154 155 -156 -157 158 -159
v 160 -161 162 163 164 165 166 167 -168 -169 170 171 172 173 174 175 -176 177
v -178 -179 180 -181 -182 -183 -184 185 186 187 188 189 190 191 -192 193 194
v 195 -196 197 198 -199 200 -201 -202 -203 204 -205 206 -207 -208 209 -210
v -211 -212 213 214 215 -216 217 218 -219 220 221 -222 -223 -224 -225 226 227
v 228 -229 -230 -231 -232 233 -234 235 -236 -237 -238 -239 -240 -241 -242 243
v 244 245 246 -247 -248 -249 250 251 252 253 254 -255 -256 257 258 -259 -260
v 261 -262 263 -264 -265 266 267 268 269 -270 271 -272 -273 274 275 -276 277
v -278 279 280 -281 -282 -283 284 285 286 287 288 0
c
c ---- [ profiling ] ---------------------------------------------------------
c
c           0.00   18.57 %  parse
c           0.00    3.96 %  lucky
c           0.00    0.00 %  search
c           0.00    0.00 %  simplify
c =============================================
c           0.00  100.00 %  total
c
c ---- [ statistics ] --------------------------------------------------------
c
c conflicts:                                0                0.00 per second
c decisions:                                0                0.00 per conflict
c propagations:                           313           108455    per second
c switched:                                 0                0    interval
c
c ---- [ glue usage ] --------------------------------------------------------
c
c no clauses used at all
c
c ---- [ resources ] ---------------------------------------------------------
c
c maximum-resident-set-size:       1962934272 bytes       1872 MB
c process-time:                                              0.00 seconds
c
c ---- [ shutting down ] -----------------------------------------------------
c
c exit 10

        0.00 real         0.00 user         0.00 sys
             1916928  maximum resident set size
                   0  average shared memory size
                   0  average unshared data size
                   0  average unshared stack size
                 280  page reclaims
                   1  page faults
                   0  swaps
                   0  block input operations
                   0  block output operations
                   0  messages sent
                   0  messages received
                   0  signals received
                   0  voluntary context switches
                  17  involuntary context switches
            15815793  instructions retired
             8932032  cycles elapsed
             1245472  peak memory footprint
