c ---- [ banner ] ------------------------------------------------------------
c
c Kissat SAT Solver
c 
c Copyright (c) 2021-2024 Armin Biere University of Freiburg
c Copyright (c) 2019-2021 Armin Biere Johannes Kepler University Linz
c 
c Version 4.0.4 unknown
c Apple clang version 21.0.0 (clang-2100.1.1.101) -W -Wall -O3 -DNDEBUG
c Sun Aug 30 17:38:25 CST 2026 Darwin djftekiMacBook-Pro.local 25.3.0 arm64
c
c ---- [ proving ] -----------------------------------------------------------
c
c opened and writing proof to DRAT file:
c
c   /Users/djf/develop/CS/Turing/Turing1/morphosat_research/proofs/layer_a_v01_regression.n8.s9.u.kissat.default.drat
c
c ---- [ parsing ] -----------------------------------------------------------
c
c opened and reading DIMACS file:
c
c   /Users/djf/develop/CS/Turing/Turing1/morphosat_research/instances/separation_v0.2/layer_a_v01_regression.n8.s9.u.cnf
c
c parsed 'p cnf 76 184' header
c closing input after reading 1828 bytes (2 KB)
c finished parsing after 0.00 seconds
c
c ---- [ solving ] -----------------------------------------------------------
c
c seconds switched rate     size/glue tier1 binary   remaining
c        MB reductions conflicts size  tier2 irredundant
c         level restarts redundant glue  trail   variables
c
c *  0.00  2 0 0 0  0 0   0   0 0.0 0 0 0 0 0% 112 38 47 62%
c (  0.00  2 0 0 0  0 0   0   0 0.0 0 0 0 0 0% 112 38 47 62%
c .  0.00  2 0 0 0  0 0   0   0 0.0 0 0 0 0 0%  85 26 47 62%
c c  0.00  2 0 0 0  0 0   0   0 0.0 0 0 0 0 0%  85 26 31 41%
c d  0.00  2 0 0 0  0 0   0   0 0.0 0 0 0 0 0%  48 24 28 37%
c )  0.00  2 0 0 0  0 0   0   0 0.0 0 0 0 0 0%  48 24 28 37%
c {  0.00  2 0 0 0  0 0   0   0 0.0 0 0 2 6 0%  48 24 28 37%
c i  0.00  2 2 0 0  0 1   8   2 2.2 2 1 2 6 100%  53 24 27 36%
c i  0.00  2 2 0 0  0 1  18   5 1.9 3 1 2 6 100%  56 24 23 30%
c i  0.00  2 3 0 0  0 1  26   6 1.9 3 1 2 6 95%  59 24 15 20%
c i  0.00  2 3 0 0  0 1  27   6 1.9 3 1 2 6 95%  59 24  9 12%
c }  0.00  2 3 0 0  0 1  29   6 1.9 3 1 2 6 96%  59 24  0 0%
c 0  0.00  2 3 0 0  0 1  29   6 1.9 3 1 2 6 96%  59 24  0 0%
c
c ---- [ result ] ------------------------------------------------------------
c
s UNSATISFIABLE
c
c ---- [ profiling ] ---------------------------------------------------------
c
c           0.00   41.67 %  preprocess
c           0.00   38.52 %  probe
c           0.00   22.96 %  sweep
c           0.00    9.59 %  search
c           0.00    9.43 %  focused
c           0.00    7.23 %  congruence
c           0.00    5.97 %  parse
c           0.00    3.93 %  substitute
c           0.00    2.67 %  lucky
c           0.00    2.52 %  factor
c           0.00    0.79 %  backbone
c           0.00    0.00 %  simplify
c =============================================
c           0.00  100.00 %  total
c
c ---- [ statistics ] --------------------------------------------------------
c
c conflicts:                               29            14803.47 per second
c congruent:                               16               21 %  variables
c decisions:                               32                1.10 per conflict
c iterations:                               5                7 %  variables
c propagations:                          1000           510465    per second
c substituted:                             19               25 %  variables
c switched:                                 0                0    interval
c
c ---- [ glue usage ] --------------------------------------------------------
c
c focused glue 2 used 9 clauses 69.23% accumulated 76.92% tier1
c focused glue 3 used 3 clauses 23.08% accumulated 100.00% tier2
c
c ---- [ resources ] ---------------------------------------------------------
c
c maximum-resident-set-size:       2080374784 bytes       1984 MB
c process-time:                                              0.00 seconds
c
c ---- [ shutting down ] -----------------------------------------------------
c
c exit 20

        0.00 real         0.00 user         0.00 sys
             2031616  maximum resident set size
                   0  average shared memory size
                   0  average unshared data size
                   0  average unshared stack size
                 287  page reclaims
                   1  page faults
                   0  swaps
                   0  block input operations
                   0  block output operations
                   0  messages sent
                   0  messages received
                   0  signals received
                   0  voluntary context switches
                   6  involuntary context switches
            18168160  instructions retired
             8429470  cycles elapsed
             1311008  peak memory footprint
