c --- [ banner ] -------------------------------------------------------------
c 
c CaDiCaL SAT Solver
c Copyright (c) 2016-2026
c A. Biere, M. Fleury, N. Froleyks, K. Fazekas, F. Pollitt, T. Faller
c JKU Linz, University of Freiburg, TU Wien
c 
c Version 3.0.1 6f2b1a38e26bb3cddb49c89c64d419c1d6a16ecb
c Apple clang version 21.0.0 (clang-2100.1.1.101) -Wall -Wextra -O3 -DNDEBUG -DNCLOSEFROM
c Sun Aug 30 17:38:15 CST 2026 Darwin djftekiMacBook-Pro.local 25.3.0 arm64
c 
c --- [ proof tracing ] ------------------------------------------------------
c 
c opening file to write '/Users/djf/develop/CS/Turing/Turing1/morphosat_research/proofs/layer_d_random_reordered_parity.n32.s9.u.cadical.default.drat'
c writing non-binary proof trace to '/Users/djf/develop/CS/Turing/Turing1/morphosat_research/proofs/layer_d_random_reordered_parity.n32.s9.u.cadical.default.drat'
c 
c --- [ parsing input ] ------------------------------------------------------
c 
c reading DIMACS file from '/Users/djf/develop/CS/Turing/Turing1/morphosat_research/instances/separation_v0.2/layer_d_random_reordered_parity.n32.s9.u.cnf'
c opening file to read '/Users/djf/develop/CS/Turing/Turing1/morphosat_research/instances/separation_v0.2/layer_d_random_reordered_parity.n32.s9.u.cnf'
c found 'p cnf 48 128' header
c parsed 128 clauses in 0.00 seconds process time
c 
c --- [ options ] ------------------------------------------------------------
c 
c   --binary=false                 (different from default 'true')
c 
c --- [ solving ] ------------------------------------------------------------
c 
c time measured in process time since initialization
c 
c  seconds  reduction conflicts       size tier2     variables
c         MB    restarts   redundant    glue  trail      remaining
c          level     rate       size/glu tier1 irredundant
c 
c *  0.00  0  0 0   0  0    0    0 0.0 0 0 2 6  0%  128  48 100%
c )  0.00  0  0 0   0  0    0    0 0.0 0 0 2 6  0%  128  48 100%
c {  0.00  0  0 0   0  0    0    0 0.0 0 0 2 6  0%  128  48 100%
c -  0.00  0 10 1   0  1  300   75 1.6 11 7 2 6 70%  128  48 100%
c -  0.00  0  8 2   0  1  734  162 1.4 10 7 2 6 61%  128  48 100%
c }  0.00  0  8 2   0  1 1003  282 1.5 9 6 2 6 57%  128  48 100%
c [  0.00  0  0 2   0  0 1003  282 0.0 0 0 2 6  0%  128  48 100%
c O  0.00  0 13 2   0 14 1004  283 1.3 8 6 2 6 73%  128  48 100%
c i  0.00  0  6 2   0  1 1292  406 1.6 6 4 2 6 46%  128  47 98%
c i  0.00  0  6 2   0  1 1330  411 1.6 6 4 2 6 44%  128  46 96%
c i  0.00  0  6 2   0  1 1349  413 1.6 6 3 2 6 44%  128  45 94%
c i  0.00  0  6 2   0  1 1359  414 1.6 6 3 2 6 43%  128  44 92%
c i  0.00  0  6 2   0  1 1363  416 1.6 5 3 2 6 43%  128  43 90%
c i  0.00  0  6 2   0  1 1369  416 1.6 5 3 2 6 43%  128  41 85%
c i  0.00  0  6 2   0  1 1371  417 1.6 5 3 2 6 43%  128  38 79%
c ]  0.00  0  6 2   0  1 1373  417 1.6 5 3 2 6 43%  128  33 69%
c 0  0.00  0  6 2   0  1 1373  417 1.6 5 3 2 6 43%  128  33 69%
c 
c --- [ closing proof ] ------------------------------------------------------
c 
c DRAT proof file '/Users/djf/develop/CS/Turing/Turing1/morphosat_research/proofs/layer_d_random_reordered_parity.n32.s9.u.cadical.default.drat' closed
c DRAT 1379 added clauses 59.31%
c DRAT 946 deleted clauses 40.69%
c DRAT 74018 bytes (0.07 MB)
c 
c --- [ result ] -------------------------------------------------------------
c 
s UNSATISFIABLE
c 
c --- [ run-time profiling ] -------------------------------------------------
c 
c process time taken by individual solving procedures
c (percentage relative to process time for solving)
c 
c         0.00   90.94% search
c         0.00   63.01% unstable
c         0.00   26.11% stable
c         0.00    7.68% simplify
c         0.00    3.60% congruence
c         0.00    3.17% sweep
c         0.00    2.52% parse
c         0.00    1.17% lucky
c         0.00    0.26% backbone
c         0.00    0.09% probe
c   =================================
c         0.00   87.25% solve
c 
c last line shows process time for solving
c (percentage relative to total process time)
c 
c --- [ statistics ] ---------------------------------------------------------
c 
c chronological:               140        10.20 %  of conflicts
c conflicts:                  1373    595403.30    per second
c backbone:                    288       600.00 %  of vars
c decisions:                  1164    504770.16    per second
c fixed:                        15        31.25 %  of all variables
c learned:                     895        65.19 %  per conflict
c learned_lits:               8502       100.00 %  learned literals
c minimized:                     0         0.00 %  learned literals
c shrunken:                   1225        14.41 %  learned literals
c minishrunken:                 38         0.45 %  learned literals
c otfs:                        485        35.32 %  of conflict
c propagations:               8505         3.69 M  per second
c reduced:                     121         8.81 %  per conflict
c rephased:                      1      1373.00    interval
c stabilizing:                   1        22.58 %  of conflicts
c subsumed:                    358        35.27 %  of all clauses
c strengthened:                476        46.90 %  of all clauses
c ticks:                     68042         8.00    propagation
c congruence:                    1      1373.00    interval
c 
c seconds are measured in process time for solving
c 
c --- [ glue usage ] ---------------------------------------------------------
c 
c focused glue 2 used 262 clauses 13.47% accumulated 17.64% tier1
c focused glue 3 used 266 clauses 13.68% accumulated 31.32%
c focused glue 4 used 321 clauses 16.51% accumulated 47.83%
c focused glue 5 used 142 clauses 7.304% accumulated 55.14%
c focused glue 6 used 254 clauses 13.06% accumulated 68.20% tier2
c 
c stable glue 3 used 265 clauses 30.84% accumulated 77.76% tier1
c stable glue 4 used 125 clauses 14.55% accumulated 92.31% tier2
c 
c 
c --- [ resources ] ----------------------------------------------------------
c 
c total process time since initialization:         0.00    seconds
c total real time since initialization:            0.00    seconds
c maximum resident set size of process:            3.03    MB
c 
c --- [ shutting down ] ------------------------------------------------------
c 
c exit 20

        0.00 real         0.00 user         0.00 sys
             3178496  maximum resident set size
                   0  average shared memory size
                   0  average unshared data size
                   0  average unshared stack size
                 358  page reclaims
                   1  page faults
                   0  swaps
                   0  block input operations
                   0  block output operations
                   0  messages sent
                   0  messages received
                   0  signals received
                   0  voluntary context switches
                  10  involuntary context switches
            46459919  instructions retired
            17881792  cycles elapsed
             1671456  peak memory footprint
