c ---- [ banner ] ------------------------------------------------------------
c
c Kissat SAT Solver
c 
c Copyright (c) 2021-2024 Armin Biere University of Freiburg
c Copyright (c) 2019-2021 Armin Biere Johannes Kepler University Linz
c 
c Version 4.0.4 unknown
c Apple clang version 21.0.0 (clang-2100.1.1.101) -W -Wall -O3 -DNDEBUG
c Sun Aug 30 17:38:25 CST 2026 Darwin djftekiMacBook-Pro.local 25.3.0 arm64
c
c ---- [ proving ] -----------------------------------------------------------
c
c opened and writing proof to DRAT file:
c
c   /Users/djf/develop/CS/Turing/Turing1/morphosat_research/proofs/layer_d_random_reordered_parity.n8.s9.u.kissat.default.drat
c
c ---- [ parsing ] -----------------------------------------------------------
c
c opened and reading DIMACS file:
c
c   /Users/djf/develop/CS/Turing/Turing1/morphosat_research/instances/separation_v0.2/layer_d_random_reordered_parity.n8.s9.u.cnf
c
c parsed 'p cnf 12 32' header
c closing input after reading 406 bytes
c finished parsing after 0.00 seconds
c
c ---- [ solving ] -----------------------------------------------------------
c
c seconds switched rate     size/glue tier1 binary   remaining
c        MB reductions conflicts size  tier2 irredundant
c         level restarts redundant glue  trail   variables
c
c *  0.00  2 0 0 0  0 0   0   0 0.0 0 0 0 0 0%   0 32 12 100%
c (  0.00  2 0 0 0  0 0   0   0 0.0 0 0 0 0 0%   0 32 12 100%
c .  0.00  2 0 0 0  0 0   0   0 0.0 0 0 0 0 0%   0 32 12 100%
c )  0.00  2 0 0 0  0 0   0   0 0.0 0 0 0 0 0%   0 32 12 100%
c {  0.00  2 0 0 0  0 0   0   0 0.0 0 0 2 6 0%   0 32 12 100%
c i  0.00  2 3 0 0  0 1  18   5 1.7 3 2 3 3 92%   3 31 11 92%
c i  0.00  2 3 0 0  0 1  28   6 1.7 3 2 2 3 88%   6 31 10 83%
c i  0.00  2 3 0 0  0 1  33   6 1.7 3 2 2 3 87%   8 31  9 75%
c i  0.00  2 3 0 0  0 1  35   6 1.8 3 2 2 3 86%   9 31  8 67%
c }  0.00  2 3 0 0  0 1  37   6 1.8 3 2 2 3 87%   9 31  4 33%
c 0  0.00  2 3 0 0  0 1  37   6 1.8 3 2 2 3 87%   9 31  4 33%
c
c ---- [ result ] ------------------------------------------------------------
c
s UNSATISFIABLE
c
c ---- [ profiling ] ---------------------------------------------------------
c
c           0.00   26.87 %  preprocess
c           0.00   24.65 %  probe
c           0.00   15.15 %  sweep
c           0.00   11.92 %  search
c           0.00   11.31 %  focused
c           0.00    4.65 %  congruence
c           0.00    3.64 %  parse
c           0.00    2.42 %  lucky
c           0.00    2.22 %  factor
c           0.00    0.61 %  substitute
c           0.00    0.40 %  backbone
c           0.00    0.00 %  simplify
c =============================================
c           0.00  100.00 %  total
c
c ---- [ statistics ] --------------------------------------------------------
c
c conflicts:                               37            19649.50 per second
c decisions:                               36                0.97 per conflict
c iterations:                               5               42 %  variables
c propagations:                           295           156665    per second
c switched:                                 0                0    interval
c
c ---- [ glue usage ] --------------------------------------------------------
c
c focused glue 2 used 12 clauses 60.00% accumulated 60.00% tier1
c focused glue 3 used  8 clauses 40.00% accumulated 100.00% tier2
c
c ---- [ resources ] ---------------------------------------------------------
c
c maximum-resident-set-size:       1962934272 bytes       1872 MB
c process-time:                                              0.00 seconds
c
c ---- [ shutting down ] -----------------------------------------------------
c
c exit 20

        0.00 real         0.00 user         0.00 sys
             1916928  maximum resident set size
                   0  average shared memory size
                   0  average unshared data size
                   0  average unshared stack size
                 280  page reclaims
                   1  page faults
                   0  swaps
                   0  block input operations
                   0  block output operations
                   0  messages sent
                   0  messages received
                   0  signals received
                   0  voluntary context switches
                   4  involuntary context switches
            16111885  instructions retired
             8111811  cycles elapsed
             1196320  peak memory footprint
