c --- [ banner ] -------------------------------------------------------------
c 
c CaDiCaL SAT Solver
c Copyright (c) 2016-2026
c A. Biere, M. Fleury, N. Froleyks, K. Fazekas, F. Pollitt, T. Faller
c JKU Linz, University of Freiburg, TU Wien
c 
c Version 3.0.1 6f2b1a38e26bb3cddb49c89c64d419c1d6a16ecb
c Apple clang version 21.0.0 (clang-2100.1.1.101) -Wall -Wextra -O3 -DNDEBUG -DNCLOSEFROM
c Sun Aug 30 17:38:15 CST 2026 Darwin djftekiMacBook-Pro.local 25.3.0 arm64
c 
c --- [ proof tracing ] ------------------------------------------------------
c 
c opening file to write '/Users/djf/develop/CS/Turing/Turing1/morphosat_research/proofs/layer_d_random_reordered_parity.n16.s0.u.cadical.default.drat'
c writing non-binary proof trace to '/Users/djf/develop/CS/Turing/Turing1/morphosat_research/proofs/layer_d_random_reordered_parity.n16.s0.u.cadical.default.drat'
c 
c --- [ parsing input ] ------------------------------------------------------
c 
c reading DIMACS file from '/Users/djf/develop/CS/Turing/Turing1/morphosat_research/instances/separation_v0.2/layer_d_random_reordered_parity.n16.s0.u.cnf'
c opening file to read '/Users/djf/develop/CS/Turing/Turing1/morphosat_research/instances/separation_v0.2/layer_d_random_reordered_parity.n16.s0.u.cnf'
c found 'p cnf 24 64' header
c parsed 64 clauses in 0.00 seconds process time
c 
c --- [ options ] ------------------------------------------------------------
c 
c   --binary=false                 (different from default 'true')
c 
c --- [ solving ] ------------------------------------------------------------
c 
c time measured in process time since initialization
c 
c  seconds  reduction conflicts       size tier2     variables
c         MB    restarts   redundant    glue  trail      remaining
c          level     rate       size/glu tier1 irredundant
c 
c *  0.00  0  0 0   0  0    0    0 0.0 0 0 2 6  0%   64  24 100%
c )  0.00  0  0 0   0  0    0    0 0.0 0 0 2 6  0%   64  24 100%
c {  0.00  0  0 0   0  0    0    0 0.0 0 0 2 6  0%   64  24 100%
c i  0.00  0  4 0   0  1  160   73 2.2 6 3 2 6 78%   64  23 96%
c i  0.00  0  4 0   0  1  203   85 2.0 6 3 2 6 80%   64  21 88%
c i  0.00  0  3 0   0  1  226   94 2.0 5 3 2 6 78%   64  20 83%
c i  0.00  0  3 0   0  1  231   96 2.0 5 3 2 6 78%   64  18 75%
c i  0.00  0  3 0   0  1  233   97 2.0 5 3 2 6 78%   64  16 67%
c }  0.00  0  3 0   0  1  235   97 2.0 5 3 2 6 77%   64  11 46%
c 0  0.00  0  3 0   0  1  235   97 2.0 5 3 2 6 77%   64  11 46%
c 
c --- [ closing proof ] ------------------------------------------------------
c 
c DRAT proof file '/Users/djf/develop/CS/Turing/Turing1/morphosat_research/proofs/layer_d_random_reordered_parity.n16.s0.u.cadical.default.drat' closed
c DRAT 242 added clauses 64.88%
c DRAT 131 deleted clauses 35.12%
c DRAT 7957 bytes (0.01 MB)
c 
c --- [ result ] -------------------------------------------------------------
c 
s UNSATISFIABLE
c 
c --- [ run-time profiling ] -------------------------------------------------
c 
c process time taken by individual solving procedures
c (percentage relative to process time for solving)
c 
c         0.00   91.62% search
c         0.00   84.77% unstable
c         0.00   10.91% parse
c         0.00    4.82% lucky
c         0.00    0.00% simplify
c   =================================
c         0.00   56.29% solve
c 
c last line shows process time for solving
c (percentage relative to total process time)
c 
c --- [ statistics ] ---------------------------------------------------------
c 
c chronological:                 9         3.83 %  of conflicts
c conflicts:                   235    596446.70    per second
c decisions:                   178    451776.65    per second
c fixed:                        13        54.17 %  of all variables
c learned:                     154        65.53 %  per conflict
c learned_lits:               1017       100.00 %  learned literals
c minimized:                     0         0.00 %  learned literals
c shrunken:                    218        21.44 %  learned literals
c minishrunken:                  6         0.59 %  learned literals
c otfs:                         80        34.04 %  of conflict
c propagations:               1370         3.48 M  per second
c subsumed:                     51        24.06 %  of all clauses
c strengthened:                 80        37.74 %  of all clauses
c ticks:                      8387         6.12    propagation
c 
c seconds are measured in process time for solving
c 
c --- [ glue usage ] ---------------------------------------------------------
c 
c focused glue 2 used 179 clauses 46.25% accumulated 63.04% tier1
c focused glue 3 used 80 clauses 20.67% accumulated 83.72% tier2
c 
c stable glue 2 used 0 clauses 0.000% accumulated 0.000% tier1
c stable glue 3 used 0 clauses 0.000% accumulated 0.000%
c stable glue 4 used 0 clauses 0.000% accumulated 0.000%
c stable glue 5 used 0 clauses 0.000% accumulated 0.000%
c stable glue 6 used 0 clauses 0.000% accumulated 0.000% tier2
c 
c 
c --- [ resources ] ----------------------------------------------------------
c 
c total process time since initialization:         0.00    seconds
c total real time since initialization:            0.00    seconds
c maximum resident set size of process:            2.34    MB
c 
c --- [ shutting down ] ------------------------------------------------------
c 
c exit 20

        0.00 real         0.00 user         0.00 sys
             2457600  maximum resident set size
                   0  average shared memory size
                   0  average unshared data size
                   0  average unshared stack size
                 314  page reclaims
                   1  page faults
                   0  swaps
                   0  block input operations
                   0  block output operations
                   0  messages sent
                   0  messages received
                   0  signals received
                   0  voluntary context switches
                   6  involuntary context switches
            22101502  instructions retired
             9985431  cycles elapsed
             1196320  peak memory footprint
