c CMS SHA1: 6f2b1a38e26bb3cddb49c89c64d419c1d6a16ecb
c CryptoMiniSat version 5.14.7
c CMS compilation env CMAKE_CXX_COMPILER = /usr/bin/c++ | CMAKE_CXX_FLAGS =  -fno-stack-protector -msse4.2 -Wno-bitfield-constant-conversion -Wnull-dereference -Wdouble-promotion -Wshadow -Wformat=2 -Wextra-semi -pedantic | COMPILE_DEFINES =  -DNDEBUG -D_FORTIFY_SOURCE=0 | BUILD_SHARED_LIBS = OFF | ONLY_SIMPLE =  | STATS = OFF | SQLITE3_FOUND =  | ZLIB_FOUND = FALSE | VALGRIND_FOUND =  | ENABLE_TESTING = OFF | SLOW_DEBUG = OFF | ENABLE_ASSERTIONS = OFF | PYTHON_EXECUTABLE =  | PYTHON_LIBRARY =  | PYTHON_INCLUDE_DIRS =  | MY_TARGETS =  | LARGEMEM = OFF | LIMITMEM = OFF | BREAKID_LIBRARIES =  | BREAKID-VER = . | c c Using VMTF, picosat, CaDiCaL, and CadiBack code by Armin Biere
c CMS is MIT licensed
c Using code from 'When Boolean Satisfiability Meets Gauss-E. in a Simplex Way'
c       by C.-S. Han and J.-H. Roland Jiang in CAV 2012. Fixes by M. Soos
c Using CCAnr from 'CCAnr: A Conf. Checking Based Local Search Solver [...]'
c       by Shaowei Cai, Chuan Luo, and Kaile Su, SAT 2015
c Using Oracle code from 'Integrating Tree Decompositions [...]'
c       by Tuukka Korhonen and Matti Jarvisalo, CP 2021
c Executed with command line: /Users/djf/develop/CS/Turing/Turing1/morphosat_research/.audit_tools/bin/cryptominisat5 --verb=1 --printsol=0 /Users/djf/develop/CS/Turing/Turing1/morphosat_research/instances/separation_v0.2/layer_b_heterogeneous_tseitin.n32.s5.u.cnf
c Reading file '/Users/djf/develop/CS/Turing/Turing1/morphosat_research/instances/separation_v0.2/layer_b_heterogeneous_tseitin.n32.s5.u.cnf'
c o -- header says num vars:            340
c o -- header says num clauses:        1240
c -- clauses added: 1240
c -- xor clauses added: 0
c -- vars added 340
c Parsing time: 0.00 s
c [branch] adjusting to: vsids (from: vsids) var_decay:0.95 descr: VSIDS
c rst  geom  stb   vs     1   111     256   838   154    3.36    3.15    37     9     5    55    4.16    3.04
c rst  geom  stb   vs     2   234     253   838   154    3.36    3.15    73    54    27    74    6.36    4.94
c  res  pol bran  nres  conf freevar  IrrL  IrrB l/longC  l/allC RedL0 RedL1 RedL2  RedB l/longC  l/allC
c rst  geom  stb   vs     3   368     253   838   154    3.36    3.15    95   132    56    79    6.62    5.61
c rst  geom  stb   vs     4   515     253   838   154    3.36    3.15   113   200   117    79    7.45    6.61
c rst  geom  stb   vs     5   676     253   838   154    3.36    3.15   124   278   189    79    7.72    7.05
c rst  geom  stb   vs     6   854     253   838   154    3.36    3.15   143   412   213    80    7.33    6.83
c rst  geom  stb   vs     7  1049     249   838   154    3.36    3.15   201   531   215    94    6.85    6.41
c rst  geom  stb   vs     8  1090     146   576   175    3.08    2.83   128   173    48    91    6.50    5.57
c ------- FINAL TOTAL SEARCH STATS ---------
c UIP search time          : 0.00        (65.31     % time)
c All times are for this thread only except if explicitly specified
c restarts                 : 8           (136.25    confls per restart)
c blocked restarts         : 0           (0.00      per normal restart)
c time                     : 0.00        
c decisions                : 1906        (0.00      % random)
c propagations             : 61K         (13087K    props/s)
c decisions/conflicts      : 1.75        
c conflicts                : 1090        
c LEARNT stats
c units learnt             : 14          (1.28      % of conflicts)
c bins learnt              : 102         (9.36      % of conflicts)
c long learnt              : 973         (89.27     % of conflicts)
c red which0               : 221         (20.28     % of confl)
c SEAMLESS HYPERBIN&TRANS-RED stats
c advProp called           : 0           
c hyper-bin add bin        : 0           (0.00      bin/call)
c trans-red rem irred bin  : 0           (0.00      bin/call)
c trans-red rem red bin    : 0           (0.00      bin/call)
c CONFL LITS stats
c orig                     : 8264        (7.58      lit/confl)
c recurs-min effective     : 728         (66.79     % attempt successful)
c recurs-min lits          : 1456        (17.62     % less overall)
c permDiff call%           : 78.90       (0.00      % attempt successful)
c permDiff lits-rem        : 0           (0.00      less lits/cl on attempts)
c further-min call%        : 0.00        (0.00      % attempt successful)
c bintri-min lits          : 0           (0.00      % less overall)
c final avg                : 6.25        
c all-threads sum CPU time : 0.00         s
c PROP stats
c Mbogo-props              : 0.00        (0.00      / sec)
c MHyper-props             : 0.00        (0.00      / sec)
c Mprops                   : 0.06        (13.09     / sec)
c -------- OccSimplifier STATS ----------
c time                     : 0.00        (0.00      % var-elim)
c called                   : 0           (0.00      s per call)
c 0-depth assigns          : 0           (0.00      % vars)
c -------- OccSimplifier STATS END ----------
c -------- SubsumeStrengthen STATS ----------
c cl-subs                  : 0            Clauses
c cl-str rem lit           : 0            Lits
c cl-sub T                 : 0.00         s
c cl-str T                 : 0.00         s
c -------- SubsumeStrengthen STATS END ----------
c ----- SCC STATS --------
c time                     : 0.00        (0.00      per call)
c called                   : 0           (0.00      new found per call)
c found                    : 0           (0.00      % of all found)
c bogoprops                : 0           % of all found
c ----- SCC STATS END --------
c --------- VAR REPLACE STATS ----------
c time                     : 0.00        (0.00      per call)
c trees' crown             : 0           (0.00      % of vars)
c 0-depth assigns          : 0           (0.00      % vars)
c lits replaced            : 0           
c bin cls removed          : 0           
c long cls removed         : 0           
c long lits removed        : 0           
c bogoprops                : 0           
c --------- VAR REPLACE STATS END ----------
c vrep replace time        : 0.00        (0.00      % time)
c vrep tree roots          : 0           
c vrep trees' crown        : 0           (0.00      leafs/tree)
c -------- DISTILL-BIN STATS --------
c time                     : 0.00        (0.00      per call)
c timed out                : 0           (0.00      % of calls)
c distill/checked/potential: 0          /0/0
c lits-rem                 : 0           
c 0-depth-assigns          : 0           (0.00      % of vars)
c -------- DISTILL STATS END --------
c -------- STRENGTHEN STATS --------
c --> watch-based on irred cls
c time                     : 0.00        (0.00      s/call)
c shrinked/tried/total     : 0          /0/0
c subsumed/tried/total     : 0          /0/0
c lits-rem                 : 0           (0.00      % of lits tried)
c called                   : 0           (0.00      % ran out of time)
c --> watch-based on red cls
c time                     : 0.00        (0.00      s/call)
c shrinked/tried/total     : 0          /0/0
c subsumed/tried/total     : 0          /0/0
c lits-rem                 : 0           (0.00      % of lits tried)
c called                   : 0           (0.00      % ran out of time)
c -------- STRENGTHEN STATS END --------
c -------- IMPLICIT SUB  STATS --------
c time                     : 0.00        (0.00      per call)
c timed out                : 0           (0.00      % of calls)
c rem bins                 : 0           
c -------- IMPLICIT SUB STATS END --------
c Mem used                 : 0           MB
c Mem for longclauses      : 2           MB (0.00      %)
c Mem for watch alloc      : 0           MB (0.00      %)
c Mem for watch array      : 0           MB (0.00      %)
c Mem for assings&vardata  : 0           MB (0.00      %)
c Mem for search&solve     : 0           MB (0.00      %)
c Mem for renumberer       : 0           MB (0.00      %)
c Mem for occsimplifier    : 0           MB (0.00      %)
c Mem for varReplacer&SCC  : 0           MB (0.00      %)
c Mem for impl subsume     : 0           MB (0.00      %)
c Mem for 3 distills       : 0           MB (0.00      %)
c Accounted for mem (rss)  : 0.00        %
c Accounted for mem (vm)   : 0.00        %
c restarts                 : 8           (136.25    confls per restart)
c blocked restarts         : 0           (0.00      per normal restart)
c time                     : 0.00        
c decisions                : 1906        (0.00      % random)
c propagations             : 61K         (13087K    props/s)
c decisions/conflicts      : 1.75        
c conflicts                : 1090        
c conf lits non-minim      : 8264        (7.58      lit/confl)
c conf lits final          : 6.25        
c red which0               : 221         (20.28     % of confl)
c props/decision           : 0.00        
c props/conflict           : 0.00        
c 0-depth assigns          : 194         (57.06     % vars)
c 0-depth assigns by CNF   : 74          (21.76     % vars)
c reduceDB time            : 0.00        (0.00      % time)
c OccSimplifier time       : 0.00        (0.00      % time)
c [occur] 0.00 is overhead
c [occur] link-in T: 0.00 cleanup T: 0.00
c [occ-substr] long subBySub: 0 subByStr: 0 lits-rem-str: 0 T: 0.00
c SCC time                 : 0.00        (0.00      % time)
c [scc] new: 0 BP 0M T: 0.00
c vrep replace time        : 0.00        (0.00      % time)
c vrep tree roots          : 0           
c vrep trees' crown        : 0           (0.00      leafs/tree)
c distill long time        : 0.00        (0.00      % time)
c distill bin time         : 0.00        (0.00      % time)
c strength cache-irred time: 0.00        (0.00      % time)
c strength cache-red time  : 0.00        (0.00      % time)
c avg cls in red 0         : 108.36      
c avg cls in red 1         : 225.30      
c avg cls in red 2         : 116.53      
c Conflicts in UIP         : 1090        (151620.53 confl/time_this_thread)
c Mem used                 : 0.00        MB
c Total time (this thread) : 0.01        
s UNSATISFIABLE

        0.00 real         0.00 user         0.00 sys
             3194880  maximum resident set size
                   0  average shared memory size
                   0  average unshared data size
                   0  average unshared stack size
                 373  page reclaims
                   2  page faults
                   0  swaps
                   0  block input operations
                   0  block output operations
                   0  messages sent
                   0  messages received
                   0  signals received
                   1  voluntary context switches
                  14  involuntary context switches
            71967102  instructions retired
            30097628  cycles elapsed
             1917240  peak memory footprint
