c ---- [ banner ] ------------------------------------------------------------
c
c Kissat SAT Solver
c 
c Copyright (c) 2021-2024 Armin Biere University of Freiburg
c Copyright (c) 2019-2021 Armin Biere Johannes Kepler University Linz
c 
c Version 4.0.4 unknown
c Apple clang version 21.0.0 (clang-2100.1.1.101) -W -Wall -O3 -DNDEBUG
c Sun Aug 30 17:38:25 CST 2026 Darwin djftekiMacBook-Pro.local 25.3.0 arm64
c
c ---- [ proving ] -----------------------------------------------------------
c
c opened and writing proof to DRAT file:
c
c   /Users/djf/develop/CS/Turing/Turing1/morphosat_research/proofs/layer_d_random_reordered_parity.n16.s9.u.kissat.default.drat
c
c ---- [ parsing ] -----------------------------------------------------------
c
c opened and reading DIMACS file:
c
c   /Users/djf/develop/CS/Turing/Turing1/morphosat_research/instances/separation_v0.2/layer_d_random_reordered_parity.n16.s9.u.cnf
c
c parsed 'p cnf 24 64' header
c closing input after reading 817 bytes
c finished parsing after 0.00 seconds
c
c ---- [ solving ] -----------------------------------------------------------
c
c seconds switched rate     size/glue tier1 binary   remaining
c        MB reductions conflicts size  tier2 irredundant
c         level restarts redundant glue  trail   variables
c
c *  0.00  2 0 0 0  0 0   0   0 0.0 0 0 0 0 0%   0 64 24 100%
c (  0.00  2 0 0 0  0 0   0   0 0.0 0 0 0 0 0%   0 64 24 100%
c .  0.00  2 0 0 0  0 0   0   0 0.0 0 0 0 0 0%   0 64 24 100%
c )  0.00  2 0 0 0  0 0   0   0 0.0 0 0 0 0 0%   0 64 24 100%
c {  0.00  2 0 0 0  0 0   0   0 0.0 0 0 2 6 0%   0 64 24 100%
c i  0.00  2 5 0 0  0 1  95  40 1.9 5 3 3 4 75%   4 64 23 96%
c i  0.00  2 5 0 0  0 1 123  49 1.9 5 3 3 4 74%   7 64 22 92%
c i  0.00  2 4 0 0  0 1 142  55 1.9 5 2 2 4 74%  11 64 21 88%
c i  0.00  2 4 0 0  0 1 147  55 1.9 4 2 2 4 73%  12 64 20 83%
c }  0.00  2 4 0 0  0 1 149  55 1.9 4 2 2 4 73%  12 64 14 58%
c 0  0.00  2 4 0 0  0 1 149  55 1.9 4 2 2 4 73%  12 64 14 58%
c
c ---- [ result ] ------------------------------------------------------------
c
s UNSATISFIABLE
c
c ---- [ profiling ] ---------------------------------------------------------
c
c           0.00   29.10 %  preprocess
c           0.00   27.18 %  probe
c           0.00   21.54 %  search
c           0.00   21.41 %  focused
c           0.00   18.21 %  sweep
c           0.00    4.23 %  congruence
c           0.00    3.46 %  parse
c           0.00    2.69 %  factor
c           0.00    2.31 %  lucky
c           0.00    0.64 %  substitute
c           0.00    0.51 %  backbone
c           0.00    0.00 %  simplify
c =============================================
c           0.00  100.00 %  total
c
c ---- [ statistics ] --------------------------------------------------------
c
c conflicts:                              149            64923.75 per second
c decisions:                              119                0.80 per conflict
c iterations:                               5               21 %  variables
c propagations:                          1024           446187    per second
c switched:                                 0                0    interval
c
c ---- [ glue usage ] --------------------------------------------------------
c
c focused glue 2 used 74 clauses 48.05% accumulated 56.49% tier1
c focused glue 3 used 46 clauses 29.87% accumulated 86.36%
c focused glue 4 used 17 clauses 11.04% accumulated 97.40% tier2
c
c ---- [ resources ] ---------------------------------------------------------
c
c maximum-resident-set-size:       2080374784 bytes       1984 MB
c process-time:                                              0.00 seconds
c
c ---- [ shutting down ] -----------------------------------------------------
c
c exit 20

        0.00 real         0.00 user         0.00 sys
             2031616  maximum resident set size
                   0  average shared memory size
                   0  average unshared data size
                   0  average unshared stack size
                 287  page reclaims
                   1  page faults
                   0  swaps
                   0  block input operations
                   0  block output operations
                   0  messages sent
                   0  messages received
                   0  signals received
                   0  voluntary context switches
                  10  involuntary context switches
            18025659  instructions retired
             9312246  cycles elapsed
             1311008  peak memory footprint
