c ---- [ banner ] ------------------------------------------------------------
c
c Kissat SAT Solver
c 
c Copyright (c) 2021-2024 Armin Biere University of Freiburg
c Copyright (c) 2019-2021 Armin Biere Johannes Kepler University Linz
c 
c Version 4.0.4 unknown
c Apple clang version 21.0.0 (clang-2100.1.1.101) -W -Wall -O3 -DNDEBUG
c Sun Aug 30 17:38:25 CST 2026 Darwin djftekiMacBook-Pro.local 25.3.0 arm64
c
c ---- [ proving ] -----------------------------------------------------------
c
c opened and writing proof to DRAT file:
c
c   /Users/djf/develop/CS/Turing/Turing1/morphosat_research/proofs/layer_d_random_reordered_parity.n16.s2.u.kissat.default.drat
c
c ---- [ parsing ] -----------------------------------------------------------
c
c opened and reading DIMACS file:
c
c   /Users/djf/develop/CS/Turing/Turing1/morphosat_research/instances/separation_v0.2/layer_d_random_reordered_parity.n16.s2.u.cnf
c
c parsed 'p cnf 24 64' header
c closing input after reading 817 bytes
c finished parsing after 0.00 seconds
c
c ---- [ solving ] -----------------------------------------------------------
c
c seconds switched rate     size/glue tier1 binary   remaining
c        MB reductions conflicts size  tier2 irredundant
c         level restarts redundant glue  trail   variables
c
c *  0.00  2 0 0 0  0 0   0   0 0.0 0 0 0 0 0%   0 64 24 100%
c (  0.00  2 0 0 0  0 0   0   0 0.0 0 0 0 0 0%   0 64 24 100%
c .  0.00  2 0 0 0  0 0   0   0 0.0 0 0 0 0 0%   0 64 24 100%
c )  0.00  2 0 0 0  0 0   0   0 0.0 0 0 0 0 0%   0 64 24 100%
c {  0.00  2 0 0 0  0 0   0   0 0.0 0 0 2 6 0%   0 64 24 100%
c i  0.00  2 5 0 0  0 1 283 123 2.0 6 3 3 5 85%   7 63 23 96%
c i  0.00  2 5 0 0  0 1 316 124 1.9 6 3 3 5 83%   8 63 22 92%
c }  0.00  2 5 0 0  0 1 318 124 1.9 6 3 3 5 82%   8 63 18 75%
c 0  0.00  2 5 0 0  0 1 318 124 1.9 6 3 3 5 82%   8 63 18 75%
c
c ---- [ result ] ------------------------------------------------------------
c
s UNSATISFIABLE
c
c ---- [ profiling ] ---------------------------------------------------------
c
c           0.00   33.82 %  search
c           0.00   33.58 %  focused
c           0.00   27.82 %  preprocess
c           0.00   26.47 %  probe
c           0.00   17.03 %  sweep
c           0.00    4.17 %  congruence
c           0.00    3.06 %  parse
c           0.00    2.33 %  factor
c           0.00    2.21 %  lucky
c           0.00    1.72 %  backbone
c           0.00    0.49 %  substitute
c           0.00    0.00 %  simplify
c =============================================
c           0.00  100.00 %  total
c
c ---- [ statistics ] --------------------------------------------------------
c
c conflicts:                              318           146476.28 per second
c decisions:                              194                0.61 per conflict
c iterations:                               3               12 %  variables
c propagations:                          1459           672041    per second
c switched:                                 0                0    interval
c
c ---- [ glue usage ] --------------------------------------------------------
c
c focused glue 3 used 158 clauses 36.83% accumulated 68.30% tier1
c focused glue 4 used  95 clauses 22.14% accumulated 90.44% tier2
c
c ---- [ resources ] ---------------------------------------------------------
c
c maximum-resident-set-size:       2113929216 bytes       2016 MB
c process-time:                                              0.00 seconds
c
c ---- [ shutting down ] -----------------------------------------------------
c
c exit 20

        0.00 real         0.00 user         0.00 sys
             2064384  maximum resident set size
                   0  average shared memory size
                   0  average unshared data size
                   0  average unshared stack size
                 289  page reclaims
                   1  page faults
                   0  swaps
                   0  block input operations
                   0  block output operations
                   0  messages sent
                   0  messages received
                   0  signals received
                   0  voluntary context switches
                   4  involuntary context switches
            19470532  instructions retired
             9357817  cycles elapsed
             1343776  peak memory footprint
