c --- [ banner ] -------------------------------------------------------------
c 
c CaDiCaL SAT Solver
c Copyright (c) 2016-2026
c A. Biere, M. Fleury, N. Froleyks, K. Fazekas, F. Pollitt, T. Faller
c JKU Linz, University of Freiburg, TU Wien
c 
c Version 3.0.1 6f2b1a38e26bb3cddb49c89c64d419c1d6a16ecb
c Apple clang version 21.0.0 (clang-2100.1.1.101) -Wall -Wextra -O3 -DNDEBUG -DNCLOSEFROM
c Sun Aug 30 17:38:15 CST 2026 Darwin djftekiMacBook-Pro.local 25.3.0 arm64
c 
c --- [ proof tracing ] ------------------------------------------------------
c 
c opening file to write '/Users/djf/develop/CS/Turing/Turing1/morphosat_research/proofs/layer_d_random_reordered_parity.n16.s5.u.cadical.default.drat'
c writing non-binary proof trace to '/Users/djf/develop/CS/Turing/Turing1/morphosat_research/proofs/layer_d_random_reordered_parity.n16.s5.u.cadical.default.drat'
c 
c --- [ parsing input ] ------------------------------------------------------
c 
c reading DIMACS file from '/Users/djf/develop/CS/Turing/Turing1/morphosat_research/instances/separation_v0.2/layer_d_random_reordered_parity.n16.s5.u.cnf'
c opening file to read '/Users/djf/develop/CS/Turing/Turing1/morphosat_research/instances/separation_v0.2/layer_d_random_reordered_parity.n16.s5.u.cnf'
c found 'p cnf 24 64' header
c parsed 64 clauses in 0.00 seconds process time
c 
c --- [ options ] ------------------------------------------------------------
c 
c   --binary=false                 (different from default 'true')
c 
c --- [ solving ] ------------------------------------------------------------
c 
c time measured in process time since initialization
c 
c  seconds  reduction conflicts       size tier2     variables
c         MB    restarts   redundant    glue  trail      remaining
c          level     rate       size/glu tier1 irredundant
c 
c *  0.00  0  0 0   0  0    0    0 0.0 0 0 2 6  0%   64  24 100%
c )  0.00  0  0 0   0  0    0    0 0.0 0 0 2 6  0%   64  24 100%
c {  0.00  0  0 0   0  0    0    0 0.0 0 0 2 6  0%   64  24 100%
c i  0.00  0  4 0   0  1   94   44 1.9 5 3 2 6 79%   64  23 96%
c i  0.00  0  4 0   0  1  114   53 1.9 5 2 2 6 76%   64  22 92%
c i  0.00  0  4 0   0  1  128   60 1.9 4 2 2 6 76%   64  21 88%
c i  0.00  0  4 0   0  1  132   62 1.9 4 2 2 6 74%   64  20 83%
c }  0.00  0  4 0   0  1  134   62 1.9 4 2 2 6 74%   64  17 71%
c 0  0.00  0  4 0   0  1  134   62 1.9 4 2 2 6 74%   64  17 71%
c 
c --- [ closing proof ] ------------------------------------------------------
c 
c DRAT proof file '/Users/djf/develop/CS/Turing/Turing1/morphosat_research/proofs/layer_d_random_reordered_parity.n16.s5.u.cadical.default.drat' closed
c DRAT 136 added clauses 67.33%
c DRAT 66 deleted clauses 32.67%
c DRAT 3548 bytes (0.00 MB)
c 
c --- [ result ] -------------------------------------------------------------
c 
s UNSATISFIABLE
c 
c --- [ run-time profiling ] -------------------------------------------------
c 
c process time taken by individual solving procedures
c (percentage relative to process time for solving)
c 
c         0.00   86.90% search
c         0.00   74.67% unstable
c         0.00   18.78% parse
c         0.00    8.73% lucky
c         0.00    0.00% simplify
c   =================================
c         0.00   40.25% solve
c 
c last line shows process time for solving
c (percentage relative to total process time)
c 
c --- [ statistics ] ---------------------------------------------------------
c 
c chronological:                39        29.10 %  of conflicts
c conflicts:                   134    585152.84    per second
c decisions:                   139    606986.90    per second
c fixed:                         7        29.17 %  of all variables
c learned:                      84        62.69 %  per conflict
c learned_lits:                419       100.00 %  learned literals
c minimized:                     0         0.00 %  learned literals
c shrunken:                     59        14.08 %  learned literals
c minishrunken:                  0         0.00 %  learned literals
c otfs:                         49        36.57 %  of conflict
c propagations:                695         3.03 M  per second
c subsumed:                     17        11.89 %  of all clauses
c strengthened:                 49        34.27 %  of all clauses
c ticks:                      3668         5.28    propagation
c 
c seconds are measured in process time for solving
c 
c --- [ glue usage ] ---------------------------------------------------------
c 
c focused glue 2 used 65 clauses 39.87% accumulated 63.19% tier1
c focused glue 3 used 35 clauses 21.47% accumulated 84.66% tier2
c 
c stable glue 2 used 0 clauses 0.000% accumulated 0.000% tier1
c stable glue 3 used 0 clauses 0.000% accumulated 0.000%
c stable glue 4 used 0 clauses 0.000% accumulated 0.000%
c stable glue 5 used 0 clauses 0.000% accumulated 0.000%
c stable glue 6 used 0 clauses 0.000% accumulated 0.000% tier2
c 
c 
c --- [ resources ] ----------------------------------------------------------
c 
c total process time since initialization:         0.00    seconds
c total real time since initialization:            0.00    seconds
c maximum resident set size of process:            2.27    MB
c 
c --- [ shutting down ] ------------------------------------------------------
c 
c exit 20

        0.00 real         0.00 user         0.00 sys
             2375680  maximum resident set size
                   0  average shared memory size
                   0  average unshared data size
                   0  average unshared stack size
                 309  page reclaims
                   1  page faults
                   0  swaps
                   0  block input operations
                   0  block output operations
                   0  messages sent
                   0  messages received
                   0  signals received
                   0  voluntary context switches
                  11  involuntary context switches
            20375699  instructions retired
            10450584  cycles elapsed
             1114400  peak memory footprint
