c --- [ banner ] -------------------------------------------------------------
c 
c CaDiCaL SAT Solver
c Copyright (c) 2016-2026
c A. Biere, M. Fleury, N. Froleyks, K. Fazekas, F. Pollitt, T. Faller
c JKU Linz, University of Freiburg, TU Wien
c 
c Version 3.0.1 6f2b1a38e26bb3cddb49c89c64d419c1d6a16ecb
c Apple clang version 21.0.0 (clang-2100.1.1.101) -Wall -Wextra -O3 -DNDEBUG -DNCLOSEFROM
c Sun Aug 30 17:38:15 CST 2026 Darwin djftekiMacBook-Pro.local 25.3.0 arm64
c 
c --- [ proof tracing ] ------------------------------------------------------
c 
c opening file to write '/Users/djf/develop/CS/Turing/Turing1/morphosat_research/proofs/layer_b_heterogeneous_tseitin.n8.s0.u.cadical.default.drat'
c writing non-binary proof trace to '/Users/djf/develop/CS/Turing/Turing1/morphosat_research/proofs/layer_b_heterogeneous_tseitin.n8.s0.u.cadical.default.drat'
c 
c --- [ parsing input ] ------------------------------------------------------
c 
c reading DIMACS file from '/Users/djf/develop/CS/Turing/Turing1/morphosat_research/instances/separation_v0.2/layer_b_heterogeneous_tseitin.n8.s0.u.cnf'
c opening file to read '/Users/djf/develop/CS/Turing/Turing1/morphosat_research/instances/separation_v0.2/layer_b_heterogeneous_tseitin.n8.s0.u.cnf'
c found 'p cnf 70 248' header
c parsed 248 clauses in 0.00 seconds process time
c 
c --- [ options ] ------------------------------------------------------------
c 
c   --binary=false                 (different from default 'true')
c 
c --- [ solving ] ------------------------------------------------------------
c 
c time measured in process time since initialization
c 
c  seconds  reduction conflicts       size tier2     variables
c         MB    restarts   redundant    glue  trail      remaining
c          level     rate       size/glu tier1 irredundant
c 
c *  0.00  0  0 0   0  0    0    0 0.0 0 0 2 6  0%  210  58 83%
c )  0.00  0  0 0   0  0    0    0 0.0 0 0 2 6  0%  210  58 83%
c {  0.00  0  0 0   0  0    0    0 0.0 0 0 2 6  0%  210  58 83%
c i  0.00  0  5 0   0  1   36   18 1.7 3 2 2 6 75%  203  57 81%
c i  0.00  0  4 0   0  1   55   31 1.7 3 2 2 6 78%  203  56 80%
c i  0.00  0  4 0   0  1   56   31 1.7 3 2 2 6 77%  203  54 77%
c }  0.00  0  4 0   0  1   61   33 1.8 3 2 2 6 77%  203  50 71%
c 0  0.00  0  4 0   0  1   61   33 1.8 3 2 2 6 77%  203  50 71%
c 
c --- [ closing proof ] ------------------------------------------------------
c 
c DRAT proof file '/Users/djf/develop/CS/Turing/Turing1/morphosat_research/proofs/layer_b_heterogeneous_tseitin.n8.s0.u.cadical.default.drat' closed
c DRAT 79 added clauses 53.02%
c DRAT 70 deleted clauses 46.98%
c DRAT 1956 bytes (0.00 MB)
c 
c --- [ result ] -------------------------------------------------------------
c 
s UNSATISFIABLE
c 
c --- [ run-time profiling ] -------------------------------------------------
c 
c process time taken by individual solving procedures
c (percentage relative to process time for solving)
c 
c         0.00   85.71% search
c         0.00   69.29% unstable
c         0.00   47.86% parse
c         0.00   11.43% lucky
c         0.00    0.00% simplify
c   =================================
c         0.00   32.00% solve
c 
c last line shows process time for solving
c (percentage relative to total process time)
c 
c --- [ statistics ] ---------------------------------------------------------
c 
c chronological:                23        37.70 %  of conflicts
c conflicts:                    61    217857.14    per second
c decisions:                    73    260714.29    per second
c fixed:                        20        28.57 %  of all variables
c learned:                      41        67.21 %  per conflict
c learned_lits:                152       100.00 %  learned literals
c minimized:                     0         0.00 %  learned literals
c shrunken:                     29        19.08 %  learned literals
c minishrunken:                  5         3.29 %  learned literals
c otfs:                         25        40.98 %  of conflict
c propagations:                860         3.07 M  per second
c subsumed:                     18         7.29 %  of all clauses
c strengthened:                 18         7.29 %  of all clauses
c ticks:                      3903         4.54    propagation
c 
c seconds are measured in process time for solving
c 
c --- [ glue usage ] ---------------------------------------------------------
c 
c focused glue 2 used 38 clauses 46.34% accumulated 93.90% tier1
c focused glue 3 used 4 clauses 4.878% accumulated 98.78% tier2
c 
c stable glue 2 used 0 clauses 0.000% accumulated 0.000% tier1
c stable glue 3 used 0 clauses 0.000% accumulated 0.000%
c stable glue 4 used 0 clauses 0.000% accumulated 0.000%
c stable glue 5 used 0 clauses 0.000% accumulated 0.000%
c stable glue 6 used 0 clauses 0.000% accumulated 0.000% tier2
c 
c 
c --- [ resources ] ----------------------------------------------------------
c 
c total process time since initialization:         0.00    seconds
c total real time since initialization:            0.00    seconds
c maximum resident set size of process:            2.34    MB
c 
c --- [ shutting down ] ------------------------------------------------------
c 
c exit 20

        0.00 real         0.00 user         0.00 sys
             2457600  maximum resident set size
                   0  average shared memory size
                   0  average unshared data size
                   0  average unshared stack size
                 314  page reclaims
                   1  page faults
                   0  swaps
                   0  block input operations
                   0  block output operations
                   0  messages sent
                   0  messages received
                   0  signals received
                   0  voluntary context switches
                   7  involuntary context switches
            20531973  instructions retired
             9803166  cycles elapsed
             1196320  peak memory footprint
