c ---- [ banner ] ------------------------------------------------------------
c
c Kissat SAT Solver
c 
c Copyright (c) 2021-2024 Armin Biere University of Freiburg
c Copyright (c) 2019-2021 Armin Biere Johannes Kepler University Linz
c 
c Version 4.0.4 unknown
c Apple clang version 21.0.0 (clang-2100.1.1.101) -W -Wall -O3 -DNDEBUG
c Sun Aug 30 17:38:25 CST 2026 Darwin djftekiMacBook-Pro.local 25.3.0 arm64
c
c ---- [ proving ] -----------------------------------------------------------
c
c opened and writing proof to DRAT file:
c
c   /Users/djf/develop/CS/Turing/Turing1/morphosat_research/proofs/layer_a_v01_regression.n8.s2.u.kissat.default.drat
c
c ---- [ parsing ] -----------------------------------------------------------
c
c opened and reading DIMACS file:
c
c   /Users/djf/develop/CS/Turing/Turing1/morphosat_research/instances/separation_v0.2/layer_a_v01_regression.n8.s2.u.cnf
c
c parsed 'p cnf 76 184' header
c closing input after reading 1813 bytes (2 KB)
c finished parsing after 0.00 seconds
c
c ---- [ solving ] -----------------------------------------------------------
c
c seconds switched rate     size/glue tier1 binary   remaining
c        MB reductions conflicts size  tier2 irredundant
c         level restarts redundant glue  trail   variables
c
c *  0.00  2 0 0 0  0 0   0   0 0.0 0 0 0 0 0% 114 41 59 78%
c (  0.00  2 0 0 0  0 0   0   0 0.0 0 0 0 0 0% 114 41 59 78%
c .  0.00  2 0 0 0  0 0   0   0 0.0 0 0 0 0 0% 105 34 59 78%
c c  0.00  2 0 0 0  0 0   0   0 0.0 0 0 0 0 0% 105 34 43 57%
c d  0.00  2 0 0 0  0 0   0   0 0.0 0 0 0 0 0%  48 24 28 37%
c )  0.00  2 0 0 0  0 0   0   0 0.0 0 0 0 0 0%  48 24 28 37%
c {  0.00  2 0 0 0  0 0   0   0 0.0 0 0 2 6 0%  48 24 28 37%
c i  0.00  2 4 0 0  0 1  23  14 2.1 4 2 2 6 96%  53 24 18 24%
c i  0.00  2 4 0 0  0 1  24  14 2.1 4 2 2 6 97%  53 24 12 16%
c }  0.00  2 4 0 0  0 1  26  14 2.1 4 2 2 6 97%  53 24  0 0%
c 0  0.00  2 4 0 0  0 1  26  14 2.1 4 2 2 6 97%  53 24  0 0%
c
c ---- [ result ] ------------------------------------------------------------
c
s UNSATISFIABLE
c
c ---- [ profiling ] ---------------------------------------------------------
c
c           0.00   40.59 %  preprocess
c           0.00   37.42 %  probe
c           0.00   21.66 %  sweep
c           0.00    8.75 %  search
c           0.00    8.53 %  focused
c           0.00    8.21 %  congruence
c           0.00    6.24 %  parse
c           0.00    3.72 %  substitute
c           0.00    3.06 %  lucky
c           0.00    2.30 %  factor
c           0.00    0.55 %  backbone
c           0.00    0.00 %  simplify
c =============================================
c           0.00  100.00 %  total
c
c ---- [ statistics ] --------------------------------------------------------
c
c conflicts:                               26             9097.27 per second
c congruent:                               16               21 %  variables
c decisions:                               29                1.12 per conflict
c iterations:                               3                4 %  variables
c propagations:                           948           331700    per second
c substituted:                             31               41 %  variables
c switched:                                 0                0    interval
c
c ---- [ glue usage ] --------------------------------------------------------
c
c focused glue 2 used 8 clauses 40.00% accumulated 65.00% tier1
c focused glue 3 used 7 clauses 35.00% accumulated 100.00% tier2
c
c ---- [ resources ] ---------------------------------------------------------
c
c maximum-resident-set-size:       2063597568 bytes       1968 MB
c process-time:                                              0.00 seconds
c
c ---- [ shutting down ] -----------------------------------------------------
c
c exit 20

        0.00 real         0.00 user         0.00 sys
             2015232  maximum resident set size
                   0  average shared memory size
                   0  average unshared data size
                   0  average unshared stack size
                 286  page reclaims
                   1  page faults
                   0  swaps
                   0  block input operations
                   0  block output operations
                   0  messages sent
                   0  messages received
                   0  signals received
                   1  voluntary context switches
                  10  involuntary context switches
            18135573  instructions retired
             9718860  cycles elapsed
             1294624  peak memory footprint
