c --- [ banner ] -------------------------------------------------------------
c 
c CaDiCaL SAT Solver
c Copyright (c) 2016-2026
c A. Biere, M. Fleury, N. Froleyks, K. Fazekas, F. Pollitt, T. Faller
c JKU Linz, University of Freiburg, TU Wien
c 
c Version 3.0.1 6f2b1a38e26bb3cddb49c89c64d419c1d6a16ecb
c Apple clang version 21.0.0 (clang-2100.1.1.101) -Wall -Wextra -O3 -DNDEBUG -DNCLOSEFROM
c Sun Aug 30 17:38:15 CST 2026 Darwin djftekiMacBook-Pro.local 25.3.0 arm64
c 
c --- [ proof tracing ] ------------------------------------------------------
c 
c opening file to write '/Users/djf/develop/CS/Turing/Turing1/morphosat_research/proofs/layer_c_heterogeneous_tseitin.n4.s9.s.cadical.bve_off.drat'
c writing non-binary proof trace to '/Users/djf/develop/CS/Turing/Turing1/morphosat_research/proofs/layer_c_heterogeneous_tseitin.n4.s9.s.cadical.bve_off.drat'
c 
c --- [ parsing input ] ------------------------------------------------------
c 
c reading DIMACS file from '/Users/djf/develop/CS/Turing/Turing1/morphosat_research/instances/separation_v0.2/layer_c_heterogeneous_tseitin.n4.s9.s.cnf'
c opening file to read '/Users/djf/develop/CS/Turing/Turing1/morphosat_research/instances/separation_v0.2/layer_c_heterogeneous_tseitin.n4.s9.s.cnf'
c found 'p cnf 337 444' header
c parsed 444 clauses in 0.00 seconds process time
c 
c --- [ options ] ------------------------------------------------------------
c 
c   --binary=false                 (different from default 'true')
c   --elim=false                   (different from default 'true')
c 
c --- [ solving ] ------------------------------------------------------------
c 
c time measured in process time since initialization
c 
c  seconds  reduction conflicts       size tier2     variables
c         MB    restarts   redundant    glue  trail      remaining
c          level     rate       size/glu tier1 irredundant
c 
c *  0.00  0  0 0   0  0    0    0 0.0 0 0 2 6  0%  219  32  9%
c l  0.00  0  0 0   0  0    0    0 0.0 1 0 2 6 91%  219  30  9%
c 1  0.00  0  0 0   0  0    0    0 0.0 1 0 2 6 91%  219  30  9%
c 
c --- [ closing proof ] ------------------------------------------------------
c 
c DRAT proof file '/Users/djf/develop/CS/Turing/Turing1/morphosat_research/proofs/layer_c_heterogeneous_tseitin.n4.s9.s.cadical.bve_off.drat' closed
c DRAT 204 added clauses 62.58%
c DRAT 122 deleted clauses 37.42%
c DRAT 3724 bytes (0.00 MB)
c 
c --- [ result ] -------------------------------------------------------------
c 
s SATISFIABLE
v -1 2 3 -4 -5 6 7 8 9 10 11 -12 13 -14 15 -16 17 -18 -19 -20 -21 -22 -23 -24
v 25 26 27 28 -29 -30 31 32 33 34 -35 -36 -37 38 39 40 41 42 43 44 45 46 47 48
v 49 -50 51 52 53 54 55 -56 57 -58 -59 60 -61 -62 63 -64 -65 -66 -67 -68 69
v -70 -71 72 -73 -74 -75 76 77 78 79 -80 81 -82 -83 84 85 -86 -87 -88 -89 90
v 91 -92 -93 94 -95 -96 -97 -98 -99 -100 101 102 -103 104 -105 -106 107 -108
v 109 110 -111 112 -113 -114 -115 116 -117 -118 119 120 -121 -122 -123 124 125
v 126 -127 -128 -129 -130 -131 -132 133 134 135 -136 -137 138 -139 -140 141
v -142 143 -144 145 146 -147 148 149 150 -151 152 -153 154 -155 -156 -157 -158
v -159 -160 161 -162 163 164 -165 -166 -167 168 169 170 -171 -172 -173 -174
v 175 -176 -177 178 -179 -180 181 182 -183 -184 -185 -186 187 -188 189 190 191
v -192 193 -194 -195 -196 197 -198 199 -200 201 -202 -203 204 205 206 207 208
v 209 -210 211 -212 -213 -214 -215 216 -217 218 -219 -220 -221 -222 -223 224
v 225 -226 227 228 229 230 231 -232 233 -234 -235 236 237 -238 -239 240 241
v 242 243 -244 -245 246 247 -248 249 250 251 252 253 -254 255 256 -257 258
v -259 260 261 262 -263 264 -265 -266 -267 -268 269 270 -271 -272 -273 -274
v 275 276 277 278 -279 280 -281 -282 -283 284 -285 -286 -287 288 289 -290 -291
v 292 293 294 -295 296 -297 298 -299 300 -301 -302 303 304 -305 -306 -307 -308
v 309 310 -311 312 -313 314 -315 316 -317 -318 -319 -320 -321 -322 323 -324
v -325 -326 -327 -328 -329 -330 331 332 -333 -334 335 336 -337 0
c 
c --- [ run-time profiling ] -------------------------------------------------
c 
c process time taken by individual solving procedures
c (percentage relative to process time for solving)
c 
c         0.00  278.57% parse
c         0.00   42.86% search
c         0.00   40.00% lucky
c         0.00    0.00% simplify
c   =================================
c         0.00   10.04% solve
c 
c last line shows process time for solving
c (percentage relative to total process time)
c 
c --- [ statistics ] ---------------------------------------------------------
c 
c fixed:                       307        91.10 %  of all variables
c lucky:                         1       100.00 %  of tried
c learned_lits:                  1       100.00 %  learned literals
c minimized:                     0         0.00 %  learned literals
c shrunken:                      0         0.00 %  learned literals
c minishrunken:                  0         0.00 %  learned literals
c propagations:                305         4.36 M  per second
c ticks:                       652         2.14    propagation
c 
c seconds are measured in process time for solving
c 
c --- [ glue usage ] ---------------------------------------------------------
c 
c focused glue 2 used 0 clauses 0.000% accumulated 0.000% tier1
c focused glue 3 used 0 clauses 0.000% accumulated 0.000%
c focused glue 4 used 0 clauses 0.000% accumulated 0.000%
c focused glue 5 used 0 clauses 0.000% accumulated 0.000%
c focused glue 6 used 0 clauses 0.000% accumulated 0.000% tier2
c 
c stable glue 2 used 0 clauses 0.000% accumulated 0.000% tier1
c stable glue 3 used 0 clauses 0.000% accumulated 0.000%
c stable glue 4 used 0 clauses 0.000% accumulated 0.000%
c stable glue 5 used 0 clauses 0.000% accumulated 0.000%
c stable glue 6 used 0 clauses 0.000% accumulated 0.000% tier2
c 
c 
c --- [ resources ] ----------------------------------------------------------
c 
c total process time since initialization:         0.00    seconds
c total real time since initialization:            0.00    seconds
c maximum resident set size of process:            2.42    MB
c 
c --- [ shutting down ] ------------------------------------------------------
c 
c exit 10

        0.00 real         0.00 user         0.00 sys
             2539520  maximum resident set size
                   0  average shared memory size
                   0  average unshared data size
                   0  average unshared stack size
                 319  page reclaims
                   1  page faults
                   0  swaps
                   0  block input operations
                   0  block output operations
                   0  messages sent
                   0  messages received
                   0  signals received
                   1  voluntary context switches
                  20  involuntary context switches
            20294052  instructions retired
            10372421  cycles elapsed
             1294624  peak memory footprint
