c --- [ banner ] -------------------------------------------------------------
c 
c CaDiCaL SAT Solver
c Copyright (c) 2016-2026
c A. Biere, M. Fleury, N. Froleyks, K. Fazekas, F. Pollitt, T. Faller
c JKU Linz, University of Freiburg, TU Wien
c 
c Version 3.0.1 6f2b1a38e26bb3cddb49c89c64d419c1d6a16ecb
c Apple clang version 21.0.0 (clang-2100.1.1.101) -Wall -Wextra -O3 -DNDEBUG -DNCLOSEFROM
c Sun Aug 30 17:38:15 CST 2026 Darwin djftekiMacBook-Pro.local 25.3.0 arm64
c 
c --- [ proof tracing ] ------------------------------------------------------
c 
c opening file to write '/Users/djf/develop/CS/Turing/Turing1/morphosat_research/proofs/layer_b_heterogeneous_tseitin.n8.s8.u.cadical.default.drat'
c writing non-binary proof trace to '/Users/djf/develop/CS/Turing/Turing1/morphosat_research/proofs/layer_b_heterogeneous_tseitin.n8.s8.u.cadical.default.drat'
c 
c --- [ parsing input ] ------------------------------------------------------
c 
c reading DIMACS file from '/Users/djf/develop/CS/Turing/Turing1/morphosat_research/instances/separation_v0.2/layer_b_heterogeneous_tseitin.n8.s8.u.cnf'
c opening file to read '/Users/djf/develop/CS/Turing/Turing1/morphosat_research/instances/separation_v0.2/layer_b_heterogeneous_tseitin.n8.s8.u.cnf'
c found 'p cnf 71 250' header
c parsed 250 clauses in 0.00 seconds process time
c 
c --- [ options ] ------------------------------------------------------------
c 
c   --binary=false                 (different from default 'true')
c 
c --- [ solving ] ------------------------------------------------------------
c 
c time measured in process time since initialization
c 
c  seconds  reduction conflicts       size tier2     variables
c         MB    restarts   redundant    glue  trail      remaining
c          level     rate       size/glu tier1 irredundant
c 
c *  0.00  0  0 0   0  0    0    0 0.0 0 0 2 6  0%  220  60 85%
c )  0.00  0  0 0   0  0    0    0 0.0 0 0 2 6  0%  220  60 85%
c {  0.00  0  0 0   0  0    0    0 0.0 0 0 2 6  0%  220  60 85%
c i  0.00  0  6 0   0  5    2    0 0.0 1 0 2 6 49%  220  58 82%
c i  0.00  0  6 0   1  4    4    0 0.0 1 0 2 6 62%  219  56 79%
c i  0.00  0  5 0   1  1   43   19 1.6 3 2 2 6 84%  214  53 75%
c i  0.00  0  4 0   1  1   53   25 1.7 3 2 2 6 85%  214  52 73%
c i  0.00  0  4 0   1  1   57   27 1.7 3 1 2 6 86%  213  34 48%
c i  0.00  0  4 0   1  1   58   27 1.8 3 1 2 6 86%  213  32 45%
c }  0.00  0  4 0   1  1   60   27 1.8 3 1 2 6 86%  213   9 13%
c 0  0.00  0  4 0   1  1   60   27 1.8 3 1 2 6 86%  213   9 13%
c 
c --- [ closing proof ] ------------------------------------------------------
c 
c DRAT proof file '/Users/djf/develop/CS/Turing/Turing1/morphosat_research/proofs/layer_b_heterogeneous_tseitin.n8.s8.u.cadical.default.drat' closed
c DRAT 117 added clauses 64.64%
c DRAT 64 deleted clauses 35.36%
c DRAT 2017 bytes (0.00 MB)
c 
c --- [ result ] -------------------------------------------------------------
c 
s UNSATISFIABLE
c 
c --- [ run-time profiling ] -------------------------------------------------
c 
c process time taken by individual solving procedures
c (percentage relative to process time for solving)
c 
c         0.00   87.83% search
c         0.00   68.78% unstable
c         0.00   41.80% parse
c         0.00   15.34% lucky
c         0.00    0.00% simplify
c   =================================
c         0.00   37.06% solve
c 
c last line shows process time for solving
c (percentage relative to total process time)
c 
c --- [ statistics ] ---------------------------------------------------------
c 
c chronological:                13        21.67 %  of conflicts
c conflicts:                    60    317460.32    per second
c decisions:                    65    343915.34    per second
c fixed:                        62        87.32 %  of all variables
c learned:                      40        66.67 %  per conflict
c learned_lits:                124       100.00 %  learned literals
c minimized:                     0         0.00 %  learned literals
c shrunken:                     23        18.55 %  learned literals
c minishrunken:                  0         0.00 %  learned literals
c otfs:                         24        40.00 %  of conflict
c propagations:               1067         5.65 M  per second
c restarts:                      1        60.00    interval
c subsumed:                     20         7.91 %  of all clauses
c strengthened:                 17         6.72 %  of all clauses
c ticks:                      4646         4.35    propagation
c 
c seconds are measured in process time for solving
c 
c --- [ glue usage ] ---------------------------------------------------------
c 
c focused glue 1 used 57 clauses 69.51% accumulated 69.51% tier1
c focused glue 2 used 20 clauses 24.39% accumulated 93.90% tier2
c 
c stable glue 2 used 0 clauses 0.000% accumulated 0.000% tier1
c stable glue 3 used 0 clauses 0.000% accumulated 0.000%
c stable glue 4 used 0 clauses 0.000% accumulated 0.000%
c stable glue 5 used 0 clauses 0.000% accumulated 0.000%
c stable glue 6 used 0 clauses 0.000% accumulated 0.000% tier2
c 
c 
c --- [ resources ] ----------------------------------------------------------
c 
c total process time since initialization:         0.00    seconds
c total real time since initialization:            0.00    seconds
c maximum resident set size of process:            2.36    MB
c 
c --- [ shutting down ] ------------------------------------------------------
c 
c exit 20

        0.00 real         0.00 user         0.00 sys
             2473984  maximum resident set size
                   0  average shared memory size
                   0  average unshared data size
                   0  average unshared stack size
                 315  page reclaims
                   1  page faults
                   0  swaps
                   0  block input operations
                   0  block output operations
                   0  messages sent
                   0  messages received
                   0  signals received
                   2  voluntary context switches
                   6  involuntary context switches
            20999668  instructions retired
             8476239  cycles elapsed
             1212704  peak memory footprint
