c ---- [ banner ] ------------------------------------------------------------
c
c Kissat SAT Solver
c 
c Copyright (c) 2021-2024 Armin Biere University of Freiburg
c Copyright (c) 2019-2021 Armin Biere Johannes Kepler University Linz
c 
c Version 4.0.4 unknown
c Apple clang version 21.0.0 (clang-2100.1.1.101) -W -Wall -O3 -DNDEBUG
c Sun Aug 30 17:38:25 CST 2026 Darwin djftekiMacBook-Pro.local 25.3.0 arm64
c
c ---- [ proving ] -----------------------------------------------------------
c
c opened and writing proof to DRAT file:
c
c   /Users/djf/develop/CS/Turing/Turing1/morphosat_research/proofs/layer_b_heterogeneous_tseitin.n4.s0.u.kissat.default.drat
c
c ---- [ parsing ] -----------------------------------------------------------
c
c opened and reading DIMACS file:
c
c   /Users/djf/develop/CS/Turing/Turing1/morphosat_research/instances/separation_v0.2/layer_b_heterogeneous_tseitin.n4.s0.u.cnf
c
c parsed 'p cnf 39 134' header
c closing input after reading 1671 bytes (2 KB)
c finished parsing after 0.00 seconds
c
c ---- [ solving ] -----------------------------------------------------------
c
c seconds switched rate     size/glue tier1 binary    remaining
c        MB reductions conflicts size  tier2  irredundant
c         level restarts redundant glue  trail    variables
c
c *  0.00  2 0 0 0  0 0   0   0 0.0 0 0 0 0 0%  13 102 33 85%
c (  0.00  2 0 0 0  0 0   0   0 0.0 0 0 0 0 0%  13 102 33 85%
c .  0.00  2 0 0 0  0 0   0   0 0.0 0 0 0 0 0%  18 88 33 85%
c c  0.00  2 0 0 0  0 0   0   0 0.0 0 0 0 0 0%  15 78 25 64%
c d  0.00  2 0 0 0  0 0   0   0 0.0 0 0 0 0 0%   5 76 25 64%
c =  0.00  2 0 0 0  0 0   0   0 0.0 0 0 0 0 0%  36 48 14 36%
c d  0.00  2 0 0 0  0 0   0   0 0.0 0 0 0 0 0%   0 48 14 36%
c f  0.00  2 0 0 0  0 0   0   0 0.0 0 0 0 0 0%   2 44 15 38%
c )  0.00  2 0 0 0  0 0   0   0 0.0 0 0 0 0 0%   2 44 15 38%
c lucky 1 units
c l  0.00  2 0 0 0  0 0   0   0 0.0 0 0 0 0 0%   2 44 14 36%
c {  0.00  2 0 0 0  0 0   0   0 0.0 0 0 2 6 0%   2 44 14 36%
c i  0.00  2 3 0 0  0 1  12   2 1.7 2 1 2 2 94%   7 42 13 33%
c }  0.00  2 3 0 0  0 1  16   4 1.8 3 1 2 2 90%   7 42  5 13%
c 0  0.00  2 3 0 0  0 1  16   4 1.8 3 1 2 2 90%   7 42  5 13%
c
c ---- [ result ] ------------------------------------------------------------
c
s UNSATISFIABLE
c
c ---- [ profiling ] ---------------------------------------------------------
c
c           0.00   47.97 %  preprocess
c           0.00   45.41 %  probe
c           0.00   25.71 %  sweep
c           0.00    8.57 %  congruence
c           0.00    6.02 %  parse
c           0.00    5.26 %  factor
c           0.00    4.51 %  search
c           0.00    4.51 %  substitute
c           0.00    4.21 %  focused
c           0.00    2.71 %  lucky
c           0.00    0.30 %  backbone
c           0.00    0.00 %  simplify
c =============================================
c           0.00  100.00 %  total
c
c ---- [ statistics ] --------------------------------------------------------
c
c conflicts:                               16             8052.34 per second
c congruent:                                6               15 %  variables
c decisions:                               15                0.94 per conflict
c factored:                                 1                3 %  variables
c iterations:                               2                5 %  variables
c propagations:                           325           163563    per second
c substituted:                             17               44 %  variables
c switched:                                 0                0    interval
c
c ---- [ glue usage ] --------------------------------------------------------
c
c focused glue 2 used 4 clauses 80.00% accumulated 80.00% tier1 tier2
c
c ---- [ resources ] ---------------------------------------------------------
c
c maximum-resident-set-size:       2097152000 bytes       2000 MB
c process-time:                                              0.00 seconds
c
c ---- [ shutting down ] -----------------------------------------------------
c
c exit 20

        0.00 real         0.00 user         0.00 sys
             2048000  maximum resident set size
                   0  average shared memory size
                   0  average unshared data size
                   0  average unshared stack size
                 288  page reclaims
                   1  page faults
                   0  swaps
                   0  block input operations
                   0  block output operations
                   0  messages sent
                   0  messages received
                   0  signals received
                   0  voluntary context switches
                   6  involuntary context switches
            17911191  instructions retired
             7959991  cycles elapsed
             1327392  peak memory footprint
