c ---- [ banner ] ------------------------------------------------------------
c
c Kissat SAT Solver
c 
c Copyright (c) 2021-2024 Armin Biere University of Freiburg
c Copyright (c) 2019-2021 Armin Biere Johannes Kepler University Linz
c 
c Version 4.0.4 unknown
c Apple clang version 21.0.0 (clang-2100.1.1.101) -W -Wall -O3 -DNDEBUG
c Sun Aug 30 17:38:25 CST 2026 Darwin djftekiMacBook-Pro.local 25.3.0 arm64
c
c ---- [ proving ] -----------------------------------------------------------
c
c opened and writing proof to DRAT file:
c
c   /Users/djf/develop/CS/Turing/Turing1/morphosat_research/proofs/layer_c_heterogeneous_tseitin.n4.s8.u.kissat.default.drat
c
c ---- [ parsing ] -----------------------------------------------------------
c
c opened and reading DIMACS file:
c
c   /Users/djf/develop/CS/Turing/Turing1/morphosat_research/instances/separation_v0.2/layer_c_heterogeneous_tseitin.n4.s8.u.cnf
c
c parsed 'p cnf 350 462' header
c closing input after reading 5712 bytes (6 KB)
c finished parsing after 0.00 seconds
c
c ---- [ solving ] -----------------------------------------------------------
c
c seconds switched rate     size/glue tier1 binary   remaining
c        MB reductions conflicts size  tier2  irredundant
c         level restarts redundant glue  trail    variables
c
c *  0.00  2 0 0 0  0 0   0   0 0.0 0 0 0 0 0%  92 132 33 9%
c (  0.00  2 0 0 0  0 0   0   0 0.0 0 0 0 0 0%  92 132 33 9%
c .  0.00  2 0 0 0  0 0   0   0 0.0 0 0 0 0 0%  23 84 33 9%
c c  0.00  2 0 0 0  0 0   0   0 0.0 0 0 0 0 0%  21 63 20 6%
c d  0.00  2 0 0 0  0 0   0   0 0.0 0 0 0 0 0%   5 59 20 6%
c d  0.00  2 0 0 0  0 0   0   0 0.0 0 0 0 0 0%   3 59 19 5%
c =  0.00  2 0 0 0  0 0   0   0 0.0 0 0 0 0 0%  17 48 14 4%
c d  0.00  2 0 0 0  0 0   0   0 0.0 0 0 0 0 0%   0 48 14 4%
c f  0.00  2 0 0 0  0 0   0   0 0.0 0 0 0 0 0%   2 44 15 4%
c )  0.00  2 0 0 0  0 0   0   0 0.0 0 0 0 0 0%   2 44 15 4%
c lucky 1 units
c l  0.00  2 0 0 0  0 0   0   0 0.0 0 0 0 0 0%   2 44 14 4%
c {  0.00  2 0 0 0  0 0   0   0 0.0 0 0 2 6 0%   2 44 14 4%
c i  0.00  2 2 0 0  0 1   4   0 2.0 2 1 2 6 100%   4 44 13 4%
c i  0.00  2 2 0 0  0 1   6   0 2.2 2 1 2 6 100%   5 44 10 3%
c }  0.00  2 2 0 0  0 1   8   0 2.4 2 1 2 6 100%   5 44  0 0%
c 0  0.00  2 2 0 0  0 1   8   0 2.4 2 1 2 6 100%   5 44  0 0%
c
c ---- [ result ] ------------------------------------------------------------
c
s UNSATISFIABLE
c
c ---- [ profiling ] ---------------------------------------------------------
c
c           0.00   39.36 %  preprocess
c           0.00   34.64 %  probe
c           0.00   17.20 %  sweep
c           0.00   12.56 %  parse
c           0.00    7.92 %  congruence
c           0.00    4.24 %  factor
c           0.00    4.16 %  substitute
c           0.00    3.52 %  search
c           0.00    3.28 %  focused
c           0.00    2.96 %  lucky
c           0.00    0.32 %  backbone
c           0.00    0.00 %  simplify
c =============================================
c           0.00  100.00 %  total
c
c ---- [ statistics ] --------------------------------------------------------
c
c conflicts:                                8             2413.27 per second
c congruent:                                9                3 %  variables
c decisions:                                7                0.88 per conflict
c factored:                                 1                0 %  variables
c iterations:                               3                1 %  variables
c propagations:                           634           191252    per second
c substituted:                             15                4 %  variables
c switched:                                 0                0    interval
c
c ---- [ glue usage ] --------------------------------------------------------
c
c focused glue 0 used 0 clauses  0.00% accumulated  0.00% tier1 tier2
c
c ---- [ resources ] ---------------------------------------------------------
c
c maximum-resident-set-size:       2197815296 bytes       2096 MB
c process-time:                                              0.00 seconds
c
c ---- [ shutting down ] -----------------------------------------------------
c
c exit 20

        0.00 real         0.00 user         0.00 sys
             2146304  maximum resident set size
                   0  average shared memory size
                   0  average unshared data size
                   0  average unshared stack size
                 294  page reclaims
                   1  page faults
                   0  swaps
                   0  block input operations
                   0  block output operations
                   0  messages sent
                   0  messages received
                   0  signals received
                   0  voluntary context switches
                   8  involuntary context switches
            18868983  instructions retired
             9742363  cycles elapsed
             1425696  peak memory footprint
