c --- [ banner ] -------------------------------------------------------------
c 
c CaDiCaL SAT Solver
c Copyright (c) 2016-2026
c A. Biere, M. Fleury, N. Froleyks, K. Fazekas, F. Pollitt, T. Faller
c JKU Linz, University of Freiburg, TU Wien
c 
c Version 3.0.1 6f2b1a38e26bb3cddb49c89c64d419c1d6a16ecb
c Apple clang version 21.0.0 (clang-2100.1.1.101) -Wall -Wextra -O3 -DNDEBUG -DNCLOSEFROM
c Sun Aug 30 17:38:15 CST 2026 Darwin djftekiMacBook-Pro.local 25.3.0 arm64
c 
c --- [ proof tracing ] ------------------------------------------------------
c 
c opening file to write '/Users/djf/develop/CS/Turing/Turing1/morphosat_research/proofs/layer_b_heterogeneous_tseitin.n32.s1.u.cadical.default.drat'
c writing non-binary proof trace to '/Users/djf/develop/CS/Turing/Turing1/morphosat_research/proofs/layer_b_heterogeneous_tseitin.n32.s1.u.cadical.default.drat'
c 
c --- [ parsing input ] ------------------------------------------------------
c 
c reading DIMACS file from '/Users/djf/develop/CS/Turing/Turing1/morphosat_research/instances/separation_v0.2/layer_b_heterogeneous_tseitin.n32.s1.u.cnf'
c opening file to read '/Users/djf/develop/CS/Turing/Turing1/morphosat_research/instances/separation_v0.2/layer_b_heterogeneous_tseitin.n32.s1.u.cnf'
c found 'p cnf 371 1350' header
c parsed 1350 clauses in 0.00 seconds process time
c 
c --- [ options ] ------------------------------------------------------------
c 
c   --binary=false                 (different from default 'true')
c 
c --- [ solving ] ------------------------------------------------------------
c 
c time measured in process time since initialization
c 
c  seconds  reduction conflicts       size tier2     variables
c         MB    restarts   redundant    glue  trail      remaining
c          level     rate       size/glu tier1 irredundant
c 
c *  0.00  0  0 0   0  0    0    0 0.0 0 0 2 6  0% 1104 290 78%
c )  0.00  0  0 0   0  0    0    0 0.0 0 0 2 6  0% 1104 290 78%
c {  0.00  0  0 0   0  0    0    0 0.0 0 0 2 6  0% 1104 290 78%
c i  0.00  0  1 0   0 10    1    0 0.0 1 0 2 6 29% 1104 288 78%
c i  0.00  0  1 0   0 12    2    0 0.0 1 0 2 6 31% 1104 286 77%
c i  0.00  0 31 0   1  4   31   13 1.8 2 1 2 6 61% 1096 284 77%
c i  0.00  0 29 0   1  4   52   24 1.8 2 1 2 6 66% 1091 281 76%
c -  0.00  0 20 1  47  4  301  192 1.5 4 3 2 6 82%  858 281 76%
c i  0.00  0 13 1 117  3  661  334 1.3 5 4 2 6 65%  858 280 75%
c -  0.00  0 12 2 117  3  736  200 1.4 5 4 2 6 66%  850 280 75%
c i  0.00  0 11 2 117  2  867  245 1.4 5 4 2 6 63%  850 278 75%
c 2  0.00  0 11 2 117  2  928  273 1.4 5 4 2 6 63%  850 255 69%
c d  0.00  0 11 2 117  2  928  171 1.4 5 4 2 6 63%  503 154 42%
c d  0.00  0 11 2 117  2  928  169 1.4 5 4 2 6 63%  431 129 35%
c p  0.00  0 11 2 117  2  928  169 1.4 5 4 2 6 63%  431 128 35%
c c  0.00  0 11 2 117  2  928  168 1.4 5 4 2 6 63%  434 117 32%
c d  0.00  0 11 2 117  2  928  168 1.4 5 4 2 6 63%  343 101 27%
c d  0.00  0 11 2 117  2  928  168 1.4 5 4 2 6 63%  336  98 26%
c i  0.00  0 11 2 117  2 1001  193 1.4 5 4 2 6 62%  336  97 26%
c }  0.00  0 11 2 117  2 1001  193 1.4 5 4 2 6 62%  336  97 26%
c 
c  seconds  reduction conflicts       size tier2     variables
c         MB    restarts   redundant    glue  trail      remaining
c          level     rate       size/glu tier1 irredundant
c 
c [  0.00  0  0 2 117  0 1001  193 0.0 0 0 2 6  0%  336  97 26%
c O  0.00  0 15 2 117 17 1002  194 1.2 5 4 2 6 54%  336  97 26%
c i  0.01  0  6 2 117  1 1049  216 1.9 4 2 2 6 45%  336  94 25%
c i  0.01  0  6 2 117  1 1055  219 1.9 4 2 2 6 45%  336  93 25%
c i  0.01  0  5 2 117  1 1059  219 1.9 4 2 2 6 45%  336  87 23%
c i  0.01  0  5 2 117  1 1062  221 1.9 4 2 2 6 45%  336  83 22%
c i  0.01  0  5 2 117  1 1064  222 1.9 4 2 2 6 45%  336  81 22%
c i  0.01  0  5 2 117  1 1065  222 1.9 4 2 2 6 45%  336  72 19%
c ]  0.01  0  5 2 117  1 1067  222 1.9 4 2 2 6 45%  336  65 18%
c 0  0.01  0  5 2 117  1 1067  222 1.9 4 2 2 6 45%  336  65 18%
c 
c --- [ closing proof ] ------------------------------------------------------
c 
c DRAT proof file '/Users/djf/develop/CS/Turing/Turing1/morphosat_research/proofs/layer_b_heterogeneous_tseitin.n32.s1.u.cadical.default.drat' closed
c DRAT 2560 added clauses 44.52%
c DRAT 3190 deleted clauses 55.48%
c DRAT 106751 bytes (0.10 MB)
c 
c --- [ result ] -------------------------------------------------------------
c 
s UNSATISFIABLE
c 
c --- [ run-time profiling ] -------------------------------------------------
c 
c process time taken by individual solving procedures
c (percentage relative to process time for solving)
c 
c         0.00   76.01% search
c         0.00   70.50% unstable
c         0.00   23.33% simplify
c         0.00    7.86% parse
c         0.00    6.96% sweep
c         0.00    6.30% congruence
c         0.00    3.89% stable
c         0.00    1.25% lucky
c         0.00    0.33% backbone
c         0.00    0.24% probe
c   =================================
c         0.00   86.62% solve
c 
c last line shows process time for solving
c (percentage relative to total process time)
c 
c --- [ statistics ] ---------------------------------------------------------
c 
c chronological:               407        38.14 %  of conflicts
c conflicts:                  1067    234402.46    per second
c backbone:                    304        81.94 %  of vars
c decisions:                  2182    479349.74    per second
c fixed:                       161        43.40 %  of all variables
c learned:                     806        75.54 %  per conflict
c learned_lits:               5369       100.00 %  learned literals
c minimized:                     0         0.00 %  learned literals
c shrunken:                   1220        22.72 %  learned literals
c minishrunken:                 11         0.20 %  learned literals
c otfs:                        272        25.49 %  of conflict
c propagations:              44592         9.80 M  per second
c reduced:                       7         0.66 %  per conflict
c rephased:                      1      1067.00    interval
c restarts:                    117         9.12    interval
c stabilizing:                   1         5.06 %  of conflicts
c substituted:                 145        39.08 %  of all variables
c subsumed:                    348        14.37 %  of all clauses
c strengthened:                249        10.28 %  of all clauses
c ticks:                    213500         4.79    propagation
c weakened:                    290         2.00    average size
c congruence:                    1      1067.00    interval
c 
c seconds are measured in process time for solving
c 
c --- [ glue usage ] ---------------------------------------------------------
c 
c focused glue 2 used 1192 clauses 19.21% accumulated 83.75% tier1
c focused glue 3 used 350 clauses 5.641% accumulated 89.39%
c focused glue 4 used 295 clauses 4.754% accumulated 94.14%
c focused glue 5 used 161 clauses 2.595% accumulated 96.74%
c focused glue 6 used 120 clauses 1.934% accumulated 98.67% tier2
c 
c stable glue 1 used 261 clauses 74.57% accumulated 74.57% tier1
c stable glue 2 used 49 clauses 14.00% accumulated 88.57% tier2
c 
c 
c --- [ resources ] ----------------------------------------------------------
c 
c total process time since initialization:         0.01    seconds
c total real time since initialization:            0.01    seconds
c maximum resident set size of process:            3.64    MB
c 
c --- [ shutting down ] ------------------------------------------------------
c 
c exit 20

        0.00 real         0.00 user         0.00 sys
             3817472  maximum resident set size
                   0  average shared memory size
                   0  average unshared data size
                   0  average unshared stack size
                 397  page reclaims
                   1  page faults
                   0  swaps
                   0  block input operations
                   0  block output operations
                   0  messages sent
                   0  messages received
                   0  signals received
                   0  voluntary context switches
                   9  involuntary context switches
            67904377  instructions retired
            30564525  cycles elapsed
             2277664  peak memory footprint
