c --- [ banner ] -------------------------------------------------------------
c 
c CaDiCaL SAT Solver
c Copyright (c) 2016-2026
c A. Biere, M. Fleury, N. Froleyks, K. Fazekas, F. Pollitt, T. Faller
c JKU Linz, University of Freiburg, TU Wien
c 
c Version 3.0.1 6f2b1a38e26bb3cddb49c89c64d419c1d6a16ecb
c Apple clang version 21.0.0 (clang-2100.1.1.101) -Wall -Wextra -O3 -DNDEBUG -DNCLOSEFROM
c Sun Aug 30 17:38:15 CST 2026 Darwin djftekiMacBook-Pro.local 25.3.0 arm64
c 
c --- [ proof tracing ] ------------------------------------------------------
c 
c opening file to write '/Users/djf/develop/CS/Turing/Turing1/morphosat_research/proofs/layer_c_heterogeneous_tseitin.n8.s8.s.cadical.default.drat'
c writing non-binary proof trace to '/Users/djf/develop/CS/Turing/Turing1/morphosat_research/proofs/layer_c_heterogeneous_tseitin.n8.s8.s.cadical.default.drat'
c 
c --- [ parsing input ] ------------------------------------------------------
c 
c reading DIMACS file from '/Users/djf/develop/CS/Turing/Turing1/morphosat_research/instances/separation_v0.2/layer_c_heterogeneous_tseitin.n8.s8.s.cnf'
c opening file to read '/Users/djf/develop/CS/Turing/Turing1/morphosat_research/instances/separation_v0.2/layer_c_heterogeneous_tseitin.n8.s8.s.cnf'
c found 'p cnf 743 978' header
c parsed 978 clauses in 0.00 seconds process time
c 
c --- [ options ] ------------------------------------------------------------
c 
c   --binary=false                 (different from default 'true')
c 
c --- [ solving ] ------------------------------------------------------------
c 
c time measured in process time since initialization
c 
c  seconds  reduction conflicts       size tier2     variables
c         MB    restarts   redundant    glue  trail      remaining
c          level     rate       size/glu tier1 irredundant
c 
c *  0.00  0  0 0   0  0    0    0 0.0 0 0 2 6  0%  457  72 10%
c )  0.00  0  0 0   0  0    0    0 0.0 0 0 2 6  0%  457  72 10%
c {  0.00  0  0 0   0  0    0    0 0.0 0 0 2 6  0%  457  72 10%
c i  0.00  0  1 0   0  5    1    0 0.0 1 0 2 6 91%  457  69  9%
c }  0.00  0  8 0   0  2   12    3 1.8 2 1 2 6 96%  450  69  9%
c 1  0.00  0  8 0   0  2   12    3 1.8 2 1 2 6 96%  450  69  9%
c 
c --- [ closing proof ] ------------------------------------------------------
c 
c DRAT proof file '/Users/djf/develop/CS/Turing/Turing1/morphosat_research/proofs/layer_c_heterogeneous_tseitin.n8.s8.s.cadical.default.drat' closed
c DRAT 467 added clauses 59.49%
c DRAT 318 deleted clauses 40.51%
c DRAT 9484 bytes (0.01 MB)
c 
c --- [ result ] -------------------------------------------------------------
c 
s SATISFIABLE
v -1 -2 -3 -4 5 -6 -7 8 -9 10 -11 -12 -13 -14 -15 -16 -17 -18 19 -20 -21 -22
v -23 -24 -25 -26 -27 -28 -29 -30 31 32 33 -34 -35 -36 37 -38 39 40 -41 42 43
v 44 45 46 -47 -48 -49 50 -51 52 -53 54 55 -56 57 -58 59 60 -61 62 -63 -64 -65
v -66 -67 68 69 70 71 72 -73 -74 -75 -76 -77 78 79 80 81 82 83 -84 85 -86 -87
v 88 89 90 91 92 93 94 95 96 -97 -98 -99 100 -101 -102 103 104 -105 106 107
v -108 109 -110 -111 -112 113 -114 -115 116 117 -118 119 120 -121 -122 -123
v -124 -125 126 -127 128 129 -130 -131 132 133 134 135 -136 137 -138 139 -140
v 141 -142 143 -144 145 -146 147 148 149 -150 151 -152 153 -154 -155 -156 -157
v -158 -159 -160 161 -162 -163 164 165 -166 167 168 169 -170 -171 172 -173 174
v 175 176 177 -178 179 -180 -181 -182 -183 184 -185 -186 187 -188 -189 190 191
v 192 -193 -194 -195 196 -197 198 -199 200 201 -202 -203 204 205 206 207 -208
v -209 -210 211 212 -213 214 -215 216 -217 -218 219 220 221 222 -223 224 225
v 226 227 228 -229 230 -231 232 233 234 -235 -236 237 -238 239 -240 241 -242
v -243 -244 245 -246 -247 -248 249 -250 251 -252 -253 254 -255 256 -257 -258
v 259 -260 -261 262 263 264 -265 266 -267 -268 269 270 -271 272 -273 -274 -275
v -276 -277 278 -279 -280 281 -282 283 -284 -285 286 287 -288 289 -290 291 292
v -293 -294 295 -296 297 298 299 300 -301 -302 -303 304 305 -306 -307 -308 309
v 310 -311 -312 313 314 -315 -316 -317 -318 319 -320 321 322 323 324 325 -326
v -327 -328 329 330 331 -332 333 334 -335 336 337 338 -339 -340 341 -342 -343
v 344 345 -346 -347 348 -349 -350 351 -352 -353 354 355 356 357 -358 -359 -360
v -361 362 363 364 -365 366 367 368 369 -370 -371 372 -373 -374 375 -376 -377
v -378 -379 -380 -381 382 -383 384 385 -386 -387 -388 -389 390 -391 392 393
v 394 395 -396 397 398 -399 -400 401 -402 403 404 -405 406 407 408 -409 -410
v 411 412 -413 -414 415 416 -417 -418 419 -420 -421 422 423 -424 425 426 427
v -428 429 -430 -431 432 -433 434 -435 -436 437 -438 439 440 441 442 -443 -444
v -445 -446 447 -448 449 -450 451 -452 453 -454 455 456 -457 -458 459 460 461
v 462 463 464 -465 466 467 468 -469 470 471 472 -473 474 -475 476 -477 -478
v -479 480 -481 482 -483 484 485 486 -487 488 -489 -490 491 492 -493 494 -495
v 496 497 -498 499 500 501 -502 503 -504 -505 -506 -507 -508 -509 510 -511 512
v -513 -514 515 -516 517 -518 -519 -520 521 522 523 524 -525 -526 527 528 -529
v 530 -531 532 533 -534 -535 536 537 -538 539 -540 541 542 543 544 -545 546
v 547 548 -549 550 -551 -552 553 -554 555 556 -557 558 -559 -560 -561 -562 563
v 564 565 -566 567 -568 569 -570 571 572 573 -574 575 -576 577 -578 579 580
v -581 582 583 -584 585 -586 587 -588 589 590 -591 592 -593 -594 -595 -596 597
v -598 599 600 -601 602 -603 604 -605 606 607 -608 -609 610 -611 612 613 -614
v -615 616 -617 618 619 620 -621 622 -623 624 625 626 627 628 -629 630 -631
v 632 -633 -634 -635 -636 -637 638 639 -640 -641 -642 643 644 645 -646 647 648
v -649 650 -651 652 653 654 655 -656 -657 658 -659 660 -661 -662 663 664 665
v -666 -667 -668 669 670 -671 -672 673 674 -675 676 -677 678 -679 -680 -681
v -682 -683 -684 -685 686 -687 688 689 -690 -691 -692 693 -694 695 696 697 698
v 699 700 701 702 703 704 -705 706 -707 -708 -709 710 -711 712 713 714 -715
v -716 -717 -718 719 -720 721 -722 723 -724 -725 726 727 728 729 -730 731 732
v 733 734 735 736 737 -738 -739 740 -741 -742 -743 0
c 
c --- [ run-time profiling ] -------------------------------------------------
c 
c process time taken by individual solving procedures
c (percentage relative to process time for solving)
c 
c         0.00  191.30% parse
c         0.00   70.43% search
c         0.00   34.78% unstable
c         0.00   28.70% lucky
c         0.00    0.00% simplify
c   =================================
c         0.00   18.52% solve
c 
c last line shows process time for solving
c (percentage relative to total process time)
c 
c --- [ statistics ] ---------------------------------------------------------
c 
c chronological:                11        91.67 %  of conflicts
c conflicts:                    12    104347.83    per second
c decisions:                    30    260869.57    per second
c fixed:                       674        90.71 %  of all variables
c learned:                       4        33.33 %  per conflict
c learned_lits:                 10       100.00 %  learned literals
c minimized:                     0         0.00 %  learned literals
c shrunken:                      1        10.00 %  learned literals
c minishrunken:                  0         0.00 %  learned literals
c otfs:                         15       125.00 %  of conflict
c propagations:                812         7.06 M  per second
c subsumed:                     14         3.04 %  of all clauses
c strengthened:                  8         1.74 %  of all clauses
c ticks:                      1935         2.38    propagation
c 
c seconds are measured in process time for solving
c 
c --- [ glue usage ] ---------------------------------------------------------
c 
c focused glue 2 used 0 clauses 0.000% accumulated 0.000% tier1
c focused glue 3 used 0 clauses 0.000% accumulated 0.000%
c focused glue 4 used 0 clauses 0.000% accumulated 0.000%
c focused glue 5 used 0 clauses 0.000% accumulated 0.000%
c focused glue 6 used 0 clauses 0.000% accumulated 0.000% tier2
c 
c stable glue 2 used 0 clauses 0.000% accumulated 0.000% tier1
c stable glue 3 used 0 clauses 0.000% accumulated 0.000%
c stable glue 4 used 0 clauses 0.000% accumulated 0.000%
c stable glue 5 used 0 clauses 0.000% accumulated 0.000%
c stable glue 6 used 0 clauses 0.000% accumulated 0.000% tier2
c 
c 
c --- [ resources ] ----------------------------------------------------------
c 
c total process time since initialization:         0.00    seconds
c total real time since initialization:            0.00    seconds
c maximum resident set size of process:            2.58    MB
c 
c --- [ shutting down ] ------------------------------------------------------
c 
c exit 10

        0.00 real         0.00 user         0.00 sys
             2703360  maximum resident set size
                   0  average shared memory size
                   0  average unshared data size
                   0  average unshared stack size
                 329  page reclaims
                   1  page faults
                   0  swaps
                   0  block input operations
                   0  block output operations
                   0  messages sent
                   0  messages received
                   0  signals received
                   0  voluntary context switches
                   5  involuntary context switches
            23515229  instructions retired
             8482834  cycles elapsed
             1442080  peak memory footprint
