c ---- [ banner ] ------------------------------------------------------------
c
c Kissat SAT Solver
c 
c Copyright (c) 2021-2024 Armin Biere University of Freiburg
c Copyright (c) 2019-2021 Armin Biere Johannes Kepler University Linz
c 
c Version 4.0.4 unknown
c Apple clang version 21.0.0 (clang-2100.1.1.101) -W -Wall -O3 -DNDEBUG
c Sun Aug 30 17:38:25 CST 2026 Darwin djftekiMacBook-Pro.local 25.3.0 arm64
c
c ---- [ proving ] -----------------------------------------------------------
c
c opened and writing proof to DRAT file:
c
c   /Users/djf/develop/CS/Turing/Turing1/morphosat_research/proofs/layer_d_random_reordered_parity.n16.s4.u.kissat.default.drat
c
c ---- [ parsing ] -----------------------------------------------------------
c
c opened and reading DIMACS file:
c
c   /Users/djf/develop/CS/Turing/Turing1/morphosat_research/instances/separation_v0.2/layer_d_random_reordered_parity.n16.s4.u.cnf
c
c parsed 'p cnf 24 64' header
c closing input after reading 817 bytes
c finished parsing after 0.00 seconds
c
c ---- [ solving ] -----------------------------------------------------------
c
c seconds switched rate     size/glue tier1 binary   remaining
c        MB reductions conflicts size  tier2 irredundant
c         level restarts redundant glue  trail   variables
c
c *  0.00  2 0 0 0  0 0   0   0 0.0 0 0 0 0 0%   0 64 24 100%
c (  0.00  2 0 0 0  0 0   0   0 0.0 0 0 0 0 0%   0 64 24 100%
c .  0.00  2 0 0 0  0 0   0   0 0.0 0 0 0 0 0%   0 64 24 100%
c )  0.00  2 0 0 0  0 0   0   0 0.0 0 0 0 0 0%   0 64 24 100%
c {  0.00  2 0 0 0  0 0   0   0 0.0 0 0 2 6 0%   0 64 24 100%
c i  0.00  2 5 0 0  0 1 101  21 1.4 5 3 3 5 76%   6 63 23 96%
c i  0.00  2 5 0 0  0 1 145  29 1.4 4 3 2 5 76%  12 63 22 92%
c i  0.00  2 4 0 0  0 1 167  37 1.4 4 3 2 5 75%  15 63 21 88%
c i  0.00  2 4 0 0  0 1 170  37 1.4 4 3 2 5 75%  16 63 20 83%
c }  0.00  2 4 0 0  0 1 172  37 1.4 4 3 2 5 74%  16 63 14 58%
c 0  0.00  2 4 0 0  0 1 172  37 1.4 4 3 2 5 74%  16 63 14 58%
c
c ---- [ result ] ------------------------------------------------------------
c
s UNSATISFIABLE
c
c ---- [ profiling ] ---------------------------------------------------------
c
c           0.00   38.42 %  search
c           0.00   38.22 %  focused
c           0.00   25.08 %  preprocess
c           0.00   23.56 %  probe
c           0.00   16.58 %  sweep
c           0.00    3.44 %  parse
c           0.00    2.93 %  congruence
c           0.00    2.22 %  factor
c           0.00    1.72 %  lucky
c           0.00    0.51 %  substitute
c           0.00    0.40 %  backbone
c           0.00    0.00 %  simplify
c =============================================
c           0.00  100.00 %  total
c
c ---- [ statistics ] --------------------------------------------------------
c
c conflicts:                              172            71996.65 per second
c decisions:                              162                0.94 per conflict
c iterations:                               5               21 %  variables
c propagations:                          1353           566346    per second
c switched:                                 0                0    interval
c
c ---- [ glue usage ] --------------------------------------------------------
c
c focused glue 2 used 144 clauses 55.17% accumulated 65.90% tier1
c focused glue 3 used  38 clauses 14.56% accumulated 80.46%
c focused glue 4 used  26 clauses  9.96% accumulated 90.42% tier2
c
c ---- [ resources ] ---------------------------------------------------------
c
c maximum-resident-set-size:       2097152000 bytes       2000 MB
c process-time:                                              0.00 seconds
c
c ---- [ shutting down ] -----------------------------------------------------
c
c exit 20

        0.00 real         0.00 user         0.00 sys
             2048000  maximum resident set size
                   0  average shared memory size
                   0  average unshared data size
                   0  average unshared stack size
                 288  page reclaims
                   1  page faults
                   0  swaps
                   0  block input operations
                   0  block output operations
                   0  messages sent
                   0  messages received
                   0  signals received
                   0  voluntary context switches
                  14  involuntary context switches
            18398421  instructions retired
             9638351  cycles elapsed
             1327392  peak memory footprint
