c --- [ banner ] -------------------------------------------------------------
c 
c CaDiCaL SAT Solver
c Copyright (c) 2016-2026
c A. Biere, M. Fleury, N. Froleyks, K. Fazekas, F. Pollitt, T. Faller
c JKU Linz, University of Freiburg, TU Wien
c 
c Version 3.0.1 6f2b1a38e26bb3cddb49c89c64d419c1d6a16ecb
c Apple clang version 21.0.0 (clang-2100.1.1.101) -Wall -Wextra -O3 -DNDEBUG -DNCLOSEFROM
c Sun Aug 30 17:38:15 CST 2026 Darwin djftekiMacBook-Pro.local 25.3.0 arm64
c 
c --- [ proof tracing ] ------------------------------------------------------
c 
c opening file to write '/Users/djf/develop/CS/Turing/Turing1/morphosat_research/proofs/layer_c_heterogeneous_tseitin.n8.s6.u.cadical.default.drat'
c writing non-binary proof trace to '/Users/djf/develop/CS/Turing/Turing1/morphosat_research/proofs/layer_c_heterogeneous_tseitin.n8.s6.u.cadical.default.drat'
c 
c --- [ parsing input ] ------------------------------------------------------
c 
c reading DIMACS file from '/Users/djf/develop/CS/Turing/Turing1/morphosat_research/instances/separation_v0.2/layer_c_heterogeneous_tseitin.n8.s6.u.cnf'
c opening file to read '/Users/djf/develop/CS/Turing/Turing1/morphosat_research/instances/separation_v0.2/layer_c_heterogeneous_tseitin.n8.s6.u.cnf'
c found 'p cnf 646 846' header
c parsed 846 clauses in 0.00 seconds process time
c 
c --- [ options ] ------------------------------------------------------------
c 
c   --binary=false                 (different from default 'true')
c 
c --- [ solving ] ------------------------------------------------------------
c 
c time measured in process time since initialization
c 
c  seconds  reduction conflicts       size tier2     variables
c         MB    restarts   redundant    glue  trail      remaining
c          level     rate       size/glu tier1 irredundant
c 
c *  0.00  0  0 0   0  0    0    0 0.0 0 0 2 6  0%  388  68 11%
c )  0.00  0  0 0   0  0    0    0 0.0 0 0 2 6  0%  388  68 11%
c {  0.00  0  0 0   0  0    0    0 0.0 0 0 2 6  0%  388  68 11%
c i  0.00  0  6 0   0  1   28   12 1.6 3 2 2 6 98%  383  65 10%
c i  0.00  0  5 0   0  1   46   23 1.8 3 2 2 6 98%  382  63 10%
c i  0.00  0  5 0   0  1   52   27 1.7 3 2 2 6 98%  382  59  9%
c i  0.00  0  4 0   0  1   61   30 1.8 3 1 2 6 98%  382  54  8%
c i  0.00  0  4 0   0  1   63   30 1.8 3 1 2 6 98%  382  50  8%
c }  0.00  0  4 0   0  1   65   30 1.8 3 1 2 6 98%  382  46  7%
c 0  0.00  0  4 0   0  1   65   30 1.8 3 1 2 6 98%  382  46  7%
c 
c --- [ closing proof ] ------------------------------------------------------
c 
c DRAT proof file '/Users/djf/develop/CS/Turing/Turing1/morphosat_research/proofs/layer_c_heterogeneous_tseitin.n8.s6.u.cadical.default.drat' closed
c DRAT 465 added clauses 60.94%
c DRAT 298 deleted clauses 39.06%
c DRAT 9259 bytes (0.01 MB)
c 
c --- [ result ] -------------------------------------------------------------
c 
s UNSATISFIABLE
c 
c --- [ run-time profiling ] -------------------------------------------------
c 
c process time taken by individual solving procedures
c (percentage relative to process time for solving)
c 
c         0.00   93.78% parse
c         0.00   88.04% search
c         0.00   67.94% unstable
c         0.00   15.31% lucky
c         0.00    0.00% simplify
c   =================================
c         0.00   30.12% solve
c 
c last line shows process time for solving
c (percentage relative to total process time)
c 
c --- [ statistics ] ---------------------------------------------------------
c 
c chronological:                21        32.31 %  of conflicts
c conflicts:                    65    311004.78    per second
c decisions:                    71    339712.92    per second
c fixed:                       600        92.88 %  of all variables
c learned:                      45        69.23 %  per conflict
c learned_lits:                145       100.00 %  learned literals
c minimized:                     0         0.00 %  learned literals
c shrunken:                     27        18.62 %  learned literals
c minishrunken:                  4         2.76 %  learned literals
c otfs:                         25        38.46 %  of conflict
c propagations:               1674         8.01 M  per second
c subsumed:                     21         4.92 %  of all clauses
c strengthened:                 19         4.45 %  of all clauses
c ticks:                      5999         3.58    propagation
c 
c seconds are measured in process time for solving
c 
c --- [ glue usage ] ---------------------------------------------------------
c 
c focused glue 1 used 48 clauses 64.86% accumulated 64.86% tier1
c focused glue 2 used 23 clauses 31.08% accumulated 95.94% tier2
c 
c stable glue 2 used 0 clauses 0.000% accumulated 0.000% tier1
c stable glue 3 used 0 clauses 0.000% accumulated 0.000%
c stable glue 4 used 0 clauses 0.000% accumulated 0.000%
c stable glue 5 used 0 clauses 0.000% accumulated 0.000%
c stable glue 6 used 0 clauses 0.000% accumulated 0.000% tier2
c 
c 
c --- [ resources ] ----------------------------------------------------------
c 
c total process time since initialization:         0.00    seconds
c total real time since initialization:            0.00    seconds
c maximum resident set size of process:            2.56    MB
c 
c --- [ shutting down ] ------------------------------------------------------
c 
c exit 20

        0.00 real         0.00 user         0.00 sys
             2686976  maximum resident set size
                   0  average shared memory size
                   0  average unshared data size
                   0  average unshared stack size
                 328  page reclaims
                   1  page faults
                   0  swaps
                   0  block input operations
                   0  block output operations
                   0  messages sent
                   0  messages received
                   0  signals received
                   0  voluntary context switches
                   4  involuntary context switches
            23317420  instructions retired
             8954450  cycles elapsed
             1425696  peak memory footprint
