c --- [ banner ] -------------------------------------------------------------
c 
c CaDiCaL SAT Solver
c Copyright (c) 2016-2026
c A. Biere, M. Fleury, N. Froleyks, K. Fazekas, F. Pollitt, T. Faller
c JKU Linz, University of Freiburg, TU Wien
c 
c Version 3.0.1 6f2b1a38e26bb3cddb49c89c64d419c1d6a16ecb
c Apple clang version 21.0.0 (clang-2100.1.1.101) -Wall -Wextra -O3 -DNDEBUG -DNCLOSEFROM
c Sun Aug 30 17:38:15 CST 2026 Darwin djftekiMacBook-Pro.local 25.3.0 arm64
c 
c --- [ proof tracing ] ------------------------------------------------------
c 
c opening file to write '/Users/djf/develop/CS/Turing/Turing1/morphosat_research/proofs/layer_b_heterogeneous_tseitin.n4.s6.u.cadical.factor_off.drat'
c writing non-binary proof trace to '/Users/djf/develop/CS/Turing/Turing1/morphosat_research/proofs/layer_b_heterogeneous_tseitin.n4.s6.u.cadical.factor_off.drat'
c 
c --- [ parsing input ] ------------------------------------------------------
c 
c reading DIMACS file from '/Users/djf/develop/CS/Turing/Turing1/morphosat_research/instances/separation_v0.2/layer_b_heterogeneous_tseitin.n4.s6.u.cnf'
c opening file to read '/Users/djf/develop/CS/Turing/Turing1/morphosat_research/instances/separation_v0.2/layer_b_heterogeneous_tseitin.n4.s6.u.cnf'
c found 'p cnf 39 136' header
c parsed 136 clauses in 0.00 seconds process time
c 
c --- [ options ] ------------------------------------------------------------
c 
c   --binary=false                 (different from default 'true')
c 
c --- [ solving ] ------------------------------------------------------------
c 
c time measured in process time since initialization
c 
c  seconds  reduction conflicts       size tier2     variables
c         MB    restarts   redundant    glue  trail      remaining
c          level     rate       size/glu tier1 irredundant
c 
c *  0.00  0  0 0   0  0    0    0 0.0 0 0 2 6  0%  124  34 87%
c )  0.00  0  0 0   0  0    0    0 0.0 1 0 2 6 21%  124  31 79%
c {  0.00  0  0 0   0  0    0    0 0.0 1 0 2 6 21%  124  31 79%
c i  0.00  0  0 0   0  0    0    0 0.0 1 0 2 6 21%  124  31 79%
c i  0.00  0  4 0   0  1   27   16 2.3 3 1 2 6 81%  119  28 72%
c i  0.00  0  3 0   0  1   29   16 2.3 3 1 2 6 80%  119  21 54%
c i  0.00  0  3 0   0  1   35   18 2.3 3 1 2 6 82%  118  18 46%
c i  0.00  0  3 0   0  1   36   18 2.4 2 1 2 6 82%  118  12 31%
c }  0.00  0  3 0   0  1   39   18 2.4 2 1 2 6 83%  118   0  0%
c 0  0.00  0  3 0   0  1   39   18 2.4 2 1 2 6 83%  118   0  0%
c 
c --- [ closing proof ] ------------------------------------------------------
c 
c DRAT proof file '/Users/djf/develop/CS/Turing/Turing1/morphosat_research/proofs/layer_b_heterogeneous_tseitin.n4.s6.u.cadical.factor_off.drat' closed
c DRAT 79 added clauses 66.95%
c DRAT 39 deleted clauses 33.05%
c DRAT 1168 bytes (0.00 MB)
c 
c --- [ result ] -------------------------------------------------------------
c 
s UNSATISFIABLE
c 
c --- [ run-time profiling ] -------------------------------------------------
c 
c process time taken by individual solving procedures
c (percentage relative to process time for solving)
c 
c         0.00   79.79% search
c         0.00   55.96% unstable
c         0.00   50.26% parse
c         0.00   17.10% lucky
c         0.00    0.00% simplify
c   =================================
c         0.00   28.94% solve
c 
c last line shows process time for solving
c (percentage relative to total process time)
c 
c --- [ statistics ] ---------------------------------------------------------
c 
c chronological:                 4        10.26 %  of conflicts
c conflicts:                    39    202072.54    per second
c decisions:                    34    176165.80    per second
c fixed:                        39       100.00 %  of all variables
c learned:                      24        61.54 %  per conflict
c learned_lits:                 59       100.00 %  learned literals
c minimized:                     0         0.00 %  learned literals
c shrunken:                      1         1.69 %  learned literals
c minishrunken:                  0         0.00 %  learned literals
c otfs:                         20        51.28 %  of conflict
c propagations:                259         1.34 M  per second
c subsumed:                     12         8.45 %  of all clauses
c strengthened:                 14         9.86 %  of all clauses
c ticks:                      1332         5.14    propagation
c 
c seconds are measured in process time for solving
c 
c --- [ glue usage ] ---------------------------------------------------------
c 
c focused glue 1 used 16 clauses 72.72% accumulated 72.72% tier1
c focused glue 2 used 5 clauses 22.72% accumulated 95.45% tier2
c 
c stable glue 2 used 0 clauses 0.000% accumulated 0.000% tier1
c stable glue 3 used 0 clauses 0.000% accumulated 0.000%
c stable glue 4 used 0 clauses 0.000% accumulated 0.000%
c stable glue 5 used 0 clauses 0.000% accumulated 0.000%
c stable glue 6 used 0 clauses 0.000% accumulated 0.000% tier2
c 
c 
c --- [ resources ] ----------------------------------------------------------
c 
c total process time since initialization:         0.00    seconds
c total real time since initialization:            0.00    seconds
c maximum resident set size of process:            2.30    MB
c 
c --- [ shutting down ] ------------------------------------------------------
c 
c exit 20

        0.00 real         0.00 user         0.00 sys
             2408448  maximum resident set size
                   0  average shared memory size
                   0  average unshared data size
                   0  average unshared stack size
                 311  page reclaims
                   1  page faults
                   0  swaps
                   0  block input operations
                   0  block output operations
                   0  messages sent
                   0  messages received
                   0  signals received
                   2  voluntary context switches
                  10  involuntary context switches
            19795997  instructions retired
             9578200  cycles elapsed
             1147168  peak memory footprint
