c --- [ banner ] -------------------------------------------------------------
c 
c CaDiCaL SAT Solver
c Copyright (c) 2016-2026
c A. Biere, M. Fleury, N. Froleyks, K. Fazekas, F. Pollitt, T. Faller
c JKU Linz, University of Freiburg, TU Wien
c 
c Version 3.0.1 6f2b1a38e26bb3cddb49c89c64d419c1d6a16ecb
c Apple clang version 21.0.0 (clang-2100.1.1.101) -Wall -Wextra -O3 -DNDEBUG -DNCLOSEFROM
c Sun Aug 30 17:38:15 CST 2026 Darwin djftekiMacBook-Pro.local 25.3.0 arm64
c 
c --- [ proof tracing ] ------------------------------------------------------
c 
c opening file to write '/Users/djf/develop/CS/Turing/Turing1/morphosat_research/proofs/layer_c_heterogeneous_tseitin.n8.s1.u.cadical.bve_on.drat'
c writing non-binary proof trace to '/Users/djf/develop/CS/Turing/Turing1/morphosat_research/proofs/layer_c_heterogeneous_tseitin.n8.s1.u.cadical.bve_on.drat'
c 
c --- [ parsing input ] ------------------------------------------------------
c 
c reading DIMACS file from '/Users/djf/develop/CS/Turing/Turing1/morphosat_research/instances/separation_v0.2/layer_c_heterogeneous_tseitin.n8.s1.u.cnf'
c opening file to read '/Users/djf/develop/CS/Turing/Turing1/morphosat_research/instances/separation_v0.2/layer_c_heterogeneous_tseitin.n8.s1.u.cnf'
c found 'p cnf 780 1032' header
c parsed 1032 clauses in 0.00 seconds process time
c 
c --- [ options ] ------------------------------------------------------------
c 
c   --binary=false                 (different from default 'true')
c 
c --- [ solving ] ------------------------------------------------------------
c 
c time measured in process time since initialization
c 
c  seconds  reduction conflicts       size tier2     variables
c         MB    restarts   redundant    glue  trail      remaining
c          level     rate       size/glu tier1 irredundant
c 
c *  0.00  0  0 0   0  0    0    0 0.0 0 0 2 6  0%  475  69  9%
c )  0.00  0  0 0   0  0    0    0 0.0 1 0 2 6 91%  475  67  9%
c {  0.00  0  0 0   0  0    0    0 0.0 1 0 2 6 91%  475  67  9%
c i  0.00  0  0 0   0  0    0    0 0.0 1 0 2 6 91%  475  67  9%
c i  0.00  0  4 0   0  1   64   37 1.8 3 2 2 6 98%  467  65  8%
c i  0.00  0  4 0   0  1   67   38 1.8 3 2 2 6 98%  467  60  8%
c i  0.00  0  4 0   0  1   80   42 1.8 3 2 2 6 98%  466  54  7%
c i  0.00  0  3 0   0  1   84   44 1.8 3 2 2 6 98%  465  45  6%
c i  0.00  0  3 0   0  1   85   44 1.8 3 2 2 6 98%  465  33  4%
c }  0.00  0  3 0   0  1   87   44 1.8 3 2 2 6 98%  465  23  3%
c 0  0.00  0  3 0   0  1   87   44 1.8 3 2 2 6 98%  465  23  3%
c 
c --- [ closing proof ] ------------------------------------------------------
c 
c DRAT proof file '/Users/djf/develop/CS/Turing/Turing1/morphosat_research/proofs/layer_c_heterogeneous_tseitin.n8.s1.u.cadical.bve_on.drat' closed
c DRAT 595 added clauses 62.30%
c DRAT 360 deleted clauses 37.70%
c DRAT 12143 bytes (0.01 MB)
c 
c --- [ result ] -------------------------------------------------------------
c 
s UNSATISFIABLE
c 
c --- [ run-time profiling ] -------------------------------------------------
c 
c process time taken by individual solving procedures
c (percentage relative to process time for solving)
c 
c         0.00   99.67% parse
c         0.00   89.87% search
c         0.00   72.55% unstable
c         0.00   14.38% lucky
c         0.00    0.00% simplify
c   =================================
c         0.00   31.07% solve
c 
c last line shows process time for solving
c (percentage relative to total process time)
c 
c --- [ statistics ] ---------------------------------------------------------
c 
c chronological:                19        21.84 %  of conflicts
c conflicts:                    87    284313.73    per second
c decisions:                    87    284313.73    per second
c fixed:                       757        97.05 %  of all variables
c learned:                      61        70.11 %  per conflict
c learned_lits:                215       100.00 %  learned literals
c minimized:                     0         0.00 %  learned literals
c shrunken:                     41        19.07 %  learned literals
c minishrunken:                  3         1.40 %  learned literals
c otfs:                         32        36.78 %  of conflict
c propagations:               2068         6.76 M  per second
c subsumed:                     30         5.67 %  of all clauses
c strengthened:                 22         4.16 %  of all clauses
c ticks:                      7919         3.83    propagation
c 
c seconds are measured in process time for solving
c 
c --- [ glue usage ] ---------------------------------------------------------
c 
c focused glue 1 used 112 clauses 67.87% accumulated 67.87% tier1
c focused glue 2 used 42 clauses 25.45% accumulated 93.33% tier2
c 
c stable glue 2 used 0 clauses 0.000% accumulated 0.000% tier1
c stable glue 3 used 0 clauses 0.000% accumulated 0.000%
c stable glue 4 used 0 clauses 0.000% accumulated 0.000%
c stable glue 5 used 0 clauses 0.000% accumulated 0.000%
c stable glue 6 used 0 clauses 0.000% accumulated 0.000% tier2
c 
c 
c --- [ resources ] ----------------------------------------------------------
c 
c total process time since initialization:         0.00    seconds
c total real time since initialization:            0.00    seconds
c maximum resident set size of process:            2.62    MB
c 
c --- [ shutting down ] ------------------------------------------------------
c 
c exit 20

        0.00 real         0.00 user         0.00 sys
             2752512  maximum resident set size
                   0  average shared memory size
                   0  average unshared data size
                   0  average unshared stack size
                 332  page reclaims
                   1  page faults
                   0  swaps
                   0  block input operations
                   0  block output operations
                   0  messages sent
                   0  messages received
                   0  signals received
                   3  voluntary context switches
                   5  involuntary context switches
            24481527  instructions retired
            10892959  cycles elapsed
             1491232  peak memory footprint
