c ---- [ banner ] ------------------------------------------------------------
c
c Kissat SAT Solver
c 
c Copyright (c) 2021-2024 Armin Biere University of Freiburg
c Copyright (c) 2019-2021 Armin Biere Johannes Kepler University Linz
c 
c Version 4.0.4 unknown
c Apple clang version 21.0.0 (clang-2100.1.1.101) -W -Wall -O3 -DNDEBUG
c Sun Aug 30 17:38:25 CST 2026 Darwin djftekiMacBook-Pro.local 25.3.0 arm64
c
c ---- [ proving ] -----------------------------------------------------------
c
c opened and writing proof to DRAT file:
c
c   /Users/djf/develop/CS/Turing/Turing1/morphosat_research/proofs/layer_a_v01_regression.n8.s4.u.kissat.default.drat
c
c ---- [ parsing ] -----------------------------------------------------------
c
c opened and reading DIMACS file:
c
c   /Users/djf/develop/CS/Turing/Turing1/morphosat_research/instances/separation_v0.2/layer_a_v01_regression.n8.s4.u.cnf
c
c parsed 'p cnf 76 184' header
c closing input after reading 1817 bytes (2 KB)
c finished parsing after 0.00 seconds
c
c ---- [ solving ] -----------------------------------------------------------
c
c seconds switched rate     size/glue tier1 binary   remaining
c        MB reductions conflicts size  tier2 irredundant
c         level restarts redundant glue  trail   variables
c
c *  0.00  2 0 0 0  0 0   0   0 0.0 0 0 0 0 0% 125 39 53 70%
c (  0.00  2 0 0 0  0 0   0   0 0.0 0 0 0 0 0% 125 39 53 70%
c .  0.00  2 0 0 0  0 0   0   0 0.0 0 0 0 0 0%  95 30 53 70%
c c  0.00  2 0 0 0  0 0   0   0 0.0 0 0 0 0 0%  95 30 37 49%
c d  0.00  2 0 0 0  0 0   0   0 0.0 0 0 0 0 0%  48 24 28 37%
c )  0.00  2 0 0 0  0 0   0   0 0.0 0 0 0 0 0%  48 24 28 37%
c {  0.00  2 0 0 0  0 0   0   0 0.0 0 0 2 6 0%  48 24 28 37%
c i  0.00  2 3 0 0  0 1  24   8 1.8 3 2 2 6 100%  54 24 20 26%
c i  0.00  2 3 0 0  0 1  28   9 1.9 3 2 2 6 100%  56 24 17 22%
c i  0.00  2 3 0 0  0 1  30   9 1.9 3 2 2 6 100%  57 24 10 13%
c }  0.00  2 3 0 0  0 1  32   9 1.9 3 2 2 6 100%  57 24  0 0%
c 0  0.00  2 3 0 0  0 1  32   9 1.9 3 2 2 6 100%  57 24  0 0%
c
c ---- [ result ] ------------------------------------------------------------
c
s UNSATISFIABLE
c
c ---- [ profiling ] ---------------------------------------------------------
c
c           0.00   44.50 %  preprocess
c           0.00   40.78 %  probe
c           0.00   23.95 %  sweep
c           0.00   11.17 %  search
c           0.00   11.00 %  focused
c           0.00    8.41 %  congruence
c           0.00    5.99 %  parse
c           0.00    4.05 %  substitute
c           0.00    3.40 %  lucky
c           0.00    2.91 %  factor
c           0.00    0.65 %  backbone
c           0.00    0.00 %  simplify
c =============================================
c           0.00  100.00 %  total
c
c ---- [ statistics ] --------------------------------------------------------
c
c conflicts:                               32            19370.46 per second
c congruent:                               16               21 %  variables
c decisions:                               31                0.97 per conflict
c iterations:                               4                5 %  variables
c propagations:                          1030           623487    per second
c substituted:                             25               33 %  variables
c switched:                                 0                0    interval
c
c ---- [ glue usage ] --------------------------------------------------------
c
c focused glue 2 used 13 clauses 72.22% accumulated 77.78% tier1
c focused glue 3 used  3 clauses 16.67% accumulated 94.44% tier2
c
c ---- [ resources ] ---------------------------------------------------------
c
c maximum-resident-set-size:       2063597568 bytes       1968 MB
c process-time:                                              0.00 seconds
c
c ---- [ shutting down ] -----------------------------------------------------
c
c exit 20

        0.00 real         0.00 user         0.00 sys
             2015232  maximum resident set size
                   0  average shared memory size
                   0  average unshared data size
                   0  average unshared stack size
                 286  page reclaims
                   1  page faults
                   0  swaps
                   0  block input operations
                   0  block output operations
                   0  messages sent
                   0  messages received
                   0  signals received
                   0  voluntary context switches
                   6  involuntary context switches
            17903881  instructions retired
             7126136  cycles elapsed
             1294624  peak memory footprint
