c ---- [ banner ] ------------------------------------------------------------
c
c Kissat SAT Solver
c 
c Copyright (c) 2021-2024 Armin Biere University of Freiburg
c Copyright (c) 2019-2021 Armin Biere Johannes Kepler University Linz
c 
c Version 4.0.4 unknown
c Apple clang version 21.0.0 (clang-2100.1.1.101) -W -Wall -O3 -DNDEBUG
c Sun Aug 30 17:38:25 CST 2026 Darwin djftekiMacBook-Pro.local 25.3.0 arm64
c
c ---- [ proving ] -----------------------------------------------------------
c
c opened and writing proof to DRAT file:
c
c   /Users/djf/develop/CS/Turing/Turing1/morphosat_research/proofs/layer_c_heterogeneous_tseitin.n8.s8.s.kissat.default.drat
c
c ---- [ parsing ] -----------------------------------------------------------
c
c opened and reading DIMACS file:
c
c   /Users/djf/develop/CS/Turing/Turing1/morphosat_research/instances/separation_v0.2/layer_c_heterogeneous_tseitin.n8.s8.s.cnf
c
c parsed 'p cnf 743 978' header
c closing input after reading 12125 bytes (12 KB)
c finished parsing after 0.00 seconds
c
c ---- [ solving ] -----------------------------------------------------------
c
c seconds switched rate     size/glue tier1 binary    remaining
c        MB reductions conflicts size  tier2  irredundant
c         level restarts redundant glue  trail    variables
c
c *  0.00  2 0 0 0  0 0   0   0 0.0 0 0 0 0 0% 184 273 72 10%
c (  0.00  2 0 0 0  0 0   0   0 0.0 0 0 0 0 0% 184 273 72 10%
c .  0.00  2 0 0 0  0 0   0   0 0.0 0 0 0 0 0%  30 204 72 10%
c c  0.00  2 0 0 0  0 0   0   0 0.0 0 0 0 0 0%  26 190 58 8%
c d  0.00  2 0 0 0  0 0   0   0 0.0 0 0 0 0 0%   8 188 58 8%
c =  0.00  2 0 0 0  0 0   0   0 0.0 0 0 0 0 0%  64 120 34 5%
c d  0.00  2 0 0 0  0 0   0   0 0.0 0 0 0 0 0%   0 120 34 5%
c f  0.00  2 0 0 0  0 0   0   0 0.0 0 0 0 0 0%   8 106 38 5%
c )  0.00  2 0 0 0  0 0   0   0 0.0 0 0 0 0 0%   8 106 38 5%
c lucky in backward setting literals to false
c l  0.00  2 0 0 0  0 0   0   0 0.0 0 0 0 0 0%   8 106 34 5%
c 1  0.00  2 0 0 0  0 0   0   0 0.0 0 0 0 0 0%   8 106 34 5%
c
c ---- [ result ] ------------------------------------------------------------
c
s SATISFIABLE
v -1 -2 -3 -4 5 -6 -7 8 -9 10 -11 -12 -13 -14 -15 -16 -17 -18 19 -20 -21 22
v -23 -24 -25 -26 -27 -28 -29 -30 31 32 33 -34 -35 -36 37 -38 39 40 -41 42 43
v 44 45 46 -47 -48 -49 50 -51 52 -53 54 55 -56 57 -58 59 60 -61 62 -63 -64 -65
v -66 -67 68 69 70 71 72 -73 -74 -75 -76 -77 78 79 80 81 82 83 -84 85 -86 -87
v 88 89 90 91 92 93 94 95 96 -97 98 -99 -100 -101 -102 103 104 -105 106 107
v -108 109 -110 -111 -112 113 -114 -115 -116 -117 -118 119 120 -121 -122 -123
v 124 -125 126 -127 128 129 -130 -131 132 -133 134 135 -136 137 -138 139 -140
v 141 -142 143 -144 145 -146 -147 148 149 -150 151 -152 153 -154 -155 -156
v -157 158 -159 -160 161 -162 -163 164 165 -166 167 168 169 -170 -171 172 -173
v 174 175 176 177 178 179 -180 -181 -182 -183 184 -185 -186 187 -188 -189 190
v 191 -192 193 -194 -195 196 -197 198 -199 200 201 -202 -203 204 205 206 207
v -208 -209 210 211 212 -213 214 -215 216 -217 -218 219 220 221 -222 -223 224
v 225 226 227 -228 -229 230 -231 232 233 234 -235 -236 237 -238 239 -240 241
v -242 -243 -244 245 -246 -247 -248 249 -250 251 -252 -253 254 -255 256 -257
v -258 259 -260 -261 262 263 264 -265 -266 -267 -268 269 270 -271 272 -273
v -274 -275 -276 -277 278 -279 -280 281 -282 283 -284 -285 286 287 -288 289
v -290 291 292 -293 -294 295 -296 297 298 -299 300 301 -302 -303 304 305 -306
v -307 -308 309 -310 -311 -312 313 314 -315 -316 -317 -318 319 -320 321 322
v 323 324 325 -326 -327 -328 329 330 331 -332 333 334 -335 336 337 -338 -339
v -340 341 -342 343 344 345 -346 -347 348 -349 -350 351 -352 -353 354 355 356
v 357 -358 359 -360 361 362 363 364 -365 366 367 368 369 -370 -371 372 -373
v -374 375 -376 -377 -378 -379 -380 -381 382 -383 -384 385 -386 -387 -388 -389
v 390 -391 392 393 -394 395 -396 397 398 -399 -400 401 -402 403 404 -405 406
v 407 408 -409 -410 411 412 -413 -414 415 416 -417 -418 419 -420 -421 422 423
v -424 425 426 427 -428 429 -430 -431 432 -433 434 -435 -436 437 -438 439 440
v 441 442 -443 -444 -445 -446 -447 -448 449 -450 451 -452 453 -454 455 456
v -457 -458 459 460 461 462 -463 464 -465 466 467 -468 -469 470 471 472 473
v 474 -475 476 -477 -478 -479 480 -481 482 -483 484 485 486 -487 488 -489 -490
v 491 492 -493 494 -495 496 497 -498 499 500 501 -502 503 504 -505 -506 -507
v -508 -509 510 -511 512 -513 -514 515 -516 517 -518 -519 -520 521 522 -523
v 524 -525 -526 527 528 -529 530 -531 532 533 -534 -535 536 537 -538 539 -540
v 541 542 543 544 -545 546 547 548 -549 550 -551 -552 553 -554 -555 556 -557
v 558 -559 -560 -561 -562 563 564 565 -566 567 -568 569 -570 571 572 573 -574
v 575 576 577 -578 579 580 -581 582 583 -584 585 -586 587 -588 589 590 -591
v 592 -593 -594 -595 -596 597 -598 599 600 -601 602 -603 -604 -605 606 607
v -608 -609 610 -611 612 613 -614 -615 -616 -617 618 619 620 -621 622 -623 624
v 625 626 627 628 -629 630 -631 632 -633 -634 -635 -636 -637 638 639 -640 -641
v -642 643 644 645 -646 647 648 -649 650 -651 652 653 654 655 -656 -657 658
v -659 -660 -661 -662 663 664 665 -666 -667 -668 669 670 -671 -672 673 674
v -675 676 -677 678 -679 -680 -681 -682 -683 -684 -685 686 -687 688 689 -690
v -691 -692 693 -694 695 696 697 698 699 700 701 702 703 704 -705 706 -707
v -708 -709 710 -711 712 713 -714 -715 -716 -717 -718 -719 -720 721 -722 723
v -724 -725 726 -727 728 729 -730 731 732 733 734 735 736 737 -738 -739 740
v -741 -742 -743 0
c
c ---- [ profiling ] ---------------------------------------------------------
c
c           0.00   55.61 %  preprocess
c           0.00   50.10 %  probe
c           0.00   31.27 %  sweep
c           0.00   12.83 %  parse
c           0.00    7.98 %  congruence
c           0.00    5.99 %  factor
c           0.00    3.99 %  substitute
c           0.00    3.14 %  lucky
c           0.00    0.38 %  backbone
c           0.00    0.00 %  search
c           0.00    0.00 %  simplify
c =============================================
c           0.00  100.00 %  total
c
c ---- [ statistics ] --------------------------------------------------------
c
c conflicts:                                0                0.00 per second
c congruent:                                9                1 %  variables
c decisions:                                0                0.00 per conflict
c factored:                                 4                1 %  variables
c propagations:                          1104           544379    per second
c substituted:                             29                4 %  variables
c switched:                                 0                0    interval
c
c ---- [ glue usage ] --------------------------------------------------------
c
c no clauses used at all
c
c ---- [ resources ] ---------------------------------------------------------
c
c maximum-resident-set-size:       2315255808 bytes       2208 MB
c process-time:                                              0.00 seconds
c
c ---- [ shutting down ] -----------------------------------------------------
c
c exit 10

        0.00 real         0.00 user         0.00 sys
             2260992  maximum resident set size
                   0  average shared memory size
                   0  average unshared data size
                   0  average unshared stack size
                 301  page reclaims
                   1  page faults
                   0  swaps
                   0  block input operations
                   0  block output operations
                   0  messages sent
                   0  messages received
                   0  signals received
                   1  voluntary context switches
                   7  involuntary context switches
            24043201  instructions retired
             8719630  cycles elapsed
             1540384  peak memory footprint
