c --- [ banner ] -------------------------------------------------------------
c 
c CaDiCaL SAT Solver
c Copyright (c) 2016-2026
c A. Biere, M. Fleury, N. Froleyks, K. Fazekas, F. Pollitt, T. Faller
c JKU Linz, University of Freiburg, TU Wien
c 
c Version 3.0.1 6f2b1a38e26bb3cddb49c89c64d419c1d6a16ecb
c Apple clang version 21.0.0 (clang-2100.1.1.101) -Wall -Wextra -O3 -DNDEBUG -DNCLOSEFROM
c Sun Aug 30 17:38:15 CST 2026 Darwin djftekiMacBook-Pro.local 25.3.0 arm64
c 
c --- [ proof tracing ] ------------------------------------------------------
c 
c opening file to write '/Users/djf/develop/CS/Turing/Turing1/morphosat_research/proofs/layer_b_heterogeneous_tseitin.n16.s6.u.cadical.default.drat'
c writing non-binary proof trace to '/Users/djf/develop/CS/Turing/Turing1/morphosat_research/proofs/layer_b_heterogeneous_tseitin.n16.s6.u.cadical.default.drat'
c 
c --- [ parsing input ] ------------------------------------------------------
c 
c reading DIMACS file from '/Users/djf/develop/CS/Turing/Turing1/morphosat_research/instances/separation_v0.2/layer_b_heterogeneous_tseitin.n16.s6.u.cnf'
c opening file to read '/Users/djf/develop/CS/Turing/Turing1/morphosat_research/instances/separation_v0.2/layer_b_heterogeneous_tseitin.n16.s6.u.cnf'
c found 'p cnf 157 552' header
c parsed 552 clauses in 0.00 seconds process time
c 
c --- [ options ] ------------------------------------------------------------
c 
c   --binary=false                 (different from default 'true')
c 
c --- [ solving ] ------------------------------------------------------------
c 
c time measured in process time since initialization
c 
c  seconds  reduction conflicts       size tier2     variables
c         MB    restarts   redundant    glue  trail      remaining
c          level     rate       size/glu tier1 irredundant
c 
c *  0.00  0  0 0   0  0    0    0 0.0 0 0 2 6  0%  464 129 82%
c )  0.00  0  0 0   0  0    0    0 0.0 0 0 2 6  0%  464 129 82%
c {  0.00  0  0 0   0  0    0    0 0.0 0 0 2 6  0%  464 129 82%
c i  0.00  0  1 0   0  7    1    0 0.0 1 0 2 6 27%  464 127 81%
c i  0.00  0  1 0   0 10    2    0 0.0 1 0 2 6 32%  464 125 80%
c i  0.00  0 11 0   2  7   12    1 5.0 1 0 2 6 50%  457 123 78%
c i  0.00  0  8 0  46  2  265  140 1.5 4 3 2 6 74%  446 122 78%
c i  0.00  0  8 0  46  2  290  149 1.5 4 3 2 6 74%  446 121 77%
c i  0.00  0  7 0  46  2  297  152 1.5 4 3 2 6 74%  446 120 76%
c -  0.00  0  7 1  46  2  300   79 1.5 4 3 2 6 74%  345 120 76%
c i  0.00  0  7 1  46  2  305   81 1.5 4 3 2 6 74%  345 112 71%
c i  0.00  0  7 1  46  2  307   82 1.5 4 3 2 6 74%  345  98 62%
c }  0.00  0  7 1  46  2  309   82 1.5 4 3 2 6 74%  345  64 41%
c 0  0.00  0  7 1  46  2  309   82 1.5 4 3 2 6 74%  345  64 41%
c 
c --- [ closing proof ] ------------------------------------------------------
c 
c DRAT proof file '/Users/djf/develop/CS/Turing/Turing1/morphosat_research/proofs/layer_b_heterogeneous_tseitin.n16.s6.u.cadical.default.drat' closed
c DRAT 479 added clauses 48.43%
c DRAT 510 deleted clauses 51.57%
c DRAT 17008 bytes (0.02 MB)
c 
c --- [ result ] -------------------------------------------------------------
c 
s UNSATISFIABLE
c 
c --- [ run-time profiling ] -------------------------------------------------
c 
c process time taken by individual solving procedures
c (percentage relative to process time for solving)
c 
c         0.00   96.69% search
c         0.00   92.09% unstable
c         0.00   23.00% parse
c         0.00    3.86% lucky
c         0.00    0.00% simplify
c   =================================
c         0.00   65.92% solve
c 
c last line shows process time for solving
c (percentage relative to total process time)
c 
c --- [ statistics ] ---------------------------------------------------------
c 
c chronological:                90        29.13 %  of conflicts
c conflicts:                   309    284268.63    per second
c decisions:                   518    476540.94    per second
c fixed:                        93        59.24 %  of all variables
c learned:                     233        75.40 %  per conflict
c learned_lits:               1177       100.00 %  learned literals
c minimized:                     0         0.00 %  learned literals
c shrunken:                    197        16.74 %  learned literals
c minishrunken:                  9         0.76 %  learned literals
c otfs:                         85        27.51 %  of conflict
c propagations:               9172         8.44 M  per second
c restarts:                     46         6.72    interval
c subsumed:                    104        15.12 %  of all clauses
c strengthened:                 66         9.59 %  of all clauses
c ticks:                     40275         4.39    propagation
c 
c seconds are measured in process time for solving
c 
c --- [ glue usage ] ---------------------------------------------------------
c 
c focused glue 1 used 862 clauses 64.32% accumulated 64.32% tier1
c focused glue 2 used 291 clauses 21.71% accumulated 86.04% tier2
c 
c stable glue 2 used 0 clauses 0.000% accumulated 0.000% tier1
c stable glue 3 used 0 clauses 0.000% accumulated 0.000%
c stable glue 4 used 0 clauses 0.000% accumulated 0.000%
c stable glue 5 used 0 clauses 0.000% accumulated 0.000%
c stable glue 6 used 0 clauses 0.000% accumulated 0.000% tier2
c 
c 
c --- [ resources ] ----------------------------------------------------------
c 
c total process time since initialization:         0.00    seconds
c total real time since initialization:            0.00    seconds
c maximum resident set size of process:            2.59    MB
c 
c --- [ shutting down ] ------------------------------------------------------
c 
c exit 20

        0.00 real         0.00 user         0.00 sys
             2719744  maximum resident set size
                   0  average shared memory size
                   0  average unshared data size
                   0  average unshared stack size
                 330  page reclaims
                   1  page faults
                   0  swaps
                   0  block input operations
                   0  block output operations
                   0  messages sent
                   0  messages received
                   0  signals received
                   2  voluntary context switches
                   9  involuntary context switches
            29048200  instructions retired
            13789462  cycles elapsed
             1458464  peak memory footprint
