c ---- [ banner ] ------------------------------------------------------------
c
c Kissat SAT Solver
c 
c Copyright (c) 2021-2024 Armin Biere University of Freiburg
c Copyright (c) 2019-2021 Armin Biere Johannes Kepler University Linz
c 
c Version 4.0.4 unknown
c Apple clang version 21.0.0 (clang-2100.1.1.101) -W -Wall -O3 -DNDEBUG
c Sun Aug 30 17:38:25 CST 2026 Darwin djftekiMacBook-Pro.local 25.3.0 arm64
c
c ---- [ proving ] -----------------------------------------------------------
c
c opened and writing proof to DRAT file:
c
c   /Users/djf/develop/CS/Turing/Turing1/morphosat_research/proofs/layer_c_heterogeneous_tseitin.n8.s4.u.kissat.default.drat
c
c ---- [ parsing ] -----------------------------------------------------------
c
c opened and reading DIMACS file:
c
c   /Users/djf/develop/CS/Turing/Turing1/morphosat_research/instances/separation_v0.2/layer_c_heterogeneous_tseitin.n8.s4.u.cnf
c
c parsed 'p cnf 705 930' header
c closing input after reading 11673 bytes (11 KB)
c finished parsing after 0.00 seconds
c
c ---- [ solving ] -----------------------------------------------------------
c
c seconds switched rate     size/glue tier1 binary    remaining
c        MB reductions conflicts size  tier2  irredundant
c         level restarts redundant glue  trail    variables
c
c *  0.00  2 0 0 0  0 0   0   0 0.0 0 0 0 0 0% 182 258 67 10%
c (  0.00  2 0 0 0  0 0   0   0 0.0 0 0 0 0 0% 182 258 67 10%
c .  0.00  2 0 0 0  0 0   0   0 0.0 0 0 0 0 0%  38 176 67 10%
c c  0.00  2 0 0 0  0 0   0   0 0.0 0 0 0 0 0%  42 150 46 7%
c d  0.00  2 0 0 0  0 0   0   0 0.0 0 0 0 0 0%   6 148 46 7%
c d  0.00  2 0 0 0  0 0   0   0 0.0 0 0 0 0 0%   4 148 45 6%
c =  0.00  2 0 0 0  0 0   0   0 0.0 0 0 0 0 0%  35 100 29 4%
c d  0.00  2 0 0 0  0 0   0   0 0.0 0 0 0 0 0%   0 100 29 4%
c f  0.00  2 0 0 0  0 0   0   0 0.0 0 0 0 0 0%   4 92 31 4%
c )  0.00  2 0 0 0  0 0   0   0 0.0 0 0 0 0 0%   4 92 31 4%
c lucky 2 units
c l  0.00  2 0 0 0  0 0   0   0 0.0 0 0 0 0 0%   4 92 29 4%
c {  0.00  2 0 0 0  0 0   0   0 0.0 0 0 2 6 0%   4 92 29 4%
c i  0.00  2 4 0 0  0 1  47  11 1.6 3 2 3 4 87%  16 86 28 4%
c i  0.00  2 4 0 0  0 1  49  12 1.6 3 2 3 4 86%  16 86 21 3%
c i  0.00  2 4 0 0  0 1  54  12 1.6 3 2 3 4 86%  19 86 18 3%
c i  0.00  2 4 0 0  0 1  57  12 1.6 3 2 3 4 85%  21 86 11 2%
c }  0.00  2 4 0 0  0 1  59  12 1.6 3 2 3 4 86%  21 86  0 0%
c 0  0.00  2 4 0 0  0 1  59  12 1.6 3 2 3 4 86%  21 86  0 0%
c
c ---- [ result ] ------------------------------------------------------------
c
s UNSATISFIABLE
c
c ---- [ profiling ] ---------------------------------------------------------
c
c           0.00   48.32 %  preprocess
c           0.00   43.56 %  probe
c           0.00   25.05 %  sweep
c           0.00   13.47 %  parse
c           0.00    8.81 %  search
c           0.00    8.61 %  focused
c           0.00    8.42 %  congruence
c           0.00    5.25 %  factor
c           0.00    3.96 %  substitute
c           0.00    2.97 %  lucky
c           0.00    0.40 %  backbone
c           0.00    0.00 %  simplify
c =============================================
c           0.00  100.00 %  total
c
c ---- [ statistics ] --------------------------------------------------------
c
c conflicts:                               59            25541.13 per second
c congruent:                               16                2 %  variables
c decisions:                               63                1.07 per conflict
c factored:                                 2                0 %  variables
c iterations:                               5                1 %  variables
c propagations:                          1701           736364    per second
c substituted:                             29                4 %  variables
c switched:                                 0                0    interval
c
c ---- [ glue usage ] --------------------------------------------------------
c
c focused glue 2 used 20 clauses 42.55% accumulated 63.83% tier1
c focused glue 3 used  9 clauses 19.15% accumulated 82.98%
c focused glue 4 used  7 clauses 14.89% accumulated 97.87% tier2
c
c ---- [ resources ] ---------------------------------------------------------
c
c maximum-resident-set-size:       2298478592 bytes       2192 MB
c process-time:                                              0.00 seconds
c
c ---- [ shutting down ] -----------------------------------------------------
c
c exit 20

        0.00 real         0.00 user         0.00 sys
             2244608  maximum resident set size
                   0  average shared memory size
                   0  average unshared data size
                   0  average unshared stack size
                 300  page reclaims
                   1  page faults
                   0  swaps
                   0  block input operations
                   0  block output operations
                   0  messages sent
                   0  messages received
                   0  signals received
                   0  voluntary context switches
                   6  involuntary context switches
            22237000  instructions retired
             9969714  cycles elapsed
             1524000  peak memory footprint
