c ---- [ banner ] ------------------------------------------------------------
c
c Kissat SAT Solver
c 
c Copyright (c) 2021-2024 Armin Biere University of Freiburg
c Copyright (c) 2019-2021 Armin Biere Johannes Kepler University Linz
c 
c Version 4.0.4 unknown
c Apple clang version 21.0.0 (clang-2100.1.1.101) -W -Wall -O3 -DNDEBUG
c Sun Aug 30 17:38:25 CST 2026 Darwin djftekiMacBook-Pro.local 25.3.0 arm64
c
c ---- [ proving ] -----------------------------------------------------------
c
c opened and writing proof to DRAT file:
c
c   /Users/djf/develop/CS/Turing/Turing1/morphosat_research/proofs/layer_a_v01_regression.n8.s1.u.kissat.default.drat
c
c ---- [ parsing ] -----------------------------------------------------------
c
c opened and reading DIMACS file:
c
c   /Users/djf/develop/CS/Turing/Turing1/morphosat_research/instances/separation_v0.2/layer_a_v01_regression.n8.s1.u.cnf
c
c parsed 'p cnf 76 184' header
c closing input after reading 1815 bytes (2 KB)
c finished parsing after 0.00 seconds
c
c ---- [ solving ] -----------------------------------------------------------
c
c seconds switched rate     size/glue tier1 binary   remaining
c        MB reductions conflicts size  tier2 irredundant
c         level restarts redundant glue  trail   variables
c
c *  0.00  2 0 0 0  0 0   0   0 0.0 0 0 0 0 0% 118 44 59 78%
c (  0.00  2 0 0 0  0 0   0   0 0.0 0 0 0 0 0% 118 44 59 78%
c .  0.00  2 0 0 0  0 0   0   0 0.0 0 0 0 0 0% 105 34 59 78%
c c  0.00  2 0 0 0  0 0   0   0 0.0 0 0 0 0 0% 105 34 43 57%
c d  0.00  2 0 0 0  0 0   0   0 0.0 0 0 0 0 0%  48 24 28 37%
c )  0.00  2 0 0 0  0 0   0   0 0.0 0 0 0 0 0%  48 24 28 37%
c {  0.00  2 0 0 0  0 0   0   0 0.0 0 0 2 6 0%  48 24 28 37%
c i  0.00  2 4 0 0  0 1  26  16 1.7 4 2 2 4 100%  51 24 22 29%
c i  0.00  2 3 0 0  0 1  30  17 1.7 4 2 2 4 100%  53 24 17 22%
c i  0.00  2 3 0 0  0 1  32  17 1.8 4 2 2 4 100%  54 24  9 12%
c }  0.00  2 3 0 0  0 1  34  17 1.8 3 2 2 4 100%  54 24  0 0%
c 0  0.00  2 3 0 0  0 1  34  17 1.8 3 2 2 4 100%  54 24  0 0%
c
c ---- [ result ] ------------------------------------------------------------
c
s UNSATISFIABLE
c
c ---- [ profiling ] ---------------------------------------------------------
c
c           0.00   41.47 %  preprocess
c           0.00   38.06 %  probe
c           0.00   21.72 %  sweep
c           0.00   10.86 %  search
c           0.00   10.68 %  focused
c           0.00    9.07 %  congruence
c           0.00    6.91 %  parse
c           0.00    3.77 %  substitute
c           0.00    3.23 %  lucky
c           0.00    2.33 %  factor
c           0.00    0.63 %  backbone
c           0.00    0.00 %  simplify
c =============================================
c           0.00  100.00 %  total
c
c ---- [ statistics ] --------------------------------------------------------
c
c conflicts:                               34            12151.54 per second
c congruent:                               16               21 %  variables
c decisions:                               32                0.94 per conflict
c iterations:                               4                5 %  variables
c propagations:                          1246           445318    per second
c substituted:                             31               41 %  variables
c switched:                                 0                0    interval
c
c ---- [ glue usage ] --------------------------------------------------------
c
c focused glue 2 used 11 clauses 47.83% accumulated 56.52% tier1
c focused glue 3 used  7 clauses 30.43% accumulated 86.96% tier2
c
c ---- [ resources ] ---------------------------------------------------------
c
c maximum-resident-set-size:       2130706432 bytes       2032 MB
c process-time:                                              0.00 seconds
c
c ---- [ shutting down ] -----------------------------------------------------
c
c exit 20

        0.00 real         0.00 user         0.00 sys
             2080768  maximum resident set size
                   0  average shared memory size
                   0  average unshared data size
                   0  average unshared stack size
                 290  page reclaims
                   1  page faults
                   0  swaps
                   0  block input operations
                   0  block output operations
                   0  messages sent
                   0  messages received
                   0  signals received
                   1  voluntary context switches
                   8  involuntary context switches
            18378744  instructions retired
             9377912  cycles elapsed
             1360160  peak memory footprint
