s UNSATISFIABLE
(:sat-backjumps         7
 :sat-conflicts         8
 :sat-decisions         8
 :sat-del-clause        7
 :sat-elim-clauses      3
 :sat-elim-literals     5
 :sat-minimized-lits    2
 :sat-mk-clause-2ary    66
 :sat-mk-clause-nary    23
 :sat-mk-var            39
 :sat-propagations-2ary 152
 :sat-propagations-nary 27
 :sat-units             13
 :total-time            0.00)

        0.00 real         0.00 user         0.00 sys
             3178496  maximum resident set size
                   0  average shared memory size
                   0  average unshared data size
                   0  average unshared stack size
                 357  page reclaims
                   2  page faults
                   0  swaps
                   0  block input operations
                   0  block output operations
                   0  messages sent
                   0  messages received
                   0  signals received
                   0  voluntary context switches
                  23  involuntary context switches
            16677517  instructions retired
             9150324  cycles elapsed
             1605944  peak memory footprint
