c ---- [ banner ] ------------------------------------------------------------
c
c Kissat SAT Solver
c 
c Copyright (c) 2021-2024 Armin Biere University of Freiburg
c Copyright (c) 2019-2021 Armin Biere Johannes Kepler University Linz
c 
c Version 4.0.4 unknown
c Apple clang version 21.0.0 (clang-2100.1.1.101) -W -Wall -O3 -DNDEBUG
c Sun Aug 30 17:38:25 CST 2026 Darwin djftekiMacBook-Pro.local 25.3.0 arm64
c
c ---- [ proving ] -----------------------------------------------------------
c
c opened and writing proof to DRAT file:
c
c   /Users/djf/develop/CS/Turing/Turing1/morphosat_research/proofs/layer_a_v01_regression.n4.s6.u.kissat.default.drat
c
c ---- [ parsing ] -----------------------------------------------------------
c
c opened and reading DIMACS file:
c
c   /Users/djf/develop/CS/Turing/Turing1/morphosat_research/instances/separation_v0.2/layer_a_v01_regression.n4.s6.u.cnf
c
c parsed 'p cnf 38 92' header
c closing input after reading 914 bytes
c finished parsing after 0.00 seconds
c
c ---- [ solving ] -----------------------------------------------------------
c
c seconds switched rate     size/glue tier1 binary   remaining
c        MB reductions conflicts size  tier2 irredundant
c         level restarts redundant glue  trail   variables
c
c *  0.00  2 0 0 0  0 0   0   0 0.0 0 0 0 0 0%  63 21 25 66%
c (  0.00  2 0 0 0  0 0   0   0 0.0 0 0 0 0 0%  63 21 25 66%
c .  0.00  2 0 0 0  0 0   0   0 0.0 0 0 0 0 0%  45 14 25 66%
c c  0.00  2 0 0 0  0 0   0   0 0.0 0 0 0 0 0%  45 14 17 45%
c d  0.00  2 0 0 0  0 0   0   0 0.0 0 0 0 0 0%  24 12 14 37%
c )  0.00  2 0 0 0  0 0   0   0 0.0 0 0 0 0 0%  24 12 14 37%
c {  0.00  2 0 0 0  0 0   0   0 0.0 0 0 2 6 0%  24 12 14 37%
c i  0.00  2 2 0 0  0 1   4   0 2.3 2 1 2 6 100%  27 12 11 29%
c i  0.00  2 2 0 0  0 1   6   0 2.5 2 1 2 6 100%  28 12  6 16%
c }  0.00  2 2 0 0  0 1   8   0 2.8 2 1 2 6 100%  28 12  0 0%
c 0  0.00  2 2 0 0  0 1   8   0 2.8 2 1 2 6 100%  28 12  0 0%
c
c ---- [ result ] ------------------------------------------------------------
c
s UNSATISFIABLE
c
c ---- [ profiling ] ---------------------------------------------------------
c
c           0.00   34.04 %  preprocess
c           0.00   30.10 %  probe
c           0.00   15.33 %  sweep
c           0.00    6.75 %  congruence
c           0.00    5.91 %  parse
c           0.00    5.20 %  search
c           0.00    4.64 %  focused
c           0.00    3.09 %  factor
c           0.00    3.09 %  substitute
c           0.00    2.53 %  lucky
c           0.00    0.56 %  backbone
c           0.00    0.00 %  simplify
c =============================================
c           0.00  100.00 %  total
c
c ---- [ statistics ] --------------------------------------------------------
c
c conflicts:                                8             2900.65 per second
c congruent:                                8               21 %  variables
c decisions:                                7                0.88 per conflict
c iterations:                               3                8 %  variables
c propagations:                           391           141769    per second
c substituted:                             11               29 %  variables
c switched:                                 0                0    interval
c
c ---- [ glue usage ] --------------------------------------------------------
c
c no clauses used at all
c
c ---- [ resources ] ---------------------------------------------------------
c
c maximum-resident-set-size:       2030043136 bytes       1936 MB
c process-time:                                              0.00 seconds
c
c ---- [ shutting down ] -----------------------------------------------------
c
c exit 20

        0.00 real         0.00 user         0.00 sys
             1982464  maximum resident set size
                   0  average shared memory size
                   0  average unshared data size
                   0  average unshared stack size
                 284  page reclaims
                   1  page faults
                   0  swaps
                   0  block input operations
                   0  block output operations
                   0  messages sent
                   0  messages received
                   0  signals received
                   0  voluntary context switches
                   5  involuntary context switches
            16283706  instructions retired
             8637934  cycles elapsed
             1261856  peak memory footprint
