c ---- [ banner ] ------------------------------------------------------------
c
c Kissat SAT Solver
c 
c Copyright (c) 2021-2024 Armin Biere University of Freiburg
c Copyright (c) 2019-2021 Armin Biere Johannes Kepler University Linz
c 
c Version 4.0.4 unknown
c Apple clang version 21.0.0 (clang-2100.1.1.101) -W -Wall -O3 -DNDEBUG
c Sun Aug 30 17:38:25 CST 2026 Darwin djftekiMacBook-Pro.local 25.3.0 arm64
c
c ---- [ proving ] -----------------------------------------------------------
c
c opened and writing proof to DRAT file:
c
c   /Users/djf/develop/CS/Turing/Turing1/morphosat_research/proofs/layer_c_heterogeneous_tseitin.n4.s4.u.kissat.default.drat
c
c ---- [ parsing ] -----------------------------------------------------------
c
c opened and reading DIMACS file:
c
c   /Users/djf/develop/CS/Turing/Turing1/morphosat_research/instances/separation_v0.2/layer_c_heterogeneous_tseitin.n4.s4.u.cnf
c
c parsed 'p cnf 329 432' header
c closing input after reading 5180 bytes (5 KB)
c finished parsing after 0.00 seconds
c
c ---- [ solving ] -----------------------------------------------------------
c
c seconds switched rate     size/glue tier1 binary    remaining
c        MB reductions conflicts size  tier2  irredundant
c         level restarts redundant glue  trail    variables
c
c *  0.00  2 0 0 0  0 0   0   0 0.0 0 0 0 0 0%  87 116 35 11%
c lucky 2 units
c l  0.00  2 0 0 0  0 0   0   0 0.0 0 0 0 0 0%  87 116 33 10%
c (  0.00  2 0 0 0  0 0   0   0 0.0 0 0 0 0 0%  87 116 33 10%
c .  0.00  2 0 0 0  0 0   0   0 0.0 0 0 0 0 0%  23 84 33 10%
c c  0.00  2 0 0 0  0 0   0   0 0.0 0 0 0 0 0%  22 62 19 6%
c d  0.00  2 0 0 0  0 0   0   0 0.0 0 0 0 0 0%   3 60 19 6%
c d  0.00  2 0 0 0  0 0   0   0 0.0 0 0 0 0 0%   1 60 18 5%
c =  0.00  2 0 0 0  0 0   0   0 0.0 0 0 0 0 0%  11 52 15 5%
c d  0.00  2 0 0 0  0 0   0   0 0.0 0 0 0 0 0%   0 52 15 5%
c f  0.00  2 0 0 0  0 0   0   0 0.0 0 0 0 0 0%   4 45 17 5%
c )  0.00  2 0 0 0  0 0   0   0 0.0 0 0 0 0 0%   4 45 17 5%
c lucky 2 units
c l  0.00  2 0 0 0  0 0   0   0 0.0 0 0 0 0 0%   4 45 15 5%
c {  0.00  2 0 0 0  0 0   0   0 0.0 0 0 2 6 0%   4 45 15 5%
c i  0.00  2 2 0 0  0 1  10   3 2.3 3 1 0 0 91%   9 44  9 3%
c }  0.00  2 2 0 0  0 1  12   3 2.4 2 1 0 0 92%   9 44  0 0%
c 0  0.00  2 2 0 0  0 1  12   3 2.4 2 1 0 0 92%   9 44  0 0%
c
c ---- [ result ] ------------------------------------------------------------
c
s UNSATISFIABLE
c
c ---- [ profiling ] ---------------------------------------------------------
c
c           0.00   41.22 %  preprocess
c           0.00   35.88 %  probe
c           0.00   19.20 %  sweep
c           0.00   11.56 %  parse
c           0.00    6.45 %  congruence
c           0.00    4.74 %  factor
c           0.00    4.45 %  substitute
c           0.00    3.85 %  search
c           0.00    3.56 %  focused
c           0.00    3.41 %  lucky
c           0.00    0.22 %  backbone
c           0.00    0.00 %  simplify
c =============================================
c           0.00  100.00 %  total
c
c ---- [ statistics ] --------------------------------------------------------
c
c conflicts:                               12             3396.55 per second
c congruent:                                9                3 %  variables
c decisions:                               10                0.83 per conflict
c factored:                                 2                1 %  variables
c iterations:                               2                1 %  variables
c propagations:                           592           167563    per second
c substituted:                             13                4 %  variables
c switched:                                 0                0    interval
c
c ---- [ glue usage ] --------------------------------------------------------
c
c focused glue 1 used 1 clauses 33.33% accumulated 33.33% tier1
c focused glue 2 used 2 clauses 66.67% accumulated 100.00% tier2
c
c ---- [ resources ] ---------------------------------------------------------
c
c maximum-resident-set-size:       2214592512 bytes       2112 MB
c process-time:                                              0.00 seconds
c
c ---- [ shutting down ] -----------------------------------------------------
c
c exit 20

        0.00 real         0.00 user         0.00 sys
             2162688  maximum resident set size
                   0  average shared memory size
                   0  average unshared data size
                   0  average unshared stack size
                 295  page reclaims
                   1  page faults
                   0  swaps
                   0  block input operations
                   0  block output operations
                   0  messages sent
                   0  messages received
                   0  signals received
                   0  voluntary context switches
                  10  involuntary context switches
            19046793  instructions retired
            10565234  cycles elapsed
             1442080  peak memory footprint
