c ---- [ banner ] ------------------------------------------------------------
c
c Kissat SAT Solver
c 
c Copyright (c) 2021-2024 Armin Biere University of Freiburg
c Copyright (c) 2019-2021 Armin Biere Johannes Kepler University Linz
c 
c Version 4.0.4 unknown
c Apple clang version 21.0.0 (clang-2100.1.1.101) -W -Wall -O3 -DNDEBUG
c Sun Aug 30 17:38:25 CST 2026 Darwin djftekiMacBook-Pro.local 25.3.0 arm64
c
c ---- [ proving ] -----------------------------------------------------------
c
c opened and writing proof to DRAT file:
c
c   /Users/djf/develop/CS/Turing/Turing1/morphosat_research/proofs/layer_d_resolution_tseitin_reference.n8.s3.u.kissat.default.drat
c
c ---- [ parsing ] -----------------------------------------------------------
c
c opened and reading DIMACS file:
c
c   /Users/djf/develop/CS/Turing/Turing1/morphosat_research/instances/separation_v0.2/layer_d_resolution_tseitin_reference.n8.s3.u.cnf
c
c parsed 'p cnf 12 32' header
c closing input after reading 411 bytes
c finished parsing after 0.00 seconds
c
c ---- [ solving ] -----------------------------------------------------------
c
c seconds switched rate     size/glue tier1 binary   remaining
c        MB reductions conflicts size  tier2 irredundant
c         level restarts redundant glue  trail   variables
c
c *  0.00  2 0 0 0  0 0   0   0 0.0 0 0 0 0 0%   0 32 12 100%
c (  0.00  2 0 0 0  0 0   0   0 0.0 0 0 0 0 0%   0 32 12 100%
c .  0.00  2 0 0 0  0 0   0   0 0.0 0 0 0 0 0%   0 32 12 100%
c )  0.00  2 0 0 0  0 0   0   0 0.0 0 0 0 0 0%   0 32 12 100%
c {  0.00  2 0 0 0  0 0   0   0 0.0 0 0 2 6 0%   0 32 12 100%
c i  0.00  2 3 0 0  0 1  25   9 2.5 4 2 2 3 100%   4 31 11 92%
c i  0.00  2 3 0 0  0 1  33   9 2.2 4 2 2 3 100%   7 31  9 75%
c i  0.00  2 3 0 0  0 1  37   9 2.2 3 2 2 3 100%   9 31  7 58%
c i  0.00  2 3 0 0  0 1  39   9 2.2 3 1 2 3 100%  10 31  5 42%
c }  0.00  2 3 0 0  0 1  41   9 2.2 3 1 2 3 100%  10 31  0 0%
c 0  0.00  2 3 0 0  0 1  41   9 2.2 3 1 2 3 100%  10 31  0 0%
c
c ---- [ result ] ------------------------------------------------------------
c
s UNSATISFIABLE
c
c ---- [ profiling ] ---------------------------------------------------------
c
c           0.00   26.71 %  preprocess
c           0.00   24.50 %  probe
c           0.00   16.34 %  sweep
c           0.00   12.58 %  search
c           0.00   12.14 %  focused
c           0.00    4.19 %  congruence
c           0.00    3.97 %  parse
c           0.00    2.21 %  factor
c           0.00    2.21 %  lucky
c           0.00    0.44 %  backbone
c           0.00    0.44 %  substitute
c           0.00    0.00 %  simplify
c =============================================
c           0.00  100.00 %  total
c
c ---- [ statistics ] --------------------------------------------------------
c
c conflicts:                               41            25932.95 per second
c decisions:                               31                0.76 per conflict
c iterations:                               5               42 %  variables
c propagations:                           330           208729    per second
c switched:                                 0                0    interval
c
c ---- [ glue usage ] --------------------------------------------------------
c
c focused glue 2 used 15 clauses 62.50% accumulated 79.17% tier1
c focused glue 3 used  5 clauses 20.83% accumulated 100.00% tier2
c
c ---- [ resources ] ---------------------------------------------------------
c
c maximum-resident-set-size:       1979711488 bytes       1888 MB
c process-time:                                              0.00 seconds
c
c ---- [ shutting down ] -----------------------------------------------------
c
c exit 20

        0.00 real         0.00 user         0.00 sys
             1933312  maximum resident set size
                   0  average shared memory size
                   0  average unshared data size
                   0  average unshared stack size
                 281  page reclaims
                   1  page faults
                   0  swaps
                   0  block input operations
                   0  block output operations
                   0  messages sent
                   0  messages received
                   0  signals received
                   0  voluntary context switches
                   5  involuntary context switches
            16141811  instructions retired
             6855355  cycles elapsed
             1212704  peak memory footprint
