s SATISFIABLE
v -1 -2 -3 -4 -5 6 7 -8 9 10 -11 -12 13 14 -15 -16 -17 18 -19 20 21 -22 -23 24 -25 -26 -27 28 29 30 -31 32 33 34 -35 36 -37 -38 0
(:sat-decisions         3
 :sat-mk-clause-2ary    58
 :sat-mk-clause-nary    21
 :sat-mk-var            39
 :sat-propagations-2ary 23
 :sat-propagations-nary 5
 :sat-units             8
 :total-time            0.00)

        0.00 real         0.00 user         0.00 sys
             3162112  maximum resident set size
                   0  average shared memory size
                   0  average unshared data size
                   0  average unshared stack size
                 356  page reclaims
                   2  page faults
                   0  swaps
                   0  block input operations
                   0  block output operations
                   0  messages sent
                   0  messages received
                   0  signals received
                   0  voluntary context switches
                   4  involuntary context switches
            16054707  instructions retired
             7554822  cycles elapsed
             1622328  peak memory footprint
