c ---- [ banner ] ------------------------------------------------------------
c
c Kissat SAT Solver
c 
c Copyright (c) 2021-2024 Armin Biere University of Freiburg
c Copyright (c) 2019-2021 Armin Biere Johannes Kepler University Linz
c 
c Version 4.0.4 unknown
c Apple clang version 21.0.0 (clang-2100.1.1.101) -W -Wall -O3 -DNDEBUG
c Sun Aug 30 17:38:25 CST 2026 Darwin djftekiMacBook-Pro.local 25.3.0 arm64
c
c ---- [ proving ] -----------------------------------------------------------
c
c opened and writing proof to DRAT file:
c
c   /Users/djf/develop/CS/Turing/Turing1/morphosat_research/proofs/layer_d_random_reordered_parity.n32.s9.u.kissat.default.drat
c
c ---- [ parsing ] -----------------------------------------------------------
c
c opened and reading DIMACS file:
c
c   /Users/djf/develop/CS/Turing/Turing1/morphosat_research/instances/separation_v0.2/layer_d_random_reordered_parity.n32.s9.u.cnf
c
c parsed 'p cnf 48 128' header
c closing input after reading 1618 bytes (2 KB)
c finished parsing after 0.00 seconds
c
c ---- [ solving ] -----------------------------------------------------------
c
c seconds switched rate     size/glue tier1 binary    remaining
c        MB reductions conflicts size  tier2  irredundant
c         level restarts redundant glue  trail    variables
c
c *  0.00  2 0 0 0  0 0   0   0 0.0 0 0 0 0 0%   0 128 48 100%
c (  0.00  2 0 0 0  0 0   0   0 0.0 0 0 0 0 0%   0 128 48 100%
c .  0.00  2 0 0 0  0 0   0   0 0.0 0 0 0 0 0%   0 128 48 100%
c )  0.00  2 0 0 0  0 0   0   0 0.0 0 0 0 0 0%   0 128 48 100%
c {  0.00  2 0 0 0  0 0   0   0 0.0 0 0 2 6 0%   0 128 48 100%
c -  0.00  2 11 0 1  0 1 1002 434 1.7 11 6 5 7 84%   0 128 48 100%
c }  0.00  2 11 1 1  0 1 1002 434 1.7 11 6 5 7 84%   0 128 48 100%
c [  0.00  2 0 1 1  0 0 1002 434 0.0 0 0 2 6 0%   0 128 48 100%
c B  0.00  2 0 1 1  0 0 1002 434 0.0 0 0 2 6 0%   0 128 48 100%
c ]  0.00  2 9 2 1  0 1 1893 841 2.0 9 5 5 6 60%   0 128 48 100%
c {  0.00  2 11 2 1  0 1 1893 841 1.7 11 6 5 7 84%   0 128 48 100%
c -  0.00  2 11 2 2  0 1 2005 851 1.8 10 6 5 7 83%   0 128 48 100%
c i  0.00  2 9 2 2  0 1 2849 1155 1.8 10 5 5 7 71%   7 128 47 98%
c i  0.00  2 9 2 2  0 1 2863 1158 1.8 9 5 5 7 71%  10 128 46 96%
c i  0.00  2 9 2 2  0 1 2871 1158 1.8 9 5 5 7 71%  13 128 44 92%
c i  0.00  2 9 2 2  0 1 2888 1158 1.8 9 5 5 7 70%  17 128 43 90%
c }  0.00  2 9 3 2  0 1 2894 1160 1.8 9 5 5 7 70%  18 128 43 90%
c [  0.00  2 9 3 2  0 1 2894 1160 2.0 9 5 5 6 60%  18 128 43 90%
c W  0.00  3 9 3 2  0 1 2894 1160 2.0 9 5 5 6 60%   1 110 43 90%
c i  0.00  3 9 3 2  0 1 2900 1160 2.0 9 5 5 6 60%   3 110 42 88%
c
c seconds switched rate       size/glue tier1  binary    remaining
c        MB reductions conflicts   size  tier2   irredundant
c         level restarts redundant   glue   trail    variables
c
c i  0.00  3 8 3 2  0 1 2904 1159 2.0 9 5 5 6 60%   5 110 38 79%
c ]  0.00  3 8 3 2  0 1 2906 1159 2.0 9 5 5 6 60%   5 110 31 65%
c 0  0.00  3 9 3 2  0 1 2906 1159 1.8 9 5 5 7 70%   5 110 31 65%
c
c ---- [ result ] ------------------------------------------------------------
c
s UNSATISFIABLE
c
c ---- [ profiling ] ---------------------------------------------------------
c
c           0.00   67.79 %  search
c           0.00   46.98 %  focused
c           0.00   20.69 %  stable
c           0.00   15.93 %  simplify
c           0.00   15.93 %  walking
c           0.00    7.18 %  preprocess
c           0.00    6.95 %  probe
c           0.00    4.96 %  sweep
c           0.00    2.57 %  reduce
c           0.00    0.99 %  congruence
c           0.00    0.68 %  factor
c           0.00    0.66 %  parse
c           0.00    0.52 %  lucky
c           0.00    0.10 %  substitute
c           0.00    0.08 %  backbone
c =============================================
c           0.00  100.00 %  total
c
c ---- [ statistics ] --------------------------------------------------------
c
c conflicts:                             2906           461489.60 per second
c decisions:                             1838                0.63 per conflict
c iterations:                               7               15 %  variables
c propagations:                         13445          2135144    per second
c reductions:                               2             1453    interval
c rephased:                                 2             1453    interval
c switched:                                 3              969    interval
c walks:                                    1             2906    interval
c
c ---- [ glue usage ] --------------------------------------------------------
c
c focused glue 4 used 621 clauses 18.97% accumulated 51.89% tier1
c focused glue 5 used 691 clauses 21.11% accumulated 73.00%
c focused glue 6 used 495 clauses 15.12% accumulated 88.12%
c focused glue 7 used 262 clauses  8.00% accumulated 96.12% tier2
c
c stable glue 4 used 392 clauses 22.41% accumulated 58.20% tier1
c stable glue 5 used 399 clauses 22.81% accumulated 81.02%
c stable glue 6 used 228 clauses 13.04% accumulated 94.05% tier2
c
c ---- [ resources ] ---------------------------------------------------------
c
c maximum-resident-set-size:       2751463424 bytes       2624 MB
c process-time:                                              0.00 seconds
c
c ---- [ shutting down ] -----------------------------------------------------
c
c exit 20

        0.00 real         0.00 user         0.00 sys
             2686976  maximum resident set size
                   0  average shared memory size
                   0  average unshared data size
                   0  average unshared stack size
                 327  page reclaims
                   1  page faults
                   0  swaps
                   0  block input operations
                   0  block output operations
                   0  messages sent
                   0  messages received
                   0  signals received
                   1  voluntary context switches
                  11  involuntary context switches
            64799431  instructions retired
            26103163  cycles elapsed
             1982776  peak memory footprint
