c ---- [ banner ] ------------------------------------------------------------
c
c Kissat SAT Solver
c 
c Copyright (c) 2021-2024 Armin Biere University of Freiburg
c Copyright (c) 2019-2021 Armin Biere Johannes Kepler University Linz
c 
c Version 4.0.4 unknown
c Apple clang version 21.0.0 (clang-2100.1.1.101) -W -Wall -O3 -DNDEBUG
c Sun Aug 30 17:38:25 CST 2026 Darwin djftekiMacBook-Pro.local 25.3.0 arm64
c
c ---- [ proving ] -----------------------------------------------------------
c
c opened and writing proof to DRAT file:
c
c   /Users/djf/develop/CS/Turing/Turing1/morphosat_research/proofs/layer_b_heterogeneous_tseitin.n8.s2.u.kissat.default.drat
c
c ---- [ parsing ] -----------------------------------------------------------
c
c opened and reading DIMACS file:
c
c   /Users/djf/develop/CS/Turing/Turing1/morphosat_research/instances/separation_v0.2/layer_b_heterogeneous_tseitin.n8.s2.u.cnf
c
c parsed 'p cnf 79 282' header
c closing input after reading 3616 bytes (4 KB)
c finished parsing after 0.00 seconds
c
c ---- [ solving ] -----------------------------------------------------------
c
c seconds switched rate     size/glue tier1 binary    remaining
c        MB reductions conflicts size  tier2  irredundant
c         level restarts redundant glue  trail    variables
c
c *  0.00  2 0 0 0  0 0   0   0 0.0 0 0 0 0 0%  33 204 65 82%
c lucky 2 units
c l  0.00  2 0 0 0  0 0   0   0 0.0 0 0 0 0 0%  33 204 63 80%
c (  0.00  2 0 0 0  0 0   0   0 0.0 0 0 0 0 0%  33 204 63 80%
c .  0.00  2 0 0 0  0 0   0   0 0.0 0 0 0 0 0%  34 176 63 80%
c c  0.00  2 0 0 0  0 0   0   0 0.0 0 0 0 0 0%  27 147 47 59%
c d  0.00  2 0 0 0  0 0   0   0 0.0 0 0 0 0 0%   9 139 45 57%
c =  0.00  2 0 0 0  0 0   0   0 0.0 0 0 0 0 0%  47 92 27 34%
c d  0.00  2 0 0 0  0 0   0   0 0.0 0 0 0 0 0%   0 92 27 34%
c f  0.00  2 0 0 0  0 0   0   0 0.0 0 0 0 0 0%   6 81 30 38%
c )  0.00  2 0 0 0  0 0   0   0 0.0 0 0 0 0 0%   6 81 30 38%
c lucky 3 units
c l  0.00  2 0 0 0  0 0   0   0 0.0 0 0 0 0 0%   6 81 27 34%
c {  0.00  2 0 0 0  0 0   0   0 0.0 0 0 2 6 0%   6 81 27 34%
c i  0.00  2 4 0 0  0 1  11   4 1.6 3 2 2 6 83%   8 81 26 33%
c i  0.00  2 3 0 0  0 1  23   9 1.8 3 2 2 3 87%  12 79 25 32%
c i  0.00  2 3 0 0  0 1  34  11 1.8 3 2 2 3 88%  15 79 24 30%
c i  0.00  2 3 0 0  0 1  35  11 1.8 3 2 2 3 88%  15 79 17 22%
c i  0.00  2 3 0 0  0 1  38  11 1.8 3 1 2 3 88%  16 78 11 14%
c }  0.00  2 3 0 0  0 1  40  11 1.9 3 1 2 3 89%  16 78  7 9%
c 0  0.00  2 3 0 0  0 1  40  11 1.9 3 1 2 3 89%  16 78  7 9%
c
c ---- [ result ] ------------------------------------------------------------
c
s UNSATISFIABLE
c
c ---- [ profiling ] ---------------------------------------------------------
c
c           0.00   52.82 %  preprocess
c           0.00   50.43 %  probe
c           0.00   30.03 %  sweep
c           0.00    9.73 %  congruence
c           0.00    7.25 %  search
c           0.00    7.08 %  focused
c           0.00    5.97 %  parse
c           0.00    4.95 %  factor
c           0.00    4.86 %  substitute
c           0.00    3.58 %  lucky
c           0.00    0.43 %  backbone
c           0.00    0.00 %  simplify
c =============================================
c           0.00  100.00 %  total
c
c ---- [ statistics ] --------------------------------------------------------
c
c conflicts:                               40            13454.42 per second
c congruent:                               10               13 %  variables
c decisions:                               41                1.02 per conflict
c factored:                                 3                4 %  variables
c iterations:                               6                8 %  variables
c propagations:                           828           278507    per second
c substituted:                             27               34 %  variables
c switched:                                 0                0    interval
c
c ---- [ glue usage ] --------------------------------------------------------
c
c focused glue 2 used 17 clauses 68.00% accumulated 80.00% tier1
c focused glue 3 used  5 clauses 20.00% accumulated 100.00% tier2
c
c ---- [ resources ] ---------------------------------------------------------
c
c maximum-resident-set-size:       2130706432 bytes       2032 MB
c process-time:                                              0.00 seconds
c
c ---- [ shutting down ] -----------------------------------------------------
c
c exit 20

        0.00 real         0.00 user         0.00 sys
             2080768  maximum resident set size
                   0  average shared memory size
                   0  average unshared data size
                   0  average unshared stack size
                 292  page reclaims
                   1  page faults
                   0  swaps
                   0  block input operations
                   0  block output operations
                   0  messages sent
                   0  messages received
                   0  signals received
                   0  voluntary context switches
                  10  involuntary context switches
            20478471  instructions retired
            10543995  cycles elapsed
             1360160  peak memory footprint
