c --- [ banner ] -------------------------------------------------------------
c 
c CaDiCaL SAT Solver
c Copyright (c) 2016-2026
c A. Biere, M. Fleury, N. Froleyks, K. Fazekas, F. Pollitt, T. Faller
c JKU Linz, University of Freiburg, TU Wien
c 
c Version 3.0.1 6f2b1a38e26bb3cddb49c89c64d419c1d6a16ecb
c Apple clang version 21.0.0 (clang-2100.1.1.101) -Wall -Wextra -O3 -DNDEBUG -DNCLOSEFROM
c Sun Aug 30 17:38:15 CST 2026 Darwin djftekiMacBook-Pro.local 25.3.0 arm64
c 
c --- [ proof tracing ] ------------------------------------------------------
c 
c opening file to write '/Users/djf/develop/CS/Turing/Turing1/morphosat_research/proofs/layer_b_heterogeneous_tseitin.n32.s9.u.cadical.default.drat'
c writing non-binary proof trace to '/Users/djf/develop/CS/Turing/Turing1/morphosat_research/proofs/layer_b_heterogeneous_tseitin.n32.s9.u.cadical.default.drat'
c 
c --- [ parsing input ] ------------------------------------------------------
c 
c reading DIMACS file from '/Users/djf/develop/CS/Turing/Turing1/morphosat_research/instances/separation_v0.2/layer_b_heterogeneous_tseitin.n32.s9.u.cnf'
c opening file to read '/Users/djf/develop/CS/Turing/Turing1/morphosat_research/instances/separation_v0.2/layer_b_heterogeneous_tseitin.n32.s9.u.cnf'
c found 'p cnf 301 1062' header
c parsed 1062 clauses in 0.00 seconds process time
c 
c --- [ options ] ------------------------------------------------------------
c 
c   --binary=false                 (different from default 'true')
c 
c --- [ solving ] ------------------------------------------------------------
c 
c time measured in process time since initialization
c 
c  seconds  reduction conflicts       size tier2     variables
c         MB    restarts   redundant    glue  trail      remaining
c          level     rate       size/glu tier1 irredundant
c 
c *  0.00  0  0 0   0  0    0    0 0.0 0 0 2 6  0%  905 251 83%
c )  0.00  0  0 0   0  0    0    0 0.0 0 0 2 6  0%  905 251 83%
c {  0.00  0  0 0   0  0    0    0 0.0 0 0 2 6  0%  905 251 83%
c i  0.00  0 21 0   0  5    8    4 2.0 2 1 2 6 39%  903 250 83%
c i  0.00  0 29 0   1  3  111   59 1.6 3 2 2 6 84%  887 247 82%
c i  0.00  0 27 0   2  3  127   69 1.6 3 2 2 6 83%  887 244 81%
c -  0.00  0 20 1  35  3  300  187 1.5 4 3 2 6 77%  764 244 81%
c i  0.00  0 13 1 104  3  682  406 1.5 6 4 2 6 61%  764 243 81%
c i  0.00  0 13 1 104  3  726  421 1.5 6 4 2 6 60%  764 241 80%
c -  0.00  0 13 2 104  3  734  282 1.5 6 4 2 6 60%  744 241 80%
c i  0.00  0 12 2 104  3  756  290 1.5 5 4 2 6 59%  744 240 80%
c i  0.00  0 12 2 104  3  761  292 1.5 5 4 2 6 59%  744 234 78%
c i  0.00  0 12 2 104  3  765  294 1.5 5 4 2 6 59%  744 224 74%
c }  0.00  0 12 2 104  3  768  295 1.5 5 4 2 6 59%  744 197 65%
c 0  0.00  0 12 2 104  3  768  295 1.5 5 4 2 6 59%  744 197 65%
c 
c --- [ closing proof ] ------------------------------------------------------
c 
c DRAT proof file '/Users/djf/develop/CS/Turing/Turing1/morphosat_research/proofs/layer_b_heterogeneous_tseitin.n32.s9.u.cadical.default.drat' closed
c DRAT 1058 added clauses 52.02%
c DRAT 976 deleted clauses 47.98%
c DRAT 44174 bytes (0.04 MB)
c 
c --- [ result ] -------------------------------------------------------------
c 
s UNSATISFIABLE
c 
c --- [ run-time profiling ] -------------------------------------------------
c 
c process time taken by individual solving procedures
c (percentage relative to process time for solving)
c 
c         0.00   98.77% search
c         0.00   95.57% unstable
c         0.00   12.14% parse
c         0.00    2.83% lucky
c         0.00    0.00% simplify
c   =================================
c         0.00   80.12% solve
c 
c last line shows process time for solving
c (percentage relative to total process time)
c 
c --- [ statistics ] ---------------------------------------------------------
c 
c chronological:               260        33.85 %  of conflicts
c conflicts:                   768    315012.31    per second
c decisions:                  1650    676784.25    per second
c fixed:                       104        34.55 %  of all variables
c learned:                     556        72.40 %  per conflict
c learned_lits:               3522       100.00 %  learned literals
c minimized:                     0         0.00 %  learned literals
c shrunken:                    465        13.20 %  learned literals
c minishrunken:                 61         1.73 %  learned literals
c otfs:                        220        28.65 %  of conflict
c propagations:              24447        10.03 M  per second
c reduced:                      17         2.21 %  per conflict
c restarts:                    104         7.38    interval
c subsumed:                    141         9.71 %  of all clauses
c strengthened:                198        13.64 %  of all clauses
c ticks:                    116381         4.76    propagation
c 
c seconds are measured in process time for solving
c 
c --- [ glue usage ] ---------------------------------------------------------
c 
c focused glue 1 used 1885 clauses 55.34% accumulated 55.34% tier1
c focused glue 2 used 811 clauses 23.81% accumulated 79.15% tier2
c 
c stable glue 2 used 0 clauses 0.000% accumulated 0.000% tier1
c stable glue 3 used 0 clauses 0.000% accumulated 0.000%
c stable glue 4 used 0 clauses 0.000% accumulated 0.000%
c stable glue 5 used 0 clauses 0.000% accumulated 0.000%
c stable glue 6 used 0 clauses 0.000% accumulated 0.000% tier2
c 
c 
c --- [ resources ] ----------------------------------------------------------
c 
c total process time since initialization:         0.00    seconds
c total real time since initialization:            0.00    seconds
c maximum resident set size of process:            2.92    MB
c 
c --- [ shutting down ] ------------------------------------------------------
c 
c exit 20

        0.00 real         0.00 user         0.00 sys
             3063808  maximum resident set size
                   0  average shared memory size
                   0  average unshared data size
                   0  average unshared stack size
                 351  page reclaims
                   1  page faults
                   0  swaps
                   0  block input operations
                   0  block output operations
                   0  messages sent
                   0  messages received
                   0  signals received
                   0  voluntary context switches
                   5  involuntary context switches
            44183015  instructions retired
            20337186  cycles elapsed
             1802528  peak memory footprint
