c ---- [ banner ] ------------------------------------------------------------
c
c Kissat SAT Solver
c 
c Copyright (c) 2021-2024 Armin Biere University of Freiburg
c Copyright (c) 2019-2021 Armin Biere Johannes Kepler University Linz
c 
c Version 4.0.4 unknown
c Apple clang version 21.0.0 (clang-2100.1.1.101) -W -Wall -O3 -DNDEBUG
c Sun Aug 30 17:38:25 CST 2026 Darwin djftekiMacBook-Pro.local 25.3.0 arm64
c
c ---- [ proving ] -----------------------------------------------------------
c
c opened and writing proof to DRAT file:
c
c   /Users/djf/develop/CS/Turing/Turing1/morphosat_research/proofs/layer_d_random_reordered_parity.n32.s2.u.kissat.default.drat
c
c ---- [ parsing ] -----------------------------------------------------------
c
c opened and reading DIMACS file:
c
c   /Users/djf/develop/CS/Turing/Turing1/morphosat_research/instances/separation_v0.2/layer_d_random_reordered_parity.n32.s2.u.cnf
c
c parsed 'p cnf 48 128' header
c closing input after reading 1618 bytes (2 KB)
c finished parsing after 0.00 seconds
c
c ---- [ solving ] -----------------------------------------------------------
c
c seconds switched rate     size/glue tier1 binary    remaining
c        MB reductions conflicts size  tier2  irredundant
c         level restarts redundant glue  trail    variables
c
c *  0.00  2 0 0 0  0 0   0   0 0.0 0 0 0 0 0%   0 128 48 100%
c (  0.00  2 0 0 0  0 0   0   0 0.0 0 0 0 0 0%   0 128 48 100%
c .  0.00  2 0 0 0  0 0   0   0 0.0 0 0 0 0 0%   0 128 48 100%
c )  0.00  2 0 0 0  0 0   0   0 0.0 0 0 0 0 0%   0 128 48 100%
c {  0.00  2 0 0 0  0 0   0   0 0.0 0 0 2 6 0%   0 128 48 100%
c i  0.00  2 8 0 0  0 1 900 335 1.4 7 5 4 7 54%   8 128 47 98%
c -  0.00  2 8 0 1  0 1 1002 152 1.4 7 5 3 7 55%   0 128 47 98%
c }  0.00  2 8 1 1  0 1 1002 152 1.4 7 5 3 7 55%   0 128 47 98%
c [  0.00  2 0 1 1  0 0 1002 152 0.0 0 0 2 6 0%   0 128 47 98%
c B  0.00  2 0 1 1  0 0 1002 152 0.0 0 0 2 6 0%   0 128 47 98%
c i  0.00  2 5 1 1  0 1 1173 205 1.5 5 3 2 5 41%   7 128 46 96%
c i  0.00  2 5 1 1  0 1 1242 215 1.4 5 3 2 5 37%  13 128 45 94%
c i  0.00  2 5 1 1  0 1 1278 221 1.4 5 3 2 5 35%  18 128 44 92%
c i  0.00  2 5 1 1  0 1 1297 224 1.4 4 3 2 5 35%  22 128 43 90%
c i  0.00  2 5 1 1  0 1 1307 225 1.4 4 3 2 5 34%  25 128 42 88%
c i  0.00  2 5 1 1  0 1 1312 225 1.4 4 3 2 5 34%  27 128 41 85%
c i  0.00  2 4 1 1  0 1 1315 224 1.5 4 3 2 5 34%  28 128 39 81%
c ]  0.00  2 4 1 1  0 1 1317 222 1.5 4 3 2 5 34%  28 128 33 69%
c 0  0.00  2 8 1 1  0 1 1317 222 1.4 7 5 3 7 55%  28 128 33 69%
c
c ---- [ result ] ------------------------------------------------------------
c
s UNSATISFIABLE
c
c ---- [ profiling ] ---------------------------------------------------------
c
c           0.00   65.69 %  search
c           0.00   52.20 %  focused
c           0.00   16.51 %  preprocess
c           0.00   15.92 %  probe
c           0.00   13.30 %  stable
c           0.00   11.15 %  sweep
c           0.00    2.39 %  congruence
c           0.00    2.20 %  reduce
c           0.00    1.51 %  parse
c           0.00    1.47 %  factor
c           0.00    1.42 %  lucky
c           0.00    0.32 %  backbone
c           0.00    0.28 %  substitute
c           0.00    0.00 %  simplify
c =============================================
c           0.00  100.00 %  total
c
c ---- [ statistics ] --------------------------------------------------------
c
c conflicts:                             1317           370151.77 per second
c decisions:                             1313                1.00 per conflict
c iterations:                               9               19 %  variables
c propagations:                          9036          2539629    per second
c reductions:                               1             1317    interval
c rephased:                                 1             1317    interval
c switched:                                 1             1317    interval
c
c ---- [ glue usage ] --------------------------------------------------------
c
c focused glue 3 used 376 clauses 15.32% accumulated 59.39% tier1
c focused glue 4 used 216 clauses  8.80% accumulated 68.19%
c focused glue 5 used 277 clauses 11.28% accumulated 79.47%
c focused glue 6 used 257 clauses 10.47% accumulated 89.94%
c focused glue 7 used 141 clauses  5.74% accumulated 95.68% tier2
c
c stable glue 2 used 221 clauses 24.83% accumulated 66.63% tier1
c stable glue 3 used 147 clauses 16.52% accumulated 83.15%
c stable glue 4 used  95 clauses 10.67% accumulated 93.82% tier2
c
c ---- [ resources ] ---------------------------------------------------------
c
c maximum-resident-set-size:       2348810240 bytes       2240 MB
c process-time:                                              0.00 seconds
c
c ---- [ shutting down ] -----------------------------------------------------
c
c exit 20

        0.00 real         0.00 user         0.00 sys
             2293760  maximum resident set size
                   0  average shared memory size
                   0  average unshared data size
                   0  average unshared stack size
                 303  page reclaims
                   1  page faults
                   0  swaps
                   0  block input operations
                   0  block output operations
                   0  messages sent
                   0  messages received
                   0  signals received
                   0  voluntary context switches
                   6  involuntary context switches
            33576143  instructions retired
            15488316  cycles elapsed
             1589560  peak memory footprint
