s UNSATISFIABLE
(:sat-backjumps         25
 :sat-conflicts         26
 :sat-decisions         36
 :sat-del-clause        33
 :sat-elim-clauses      25
 :sat-elim-literals     15
 :sat-minimized-lits    1
 :sat-mk-clause-2ary    34
 :sat-mk-clause-nary    110
 :sat-mk-var            38
 :sat-propagations-2ary 132
 :sat-propagations-nary 192
 :sat-units             8
 :total-time            0.00)

        0.00 real         0.00 user         0.00 sys
             3178496  maximum resident set size
                   0  average shared memory size
                   0  average unshared data size
                   0  average unshared stack size
                 357  page reclaims
                   2  page faults
                   0  swaps
                   0  block input operations
                   0  block output operations
                   0  messages sent
                   0  messages received
                   0  signals received
                   0  voluntary context switches
                   7  involuntary context switches
            16777209  instructions retired
             7739388  cycles elapsed
             1605944  peak memory footprint
