c --- [ banner ] -------------------------------------------------------------
c 
c CaDiCaL SAT Solver
c Copyright (c) 2016-2026
c A. Biere, M. Fleury, N. Froleyks, K. Fazekas, F. Pollitt, T. Faller
c JKU Linz, University of Freiburg, TU Wien
c 
c Version 3.0.1 6f2b1a38e26bb3cddb49c89c64d419c1d6a16ecb
c Apple clang version 21.0.0 (clang-2100.1.1.101) -Wall -Wextra -O3 -DNDEBUG -DNCLOSEFROM
c Sun Aug 30 17:38:15 CST 2026 Darwin djftekiMacBook-Pro.local 25.3.0 arm64
c 
c --- [ proof tracing ] ------------------------------------------------------
c 
c opening file to write '/Users/djf/develop/CS/Turing/Turing1/morphosat_research/proofs/layer_b_heterogeneous_tseitin.n8.s2.u.cadical.bve_off.drat'
c writing non-binary proof trace to '/Users/djf/develop/CS/Turing/Turing1/morphosat_research/proofs/layer_b_heterogeneous_tseitin.n8.s2.u.cadical.bve_off.drat'
c 
c --- [ parsing input ] ------------------------------------------------------
c 
c reading DIMACS file from '/Users/djf/develop/CS/Turing/Turing1/morphosat_research/instances/separation_v0.2/layer_b_heterogeneous_tseitin.n8.s2.u.cnf'
c opening file to read '/Users/djf/develop/CS/Turing/Turing1/morphosat_research/instances/separation_v0.2/layer_b_heterogeneous_tseitin.n8.s2.u.cnf'
c found 'p cnf 79 282' header
c parsed 282 clauses in 0.00 seconds process time
c 
c --- [ options ] ------------------------------------------------------------
c 
c   --binary=false                 (different from default 'true')
c   --elim=false                   (different from default 'true')
c 
c --- [ solving ] ------------------------------------------------------------
c 
c time measured in process time since initialization
c 
c  seconds  reduction conflicts       size tier2     variables
c         MB    restarts   redundant    glue  trail      remaining
c          level     rate       size/glu tier1 irredundant
c 
c *  0.00  0  0 0   0  0    0    0 0.0 0 0 2 6  0%  237  65 82%
c )  0.00  0  0 0   0  0    0    0 0.0 1 0 2 6 20%  237  63 80%
c {  0.00  0  0 0   0  0    0    0 0.0 1 0 2 6 20%  237  63 80%
c i  0.00  0  0 0   0  0    0    0 0.0 1 0 2 6 20%  237  63 80%
c i  0.00  0  1 0   0  3    1    0 0.0 1 0 2 6 25%  237  61 77%
c i  0.00  0  1 0   0  3    2    0 0.0 1 0 2 6 29%  237  59 75%
c i  0.00  0  5 0   1  1   52   27 1.7 3 2 2 6 80%  229  58 73%
c i  0.00  0  4 0   1  1   66   35 1.8 3 2 2 6 82%  229  52 66%
c i  0.00  0  4 0   1  1   68   36 1.8 3 2 2 6 82%  229  48 61%
c i  0.00  0  4 0   1  1   70   36 1.8 3 2 2 6 82%  229  44 56%
c i  0.00  0  4 0   1  1   72   36 1.8 3 2 2 6 81%  229  40 51%
c }  0.00  0  4 0   1  1   75   37 1.8 3 1 2 6 81%  229  14 18%
c 0  0.00  0  4 0   1  1   75   37 1.8 3 1 2 6 81%  229  14 18%
c 
c --- [ closing proof ] ------------------------------------------------------
c 
c DRAT proof file '/Users/djf/develop/CS/Turing/Turing1/morphosat_research/proofs/layer_b_heterogeneous_tseitin.n8.s2.u.cadical.bve_off.drat' closed
c DRAT 151 added clauses 59.92%
c DRAT 101 deleted clauses 40.08%
c DRAT 3004 bytes (0.00 MB)
c 
c --- [ result ] -------------------------------------------------------------
c 
s UNSATISFIABLE
c 
c --- [ run-time profiling ] -------------------------------------------------
c 
c process time taken by individual solving procedures
c (percentage relative to process time for solving)
c 
c         0.00   87.64% search
c         0.00   72.13% unstable
c         0.00   37.93% parse
c         0.00   11.49% lucky
c         0.00    0.00% simplify
c   =================================
c         0.00   43.02% solve
c 
c last line shows process time for solving
c (percentage relative to total process time)
c 
c --- [ statistics ] ---------------------------------------------------------
c 
c chronological:                31        41.33 %  of conflicts
c conflicts:                    75    215517.24    per second
c decisions:                    92    264367.82    per second
c fixed:                        65        82.28 %  of all variables
c learned:                      51        68.00 %  per conflict
c learned_lits:                154       100.00 %  learned literals
c minimized:                     0         0.00 %  learned literals
c shrunken:                     15         9.74 %  learned literals
c minishrunken:                  2         1.30 %  learned literals
c otfs:                         31        41.33 %  of conflict
c propagations:               1085         3.12 M  per second
c restarts:                      1        75.00    interval
c subsumed:                     20         7.19 %  of all clauses
c strengthened:                 23         8.27 %  of all clauses
c ticks:                      4733         4.36    propagation
c 
c seconds are measured in process time for solving
c 
c --- [ glue usage ] ---------------------------------------------------------
c 
c focused glue 1 used 49 clauses 53.84% accumulated 53.84% tier1
c focused glue 2 used 34 clauses 37.36% accumulated 91.20% tier2
c 
c stable glue 2 used 0 clauses 0.000% accumulated 0.000% tier1
c stable glue 3 used 0 clauses 0.000% accumulated 0.000%
c stable glue 4 used 0 clauses 0.000% accumulated 0.000%
c stable glue 5 used 0 clauses 0.000% accumulated 0.000%
c stable glue 6 used 0 clauses 0.000% accumulated 0.000% tier2
c 
c 
c --- [ resources ] ----------------------------------------------------------
c 
c total process time since initialization:         0.00    seconds
c total real time since initialization:            0.00    seconds
c maximum resident set size of process:            2.33    MB
c 
c --- [ shutting down ] ------------------------------------------------------
c 
c exit 20

        0.00 real         0.00 user         0.00 sys
             2441216  maximum resident set size
                   0  average shared memory size
                   0  average unshared data size
                   0  average unshared stack size
                 313  page reclaims
                   1  page faults
                   0  swaps
                   0  block input operations
                   0  block output operations
                   0  messages sent
                   0  messages received
                   0  signals received
                   0  voluntary context switches
                   5  involuntary context switches
            21034739  instructions retired
             7913027  cycles elapsed
             1179936  peak memory footprint
