c --- [ banner ] -------------------------------------------------------------
c 
c CaDiCaL SAT Solver
c Copyright (c) 2016-2026
c A. Biere, M. Fleury, N. Froleyks, K. Fazekas, F. Pollitt, T. Faller
c JKU Linz, University of Freiburg, TU Wien
c 
c Version 3.0.1 6f2b1a38e26bb3cddb49c89c64d419c1d6a16ecb
c Apple clang version 21.0.0 (clang-2100.1.1.101) -Wall -Wextra -O3 -DNDEBUG -DNCLOSEFROM
c Sun Aug 30 17:38:15 CST 2026 Darwin djftekiMacBook-Pro.local 25.3.0 arm64
c 
c --- [ proof tracing ] ------------------------------------------------------
c 
c opening file to write '/Users/djf/develop/CS/Turing/Turing1/morphosat_research/proofs/layer_b_heterogeneous_tseitin.n4.s0.u.cadical.factor_on.drat'
c writing non-binary proof trace to '/Users/djf/develop/CS/Turing/Turing1/morphosat_research/proofs/layer_b_heterogeneous_tseitin.n4.s0.u.cadical.factor_on.drat'
c 
c --- [ parsing input ] ------------------------------------------------------
c 
c reading DIMACS file from '/Users/djf/develop/CS/Turing/Turing1/morphosat_research/instances/separation_v0.2/layer_b_heterogeneous_tseitin.n4.s0.u.cnf'
c opening file to read '/Users/djf/develop/CS/Turing/Turing1/morphosat_research/instances/separation_v0.2/layer_b_heterogeneous_tseitin.n4.s0.u.cnf'
c found 'p cnf 39 134' header
c parsed 134 clauses in 0.00 seconds process time
c 
c --- [ options ] ------------------------------------------------------------
c 
c   --binary=false                 (different from default 'true')
c   --factor=true                  (different from default 'false')
c 
c --- [ solving ] ------------------------------------------------------------
c 
c time measured in process time since initialization
c 
c  seconds  reduction conflicts       size tier2     variables
c         MB    restarts   redundant    glue  trail      remaining
c          level     rate       size/glu tier1 irredundant
c 
c *  0.00  0  0 0   0  0    0    0 0.0 0 0 2 6  0%  115  33 85%
c )  0.00  0  0 0   0  0    0    0 0.0 0 0 2 6  0%  115  33 85%
c {  0.00  0  0 0   0  0    0    0 0.0 0 0 2 6  0%  115  33 85%
c i  0.00  0  3 0   0  2    4    2 2.5 2 1 2 6 60%  114  31 79%
c i  0.00  0  3 0   0  1   27   12 1.8 3 1 2 6 86%  108  29 74%
c i  0.00  0  3 0   0  1   28   12 1.8 3 1 2 6 87%  108  25 64%
c i  0.00  0  3 0   0  1   29   12 1.8 2 1 2 6 86%  108  21 54%
c i  0.00  0  2 0   0  1   35   15 1.9 2 1 2 6 87%  108  19 49%
c i  0.00  0  2 0   0  1   37   15 2.0 2 1 2 6 88%  108  10 26%
c }  0.00  0  2 0   0  1   39   15 2.0 2 1 2 6 88%  108   0  0%
c 0  0.00  0  2 0   0  1   39   15 2.0 2 1 2 6 88%  108   0  0%
c 
c --- [ closing proof ] ------------------------------------------------------
c 
c DRAT proof file '/Users/djf/develop/CS/Turing/Turing1/morphosat_research/proofs/layer_b_heterogeneous_tseitin.n4.s0.u.cadical.factor_on.drat' closed
c DRAT 74 added clauses 62.18%
c DRAT 45 deleted clauses 37.82%
c DRAT 1296 bytes (0.00 MB)
c 
c --- [ result ] -------------------------------------------------------------
c 
s UNSATISFIABLE
c 
c --- [ run-time profiling ] -------------------------------------------------
c 
c process time taken by individual solving procedures
c (percentage relative to process time for solving)
c 
c         0.00   80.79% search
c         0.00   62.91% unstable
c         0.00   37.75% parse
c         0.00   11.92% lucky
c         0.00    0.00% simplify
c   =================================
c         0.00   34.01% solve
c 
c last line shows process time for solving
c (percentage relative to total process time)
c 
c --- [ statistics ] ---------------------------------------------------------
c 
c chronological:                12        30.77 %  of conflicts
c conflicts:                    39    258278.15    per second
c decisions:                    40    264900.66    per second
c fixed:                        39       100.00 %  of all variables
c learned:                      25        64.10 %  per conflict
c learned_lits:                 63       100.00 %  learned literals
c minimized:                     0         0.00 %  learned literals
c shrunken:                      9        14.29 %  learned literals
c minishrunken:                  0         0.00 %  learned literals
c otfs:                         18        46.15 %  of conflict
c propagations:                308         2.04 M  per second
c subsumed:                     16        12.12 %  of all clauses
c strengthened:                 11         8.33 %  of all clauses
c ticks:                      1423         4.62    propagation
c 
c seconds are measured in process time for solving
c 
c --- [ glue usage ] ---------------------------------------------------------
c 
c focused glue 1 used 11 clauses 52.38% accumulated 52.38% tier1
c focused glue 2 used 8 clauses 38.09% accumulated 90.47% tier2
c 
c stable glue 2 used 0 clauses 0.000% accumulated 0.000% tier1
c stable glue 3 used 0 clauses 0.000% accumulated 0.000%
c stable glue 4 used 0 clauses 0.000% accumulated 0.000%
c stable glue 5 used 0 clauses 0.000% accumulated 0.000%
c stable glue 6 used 0 clauses 0.000% accumulated 0.000% tier2
c 
c 
c --- [ resources ] ----------------------------------------------------------
c 
c total process time since initialization:         0.00    seconds
c total real time since initialization:            0.00    seconds
c maximum resident set size of process:            2.30    MB
c 
c --- [ shutting down ] ------------------------------------------------------
c 
c exit 20

        0.00 real         0.00 user         0.00 sys
             2408448  maximum resident set size
                   0  average shared memory size
                   0  average unshared data size
                   0  average unshared stack size
                 311  page reclaims
                   1  page faults
                   0  swaps
                   0  block input operations
                   0  block output operations
                   0  messages sent
                   0  messages received
                   0  signals received
                   1  voluntary context switches
                   6  involuntary context switches
            20711291  instructions retired
             8310560  cycles elapsed
             1147168  peak memory footprint
