c --- [ banner ] -------------------------------------------------------------
c 
c CaDiCaL SAT Solver
c Copyright (c) 2016-2026
c A. Biere, M. Fleury, N. Froleyks, K. Fazekas, F. Pollitt, T. Faller
c JKU Linz, University of Freiburg, TU Wien
c 
c Version 3.0.1 6f2b1a38e26bb3cddb49c89c64d419c1d6a16ecb
c Apple clang version 21.0.0 (clang-2100.1.1.101) -Wall -Wextra -O3 -DNDEBUG -DNCLOSEFROM
c Sun Aug 30 17:38:15 CST 2026 Darwin djftekiMacBook-Pro.local 25.3.0 arm64
c 
c --- [ proof tracing ] ------------------------------------------------------
c 
c opening file to write '/Users/djf/develop/CS/Turing/Turing1/morphosat_research/proofs/layer_b_heterogeneous_tseitin.n4.s1.u.cadical.bve_on.drat'
c writing non-binary proof trace to '/Users/djf/develop/CS/Turing/Turing1/morphosat_research/proofs/layer_b_heterogeneous_tseitin.n4.s1.u.cadical.bve_on.drat'
c 
c --- [ parsing input ] ------------------------------------------------------
c 
c reading DIMACS file from '/Users/djf/develop/CS/Turing/Turing1/morphosat_research/instances/separation_v0.2/layer_b_heterogeneous_tseitin.n4.s1.u.cnf'
c opening file to read '/Users/djf/develop/CS/Turing/Turing1/morphosat_research/instances/separation_v0.2/layer_b_heterogeneous_tseitin.n4.s1.u.cnf'
c found 'p cnf 37 134' header
c parsed 134 clauses in 0.00 seconds process time
c 
c --- [ options ] ------------------------------------------------------------
c 
c   --binary=false                 (different from default 'true')
c 
c --- [ solving ] ------------------------------------------------------------
c 
c time measured in process time since initialization
c 
c  seconds  reduction conflicts       size tier2     variables
c         MB    restarts   redundant    glue  trail      remaining
c          level     rate       size/glu tier1 irredundant
c 
c *  0.00  0  0 0   0  0    0    0 0.0 0 0 2 6  0%  114  31 84%
c )  0.00  0  0 0   0  0    0    0 0.0 0 0 2 6  0%  114  31 84%
c {  0.00  0  0 0   0  0    0    0 0.0 0 0 2 6  0%  114  31 84%
c i  0.00  0  3 0   0  1   16    9 1.8 2 1 2 6 85%  110  30 81%
c i  0.00  0  3 0   0  1   25   11 1.9 2 1 2 6 90%  108  29 78%
c i  0.00  0  3 0   0  1   27   11 1.9 2 1 2 6 90%  108  28 76%
c i  0.00  0  3 0   0  1   28   11 2.0 2 1 2 6 90%  108  17 46%
c }  0.00  0  3 0   0  1   30   11 2.1 2 1 2 6 90%  108   0  0%
c 0  0.00  0  3 0   0  1   30   11 2.1 2 1 2 6 90%  108   0  0%
c 
c --- [ closing proof ] ------------------------------------------------------
c 
c DRAT proof file '/Users/djf/develop/CS/Turing/Turing1/morphosat_research/proofs/layer_b_heterogeneous_tseitin.n4.s1.u.cadical.bve_on.drat' closed
c DRAT 70 added clauses 59.83%
c DRAT 47 deleted clauses 40.17%
c DRAT 1272 bytes (0.00 MB)
c 
c --- [ result ] -------------------------------------------------------------
c 
s UNSATISFIABLE
c 
c --- [ run-time profiling ] -------------------------------------------------
c 
c process time taken by individual solving procedures
c (percentage relative to process time for solving)
c 
c         0.00   77.05% search
c         0.00   59.02% unstable
c         0.00   48.36% parse
c         0.00   12.30% lucky
c         0.00    0.00% simplify
c   =================================
c         0.00   31.44% solve
c 
c last line shows process time for solving
c (percentage relative to total process time)
c 
c --- [ statistics ] ---------------------------------------------------------
c 
c chronological:                 9        30.00 %  of conflicts
c conflicts:                    30    245901.64    per second
c decisions:                    30    245901.64    per second
c fixed:                        37       100.00 %  of all variables
c learned:                      16        53.33 %  per conflict
c learned_lits:                 35       100.00 %  learned literals
c minimized:                     0         0.00 %  learned literals
c shrunken:                      4        11.43 %  learned literals
c minishrunken:                  0         0.00 %  learned literals
c otfs:                         18        60.00 %  of conflict
c propagations:                341         2.80 M  per second
c subsumed:                     12         9.60 %  of all clauses
c strengthened:                 12         9.60 %  of all clauses
c ticks:                      1644         4.82    propagation
c 
c seconds are measured in process time for solving
c 
c --- [ glue usage ] ---------------------------------------------------------
c 
c focused glue 1 used 18 clauses 85.71% accumulated 85.71% tier1
c focused glue 2 used 3 clauses 14.28% accumulated 100.0% tier2
c 
c stable glue 2 used 0 clauses 0.000% accumulated 0.000% tier1
c stable glue 3 used 0 clauses 0.000% accumulated 0.000%
c stable glue 4 used 0 clauses 0.000% accumulated 0.000%
c stable glue 5 used 0 clauses 0.000% accumulated 0.000%
c stable glue 6 used 0 clauses 0.000% accumulated 0.000% tier2
c 
c 
c --- [ resources ] ----------------------------------------------------------
c 
c total process time since initialization:         0.00    seconds
c total real time since initialization:            0.00    seconds
c maximum resident set size of process:            2.30    MB
c 
c --- [ shutting down ] ------------------------------------------------------
c 
c exit 20

        0.00 real         0.00 user         0.00 sys
             2408448  maximum resident set size
                   0  average shared memory size
                   0  average unshared data size
                   0  average unshared stack size
                 311  page reclaims
                   1  page faults
                   0  swaps
                   0  block input operations
                   0  block output operations
                   0  messages sent
                   0  messages received
                   0  signals received
                   0  voluntary context switches
                   4  involuntary context switches
            19535701  instructions retired
             7226131  cycles elapsed
             1147168  peak memory footprint
