c --- [ banner ] -------------------------------------------------------------
c 
c CaDiCaL SAT Solver
c Copyright (c) 2016-2026
c A. Biere, M. Fleury, N. Froleyks, K. Fazekas, F. Pollitt, T. Faller
c JKU Linz, University of Freiburg, TU Wien
c 
c Version 3.0.1 6f2b1a38e26bb3cddb49c89c64d419c1d6a16ecb
c Apple clang version 21.0.0 (clang-2100.1.1.101) -Wall -Wextra -O3 -DNDEBUG -DNCLOSEFROM
c Sun Aug 30 17:38:15 CST 2026 Darwin djftekiMacBook-Pro.local 25.3.0 arm64
c 
c --- [ proof tracing ] ------------------------------------------------------
c 
c opening file to write '/Users/djf/develop/CS/Turing/Turing1/morphosat_research/proofs/layer_c_heterogeneous_tseitin.n8.s4.u.cadical.factor_on.drat'
c writing non-binary proof trace to '/Users/djf/develop/CS/Turing/Turing1/morphosat_research/proofs/layer_c_heterogeneous_tseitin.n8.s4.u.cadical.factor_on.drat'
c 
c --- [ parsing input ] ------------------------------------------------------
c 
c reading DIMACS file from '/Users/djf/develop/CS/Turing/Turing1/morphosat_research/instances/separation_v0.2/layer_c_heterogeneous_tseitin.n8.s4.u.cnf'
c opening file to read '/Users/djf/develop/CS/Turing/Turing1/morphosat_research/instances/separation_v0.2/layer_c_heterogeneous_tseitin.n8.s4.u.cnf'
c found 'p cnf 705 930' header
c parsed 930 clauses in 0.00 seconds process time
c 
c --- [ options ] ------------------------------------------------------------
c 
c   --binary=false                 (different from default 'true')
c   --factor=true                  (different from default 'false')
c 
c --- [ solving ] ------------------------------------------------------------
c 
c time measured in process time since initialization
c 
c  seconds  reduction conflicts       size tier2     variables
c         MB    restarts   redundant    glue  trail      remaining
c          level     rate       size/glu tier1 irredundant
c 
c *  0.00  0  0 0   0  0    0    0 0.0 0 0 2 6  0%  440  67 10%
c )  0.00  0  0 0   0  0    0    0 0.0 0 0 2 6  0%  440  67 10%
c {  0.00  0  0 0   0  0    0    0 0.0 0 0 2 6  0%  440  67 10%
c i  0.00  0  6 0   0  1   58   37 1.9 4 2 2 6 98%  438  65  9%
c }  0.00  0  5 0   0  1   85   48 1.8 4 2 2 6 99%  438  62  9%
c 0  0.00  0  5 0   0  1   85   48 1.8 4 2 2 6 99%  438  62  9%
c 
c --- [ closing proof ] ------------------------------------------------------
c 
c DRAT proof file '/Users/djf/develop/CS/Turing/Turing1/morphosat_research/proofs/layer_c_heterogeneous_tseitin.n8.s4.u.cadical.factor_on.drat' closed
c DRAT 502 added clauses 62.44%
c DRAT 302 deleted clauses 37.56%
c DRAT 10181 bytes (0.01 MB)
c 
c --- [ result ] -------------------------------------------------------------
c 
s UNSATISFIABLE
c 
c --- [ run-time profiling ] -------------------------------------------------
c 
c process time taken by individual solving procedures
c (percentage relative to process time for solving)
c 
c         0.00   90.64% search
c         0.00   75.66% parse
c         0.00   71.16% unstable
c         0.00   15.73% lucky
c         0.00    0.00% simplify
c   =================================
c         0.00   38.42% solve
c 
c last line shows process time for solving
c (percentage relative to total process time)
c 
c --- [ statistics ] ---------------------------------------------------------
c 
c chronological:                18        21.18 %  of conflicts
c conflicts:                    85    318352.06    per second
c decisions:                    83    310861.42    per second
c fixed:                       643        91.21 %  of all variables
c learned:                      61        71.76 %  per conflict
c learned_lits:                294       100.00 %  learned literals
c minimized:                     0         0.00 %  learned literals
c shrunken:                     60        20.41 %  learned literals
c minishrunken:                 20         6.80 %  learned literals
c otfs:                         18        21.18 %  of conflict
c propagations:               2508         9.39 M  per second
c subsumed:                     15         3.01 %  of all clauses
c strengthened:                 16         3.21 %  of all clauses
c ticks:                      9914         3.95    propagation
c 
c seconds are measured in process time for solving
c 
c --- [ glue usage ] ---------------------------------------------------------
c 
c focused glue 1 used 113 clauses 60.10% accumulated 60.10% tier1
c focused glue 2 used 64 clauses 34.04% accumulated 94.14% tier2
c 
c stable glue 2 used 0 clauses 0.000% accumulated 0.000% tier1
c stable glue 3 used 0 clauses 0.000% accumulated 0.000%
c stable glue 4 used 0 clauses 0.000% accumulated 0.000%
c stable glue 5 used 0 clauses 0.000% accumulated 0.000%
c stable glue 6 used 0 clauses 0.000% accumulated 0.000% tier2
c 
c 
c --- [ resources ] ----------------------------------------------------------
c 
c total process time since initialization:         0.00    seconds
c total real time since initialization:            0.00    seconds
c maximum resident set size of process:            2.55    MB
c 
c --- [ shutting down ] ------------------------------------------------------
c 
c exit 20

        0.00 real         0.00 user         0.00 sys
             2670592  maximum resident set size
                   0  average shared memory size
                   0  average unshared data size
                   0  average unshared stack size
                 327  page reclaims
                   1  page faults
                   0  swaps
                   0  block input operations
                   0  block output operations
                   0  messages sent
                   0  messages received
                   0  signals received
                   0  voluntary context switches
                   6  involuntary context switches
            23939291  instructions retired
             8659533  cycles elapsed
             1409312  peak memory footprint
