c ---- [ banner ] ------------------------------------------------------------
c
c Kissat SAT Solver
c 
c Copyright (c) 2021-2024 Armin Biere University of Freiburg
c Copyright (c) 2019-2021 Armin Biere Johannes Kepler University Linz
c 
c Version 4.0.4 unknown
c Apple clang version 21.0.0 (clang-2100.1.1.101) -W -Wall -O3 -DNDEBUG
c Sun Aug 30 17:38:25 CST 2026 Darwin djftekiMacBook-Pro.local 25.3.0 arm64
c
c ---- [ proving ] -----------------------------------------------------------
c
c opened and writing proof to DRAT file:
c
c   /Users/djf/develop/CS/Turing/Turing1/morphosat_research/proofs/layer_c_heterogeneous_tseitin.n8.s9.u.kissat.default.drat
c
c ---- [ parsing ] -----------------------------------------------------------
c
c opened and reading DIMACS file:
c
c   /Users/djf/develop/CS/Turing/Turing1/morphosat_research/instances/separation_v0.2/layer_c_heterogeneous_tseitin.n8.s9.u.cnf
c
c parsed 'p cnf 642 846' header
c closing input after reading 10538 bytes (10 KB)
c finished parsing after 0.00 seconds
c
c ---- [ solving ] -----------------------------------------------------------
c
c seconds switched rate     size/glue tier1 binary    remaining
c        MB reductions conflicts size  tier2  irredundant
c         level restarts redundant glue  trail    variables
c
c *  0.00  2 0 0 0  0 0   0   0 0.0 0 0 0 0 0% 175 233 62 10%
c (  0.00  2 0 0 0  0 0   0   0 0.0 0 0 0 0 0% 175 233 62 10%
c .  0.00  2 0 0 0  0 0   0   0 0.0 0 0 0 0 0%  37 160 62 10%
c c  0.00  2 0 0 0  0 0   0   0 0.0 0 0 0 0 0%  48 132 41 6%
c d  0.00  2 0 0 0  0 0   0   0 0.0 0 0 0 0 0%   4 132 41 6%
c =  0.00  2 0 0 0  0 0   0   0 0.0 0 0 0 0 0%  39 88 26 4%
c d  0.00  2 0 0 0  0 0   0   0 0.0 0 0 0 0 0%   0 88 26 4%
c f  0.00  2 0 0 0  0 0   0   0 0.0 0 0 0 0 0%   6 77 29 5%
c )  0.00  2 0 0 0  0 0   0   0 0.0 0 0 0 0 0%   6 77 29 5%
c lucky 3 units
c l  0.00  2 0 0 0  0 0   0   0 0.0 0 0 0 0 0%   6 77 26 4%
c {  0.00  2 0 0 0  0 0   0   0 0.0 0 0 2 6 0%   6 77 26 4%
c i  0.00  2 3 0 0  1 1  12   1 1.6 3 2 4 4 91%  10 73 25 4%
c i  0.00  2 3 0 0  1 1  29   3 1.6 3 2 2 4 93%  16 70 24 4%
c i  0.00  2 3 0 0  1 1  39   5 1.7 3 2 2 4 95%  22 68 19 3%
c i  0.00  2 3 0 0  1 1  43   4 1.7 3 2 2 4 95%  24 68 16 2%
c i  0.00  2 3 0 0  1 1  45   3 1.7 3 2 2 4 94%  25 68 13 2%
c }  0.00  2 3 0 0  1 1  47   3 1.7 3 2 2 4 94%  25 68  2 0%
c 0  0.00  2 3 0 0  1 1  47   3 1.7 3 2 2 4 94%  25 68  2 0%
c
c ---- [ result ] ------------------------------------------------------------
c
s UNSATISFIABLE
c
c ---- [ profiling ] ---------------------------------------------------------
c
c           0.00   47.02 %  preprocess
c           0.00   42.44 %  probe
c           0.00   23.92 %  sweep
c           0.00   13.11 %  parse
c           0.00    8.43 %  congruence
c           0.00    7.79 %  search
c           0.00    7.70 %  focused
c           0.00    5.32 %  factor
c           0.00    3.76 %  substitute
c           0.00    3.02 %  lucky
c           0.00    0.37 %  backbone
c           0.00    0.00 %  simplify
c =============================================
c           0.00  100.00 %  total
c
c ---- [ statistics ] --------------------------------------------------------
c
c conflicts:                               47            18890.68 per second
c congruent:                               18                3 %  variables
c decisions:                               41                0.87 per conflict
c factored:                                 3                0 %  variables
c iterations:                               6                1 %  variables
c propagations:                          1452           583601    per second
c restarts:                                 1               47    interval
c substituted:                             30                5 %  variables
c switched:                                 0                0    interval
c
c ---- [ glue usage ] --------------------------------------------------------
c
c focused glue 2 used 17 clauses 73.91% accumulated 78.26% tier1
c focused glue 3 used  2 clauses  8.70% accumulated 86.96% tier2
c
c ---- [ resources ] ---------------------------------------------------------
c
c maximum-resident-set-size:       2298478592 bytes       2192 MB
c process-time:                                              0.00 seconds
c
c ---- [ shutting down ] -----------------------------------------------------
c
c exit 20

        0.00 real         0.00 user         0.00 sys
             2244608  maximum resident set size
                   0  average shared memory size
                   0  average unshared data size
                   0  average unshared stack size
                 300  page reclaims
                   1  page faults
                   0  swaps
                   0  block input operations
                   0  block output operations
                   0  messages sent
                   0  messages received
                   0  signals received
                   0  voluntary context switches
                   4  involuntary context switches
            22001880  instructions retired
            10927780  cycles elapsed
             1524000  peak memory footprint
