c CMS SHA1: 6f2b1a38e26bb3cddb49c89c64d419c1d6a16ecb
c CryptoMiniSat version 5.14.7
c CMS compilation env CMAKE_CXX_COMPILER = /usr/bin/c++ | CMAKE_CXX_FLAGS =  -fno-stack-protector -msse4.2 -Wno-bitfield-constant-conversion -Wnull-dereference -Wdouble-promotion -Wshadow -Wformat=2 -Wextra-semi -pedantic | COMPILE_DEFINES =  -DNDEBUG -D_FORTIFY_SOURCE=0 | BUILD_SHARED_LIBS = OFF | ONLY_SIMPLE =  | STATS = OFF | SQLITE3_FOUND =  | ZLIB_FOUND = FALSE | VALGRIND_FOUND =  | ENABLE_TESTING = OFF | SLOW_DEBUG = OFF | ENABLE_ASSERTIONS = OFF | PYTHON_EXECUTABLE =  | PYTHON_LIBRARY =  | PYTHON_INCLUDE_DIRS =  | MY_TARGETS =  | LARGEMEM = OFF | LIMITMEM = OFF | BREAKID_LIBRARIES =  | BREAKID-VER = . | c c Using VMTF, picosat, CaDiCaL, and CadiBack code by Armin Biere
c CMS is MIT licensed
c Using code from 'When Boolean Satisfiability Meets Gauss-E. in a Simplex Way'
c       by C.-S. Han and J.-H. Roland Jiang in CAV 2012. Fixes by M. Soos
c Using CCAnr from 'CCAnr: A Conf. Checking Based Local Search Solver [...]'
c       by Shaowei Cai, Chuan Luo, and Kaile Su, SAT 2015
c Using Oracle code from 'Integrating Tree Decompositions [...]'
c       by Tuukka Korhonen and Matti Jarvisalo, CP 2021
c Executed with command line: /Users/djf/develop/CS/Turing/Turing1/morphosat_research/.audit_tools/bin/cryptominisat5 --verb=1 --printsol=0 /Users/djf/develop/CS/Turing/Turing1/morphosat_research/instances/separation_v0.2/layer_d_random_reordered_parity.n32.s8.u.cnf
c Reading file '/Users/djf/develop/CS/Turing/Turing1/morphosat_research/instances/separation_v0.2/layer_d_random_reordered_parity.n32.s8.u.cnf'
c o -- header says num vars:             48
c o -- header says num clauses:         128
c -- clauses added: 128
c -- xor clauses added: 0
c -- vars added 48
c Parsing time: 0.00 s
c [branch] adjusting to: vsids (from: vsids) var_decay:0.95 descr: VSIDS
c rst  geom  stb   vs     1   112      48   128     0    3.00    3.00     7    19    86     0    9.65    9.65
c rst  geom  stb   vs     2   234      48   128     0    3.00    3.00    24    35   175     0    9.09    9.09
c  res  pol bran  nres  conf freevar  IrrL  IrrB l/longC  l/allC RedL0 RedL1 RedL2  RedB l/longC  l/allC
c rst  geom  stb   vs     3   368      48   128     0    3.00    3.00    25    65   278     0    8.99    8.99
c rst  geom  stb   vs     4   516      48   128     0    3.00    3.00    27    99   390     0    8.59    8.59
c rst  geom  stb   vs     5   677      48   128     0    3.00    3.00    27   178   472     0    8.12    8.12
c rst  geom  stb   vs     6   855      48   128     0    3.00    3.00    29   238   588     0    7.93    7.93
c rst  geom  stb   vs     7  1051      48   128     0    3.00    3.00    37   357   656     1    7.59    7.59
c rst  geom  stb   vs     8  1265      48   128     0    3.00    3.00    38   472   754     1    7.42    7.42
c rst  geom  stb   vs     9  1500      48   128     0    3.00    3.00    51   639   808     2    7.16    7.16
c rst  geom  stb   vs    10  1758      47   128     0    3.00    3.00    75   789   883    10    6.98    6.95
c rst  geom  stb   vs    11  2041      47   128     0    3.00    3.00    85  1002   942    11    6.81    6.78
c rst  geom  stb   vs    12  2352      47   128     0    3.00    3.00   103  1214  1020    14    6.68    6.65
c rst  geom  stb   vs    13  2693      45   104    12    3.00    2.90    37   127     9     5    4.83    4.75
c rst  geom  stb   vs    14  2855      25   104    12    3.00    2.90    89   202    10    30    4.51    4.28
c ------- FINAL TOTAL SEARCH STATS ---------
c UIP search time          : 0.01        (70.46     % time)
c All times are for this thread only except if explicitly specified
c restarts                 : 14          (203.93    confls per restart)
c blocked restarts         : 0           (0.00      per normal restart)
c time                     : 0.01        
c decisions                : 4136        (0.00      % random)
c propagations             : 41K         (7904K     props/s)
c decisions/conflicts      : 1.45        
c conflicts                : 2855        
c LEARNT stats
c units learnt             : 11          (0.39      % of conflicts)
c bins learnt              : 55          (1.93      % of conflicts)
c long learnt              : 2788        (97.65     % of conflicts)
c red which0               : 211         (7.39      % of confl)
c SEAMLESS HYPERBIN&TRANS-RED stats
c advProp called           : 0           
c hyper-bin add bin        : 0           (0.00      bin/call)
c trans-red rem irred bin  : 0           (0.00      bin/call)
c trans-red rem red bin    : 0           (0.00      bin/call)
c CONFL LITS stats
c orig                     : 26995       (9.46      lit/confl)
c recurs-min effective     : 2559        (89.63     % attempt successful)
c recurs-min lits          : 9209        (34.11     % less overall)
c permDiff call%           : 63.19       (0.00      % attempt successful)
c permDiff lits-rem        : 0           (0.00      less lits/cl on attempts)
c further-min call%        : 0.00        (0.00      % attempt successful)
c bintri-min lits          : 0           (0.00      % less overall)
c final avg                : 6.23        
c all-threads sum CPU time : 0.01         s
c PROP stats
c Mbogo-props              : 0.00        (0.00      / sec)
c MHyper-props             : 0.00        (0.00      / sec)
c Mprops                   : 0.04        (7.90      / sec)
c -------- OccSimplifier STATS ----------
c time                     : 0.00        (0.00      % var-elim)
c called                   : 0           (0.00      s per call)
c 0-depth assigns          : 0           (0.00      % vars)
c -------- OccSimplifier STATS END ----------
c -------- SubsumeStrengthen STATS ----------
c cl-subs                  : 0            Clauses
c cl-str rem lit           : 0            Lits
c cl-sub T                 : 0.00         s
c cl-str T                 : 0.00         s
c -------- SubsumeStrengthen STATS END ----------
c ----- SCC STATS --------
c time                     : 0.00        (0.00      per call)
c called                   : 0           (0.00      new found per call)
c found                    : 0           (0.00      % of all found)
c bogoprops                : 0           % of all found
c ----- SCC STATS END --------
c --------- VAR REPLACE STATS ----------
c time                     : 0.00        (0.00      per call)
c trees' crown             : 0           (0.00      % of vars)
c 0-depth assigns          : 0           (0.00      % vars)
c lits replaced            : 0           
c bin cls removed          : 0           
c long cls removed         : 0           
c long lits removed        : 0           
c bogoprops                : 0           
c --------- VAR REPLACE STATS END ----------
c vrep replace time        : 0.00        (0.00      % time)
c vrep tree roots          : 0           
c vrep trees' crown        : 0           (0.00      leafs/tree)
c -------- DISTILL-BIN STATS --------
c time                     : 0.00        (0.00      per call)
c timed out                : 0           (0.00      % of calls)
c distill/checked/potential: 0          /0/0
c lits-rem                 : 0           
c 0-depth-assigns          : 0           (0.00      % of vars)
c -------- DISTILL STATS END --------
c -------- STRENGTHEN STATS --------
c --> watch-based on irred cls
c time                     : 0.00        (0.00      s/call)
c shrinked/tried/total     : 0          /0/0
c subsumed/tried/total     : 0          /0/0
c lits-rem                 : 0           (0.00      % of lits tried)
c called                   : 0           (0.00      % ran out of time)
c --> watch-based on red cls
c time                     : 0.00        (0.00      s/call)
c shrinked/tried/total     : 0          /0/0
c subsumed/tried/total     : 0          /0/0
c lits-rem                 : 0           (0.00      % of lits tried)
c called                   : 0           (0.00      % ran out of time)
c -------- STRENGTHEN STATS END --------
c -------- IMPLICIT SUB  STATS --------
c time                     : 0.00        (0.00      per call)
c timed out                : 0           (0.00      % of calls)
c rem bins                 : 0           
c -------- IMPLICIT SUB STATS END --------
c Mem used                 : 0           MB
c Mem for longclauses      : 2           MB (0.00      %)
c Mem for watch alloc      : 0           MB (0.00      %)
c Mem for watch array      : 0           MB (0.00      %)
c Mem for assings&vardata  : 0           MB (0.00      %)
c Mem for search&solve     : 0           MB (0.00      %)
c Mem for renumberer       : 0           MB (0.00      %)
c Mem for occsimplifier    : 0           MB (0.00      %)
c Mem for varReplacer&SCC  : 0           MB (0.00      %)
c Mem for impl subsume     : 0           MB (0.00      %)
c Mem for 3 distills       : 0           MB (0.00      %)
c Accounted for mem (rss)  : 0.00        %
c Accounted for mem (vm)   : 0.00        %
c restarts                 : 14          (203.93    confls per restart)
c blocked restarts         : 0           (0.00      per normal restart)
c time                     : 0.01        
c decisions                : 4136        (0.00      % random)
c propagations             : 41K         (7904K     props/s)
c decisions/conflicts      : 1.45        
c conflicts                : 2855        
c conf lits non-minim      : 26995       (9.46      lit/confl)
c conf lits final          : 6.23        
c red which0               : 211         (7.39      % of confl)
c props/decision           : 0.00        
c props/conflict           : 0.00        
c 0-depth assigns          : 23          (47.92     % vars)
c 0-depth assigns by CNF   : 0           (0.00      % vars)
c reduceDB time            : 0.00        (0.00      % time)
c OccSimplifier time       : 0.00        (0.00      % time)
c [occur] 0.00 is overhead
c [occur] link-in T: 0.00 cleanup T: 0.00
c [occ-substr] long subBySub: 0 subByStr: 0 lits-rem-str: 0 T: 0.00
c SCC time                 : 0.00        (0.00      % time)
c [scc] new: 0 BP 0M T: 0.00
c vrep replace time        : 0.00        (0.00      % time)
c vrep tree roots          : 0           
c vrep trees' crown        : 0           (0.00      leafs/tree)
c distill long time        : 0.00        (0.00      % time)
c distill bin time         : 0.00        (0.00      % time)
c strength cache-irred time: 0.00        (0.00      % time)
c strength cache-red time  : 0.00        (0.00      % time)
c avg cls in red 0         : 52.73       
c avg cls in red 1         : 506.93      
c avg cls in red 2         : 605.93      
c Conflicts in UIP         : 2855        (381429.53 confl/time_this_thread)
c Mem used                 : 0.00        MB
c Total time (this thread) : 0.01        
s UNSATISFIABLE

        0.00 real         0.00 user         0.00 sys
             3194880  maximum resident set size
                   0  average shared memory size
                   0  average unshared data size
                   0  average unshared stack size
                 375  page reclaims
                   2  page faults
                   0  swaps
                   0  block input operations
                   0  block output operations
                   0  messages sent
                   0  messages received
                   0  signals received
                   0  voluntary context switches
                   8  involuntary context switches
           100979141  instructions retired
            32983001  cycles elapsed
             1917240  peak memory footprint
