c --- [ banner ] -------------------------------------------------------------
c 
c CaDiCaL SAT Solver
c Copyright (c) 2016-2026
c A. Biere, M. Fleury, N. Froleyks, K. Fazekas, F. Pollitt, T. Faller
c JKU Linz, University of Freiburg, TU Wien
c 
c Version 3.0.1 6f2b1a38e26bb3cddb49c89c64d419c1d6a16ecb
c Apple clang version 21.0.0 (clang-2100.1.1.101) -Wall -Wextra -O3 -DNDEBUG -DNCLOSEFROM
c Sun Aug 30 17:38:15 CST 2026 Darwin djftekiMacBook-Pro.local 25.3.0 arm64
c 
c --- [ proof tracing ] ------------------------------------------------------
c 
c opening file to write '/Users/djf/develop/CS/Turing/Turing1/morphosat_research/proofs/layer_d_random_reordered_parity.n32.s4.u.cadical.default.drat'
c writing non-binary proof trace to '/Users/djf/develop/CS/Turing/Turing1/morphosat_research/proofs/layer_d_random_reordered_parity.n32.s4.u.cadical.default.drat'
c 
c --- [ parsing input ] ------------------------------------------------------
c 
c reading DIMACS file from '/Users/djf/develop/CS/Turing/Turing1/morphosat_research/instances/separation_v0.2/layer_d_random_reordered_parity.n32.s4.u.cnf'
c opening file to read '/Users/djf/develop/CS/Turing/Turing1/morphosat_research/instances/separation_v0.2/layer_d_random_reordered_parity.n32.s4.u.cnf'
c found 'p cnf 48 128' header
c parsed 128 clauses in 0.00 seconds process time
c 
c --- [ options ] ------------------------------------------------------------
c 
c   --binary=false                 (different from default 'true')
c 
c --- [ solving ] ------------------------------------------------------------
c 
c time measured in process time since initialization
c 
c  seconds  reduction conflicts       size tier2     variables
c         MB    restarts   redundant    glue  trail      remaining
c          level     rate       size/glu tier1 irredundant
c 
c *  0.00  0  0 0   0  0    0    0 0.0 0 0 2 6  0%  128  48 100%
c )  0.00  0  0 0   0  0    0    0 0.0 0 0 2 6  0%  128  48 100%
c {  0.00  0  0 0   0  0    0    0 0.0 0 0 2 6  0%  128  48 100%
c -  0.00  0  9 1   0  1  301   92 1.7 10 6 2 6 76%  128  48 100%
c -  0.00  0  8 2   0  1  734  192 1.6 8 5 2 6 72%  128  48 100%
c i  0.00  0  8 2   0  1  898  216 1.6 8 5 2 6 72%  128  47 98%
c }  0.00  0  8 2   0  1 1002  240 1.6 8 5 2 6 72%  128  47 98%
c [  0.00  0  0 2   0  0 1002  240 0.0 0 0 2 6  0%  128  47 98%
c O  0.00  0 14 2   0 15 1003  241 1.3 4 3 2 6 79%  128  47 98%
c i  0.00  0  6 2   0  1 1206  323 1.6 5 3 2 6 57%  128  46 96%
c i  0.00  0  6 2   0  1 1262  343 1.6 5 3 2 6 56%  128  45 94%
c i  0.00  0  6 2   0  1 1278  340 1.6 5 3 2 6 55%  128  44 92%
c i  0.00  0  6 2   0  1 1286  339 1.6 5 3 2 6 54%  128  43 90%
c i  0.00  0  5 2   0  1 1291  341 1.6 5 3 2 6 54%  128  41 85%
c i  0.00  0  5 2   0  1 1293  342 1.7 5 3 2 6 54%  128  39 81%
c ]  0.00  0  5 2   0  1 1295  342 1.7 5 3 2 6 54%  128  35 73%
c 0  0.00  0  5 2   0  1 1295  342 1.7 5 3 2 6 54%  128  35 73%
c 
c --- [ closing proof ] ------------------------------------------------------
c 
c DRAT proof file '/Users/djf/develop/CS/Turing/Turing1/morphosat_research/proofs/layer_d_random_reordered_parity.n32.s4.u.cadical.default.drat' closed
c DRAT 1300 added clauses 57.93%
c DRAT 944 deleted clauses 42.07%
c DRAT 59557 bytes (0.06 MB)
c 
c --- [ result ] -------------------------------------------------------------
c 
s UNSATISFIABLE
c 
c --- [ run-time profiling ] -------------------------------------------------
c 
c process time taken by individual solving procedures
c (percentage relative to process time for solving)
c 
c         0.00   90.67% search
c         0.00   68.62% unstable
c         0.00   20.35% stable
c         0.00    7.90% simplify
c         0.00    3.72% sweep
c         0.00    3.42% congruence
c         0.00    2.36% parse
c         0.00    1.10% lucky
c         0.00    0.25% backbone
c         0.00    0.13% probe
c   =================================
c         0.00   87.03% solve
c 
c last line shows process time for solving
c (percentage relative to total process time)
c 
c --- [ statistics ] ---------------------------------------------------------
c 
c chronological:               245        18.92 %  of conflicts
c conflicts:                  1295    546875.00    per second
c backbone:                    288       600.00 %  of vars
c decisions:                  1413    596706.08    per second
c fixed:                        13        27.08 %  of all variables
c learned:                    1056        81.54 %  per conflict
c learned_lits:               9979       100.00 %  learned literals
c minimized:                     0         0.00 %  learned literals
c shrunken:                   2155        21.60 %  learned literals
c minishrunken:                432         4.33 %  learned literals
c otfs:                        251        19.38 %  of conflict
c propagations:              14037         5.93 M  per second
c reduced:                      26         2.01 %  per conflict
c rephased:                      1      1295.00    interval
c stabilizing:                   1        16.68 %  of conflicts
c subsumed:                    693        58.93 %  of all clauses
c strengthened:                238        20.24 %  of all clauses
c ticks:                     86120         6.14    propagation
c congruence:                    1      1295.00    interval
c 
c seconds are measured in process time for solving
c 
c --- [ glue usage ] ---------------------------------------------------------
c 
c focused glue 2 used 199 clauses 15.45% accumulated 22.98% tier1
c focused glue 3 used 167 clauses 12.96% accumulated 35.94%
c focused glue 4 used 247 clauses 19.17% accumulated 55.12%
c focused glue 5 used 259 clauses 20.10% accumulated 75.23%
c focused glue 6 used 182 clauses 14.13% accumulated 89.36% tier2
c 
c stable glue 2 used 189 clauses 29.81% accumulated 57.09% tier1
c stable glue 3 used 181 clauses 28.54% accumulated 85.64% tier2
c 
c 
c --- [ resources ] ----------------------------------------------------------
c 
c total process time since initialization:         0.00    seconds
c total real time since initialization:            0.00    seconds
c maximum resident set size of process:            3.00    MB
c 
c --- [ shutting down ] ------------------------------------------------------
c 
c exit 20

        0.00 real         0.00 user         0.00 sys
             3145728  maximum resident set size
                   0  average shared memory size
                   0  average unshared data size
                   0  average unshared stack size
                 356  page reclaims
                   1  page faults
                   0  swaps
                   0  block input operations
                   0  block output operations
                   0  messages sent
                   0  messages received
                   0  signals received
                   1  voluntary context switches
                   5  involuntary context switches
            48890591  instructions retired
            18658210  cycles elapsed
             1638688  peak memory footprint
