c ---- [ banner ] ------------------------------------------------------------
c
c Kissat SAT Solver
c 
c Copyright (c) 2021-2024 Armin Biere University of Freiburg
c Copyright (c) 2019-2021 Armin Biere Johannes Kepler University Linz
c 
c Version 4.0.4 unknown
c Apple clang version 21.0.0 (clang-2100.1.1.101) -W -Wall -O3 -DNDEBUG
c Sun Aug 30 17:38:25 CST 2026 Darwin djftekiMacBook-Pro.local 25.3.0 arm64
c
c ---- [ proving ] -----------------------------------------------------------
c
c opened and writing proof to DRAT file:
c
c   /Users/djf/develop/CS/Turing/Turing1/morphosat_research/proofs/layer_c_heterogeneous_tseitin.n8.s6.u.kissat.default.drat
c
c ---- [ parsing ] -----------------------------------------------------------
c
c opened and reading DIMACS file:
c
c   /Users/djf/develop/CS/Turing/Turing1/morphosat_research/instances/separation_v0.2/layer_c_heterogeneous_tseitin.n8.s6.u.cnf
c
c parsed 'p cnf 646 846' header
c closing input after reading 10533 bytes (10 KB)
c finished parsing after 0.00 seconds
c
c ---- [ solving ] -----------------------------------------------------------
c
c seconds switched rate     size/glue tier1 binary    remaining
c        MB reductions conflicts size  tier2  irredundant
c         level restarts redundant glue  trail    variables
c
c *  0.00  2 0 0 0  0 0   0   0 0.0 0 0 0 0 0% 155 233 68 11%
c (  0.00  2 0 0 0  0 0   0   0 0.0 0 0 0 0 0% 155 233 68 11%
c .  0.00  2 0 0 0  0 0   0   0 0.0 0 0 0 0 0%  49 164 68 11%
c c  0.00  2 0 0 0  0 0   0   0 0.0 0 0 0 0 0%  41 129 41 6%
c d  0.00  2 0 0 0  0 0   0   0 0.0 0 0 0 0 0%   9 123 41 6%
c d  0.00  2 0 0 0  0 0   0   0 0.0 0 0 0 0 0%   7 123 40 6%
c =  0.00  2 0 0 0  0 0   0   0 0.0 0 0 0 0 0%  45 92 27 4%
c d  0.00  2 0 0 0  0 0   0   0 0.0 0 0 0 0 0%   0 92 27 4%
c f  0.00  2 0 0 0  0 0   0   0 0.0 0 0 0 0 0%   4 84 29 4%
c )  0.00  2 0 0 0  0 0   0   0 0.0 0 0 0 0 0%   4 84 29 4%
c lucky 2 units
c l  0.00  2 0 0 0  0 0   0   0 0.0 0 0 0 0 0%   4 84 27 4%
c {  0.00  2 0 0 0  0 0   0   0 0.0 0 0 2 6 0%   4 84 27 4%
c i  0.00  2 3 0 0  1 2  10   4 1.9 2 1 2 6 88%   8 82 26 4%
c i  0.00  2 4 0 0  1 1  25   7 1.8 3 1 2 2 85%  12 81 25 4%
c i  0.00  2 3 0 0  1 1  26   7 1.9 2 1 2 2 83%  12 81 24 4%
c i  0.00  2 3 0 0  1 1  27   7 1.9 2 1 2 2 82%  12 81 20 3%
c }  0.00  2 3 0 0  1 1  29   7 2.0 2 1 2 2 80%  12 81  8 1%
c 0  0.00  2 3 0 0  1 1  29   7 2.0 2 1 2 2 80%  12 81  8 1%
c
c ---- [ result ] ------------------------------------------------------------
c
s UNSATISFIABLE
c
c ---- [ profiling ] ---------------------------------------------------------
c
c           0.00   54.25 %  preprocess
c           0.00   49.30 %  probe
c           0.00   28.74 %  sweep
c           0.00   14.10 %  parse
c           0.00    9.58 %  congruence
c           0.00    5.71 %  factor
c           0.00    5.27 %  search
c           0.00    5.06 %  focused
c           0.00    4.52 %  substitute
c           0.00    3.12 %  lucky
c           0.00    0.43 %  backbone
c           0.00    0.00 %  simplify
c =============================================
c           0.00  100.00 %  total
c
c ---- [ statistics ] --------------------------------------------------------
c
c conflicts:                               29            14285.71 per second
c congruent:                               18                3 %  variables
c decisions:                               32                1.10 per conflict
c factored:                                 2                0 %  variables
c iterations:                               5                1 %  variables
c propagations:                          1265           623153    per second
c restarts:                                 1               29    interval
c substituted:                             32                5 %  variables
c switched:                                 0                0    interval
c
c ---- [ glue usage ] --------------------------------------------------------
c
c focused glue 2 used 11 clauses 78.57% accumulated 92.86% tier1 tier2
c
c ---- [ resources ] ---------------------------------------------------------
c
c maximum-resident-set-size:       2281701376 bytes       2176 MB
c process-time:                                              0.00 seconds
c
c ---- [ shutting down ] -----------------------------------------------------
c
c exit 20

        0.00 real         0.00 user         0.00 sys
             2228224  maximum resident set size
                   0  average shared memory size
                   0  average unshared data size
                   0  average unshared stack size
                 299  page reclaims
                   1  page faults
                   0  swaps
                   0  block input operations
                   0  block output operations
                   0  messages sent
                   0  messages received
                   0  signals received
                   1  voluntary context switches
                   5  involuntary context switches
            21617794  instructions retired
             8777688  cycles elapsed
             1507616  peak memory footprint
