c ---- [ banner ] ------------------------------------------------------------
c
c Kissat SAT Solver
c 
c Copyright (c) 2021-2024 Armin Biere University of Freiburg
c Copyright (c) 2019-2021 Armin Biere Johannes Kepler University Linz
c 
c Version 4.0.4 unknown
c Apple clang version 21.0.0 (clang-2100.1.1.101) -W -Wall -O3 -DNDEBUG
c Sun Aug 30 17:38:25 CST 2026 Darwin djftekiMacBook-Pro.local 25.3.0 arm64
c
c ---- [ proving ] -----------------------------------------------------------
c
c opened and writing proof to DRAT file:
c
c   /Users/djf/develop/CS/Turing/Turing1/morphosat_research/proofs/layer_b_heterogeneous_tseitin.n32.s5.u.kissat.default.drat
c
c ---- [ parsing ] -----------------------------------------------------------
c
c opened and reading DIMACS file:
c
c   /Users/djf/develop/CS/Turing/Turing1/morphosat_research/instances/separation_v0.2/layer_b_heterogeneous_tseitin.n32.s5.u.cnf
c
c parsed 'p cnf 340 1240' header
c closing input after reading 19179 bytes (19 KB)
c finished parsing after 0.00 seconds
c
c ---- [ solving ] -----------------------------------------------------------
c
c seconds switched rate     size/glue tier1 binary     remaining
c        MB reductions conflicts size  tier2  irredundant
c         level restarts redundant glue  trail     variables
c
c *  0.00  2 0 0 0  0 0   0   0 0.0 0 0 0 0 0% 154 838 266 78%
c (  0.00  2 0 0 0  0 0   0   0 0.0 0 0 0 0 0% 154 838 266 78%
c .  0.00  2 0 0 0  0 0   0   0 0.0 0 0 0 0 0% 179 672 266 78%
c c  0.00  2 0 0 0  0 0   0   0 0.0 0 0 0 0 0% 163 534 169 50%
c d  0.00  2 0 0 0  0 0   0   0 0.0 0 0 0 0 0%  31 518 169 50%
c d  0.00  2 0 0 0  0 0   0   0 0.0 0 0 0 0 0%  23 518 165 49%
c =  0.00  2 0 0 0  0 0   0   0 0.0 0 0 0 0 0% 170 352 104 31%
c d  0.00  2 0 0 0  0 0   0   0 0.0 0 0 0 0 0%   0 352 104 31%
c f  0.00  2 0 0 0  0 0   0   0 0.0 0 0 0 0 0%  18 318 113 33%
c )  0.00  2 0 0 0  0 0   0   0 0.0 0 0 0 0 0%  18 318 113 33%
c lucky 9 units
c l  0.00  2 0 0 0  0 0   0   0 0.0 0 0 0 0 0%  18 318 104 31%
c {  0.00  2 0 0 0  0 0   0   0 0.0 0 0 2 6 0%  18 318 104 31%
c i  0.00  3 11 0 0 61 2 788 453 1.8 6 4 2 4 64%  46 292 101 30%
c i  0.00  3 10 0 0 61 2 841 477 1.8 6 4 2 4 62%  50 292 100 29%
c i  0.00  3 10 0 0 61 2 907 509 1.8 6 3 2 4 60%  56 290 99 29%
c i  0.00  3 10 0 0 61 2 913 509 1.8 6 3 2 4 60%  58 290 95 28%
c i  0.00  3 10 0 0 61 2 919 509 1.8 6 3 2 4 59%  60 290 89 26%
c i  0.00  3 10 0 0 61 2 923 509 1.8 6 3 2 4 59%  62 290 87 26%
c }  0.00  3 10 0 0 61 2 927 508 1.8 6 3 2 4 59%  63 290 58 17%
c 0  0.00  3 10 0 0 61 2 927 508 1.8 6 3 2 4 59%  63 290 58 17%
c
c ---- [ result ] ------------------------------------------------------------
c
s UNSATISFIABLE
c
c ---- [ profiling ] ---------------------------------------------------------
c
c           0.00   41.65 %  preprocess
c           0.00   40.93 %  search
c           0.00   40.91 %  focused
c           0.00   39.75 %  probe
c           0.00   24.14 %  sweep
c           0.00    7.68 %  congruence
c           0.00    6.16 %  parse
c           0.00    4.19 %  factor
c           0.00    3.31 %  substitute
c           0.00    1.98 %  lucky
c           0.00    0.18 %  backbone
c           0.00    0.00 %  simplify
c =============================================
c           0.00  100.00 %  total
c
c ---- [ statistics ] --------------------------------------------------------
c
c conflicts:                              927           170185.42 per second
c congruent:                               69               20 %  variables
c decisions:                             1215                1.31 per conflict
c factored:                                 9                3 %  variables
c iterations:                               7                2 %  variables
c propagations:                         14154          2598495    per second
c restarts:                                61               15    interval
c substituted:                            126               37 %  variables
c switched:                                 0                0    interval
c
c ---- [ glue usage ] --------------------------------------------------------
c
c focused glue 2 used 729 clauses 27.15% accumulated 64.28% tier1
c focused glue 3 used 454 clauses 16.91% accumulated 81.19%
c focused glue 4 used 328 clauses 12.22% accumulated 93.41% tier2
c
c ---- [ resources ] ---------------------------------------------------------
c
c maximum-resident-set-size:       2768240640 bytes       2640 MB
c process-time:                                              0.00 seconds
c
c ---- [ shutting down ] -----------------------------------------------------
c
c exit 20

        0.00 real         0.00 user         0.00 sys
             2719744  maximum resident set size
                   0  average shared memory size
                   0  average unshared data size
                   0  average unshared stack size
                 329  page reclaims
                   1  page faults
                   0  swaps
                   0  block input operations
                   0  block output operations
                   0  messages sent
                   0  messages received
                   0  signals received
                   0  voluntary context switches
                  16  involuntary context switches
            46697393  instructions retired
            23686673  cycles elapsed
             2015544  peak memory footprint
