c --- [ banner ] -------------------------------------------------------------
c 
c CaDiCaL SAT Solver
c Copyright (c) 2016-2026
c A. Biere, M. Fleury, N. Froleyks, K. Fazekas, F. Pollitt, T. Faller
c JKU Linz, University of Freiburg, TU Wien
c 
c Version 3.0.1 6f2b1a38e26bb3cddb49c89c64d419c1d6a16ecb
c Apple clang version 21.0.0 (clang-2100.1.1.101) -Wall -Wextra -O3 -DNDEBUG -DNCLOSEFROM
c Sun Aug 30 17:38:15 CST 2026 Darwin djftekiMacBook-Pro.local 25.3.0 arm64
c 
c --- [ proof tracing ] ------------------------------------------------------
c 
c opening file to write '/Users/djf/develop/CS/Turing/Turing1/morphosat_research/proofs/layer_b_heterogeneous_tseitin.n8.s1.u.cadical.bve_off.drat'
c writing non-binary proof trace to '/Users/djf/develop/CS/Turing/Turing1/morphosat_research/proofs/layer_b_heterogeneous_tseitin.n8.s1.u.cadical.bve_off.drat'
c 
c --- [ parsing input ] ------------------------------------------------------
c 
c reading DIMACS file from '/Users/djf/develop/CS/Turing/Turing1/morphosat_research/instances/separation_v0.2/layer_b_heterogeneous_tseitin.n8.s1.u.cnf'
c opening file to read '/Users/djf/develop/CS/Turing/Turing1/morphosat_research/instances/separation_v0.2/layer_b_heterogeneous_tseitin.n8.s1.u.cnf'
c found 'p cnf 92 344' header
c parsed 344 clauses in 0.00 seconds process time
c 
c --- [ options ] ------------------------------------------------------------
c 
c   --binary=false                 (different from default 'true')
c   --elim=false                   (different from default 'true')
c 
c --- [ solving ] ------------------------------------------------------------
c 
c time measured in process time since initialization
c 
c  seconds  reduction conflicts       size tier2     variables
c         MB    restarts   redundant    glue  trail      remaining
c          level     rate       size/glu tier1 irredundant
c 
c *  0.00  0  0 0   0  0    0    0 0.0 0 0 2 6  0%  265  69 75%
c )  0.00  0  0 0   0  0    0    0 0.0 0 0 2 6  0%  265  69 75%
c {  0.00  0  0 0   0  0    0    0 0.0 0 0 2 6  0%  265  69 75%
c i  0.00  0  5 0   0  1   34   25 2.0 3 2 2 6 87%  261  67 73%
c i  0.00  0  5 0   0  1   48   34 1.9 3 2 2 6 89%  261  65 71%
c i  0.00  0  4 0   0  1   67   43 1.8 3 2 2 6 89%  258  64 70%
c i  0.00  0  4 0   0  1   70   43 1.8 3 2 2 6 88%  258  53 58%
c i  0.00  0  4 0   0  1   71   43 1.9 3 2 2 6 88%  258  52 57%
c i  0.00  0  4 0   0  1   72   43 1.9 3 2 2 6 87%  258  45 49%
c i  0.00  0  4 0   0  1   80   48 1.9 3 2 2 6 88%  258  22 24%
c }  0.00  0  4 0   0  1   82   48 1.9 3 2 2 6 87%  258  14 15%
c 0  0.00  0  4 0   0  1   82   48 1.9 3 2 2 6 87%  258  14 15%
c 
c --- [ closing proof ] ------------------------------------------------------
c 
c DRAT proof file '/Users/djf/develop/CS/Turing/Turing1/morphosat_research/proofs/layer_b_heterogeneous_tseitin.n8.s1.u.cadical.bve_off.drat' closed
c DRAT 167 added clauses 57.00%
c DRAT 126 deleted clauses 43.00%
c DRAT 3850 bytes (0.00 MB)
c 
c --- [ result ] -------------------------------------------------------------
c 
s UNSATISFIABLE
c 
c --- [ run-time profiling ] -------------------------------------------------
c 
c process time taken by individual solving procedures
c (percentage relative to process time for solving)
c 
c         0.00   89.49% search
c         0.00   74.92% unstable
c         0.00   42.37% parse
c         0.00   11.86% lucky
c         0.00    0.00% simplify
c   =================================
c         0.00   42.20% solve
c 
c last line shows process time for solving
c (percentage relative to total process time)
c 
c --- [ statistics ] ---------------------------------------------------------
c 
c chronological:                22        26.83 %  of conflicts
c conflicts:                    82    277966.10    per second
c decisions:                    82    277966.10    per second
c fixed:                        78        84.78 %  of all variables
c learned:                      62        75.61 %  per conflict
c learned_lits:                225       100.00 %  learned literals
c minimized:                     0         0.00 %  learned literals
c shrunken:                     32        14.22 %  learned literals
c minishrunken:                  5         2.22 %  learned literals
c otfs:                         25        30.49 %  of conflict
c propagations:               1404         4.76 M  per second
c subsumed:                     20         6.27 %  of all clauses
c strengthened:                 18         5.64 %  of all clauses
c ticks:                      6561         4.67    propagation
c 
c seconds are measured in process time for solving
c 
c --- [ glue usage ] ---------------------------------------------------------
c 
c focused glue 1 used 109 clauses 61.58% accumulated 61.58% tier1
c focused glue 2 used 56 clauses 31.63% accumulated 93.22% tier2
c 
c stable glue 2 used 0 clauses 0.000% accumulated 0.000% tier1
c stable glue 3 used 0 clauses 0.000% accumulated 0.000%
c stable glue 4 used 0 clauses 0.000% accumulated 0.000%
c stable glue 5 used 0 clauses 0.000% accumulated 0.000%
c stable glue 6 used 0 clauses 0.000% accumulated 0.000% tier2
c 
c 
c --- [ resources ] ----------------------------------------------------------
c 
c total process time since initialization:         0.00    seconds
c total real time since initialization:            0.00    seconds
c maximum resident set size of process:            2.36    MB
c 
c --- [ shutting down ] ------------------------------------------------------
c 
c exit 20

        0.00 real         0.00 user         0.00 sys
             2473984  maximum resident set size
                   0  average shared memory size
                   0  average unshared data size
                   0  average unshared stack size
                 315  page reclaims
                   1  page faults
                   0  swaps
                   0  block input operations
                   0  block output operations
                   0  messages sent
                   0  messages received
                   0  signals received
                   0  voluntary context switches
                   6  involuntary context switches
            21592331  instructions retired
             9524010  cycles elapsed
             1212704  peak memory footprint
