c --- [ banner ] -------------------------------------------------------------
c 
c CaDiCaL SAT Solver
c Copyright (c) 2016-2026
c A. Biere, M. Fleury, N. Froleyks, K. Fazekas, F. Pollitt, T. Faller
c JKU Linz, University of Freiburg, TU Wien
c 
c Version 3.0.1 6f2b1a38e26bb3cddb49c89c64d419c1d6a16ecb
c Apple clang version 21.0.0 (clang-2100.1.1.101) -Wall -Wextra -O3 -DNDEBUG -DNCLOSEFROM
c Sun Aug 30 17:38:15 CST 2026 Darwin djftekiMacBook-Pro.local 25.3.0 arm64
c 
c --- [ proof tracing ] ------------------------------------------------------
c 
c opening file to write '/Users/djf/develop/CS/Turing/Turing1/morphosat_research/proofs/layer_b_heterogeneous_tseitin.n8.s7.u.cadical.bve_off.drat'
c writing non-binary proof trace to '/Users/djf/develop/CS/Turing/Turing1/morphosat_research/proofs/layer_b_heterogeneous_tseitin.n8.s7.u.cadical.bve_off.drat'
c 
c --- [ parsing input ] ------------------------------------------------------
c 
c reading DIMACS file from '/Users/djf/develop/CS/Turing/Turing1/morphosat_research/instances/separation_v0.2/layer_b_heterogeneous_tseitin.n8.s7.u.cnf'
c opening file to read '/Users/djf/develop/CS/Turing/Turing1/morphosat_research/instances/separation_v0.2/layer_b_heterogeneous_tseitin.n8.s7.u.cnf'
c found 'p cnf 90 324' header
c parsed 324 clauses in 0.00 seconds process time
c 
c --- [ options ] ------------------------------------------------------------
c 
c   --binary=false                 (different from default 'true')
c   --elim=false                   (different from default 'true')
c 
c --- [ solving ] ------------------------------------------------------------
c 
c time measured in process time since initialization
c 
c  seconds  reduction conflicts       size tier2     variables
c         MB    restarts   redundant    glue  trail      remaining
c          level     rate       size/glu tier1 irredundant
c 
c *  0.00  0  0 0   0  0    0    0 0.0 0 0 2 6  0%  261  71 79%
c )  0.00  0  0 0   0  0    0    0 0.0 1 0 2 6 23%  261  69 77%
c {  0.00  0  0 0   0  0    0    0 0.0 1 0 2 6 23%  261  69 77%
c i  0.00  0  0 0   0  0    0    0 0.0 1 0 2 6 23%  261  69 77%
c i  0.00  0  4 0   0  1   64   35 1.8 3 2 2 6 86%  252  66 73%
c i  0.00  0  4 0   0  1   66   36 1.8 3 2 2 6 86%  252  61 68%
c i  0.00  0  4 0   0  1   67   36 1.8 3 2 2 6 86%  252  57 63%
c i  0.00  0  4 0   0  1   79   42 1.8 3 2 2 6 86%  252  55 61%
c i  0.00  0  4 0   0  1   81   43 1.8 3 2 2 6 86%  252  54 60%
c i  0.00  0  4 0   0  1   83   44 1.8 3 2 2 6 87%  252  52 58%
c i  0.00  0  4 0   0  1   86   45 1.8 3 2 2 6 87%  252  51 57%
c }  0.00  0  4 0   0  1   89   46 1.9 3 1 2 6 87%  252  25 28%
c 0  0.00  0  4 0   0  1   89   46 1.9 3 1 2 6 87%  252  25 28%
c 
c --- [ closing proof ] ------------------------------------------------------
c 
c DRAT proof file '/Users/djf/develop/CS/Turing/Turing1/morphosat_research/proofs/layer_b_heterogeneous_tseitin.n8.s7.u.cadical.bve_off.drat' closed
c DRAT 166 added clauses 56.85%
c DRAT 126 deleted clauses 43.15%
c DRAT 3773 bytes (0.00 MB)
c 
c --- [ result ] -------------------------------------------------------------
c 
s UNSATISFIABLE
c 
c --- [ run-time profiling ] -------------------------------------------------
c 
c process time taken by individual solving procedures
c (percentage relative to process time for solving)
c 
c         0.00   89.25% search
c         0.00   75.27% unstable
c         0.00   34.05% parse
c         0.00   10.39% lucky
c         0.00    0.00% simplify
c   =================================
c         0.00   46.50% solve
c 
c last line shows process time for solving
c (percentage relative to total process time)
c 
c --- [ statistics ] ---------------------------------------------------------
c 
c chronological:                29        32.58 %  of conflicts
c conflicts:                    89    318996.42    per second
c decisions:                    98    351254.48    per second
c fixed:                        65        72.22 %  of all variables
c learned:                      64        71.91 %  per conflict
c learned_lits:                234       100.00 %  learned literals
c minimized:                     0         0.00 %  learned literals
c shrunken:                     50        21.37 %  learned literals
c minishrunken:                  6         2.56 %  learned literals
c otfs:                         29        32.58 %  of conflict
c propagations:               1899         6.81 M  per second
c subsumed:                     27         8.54 %  of all clauses
c strengthened:                 20         6.33 %  of all clauses
c ticks:                      8267         4.35    propagation
c 
c seconds are measured in process time for solving
c 
c --- [ glue usage ] ---------------------------------------------------------
c 
c focused glue 1 used 128 clauses 73.98% accumulated 73.98% tier1
c focused glue 2 used 35 clauses 20.23% accumulated 94.21% tier2
c 
c stable glue 2 used 0 clauses 0.000% accumulated 0.000% tier1
c stable glue 3 used 0 clauses 0.000% accumulated 0.000%
c stable glue 4 used 0 clauses 0.000% accumulated 0.000%
c stable glue 5 used 0 clauses 0.000% accumulated 0.000%
c stable glue 6 used 0 clauses 0.000% accumulated 0.000% tier2
c 
c 
c --- [ resources ] ----------------------------------------------------------
c 
c total process time since initialization:         0.00    seconds
c total real time since initialization:            0.00    seconds
c maximum resident set size of process:            2.38    MB
c 
c --- [ shutting down ] ------------------------------------------------------
c 
c exit 20

        0.00 real         0.00 user         0.00 sys
             2506752  maximum resident set size
                   0  average shared memory size
                   0  average unshared data size
                   0  average unshared stack size
                 317  page reclaims
                   1  page faults
                   0  swaps
                   0  block input operations
                   0  block output operations
                   0  messages sent
                   0  messages received
                   0  signals received
                   0  voluntary context switches
                   6  involuntary context switches
            22047867  instructions retired
             8778262  cycles elapsed
             1245472  peak memory footprint
