c --- [ banner ] -------------------------------------------------------------
c 
c CaDiCaL SAT Solver
c Copyright (c) 2016-2026
c A. Biere, M. Fleury, N. Froleyks, K. Fazekas, F. Pollitt, T. Faller
c JKU Linz, University of Freiburg, TU Wien
c 
c Version 3.0.1 6f2b1a38e26bb3cddb49c89c64d419c1d6a16ecb
c Apple clang version 21.0.0 (clang-2100.1.1.101) -Wall -Wextra -O3 -DNDEBUG -DNCLOSEFROM
c Sun Aug 30 17:38:15 CST 2026 Darwin djftekiMacBook-Pro.local 25.3.0 arm64
c 
c --- [ proof tracing ] ------------------------------------------------------
c 
c opening file to write '/Users/djf/develop/CS/Turing/Turing1/morphosat_research/proofs/layer_d_random_reordered_parity.n16.s4.u.cadical.default.drat'
c writing non-binary proof trace to '/Users/djf/develop/CS/Turing/Turing1/morphosat_research/proofs/layer_d_random_reordered_parity.n16.s4.u.cadical.default.drat'
c 
c --- [ parsing input ] ------------------------------------------------------
c 
c reading DIMACS file from '/Users/djf/develop/CS/Turing/Turing1/morphosat_research/instances/separation_v0.2/layer_d_random_reordered_parity.n16.s4.u.cnf'
c opening file to read '/Users/djf/develop/CS/Turing/Turing1/morphosat_research/instances/separation_v0.2/layer_d_random_reordered_parity.n16.s4.u.cnf'
c found 'p cnf 24 64' header
c parsed 64 clauses in 0.00 seconds process time
c 
c --- [ options ] ------------------------------------------------------------
c 
c   --binary=false                 (different from default 'true')
c 
c --- [ solving ] ------------------------------------------------------------
c 
c time measured in process time since initialization
c 
c  seconds  reduction conflicts       size tier2     variables
c         MB    restarts   redundant    glue  trail      remaining
c          level     rate       size/glu tier1 irredundant
c 
c *  0.00  0  0 0   0  0    0    0 0.0 0 0 2 6  0%   64  24 100%
c )  0.00  0  0 0   0  0    0    0 0.0 0 0 2 6  0%   64  24 100%
c {  0.00  0  0 0   0  0    0    0 0.0 0 0 2 6  0%   64  24 100%
c i  0.00  0  4 0   0  1  119   54 1.7 5 3 2 6 77%   64  23 96%
c i  0.00  0  4 0   0  1  149   64 1.7 5 3 2 6 75%   64  22 92%
c i  0.00  0  4 0   0  1  163   70 1.7 5 3 2 6 75%   64  21 88%
c i  0.00  0  4 0   0  1  167   72 1.7 5 3 2 6 74%   64  18 75%
c i  0.00  0  4 0   0  1  170   72 1.7 5 3 2 6 74%   64  17 71%
c }  0.00  0  4 0   0  1  172   72 1.7 4 3 2 6 74%   64  12 50%
c 0  0.00  0  4 0   0  1  172   72 1.7 4 3 2 6 74%   64  12 50%
c 
c --- [ closing proof ] ------------------------------------------------------
c 
c DRAT proof file '/Users/djf/develop/CS/Turing/Turing1/morphosat_research/proofs/layer_d_random_reordered_parity.n16.s4.u.cadical.default.drat' closed
c DRAT 178 added clauses 65.68%
c DRAT 93 deleted clauses 34.32%
c DRAT 4815 bytes (0.00 MB)
c 
c --- [ result ] -------------------------------------------------------------
c 
s UNSATISFIABLE
c 
c --- [ run-time profiling ] -------------------------------------------------
c 
c process time taken by individual solving procedures
c (percentage relative to process time for solving)
c 
c         0.00   90.17% search
c         0.00   80.35% unstable
c         0.00   13.29% parse
c         0.00    6.36% lucky
c         0.00    0.00% simplify
c   =================================
c         0.00   51.18% solve
c 
c last line shows process time for solving
c (percentage relative to total process time)
c 
c --- [ statistics ] ---------------------------------------------------------
c 
c chronological:                23        13.37 %  of conflicts
c conflicts:                   172    497109.83    per second
c decisions:                   162    468208.09    per second
c fixed:                        12        50.00 %  of all variables
c learned:                     124        72.09 %  per conflict
c learned_lits:                715       100.00 %  learned literals
c minimized:                     0         0.00 %  learned literals
c shrunken:                    156        21.82 %  learned literals
c minishrunken:                  4         0.56 %  learned literals
c otfs:                         47        27.33 %  of conflict
c propagations:                907         2.62 M  per second
c subsumed:                     46        25.27 %  of all clauses
c strengthened:                 47        25.82 %  of all clauses
c ticks:                      5760         6.35    propagation
c 
c seconds are measured in process time for solving
c 
c --- [ glue usage ] ---------------------------------------------------------
c 
c focused glue 3 used 88 clauses 34.10% accumulated 82.17% tier1
c focused glue 4 used 36 clauses 13.95% accumulated 96.12% tier2
c 
c stable glue 2 used 0 clauses 0.000% accumulated 0.000% tier1
c stable glue 3 used 0 clauses 0.000% accumulated 0.000%
c stable glue 4 used 0 clauses 0.000% accumulated 0.000%
c stable glue 5 used 0 clauses 0.000% accumulated 0.000%
c stable glue 6 used 0 clauses 0.000% accumulated 0.000% tier2
c 
c 
c --- [ resources ] ----------------------------------------------------------
c 
c total process time since initialization:         0.00    seconds
c total real time since initialization:            0.00    seconds
c maximum resident set size of process:            2.30    MB
c 
c --- [ shutting down ] ------------------------------------------------------
c 
c exit 20

        0.00 real         0.00 user         0.00 sys
             2408448  maximum resident set size
                   0  average shared memory size
                   0  average unshared data size
                   0  average unshared stack size
                 311  page reclaims
                   1  page faults
                   0  swaps
                   0  block input operations
                   0  block output operations
                   0  messages sent
                   0  messages received
                   0  signals received
                   2  voluntary context switches
                   7  involuntary context switches
            21131493  instructions retired
            10414003  cycles elapsed
             1147168  peak memory footprint
