c ---- [ banner ] ------------------------------------------------------------
c
c Kissat SAT Solver
c 
c Copyright (c) 2021-2024 Armin Biere University of Freiburg
c Copyright (c) 2019-2021 Armin Biere Johannes Kepler University Linz
c 
c Version 4.0.4 unknown
c Apple clang version 21.0.0 (clang-2100.1.1.101) -W -Wall -O3 -DNDEBUG
c Sun Aug 30 17:38:25 CST 2026 Darwin djftekiMacBook-Pro.local 25.3.0 arm64
c
c ---- [ proving ] -----------------------------------------------------------
c
c opened and writing proof to DRAT file:
c
c   /Users/djf/develop/CS/Turing/Turing1/morphosat_research/proofs/layer_d_random_reordered_parity.n8.s4.u.kissat.default.drat
c
c ---- [ parsing ] -----------------------------------------------------------
c
c opened and reading DIMACS file:
c
c   /Users/djf/develop/CS/Turing/Turing1/morphosat_research/instances/separation_v0.2/layer_d_random_reordered_parity.n8.s4.u.cnf
c
c parsed 'p cnf 12 32' header
c closing input after reading 406 bytes
c finished parsing after 0.00 seconds
c
c ---- [ solving ] -----------------------------------------------------------
c
c seconds switched rate     size/glue tier1 binary   remaining
c        MB reductions conflicts size  tier2 irredundant
c         level restarts redundant glue  trail   variables
c
c *  0.00  2 0 0 0  0 0   0   0 0.0 0 0 0 0 0%   0 32 12 100%
c (  0.00  2 0 0 0  0 0   0   0 0.0 0 0 0 0 0%   0 32 12 100%
c .  0.00  2 0 0 0  0 0   0   0 0.0 0 0 0 0 0%   0 32 12 100%
c )  0.00  2 0 0 0  0 0   0   0 0.0 0 0 0 0 0%   0 32 12 100%
c {  0.00  2 0 0 0  0 0   0   0 0.0 0 0 2 6 0%   0 32 12 100%
c i  0.00  2 3 0 0  0 1  24   9 2.0 4 2 2 3 100%   4 31 11 92%
c i  0.00  2 3 0 0  0 1  30   8 1.9 3 2 2 3 97%   6 31  9 75%
c i  0.00  2 3 0 0  0 1  32   7 1.9 3 2 2 3 93%   7 31  7 58%
c }  0.00  2 3 0 0  0 1  34   7 2.0 3 2 2 3 91%   7 31  4 33%
c 0  0.00  2 3 0 0  0 1  34   7 2.0 3 2 2 3 91%   7 31  4 33%
c
c ---- [ result ] ------------------------------------------------------------
c
s UNSATISFIABLE
c
c ---- [ profiling ] ---------------------------------------------------------
c
c           0.00   32.90 %  preprocess
c           0.00   29.82 %  probe
c           0.00   19.28 %  sweep
c           0.00   13.11 %  search
c           0.00   12.85 %  focused
c           0.00    5.14 %  congruence
c           0.00    4.63 %  parse
c           0.00    3.08 %  factor
c           0.00    2.83 %  lucky
c           0.00    0.77 %  substitute
c           0.00    0.51 %  backbone
c           0.00    0.00 %  simplify
c =============================================
c           0.00  100.00 %  total
c
c ---- [ statistics ] --------------------------------------------------------
c
c conflicts:                               34            24164.89 per second
c decisions:                               25                0.74 per conflict
c iterations:                               4               33 %  variables
c propagations:                           264           187633    per second
c switched:                                 0                0    interval
c
c ---- [ glue usage ] --------------------------------------------------------
c
c focused glue 2 used 13 clauses 56.52% accumulated 69.57% tier1
c focused glue 3 used  7 clauses 30.43% accumulated 100.00% tier2
c
c ---- [ resources ] ---------------------------------------------------------
c
c maximum-resident-set-size:       1996488704 bytes       1904 MB
c process-time:                                              0.00 seconds
c
c ---- [ shutting down ] -----------------------------------------------------
c
c exit 20

        0.00 real         0.00 user         0.00 sys
             1949696  maximum resident set size
                   0  average shared memory size
                   0  average unshared data size
                   0  average unshared stack size
                 282  page reclaims
                   1  page faults
                   0  swaps
                   0  block input operations
                   0  block output operations
                   0  messages sent
                   0  messages received
                   0  signals received
                   0  voluntary context switches
                   5  involuntary context switches
            16108729  instructions retired
             6090903  cycles elapsed
             1229088  peak memory footprint
