c --- [ banner ] -------------------------------------------------------------
c 
c CaDiCaL SAT Solver
c Copyright (c) 2016-2026
c A. Biere, M. Fleury, N. Froleyks, K. Fazekas, F. Pollitt, T. Faller
c JKU Linz, University of Freiburg, TU Wien
c 
c Version 3.0.1 6f2b1a38e26bb3cddb49c89c64d419c1d6a16ecb
c Apple clang version 21.0.0 (clang-2100.1.1.101) -Wall -Wextra -O3 -DNDEBUG -DNCLOSEFROM
c Sun Aug 30 17:38:15 CST 2026 Darwin djftekiMacBook-Pro.local 25.3.0 arm64
c 
c --- [ proof tracing ] ------------------------------------------------------
c 
c opening file to write '/Users/djf/develop/CS/Turing/Turing1/morphosat_research/proofs/layer_b_heterogeneous_tseitin.n16.s9.u.cadical.default.drat'
c writing non-binary proof trace to '/Users/djf/develop/CS/Turing/Turing1/morphosat_research/proofs/layer_b_heterogeneous_tseitin.n16.s9.u.cadical.default.drat'
c 
c --- [ parsing input ] ------------------------------------------------------
c 
c reading DIMACS file from '/Users/djf/develop/CS/Turing/Turing1/morphosat_research/instances/separation_v0.2/layer_b_heterogeneous_tseitin.n16.s9.u.cnf'
c opening file to read '/Users/djf/develop/CS/Turing/Turing1/morphosat_research/instances/separation_v0.2/layer_b_heterogeneous_tseitin.n16.s9.u.cnf'
c found 'p cnf 172 610' header
c parsed 610 clauses in 0.00 seconds process time
c 
c --- [ options ] ------------------------------------------------------------
c 
c   --binary=false                 (different from default 'true')
c 
c --- [ solving ] ------------------------------------------------------------
c 
c time measured in process time since initialization
c 
c  seconds  reduction conflicts       size tier2     variables
c         MB    restarts   redundant    glue  trail      remaining
c          level     rate       size/glu tier1 irredundant
c 
c *  0.00  0  0 0   0  0    0    0 0.0 0 0 2 6  0%  504 139 81%
c )  0.00  0  0 0   0  0    0    0 0.0 0 0 2 6  0%  504 139 81%
c {  0.00  0  0 0   0  0    0    0 0.0 0 0 2 6  0%  504 139 81%
c i  0.00  0  9 0   0  4    3    2 2.0 2 1 2 6 34%  504 136 79%
c i  0.00  0 11 0   0  4    5    2 2.3 2 1 2 6 39%  503 134 78%
c i  0.00  0 12 0   0  3   10    4 2.4 2 1 2 6 46%  502 131 76%
c i  0.00  0 12 0   1  2   69   37 1.6 3 2 2 6 79%  494 128 74%
c i  0.00  0  8 0   8  2  154   98 1.7 4 2 2 6 79%  493 126 73%
c i  0.00  0  8 0   8  1  187  118 1.7 4 2 2 6 79%  492 124 72%
c i  0.00  0  7 0   8  1  207  133 1.8 4 2 2 6 80%  492 120 70%
c i  0.00  0  7 0   8  1  214  134 1.8 4 2 2 6 79%  492 111 65%
c }  0.00  0  7 0   8  1  217  134 1.8 4 2 2 6 79%  492  46 27%
c 0  0.00  0  7 0   8  1  217  134 1.8 4 2 2 6 79%  492  46 27%
c 
c --- [ closing proof ] ------------------------------------------------------
c 
c DRAT proof file '/Users/djf/develop/CS/Turing/Turing1/morphosat_research/proofs/layer_b_heterogeneous_tseitin.n16.s9.u.cadical.default.drat' closed
c DRAT 356 added clauses 62.57%
c DRAT 213 deleted clauses 37.43%
c DRAT 8534 bytes (0.01 MB)
c 
c --- [ result ] -------------------------------------------------------------
c 
s UNSATISFIABLE
c 
c --- [ run-time profiling ] -------------------------------------------------
c 
c process time taken by individual solving procedures
c (percentage relative to process time for solving)
c 
c         0.00   95.18% search
c         0.00   87.40% unstable
c         0.00   27.06% parse
c         0.00    6.69% lucky
c         0.00    0.00% simplify
c   =================================
c         0.00   57.93% solve
c 
c last line shows process time for solving
c (percentage relative to total process time)
c 
c --- [ statistics ] ---------------------------------------------------------
c 
c chronological:                60        27.65 %  of conflicts
c conflicts:                   217    337480.56    per second
c decisions:                   276    429237.95    per second
c fixed:                       126        73.26 %  of all variables
c learned:                     160        73.73 %  per conflict
c learned_lits:                696       100.00 %  learned literals
c minimized:                     0         0.00 %  learned literals
c shrunken:                     82        11.78 %  learned literals
c minishrunken:                 29         4.17 %  learned literals
c otfs:                         64        29.49 %  of conflict
c propagations:               5626         8.75 M  per second
c restarts:                      8        27.12    interval
c subsumed:                     41         6.26 %  of all clauses
c strengthened:                 52         7.94 %  of all clauses
c ticks:                     24915         4.43    propagation
c 
c seconds are measured in process time for solving
c 
c --- [ glue usage ] ---------------------------------------------------------
c 
c focused glue 1 used 353 clauses 57.02% accumulated 57.02% tier1
c focused glue 2 used 209 clauses 33.76% accumulated 90.79% tier2
c 
c stable glue 2 used 0 clauses 0.000% accumulated 0.000% tier1
c stable glue 3 used 0 clauses 0.000% accumulated 0.000%
c stable glue 4 used 0 clauses 0.000% accumulated 0.000%
c stable glue 5 used 0 clauses 0.000% accumulated 0.000%
c stable glue 6 used 0 clauses 0.000% accumulated 0.000% tier2
c 
c 
c --- [ resources ] ----------------------------------------------------------
c 
c total process time since initialization:         0.00    seconds
c total real time since initialization:            0.00    seconds
c maximum resident set size of process:            2.50    MB
c 
c --- [ shutting down ] ------------------------------------------------------
c 
c exit 20

        0.00 real         0.00 user         0.00 sys
             2621440  maximum resident set size
                   0  average shared memory size
                   0  average unshared data size
                   0  average unshared stack size
                 324  page reclaims
                   1  page faults
                   0  swaps
                   0  block input operations
                   0  block output operations
                   0  messages sent
                   0  messages received
                   0  signals received
                   0  voluntary context switches
                   3  involuntary context switches
            25751049  instructions retired
            12067241  cycles elapsed
             1360160  peak memory footprint
