c --- [ banner ] -------------------------------------------------------------
c 
c CaDiCaL SAT Solver
c Copyright (c) 2016-2026
c A. Biere, M. Fleury, N. Froleyks, K. Fazekas, F. Pollitt, T. Faller
c JKU Linz, University of Freiburg, TU Wien
c 
c Version 3.0.1 6f2b1a38e26bb3cddb49c89c64d419c1d6a16ecb
c Apple clang version 21.0.0 (clang-2100.1.1.101) -Wall -Wextra -O3 -DNDEBUG -DNCLOSEFROM
c Sun Aug 30 17:38:15 CST 2026 Darwin djftekiMacBook-Pro.local 25.3.0 arm64
c 
c --- [ proof tracing ] ------------------------------------------------------
c 
c opening file to write '/Users/djf/develop/CS/Turing/Turing1/morphosat_research/proofs/layer_d_random_reordered_parity.n16.s9.u.cadical.default.drat'
c writing non-binary proof trace to '/Users/djf/develop/CS/Turing/Turing1/morphosat_research/proofs/layer_d_random_reordered_parity.n16.s9.u.cadical.default.drat'
c 
c --- [ parsing input ] ------------------------------------------------------
c 
c reading DIMACS file from '/Users/djf/develop/CS/Turing/Turing1/morphosat_research/instances/separation_v0.2/layer_d_random_reordered_parity.n16.s9.u.cnf'
c opening file to read '/Users/djf/develop/CS/Turing/Turing1/morphosat_research/instances/separation_v0.2/layer_d_random_reordered_parity.n16.s9.u.cnf'
c found 'p cnf 24 64' header
c parsed 64 clauses in 0.00 seconds process time
c 
c --- [ options ] ------------------------------------------------------------
c 
c   --binary=false                 (different from default 'true')
c 
c --- [ solving ] ------------------------------------------------------------
c 
c time measured in process time since initialization
c 
c  seconds  reduction conflicts       size tier2     variables
c         MB    restarts   redundant    glue  trail      remaining
c          level     rate       size/glu tier1 irredundant
c 
c *  0.00  0  0 0   0  0    0    0 0.0 0 0 2 6  0%   64  24 100%
c )  0.00  0  0 0   0  0    0    0 0.0 0 0 2 6  0%   64  24 100%
c {  0.00  0  0 0   0  0    0    0 0.0 0 0 2 6  0%   64  24 100%
c i  0.00  0  4 0   0  1  108   41 1.7 5 3 2 6 83%   64  23 96%
c i  0.00  0  4 0   0  1  127   43 1.7 4 3 2 6 79%   64  22 92%
c i  0.00  0  4 0   0  1  136   46 1.7 4 3 2 6 77%   64  21 88%
c i  0.00  0  4 0   0  1  140   47 1.7 4 3 2 6 77%   64  19 79%
c i  0.00  0  4 0   0  1  142   48 1.7 4 2 2 6 76%   64  16 67%
c }  0.00  0  4 0   0  1  144   48 1.7 4 2 2 6 76%   64  10 42%
c 0  0.00  0  4 0   0  1  144   48 1.7 4 2 2 6 76%   64  10 42%
c 
c --- [ closing proof ] ------------------------------------------------------
c 
c DRAT proof file '/Users/djf/develop/CS/Turing/Turing1/morphosat_research/proofs/layer_d_random_reordered_parity.n16.s9.u.cadical.default.drat' closed
c DRAT 152 added clauses 63.07%
c DRAT 89 deleted clauses 36.93%
c DRAT 4026 bytes (0.00 MB)
c 
c --- [ result ] -------------------------------------------------------------
c 
s UNSATISFIABLE
c 
c --- [ run-time profiling ] -------------------------------------------------
c 
c process time taken by individual solving procedures
c (percentage relative to process time for solving)
c 
c         0.00   87.64% search
c         0.00   76.83% unstable
c         0.00   18.92% parse
c         0.00    7.34% lucky
c         0.00    0.00% simplify
c   =================================
c         0.00   42.60% solve
c 
c last line shows process time for solving
c (percentage relative to total process time)
c 
c --- [ statistics ] ---------------------------------------------------------
c 
c chronological:                31        21.53 %  of conflicts
c conflicts:                   144    555984.56    per second
c decisions:                   148    571428.57    per second
c fixed:                        14        58.33 %  of all variables
c learned:                      97        67.36 %  per conflict
c learned_lits:                521       100.00 %  learned literals
c minimized:                     0         0.00 %  learned literals
c shrunken:                    117        22.46 %  learned literals
c minishrunken:                  1         0.19 %  learned literals
c otfs:                         50        34.72 %  of conflict
c propagations:                875         3.38 M  per second
c subsumed:                     47        30.32 %  of all clauses
c strengthened:                 46        29.68 %  of all clauses
c ticks:                      4643         5.31    propagation
c 
c seconds are measured in process time for solving
c 
c --- [ glue usage ] ---------------------------------------------------------
c 
c focused glue 2 used 66 clauses 39.28% accumulated 62.50% tier1
c focused glue 3 used 39 clauses 23.21% accumulated 85.71% tier2
c 
c stable glue 2 used 0 clauses 0.000% accumulated 0.000% tier1
c stable glue 3 used 0 clauses 0.000% accumulated 0.000%
c stable glue 4 used 0 clauses 0.000% accumulated 0.000%
c stable glue 5 used 0 clauses 0.000% accumulated 0.000%
c stable glue 6 used 0 clauses 0.000% accumulated 0.000% tier2
c 
c 
c --- [ resources ] ----------------------------------------------------------
c 
c total process time since initialization:         0.00    seconds
c total real time since initialization:            0.00    seconds
c maximum resident set size of process:            2.28    MB
c 
c --- [ shutting down ] ------------------------------------------------------
c 
c exit 20

        0.00 real         0.00 user         0.00 sys
             2392064  maximum resident set size
                   0  average shared memory size
                   0  average unshared data size
                   0  average unshared stack size
                 310  page reclaims
                   1  page faults
                   0  swaps
                   0  block input operations
                   0  block output operations
                   0  messages sent
                   0  messages received
                   0  signals received
                   0  voluntary context switches
                  11  involuntary context switches
            20693833  instructions retired
             9911326  cycles elapsed
             1130784  peak memory footprint
