c ---- [ banner ] ------------------------------------------------------------
c
c Kissat SAT Solver
c 
c Copyright (c) 2021-2024 Armin Biere University of Freiburg
c Copyright (c) 2019-2021 Armin Biere Johannes Kepler University Linz
c 
c Version 4.0.4 unknown
c Apple clang version 21.0.0 (clang-2100.1.1.101) -W -Wall -O3 -DNDEBUG
c Sun Aug 30 17:38:25 CST 2026 Darwin djftekiMacBook-Pro.local 25.3.0 arm64
c
c ---- [ proving ] -----------------------------------------------------------
c
c opened and writing proof to DRAT file:
c
c   /Users/djf/develop/CS/Turing/Turing1/morphosat_research/proofs/layer_b_heterogeneous_tseitin.n8.s7.u.kissat.default.drat
c
c ---- [ parsing ] -----------------------------------------------------------
c
c opened and reading DIMACS file:
c
c   /Users/djf/develop/CS/Turing/Turing1/morphosat_research/instances/separation_v0.2/layer_b_heterogeneous_tseitin.n8.s7.u.cnf
c
c parsed 'p cnf 90 324' header
c closing input after reading 4256 bytes (4 KB)
c finished parsing after 0.00 seconds
c
c ---- [ solving ] -----------------------------------------------------------
c
c seconds switched rate     size/glue tier1 binary    remaining
c        MB reductions conflicts size  tier2  irredundant
c         level restarts redundant glue  trail    variables
c
c *  0.00  2 0 0 0  0 0   0   0 0.0 0 0 0 0 0%  41 220 71 79%
c lucky 2 units
c l  0.00  2 0 0 0  0 0   0   0 0.0 0 0 0 0 0%  41 220 69 77%
c (  0.00  2 0 0 0  0 0   0   0 0.0 0 0 0 0 0%  41 220 69 77%
c .  0.00  2 0 0 0  0 0   0   0 0.0 0 0 0 0 0%  49 160 69 77%
c c  0.00  2 0 0 0  0 0   0   0 0.0 0 0 0 0 0%  54 134 41 46%
c d  0.00  2 0 0 0  0 0   0   0 0.0 0 0 0 0 0%   3 132 40 44%
c =  0.00  2 0 0 0  0 0   0   0 0.0 0 0 0 0 0%  30 108 31 34%
c d  0.00  2 0 0 0  0 0   0   0 0.0 0 0 0 0 0%   0 108 31 34%
c f  0.00  2 0 0 0  0 0   0   0 0.0 0 0 0 0 0%   6 96 34 38%
c )  0.00  2 0 0 0  0 0   0   0 0.0 0 0 0 0 0%   6 96 34 38%
c lucky 3 units
c l  0.00  2 0 0 0  0 0   0   0 0.0 0 0 0 0 0%   6 96 31 34%
c {  0.00  2 0 0 0  0 0   0   0 0.0 0 0 2 6 0%   6 96 31 34%
c i  0.00  2 4 0 0  1 1  25   7 2.2 4 2 2 2 71%  14 84 30 33%
c i  0.00  2 4 0 0  1 1  37  11 2.0 3 2 2 3 79%  17 84 28 31%
c i  0.00  2 3 0 0  1 1  42  11 2.0 3 2 2 3 79%  19 84 27 30%
c i  0.00  2 3 0 0  1 1  45  11 2.0 3 2 2 3 79%  21 84 26 29%
c i  0.00  2 3 0 0  1 1  46  11 2.0 3 1 2 3 79%  21 84 24 27%
c i  0.00  2 3 0 0  1 1  47  11 2.0 3 1 2 3 78%  21 84 19 21%
c i  0.00  2 3 0 0  1 1  48  11 2.0 3 1 2 3 77%  21 84 11 12%
c }  0.00  2 3 0 0  1 1  50  11 2.1 3 1 2 3 77%  21 84  0 0%
c
c seconds switched rate     size/glue tier1  binary  remaining
c        MB reductions conflicts size  tier2  irredundant
c         level restarts redundant glue   trail   variables
c
c 0  0.00  2 3 0 0  1 1  50  11 2.1 3 1 2 3 77%  21 84  0 0%
c
c ---- [ result ] ------------------------------------------------------------
c
s UNSATISFIABLE
c
c ---- [ profiling ] ---------------------------------------------------------
c
c           0.00   55.98 %  preprocess
c           0.00   53.30 %  probe
c           0.00   32.18 %  sweep
c           0.00    9.94 %  congruence
c           0.00    9.50 %  search
c           0.00    9.16 %  focused
c           0.00    6.70 %  parse
c           0.00    6.15 %  factor
c           0.00    4.25 %  substitute
c           0.00    3.46 %  lucky
c           0.00    0.45 %  backbone
c           0.00    0.00 %  simplify
c =============================================
c           0.00  100.00 %  total
c
c ---- [ statistics ] --------------------------------------------------------
c
c conflicts:                               50            24937.66 per second
c congruent:                               22               24 %  variables
c decisions:                               47                0.94 per conflict
c factored:                                 3                3 %  variables
c iterations:                               8                9 %  variables
c propagations:                           918           457855    per second
c restarts:                                 1               50    interval
c substituted:                             32               36 %  variables
c switched:                                 0                0    interval
c
c ---- [ glue usage ] --------------------------------------------------------
c
c focused glue 2 used 17 clauses 58.62% accumulated 75.86% tier1
c focused glue 3 used  7 clauses 24.14% accumulated 100.00% tier2
c
c ---- [ resources ] ---------------------------------------------------------
c
c maximum-resident-set-size:       2147483648 bytes       2048 MB
c process-time:                                              0.00 seconds
c
c ---- [ shutting down ] -----------------------------------------------------
c
c exit 20

        0.00 real         0.00 user         0.00 sys
             2097152  maximum resident set size
                   0  average shared memory size
                   0  average unshared data size
                   0  average unshared stack size
                 291  page reclaims
                   1  page faults
                   0  swaps
                   0  block input operations
                   0  block output operations
                   0  messages sent
                   0  messages received
                   0  signals received
                   1  voluntary context switches
                   6  involuntary context switches
            20977466  instructions retired
             8637783  cycles elapsed
             1376544  peak memory footprint
