c ---- [ banner ] ------------------------------------------------------------
c
c Kissat SAT Solver
c 
c Copyright (c) 2021-2024 Armin Biere University of Freiburg
c Copyright (c) 2019-2021 Armin Biere Johannes Kepler University Linz
c 
c Version 4.0.4 unknown
c Apple clang version 21.0.0 (clang-2100.1.1.101) -W -Wall -O3 -DNDEBUG
c Sun Aug 30 17:38:25 CST 2026 Darwin djftekiMacBook-Pro.local 25.3.0 arm64
c
c ---- [ proving ] -----------------------------------------------------------
c
c opened and writing proof to DRAT file:
c
c   /Users/djf/develop/CS/Turing/Turing1/morphosat_research/proofs/layer_d_random_reordered_parity.n8.s0.u.kissat.default.drat
c
c ---- [ parsing ] -----------------------------------------------------------
c
c opened and reading DIMACS file:
c
c   /Users/djf/develop/CS/Turing/Turing1/morphosat_research/instances/separation_v0.2/layer_d_random_reordered_parity.n8.s0.u.cnf
c
c parsed 'p cnf 12 32' header
c closing input after reading 406 bytes
c finished parsing after 0.00 seconds
c
c ---- [ solving ] -----------------------------------------------------------
c
c seconds switched rate     size/glue tier1 binary   remaining
c        MB reductions conflicts size  tier2 irredundant
c         level restarts redundant glue  trail   variables
c
c *  0.00  2 0 0 0  0 0   0   0 0.0 0 0 0 0 0%   0 32 12 100%
c (  0.00  2 0 0 0  0 0   0   0 0.0 0 0 0 0 0%   0 32 12 100%
c .  0.00  2 0 0 0  0 0   0   0 0.0 0 0 0 0 0%   0 32 12 100%
c )  0.00  2 0 0 0  0 0   0   0 0.0 0 0 0 0 0%   0 32 12 100%
c {  0.00  2 0 0 0  0 0   0   0 0.0 0 0 2 6 0%   0 32 12 100%
c i  0.00  2 3 0 0  0 1  26   9 2.6 4 1 2 2 100%   4 32 11 92%
c i  0.00  2 3 0 0  0 1  31   9 2.3 3 1 2 2 97%   5 32  9 75%
c }  0.00  2 3 0 0  0 1  33   9 2.4 3 1 2 2 94%   5 32  6 50%
c 0  0.00  2 3 0 0  0 1  33   9 2.4 3 1 2 2 94%   5 32  6 50%
c
c ---- [ result ] ------------------------------------------------------------
c
s UNSATISFIABLE
c
c ---- [ profiling ] ---------------------------------------------------------
c
c           0.00   23.93 %  preprocess
c           0.00   21.64 %  probe
c           0.00   13.28 %  sweep
c           0.00    9.18 %  search
c           0.00    8.69 %  focused
c           0.00    4.59 %  congruence
c           0.00    4.26 %  parse
c           0.00    2.30 %  lucky
c           0.00    1.97 %  factor
c           0.00    0.66 %  substitute
c           0.00    0.33 %  backbone
c           0.00    0.00 %  simplify
c =============================================
c           0.00  100.00 %  total
c
c ---- [ statistics ] --------------------------------------------------------
c
c conflicts:                               33            13865.55 per second
c decisions:                               22                0.67 per conflict
c iterations:                               3               25 %  variables
c propagations:                           241           101261    per second
c switched:                                 0                0    interval
c
c ---- [ glue usage ] --------------------------------------------------------
c
c focused glue 2 used 14 clauses 60.87% accumulated 95.65% tier1 tier2
c
c ---- [ resources ] ---------------------------------------------------------
c
c maximum-resident-set-size:       1979711488 bytes       1888 MB
c process-time:                                              0.00 seconds
c
c ---- [ shutting down ] -----------------------------------------------------
c
c exit 20

        0.00 real         0.00 user         0.00 sys
             1933312  maximum resident set size
                   0  average shared memory size
                   0  average unshared data size
                   0  average unshared stack size
                 281  page reclaims
                   1  page faults
                   0  swaps
                   0  block input operations
                   0  block output operations
                   0  messages sent
                   0  messages received
                   0  signals received
                   0  voluntary context switches
                   9  involuntary context switches
            16259186  instructions retired
             8847228  cycles elapsed
             1212704  peak memory footprint
