c --- [ banner ] -------------------------------------------------------------
c 
c CaDiCaL SAT Solver
c Copyright (c) 2016-2026
c A. Biere, M. Fleury, N. Froleyks, K. Fazekas, F. Pollitt, T. Faller
c JKU Linz, University of Freiburg, TU Wien
c 
c Version 3.0.1 6f2b1a38e26bb3cddb49c89c64d419c1d6a16ecb
c Apple clang version 21.0.0 (clang-2100.1.1.101) -Wall -Wextra -O3 -DNDEBUG -DNCLOSEFROM
c Sun Aug 30 17:38:15 CST 2026 Darwin djftekiMacBook-Pro.local 25.3.0 arm64
c 
c --- [ proof tracing ] ------------------------------------------------------
c 
c opening file to write '/Users/djf/develop/CS/Turing/Turing1/morphosat_research/proofs/layer_a_v01_regression.n8.s9.u.cadical.default.drat'
c writing non-binary proof trace to '/Users/djf/develop/CS/Turing/Turing1/morphosat_research/proofs/layer_a_v01_regression.n8.s9.u.cadical.default.drat'
c 
c --- [ parsing input ] ------------------------------------------------------
c 
c reading DIMACS file from '/Users/djf/develop/CS/Turing/Turing1/morphosat_research/instances/separation_v0.2/layer_a_v01_regression.n8.s9.u.cnf'
c opening file to read '/Users/djf/develop/CS/Turing/Turing1/morphosat_research/instances/separation_v0.2/layer_a_v01_regression.n8.s9.u.cnf'
c found 'p cnf 76 184' header
c parsed 184 clauses in 0.00 seconds process time
c 
c --- [ options ] ------------------------------------------------------------
c 
c   --binary=false                 (different from default 'true')
c 
c --- [ solving ] ------------------------------------------------------------
c 
c time measured in process time since initialization
c 
c  seconds  reduction conflicts       size tier2     variables
c         MB    restarts   redundant    glue  trail      remaining
c          level     rate       size/glu tier1 irredundant
c 
c *  0.00  0  0 0   0  0    0    0 0.0 0 0 2 6  0%  150  47 62%
c )  0.00  0  0 0   0  0    0    0 0.0 0 0 2 6  0%  150  47 62%
c {  0.00  0  0 0   0  0    0    0 0.0 0 0 2 6  0%  150  47 62%
c i  0.00  0  2 0   0  1   17   14 2.6 4 2 2 6 100%  150  44 58%
c i  0.00  0  2 0   0  1   25   20 2.4 4 2 2 6 100%  150  39 51%
c i  0.00  0  2 0   0  1   29   22 2.4 3 1 2 6 100%  150  28 37%
c i  0.00  0  2 0   0  1   31   23 2.4 3 1 2 6 100%  150  23 30%
c }  0.00  0  2 0   0  1   33   23 2.4 3 1 2 6 100%  150   0  0%
c 0  0.00  0  2 0   0  1   33   23 2.4 3 1 2 6 100%  150   0  0%
c 
c --- [ closing proof ] ------------------------------------------------------
c 
c DRAT proof file '/Users/djf/develop/CS/Turing/Turing1/morphosat_research/proofs/layer_a_v01_regression.n8.s9.u.cadical.default.drat' closed
c DRAT 103 added clauses 73.57%
c DRAT 37 deleted clauses 26.43%
c DRAT 1281 bytes (0.00 MB)
c 
c --- [ result ] -------------------------------------------------------------
c 
s UNSATISFIABLE
c 
c --- [ run-time profiling ] -------------------------------------------------
c 
c process time taken by individual solving procedures
c (percentage relative to process time for solving)
c 
c         0.00   84.48% search
c         0.00   66.67% unstable
c         0.00   37.93% parse
c         0.00   13.22% lucky
c         0.00    0.00% simplify
c   =================================
c         0.00   36.94% solve
c 
c last line shows process time for solving
c (percentage relative to total process time)
c 
c --- [ statistics ] ---------------------------------------------------------
c 
c conflicts:                    33    189655.17    per second
c decisions:                    32    183908.05    per second
c fixed:                        76       100.00 %  of all variables
c learned:                      32        96.97 %  per conflict
c learned_lits:                141       100.00 %  learned literals
c minimized:                     0         0.00 %  learned literals
c shrunken:                     33        23.40 %  learned literals
c minishrunken:                  3         2.13 %  learned literals
c otfs:                          0         0.00 %  of conflict
c propagations:                803         4.61 M  per second
c subsumed:                      4         2.26 %  of all clauses
c ticks:                      3647         4.54    propagation
c 
c seconds are measured in process time for solving
c 
c --- [ glue usage ] ---------------------------------------------------------
c 
c focused glue 2 used 21 clauses 65.62% accumulated 100.0% tier1
c focused glue 3 used 0 clauses 0.000% accumulated 100.0% tier2
c 
c stable glue 2 used 0 clauses 0.000% accumulated 0.000% tier1
c stable glue 3 used 0 clauses 0.000% accumulated 0.000%
c stable glue 4 used 0 clauses 0.000% accumulated 0.000%
c stable glue 5 used 0 clauses 0.000% accumulated 0.000%
c stable glue 6 used 0 clauses 0.000% accumulated 0.000% tier2
c 
c 
c --- [ resources ] ----------------------------------------------------------
c 
c total process time since initialization:         0.00    seconds
c total real time since initialization:            0.00    seconds
c maximum resident set size of process:            2.33    MB
c 
c --- [ shutting down ] ------------------------------------------------------
c 
c exit 20

        0.00 real         0.00 user         0.00 sys
             2441216  maximum resident set size
                   0  average shared memory size
                   0  average unshared data size
                   0  average unshared stack size
                 313  page reclaims
                   1  page faults
                   0  swaps
                   0  block input operations
                   0  block output operations
                   0  messages sent
                   0  messages received
                   0  signals received
                   0  voluntary context switches
                   7  involuntary context switches
            20094186  instructions retired
             8673769  cycles elapsed
             1179936  peak memory footprint
