c --- [ banner ] -------------------------------------------------------------
c 
c CaDiCaL SAT Solver
c Copyright (c) 2016-2026
c A. Biere, M. Fleury, N. Froleyks, K. Fazekas, F. Pollitt, T. Faller
c JKU Linz, University of Freiburg, TU Wien
c 
c Version 3.0.1 6f2b1a38e26bb3cddb49c89c64d419c1d6a16ecb
c Apple clang version 21.0.0 (clang-2100.1.1.101) -Wall -Wextra -O3 -DNDEBUG -DNCLOSEFROM
c Sun Aug 30 17:38:15 CST 2026 Darwin djftekiMacBook-Pro.local 25.3.0 arm64
c 
c --- [ proof tracing ] ------------------------------------------------------
c 
c opening file to write '/Users/djf/develop/CS/Turing/Turing1/morphosat_research/proofs/layer_b_heterogeneous_tseitin.n16.s2.u.cadical.default.drat'
c writing non-binary proof trace to '/Users/djf/develop/CS/Turing/Turing1/morphosat_research/proofs/layer_b_heterogeneous_tseitin.n16.s2.u.cadical.default.drat'
c 
c --- [ parsing input ] ------------------------------------------------------
c 
c reading DIMACS file from '/Users/djf/develop/CS/Turing/Turing1/morphosat_research/instances/separation_v0.2/layer_b_heterogeneous_tseitin.n16.s2.u.cnf'
c opening file to read '/Users/djf/develop/CS/Turing/Turing1/morphosat_research/instances/separation_v0.2/layer_b_heterogeneous_tseitin.n16.s2.u.cnf'
c found 'p cnf 180 652' header
c parsed 652 clauses in 0.00 seconds process time
c 
c --- [ options ] ------------------------------------------------------------
c 
c   --binary=false                 (different from default 'true')
c 
c --- [ solving ] ------------------------------------------------------------
c 
c time measured in process time since initialization
c 
c  seconds  reduction conflicts       size tier2     variables
c         MB    restarts   redundant    glue  trail      remaining
c          level     rate       size/glu tier1 irredundant
c 
c *  0.00  0  0 0   0  0    0    0 0.0 0 0 2 6  0%  531 142 79%
c )  0.00  0  0 0   0  0    0    0 0.0 0 0 2 6  0%  531 142 79%
c {  0.00  0  0 0   0  0    0    0 0.0 0 0 2 6  0%  531 142 79%
c i  0.00  0  1 0   0 11    1    0 0.0 1 0 2 6 31%  531 140 78%
c i  0.00  0  1 0   0 12    2    0 0.0 1 0 2 6 33%  531 138 77%
c i  0.00  0  1 0   0 14    3    0 0.0 1 0 2 6 38%  531 136 76%
c i  0.00  0 17 0   1  3   34   14 1.7 3 2 2 6 83%  521 133 74%
c i  0.00  0  9 0   5  2  165  105 1.8 4 2 2 6 83%  518 131 73%
c i  0.00  0  8 0   5  2  189  115 1.7 4 2 2 6 81%  518 125 69%
c i  0.00  0  8 0   5  2  197  119 1.7 4 2 2 6 81%  518 122 68%
c i  0.00  0  8 0   5  2  201  121 1.7 4 2 2 6 80%  518 104 58%
c i  0.00  0  8 0   5  2  203  121 1.8 4 2 2 6 80%  518  98 54%
c }  0.00  0  8 0   5  2  205  121 1.8 4 2 2 6 80%  518  48 27%
c 0  0.00  0  8 0   5  2  205  121 1.8 4 2 2 6 80%  518  48 27%
c 
c --- [ closing proof ] ------------------------------------------------------
c 
c DRAT proof file '/Users/djf/develop/CS/Turing/Turing1/morphosat_research/proofs/layer_b_heterogeneous_tseitin.n16.s2.u.cadical.default.drat' closed
c DRAT 376 added clauses 59.49%
c DRAT 256 deleted clauses 40.51%
c DRAT 9536 bytes (0.01 MB)
c 
c --- [ result ] -------------------------------------------------------------
c 
s UNSATISFIABLE
c 
c --- [ run-time profiling ] -------------------------------------------------
c 
c process time taken by individual solving procedures
c (percentage relative to process time for solving)
c 
c         0.00   95.43% search
c         0.00   89.34% unstable
c         0.00   31.02% parse
c         0.00    5.26% lucky
c         0.00    0.00% simplify
c   =================================
c         0.00   57.17% solve
c 
c last line shows process time for solving
c (percentage relative to total process time)
c 
c --- [ statistics ] ---------------------------------------------------------
c 
c chronological:                61        29.76 %  of conflicts
c conflicts:                   205    283933.52    per second
c decisions:                   331    458448.75    per second
c fixed:                       132        73.33 %  of all variables
c learned:                     164        80.00 %  per conflict
c learned_lits:                909       100.00 %  learned literals
c minimized:                     0         0.00 %  learned literals
c shrunken:                    257        28.27 %  learned literals
c minishrunken:                 22         2.42 %  learned literals
c otfs:                         50        24.39 %  of conflict
c propagations:               6644         9.20 M  per second
c restarts:                      5        41.00    interval
c subsumed:                     59         8.61 %  of all clauses
c strengthened:                 37         5.40 %  of all clauses
c ticks:                     30419         4.58    propagation
c 
c seconds are measured in process time for solving
c 
c --- [ glue usage ] ---------------------------------------------------------
c 
c focused glue 1 used 427 clauses 59.22% accumulated 59.22% tier1
c focused glue 2 used 220 clauses 30.51% accumulated 89.73% tier2
c 
c stable glue 2 used 0 clauses 0.000% accumulated 0.000% tier1
c stable glue 3 used 0 clauses 0.000% accumulated 0.000%
c stable glue 4 used 0 clauses 0.000% accumulated 0.000%
c stable glue 5 used 0 clauses 0.000% accumulated 0.000%
c stable glue 6 used 0 clauses 0.000% accumulated 0.000% tier2
c 
c 
c --- [ resources ] ----------------------------------------------------------
c 
c total process time since initialization:         0.00    seconds
c total real time since initialization:            0.00    seconds
c maximum resident set size of process:            2.55    MB
c 
c --- [ shutting down ] ------------------------------------------------------
c 
c exit 20

        0.00 real         0.00 user         0.00 sys
             2670592  maximum resident set size
                   0  average shared memory size
                   0  average unshared data size
                   0  average unshared stack size
                 327  page reclaims
                   1  page faults
                   0  swaps
                   0  block input operations
                   0  block output operations
                   0  messages sent
                   0  messages received
                   0  signals received
                   0  voluntary context switches
                   9  involuntary context switches
            27018463  instructions retired
            12204476  cycles elapsed
             1409312  peak memory footprint
