c ---- [ banner ] ------------------------------------------------------------
c
c Kissat SAT Solver
c 
c Copyright (c) 2021-2024 Armin Biere University of Freiburg
c Copyright (c) 2019-2021 Armin Biere Johannes Kepler University Linz
c 
c Version 4.0.4 unknown
c Apple clang version 21.0.0 (clang-2100.1.1.101) -W -Wall -O3 -DNDEBUG
c Sun Aug 30 17:38:25 CST 2026 Darwin djftekiMacBook-Pro.local 25.3.0 arm64
c
c ---- [ proving ] -----------------------------------------------------------
c
c opened and writing proof to DRAT file:
c
c   /Users/djf/develop/CS/Turing/Turing1/morphosat_research/proofs/layer_b_heterogeneous_tseitin.n16.s5.u.kissat.default.drat
c
c ---- [ parsing ] -----------------------------------------------------------
c
c opened and reading DIMACS file:
c
c   /Users/djf/develop/CS/Turing/Turing1/morphosat_research/instances/separation_v0.2/layer_b_heterogeneous_tseitin.n16.s5.u.cnf
c
c parsed 'p cnf 178 650' header
c closing input after reading 9572 bytes (9 KB)
c finished parsing after 0.00 seconds
c
c ---- [ solving ] -----------------------------------------------------------
c
c seconds switched rate     size/glue tier1 binary     remaining
c        MB reductions conflicts size  tier2  irredundant
c         level restarts redundant glue  trail     variables
c
c *  0.00  2 0 0 0  0 0   0   0 0.0 0 0 0 0 0%  83 425 137 77%
c lucky 4 units
c l  0.00  2 0 0 0  0 0   0   0 0.0 0 0 0 0 0%  83 425 133 75%
c (  0.00  2 0 0 0  0 0   0   0 0.0 0 0 0 0 0%  83 425 133 75%
c .  0.00  2 0 0 0  0 0   0   0 0.0 0 0 0 0 0%  97 320 133 75%
c c  0.00  2 0 0 0  0 0   0   0 0.0 0 0 0 0 0%  83 258 83 47%
c d  0.00  2 0 0 0  0 0   0   0 0.0 0 0 0 0 0%  11 252 80 45%
c d  0.00  2 0 0 0  0 0   0   0 0.0 0 0 0 0 0%   7 252 78 44%
c =  0.00  2 0 0 0  0 0   0   0 0.0 0 0 0 0 0%  63 176 52 29%
c d  0.00  2 0 0 0  0 0   0   0 0.0 0 0 0 0 0%   0 176 52 29%
c f  0.00  2 0 0 0  0 0   0   0 0.0 0 0 0 0 0%  10 156 57 32%
c )  0.00  2 0 0 0  0 0   0   0 0.0 0 0 0 0 0%  10 156 57 32%
c lucky 5 units
c l  0.00  2 0 0 0  0 0   0   0 0.0 0 0 0 0 0%  10 156 52 29%
c {  0.00  2 0 0 0  0 0   0   0 0.0 0 0 2 6 0%  10 156 52 29%
c i  0.00  2 6 0 0  0 1 150  95 1.9 5 3 2 4 78%  20 152 45 25%
c i  0.00  2 6 0 0  0 1 166  99 1.9 5 3 2 4 76%  24 152 44 25%
c i  0.00  2 6 0 0  0 1 173  98 1.9 5 3 2 4 75%  27 152 43 24%
c i  0.00  2 6 0 0  0 1 175  98 1.9 5 3 2 4 74%  28 152 40 22%
c }  0.00  2 6 0 0  0 1 177  98 1.9 5 3 2 4 74%  28 152 32 18%
c 0  0.00  2 6 0 0  0 1 177  98 1.9 5 3 2 4 74%  28 152 32 18%
c
c ---- [ result ] ------------------------------------------------------------
c
s UNSATISFIABLE
c
c ---- [ profiling ] ---------------------------------------------------------
c
c           0.00   50.91 %  preprocess
c           0.00   48.48 %  probe
c           0.00   29.00 %  sweep
c           0.00   18.81 %  search
c           0.00   18.69 %  focused
c           0.00    9.65 %  congruence
c           0.00    7.22 %  parse
c           0.00    4.92 %  factor
c           0.00    4.31 %  substitute
c           0.00    2.55 %  lucky
c           0.00    0.30 %  backbone
c           0.00    0.00 %  simplify
c =============================================
c           0.00  100.00 %  total
c
c ---- [ statistics ] --------------------------------------------------------
c
c conflicts:                              177            54277.83 per second
c congruent:                               34               19 %  variables
c decisions:                              203                1.15 per conflict
c factored:                                 5                3 %  variables
c iterations:                               5                3 %  variables
c propagations:                          2958           907084    per second
c substituted:                             60               34 %  variables
c switched:                                 0                0    interval
c
c ---- [ glue usage ] --------------------------------------------------------
c
c focused glue 2 used 177 clauses 44.47% accumulated 79.90% tier1
c focused glue 3 used  39 clauses  9.80% accumulated 89.70%
c focused glue 4 used  28 clauses  7.04% accumulated 96.73% tier2
c
c ---- [ resources ] ---------------------------------------------------------
c
c maximum-resident-set-size:       2281701376 bytes       2176 MB
c process-time:                                              0.00 seconds
c
c ---- [ shutting down ] -----------------------------------------------------
c
c exit 20

        0.00 real         0.00 user         0.00 sys
             2228224  maximum resident set size
                   0  average shared memory size
                   0  average unshared data size
                   0  average unshared stack size
                 299  page reclaims
                   1  page faults
                   0  swaps
                   0  block input operations
                   0  block output operations
                   0  messages sent
                   0  messages received
                   0  signals received
                   0  voluntary context switches
                   7  involuntary context switches
            26609292  instructions retired
            14273341  cycles elapsed
             1507616  peak memory footprint
