c --- [ banner ] -------------------------------------------------------------
c 
c CaDiCaL SAT Solver
c Copyright (c) 2016-2026
c A. Biere, M. Fleury, N. Froleyks, K. Fazekas, F. Pollitt, T. Faller
c JKU Linz, University of Freiburg, TU Wien
c 
c Version 3.0.1 6f2b1a38e26bb3cddb49c89c64d419c1d6a16ecb
c Apple clang version 21.0.0 (clang-2100.1.1.101) -Wall -Wextra -O3 -DNDEBUG -DNCLOSEFROM
c Sun Aug 30 17:38:15 CST 2026 Darwin djftekiMacBook-Pro.local 25.3.0 arm64
c 
c --- [ proof tracing ] ------------------------------------------------------
c 
c opening file to write '/Users/djf/develop/CS/Turing/Turing1/morphosat_research/proofs/layer_d_random_reordered_parity.n8.s6.u.cadical.bve_off.drat'
c writing non-binary proof trace to '/Users/djf/develop/CS/Turing/Turing1/morphosat_research/proofs/layer_d_random_reordered_parity.n8.s6.u.cadical.bve_off.drat'
c 
c --- [ parsing input ] ------------------------------------------------------
c 
c reading DIMACS file from '/Users/djf/develop/CS/Turing/Turing1/morphosat_research/instances/separation_v0.2/layer_d_random_reordered_parity.n8.s6.u.cnf'
c opening file to read '/Users/djf/develop/CS/Turing/Turing1/morphosat_research/instances/separation_v0.2/layer_d_random_reordered_parity.n8.s6.u.cnf'
c found 'p cnf 12 32' header
c parsed 32 clauses in 0.00 seconds process time
c 
c --- [ options ] ------------------------------------------------------------
c 
c   --binary=false                 (different from default 'true')
c   --elim=false                   (different from default 'true')
c 
c --- [ solving ] ------------------------------------------------------------
c 
c time measured in process time since initialization
c 
c  seconds  reduction conflicts       size tier2     variables
c         MB    restarts   redundant    glue  trail      remaining
c          level     rate       size/glu tier1 irredundant
c 
c *  0.00  0  0 0   0  0    0    0 0.0 0 0 2 6  0%   32  12 100%
c )  0.00  0  0 0   0  0    0    0 0.0 0 0 2 6  0%   32  12 100%
c {  0.00  0  0 0   0  0    0    0 0.0 0 0 2 6  0%   32  12 100%
c i  0.00  0  2 0   0  1   16    8 2.1 3 1 2 6 96%   32  11 92%
c i  0.00  0  2 0   0  1   22   10 2.0 3 1 2 6 92%   32   8 67%
c }  0.00  0  2 0   0  1   24   10 2.0 3 1 2 6 90%   32   5 42%
c 0  0.00  0  2 0   0  1   24   10 2.0 3 1 2 6 90%   32   5 42%
c 
c --- [ closing proof ] ------------------------------------------------------
c 
c DRAT proof file '/Users/djf/develop/CS/Turing/Turing1/morphosat_research/proofs/layer_d_random_reordered_parity.n8.s6.u.cadical.bve_off.drat' closed
c DRAT 28 added clauses 73.68%
c DRAT 10 deleted clauses 26.32%
c DRAT 402 bytes (0.00 MB)
c 
c --- [ result ] -------------------------------------------------------------
c 
s UNSATISFIABLE
c 
c --- [ run-time profiling ] -------------------------------------------------
c 
c process time taken by individual solving procedures
c (percentage relative to process time for solving)
c 
c         0.00   73.63% search
c         0.00   52.75% unstable
c         0.00   35.16% parse
c         0.00   10.99% lucky
c         0.00    0.00% simplify
c   =================================
c         0.00   25.49% solve
c 
c last line shows process time for solving
c (percentage relative to total process time)
c 
c --- [ statistics ] ---------------------------------------------------------
c 
c chronological:                 9        37.50 %  of conflicts
c conflicts:                    24    263736.26    per second
c decisions:                    27    296703.30    per second
c fixed:                         7        58.33 %  of all variables
c learned:                      15        62.50 %  per conflict
c learned_lits:                 46       100.00 %  learned literals
c minimized:                     0         0.00 %  learned literals
c shrunken:                      6        13.04 %  learned literals
c minishrunken:                  0         0.00 %  learned literals
c otfs:                          8        33.33 %  of conflict
c propagations:                 90         0.99 M  per second
c subsumed:                      2         4.55 %  of all clauses
c strengthened:                  8        18.18 %  of all clauses
c ticks:                       458         5.09    propagation
c 
c seconds are measured in process time for solving
c 
c --- [ glue usage ] ---------------------------------------------------------
c 
c focused glue 1 used 10 clauses 50.00% accumulated 50.00% tier1
c focused glue 2 used 8 clauses 40.00% accumulated 90.00% tier2
c 
c stable glue 2 used 0 clauses 0.000% accumulated 0.000% tier1
c stable glue 3 used 0 clauses 0.000% accumulated 0.000%
c stable glue 4 used 0 clauses 0.000% accumulated 0.000%
c stable glue 5 used 0 clauses 0.000% accumulated 0.000%
c stable glue 6 used 0 clauses 0.000% accumulated 0.000% tier2
c 
c 
c --- [ resources ] ----------------------------------------------------------
c 
c total process time since initialization:         0.00    seconds
c total real time since initialization:            0.00    seconds
c maximum resident set size of process:            2.25    MB
c 
c --- [ shutting down ] ------------------------------------------------------
c 
c exit 20

        0.00 real         0.00 user         0.00 sys
             2359296  maximum resident set size
                   0  average shared memory size
                   0  average unshared data size
                   0  average unshared stack size
                 308  page reclaims
                   1  page faults
                   0  swaps
                   0  block input operations
                   0  block output operations
                   0  messages sent
                   0  messages received
                   0  signals received
                   0  voluntary context switches
                   5  involuntary context switches
            18719309  instructions retired
             6932809  cycles elapsed
             1098016  peak memory footprint
