c --- [ banner ] -------------------------------------------------------------
c 
c CaDiCaL SAT Solver
c Copyright (c) 2016-2026
c A. Biere, M. Fleury, N. Froleyks, K. Fazekas, F. Pollitt, T. Faller
c JKU Linz, University of Freiburg, TU Wien
c 
c Version 3.0.1 6f2b1a38e26bb3cddb49c89c64d419c1d6a16ecb
c Apple clang version 21.0.0 (clang-2100.1.1.101) -Wall -Wextra -O3 -DNDEBUG -DNCLOSEFROM
c Sun Aug 30 17:38:15 CST 2026 Darwin djftekiMacBook-Pro.local 25.3.0 arm64
c 
c --- [ proof tracing ] ------------------------------------------------------
c 
c opening file to write '/Users/djf/develop/CS/Turing/Turing1/morphosat_research/proofs/layer_b_heterogeneous_tseitin.n8.s4.u.cadical.congruence_off.drat'
c writing non-binary proof trace to '/Users/djf/develop/CS/Turing/Turing1/morphosat_research/proofs/layer_b_heterogeneous_tseitin.n8.s4.u.cadical.congruence_off.drat'
c 
c --- [ parsing input ] ------------------------------------------------------
c 
c reading DIMACS file from '/Users/djf/develop/CS/Turing/Turing1/morphosat_research/instances/separation_v0.2/layer_b_heterogeneous_tseitin.n8.s4.u.cnf'
c opening file to read '/Users/djf/develop/CS/Turing/Turing1/morphosat_research/instances/separation_v0.2/layer_b_heterogeneous_tseitin.n8.s4.u.cnf'
c found 'p cnf 85 310' header
c parsed 310 clauses in 0.00 seconds process time
c 
c --- [ options ] ------------------------------------------------------------
c 
c   --binary=false                 (different from default 'true')
c   --congruence=false             (different from default 'true')
c 
c --- [ solving ] ------------------------------------------------------------
c 
c time measured in process time since initialization
c 
c  seconds  reduction conflicts       size tier2     variables
c         MB    restarts   redundant    glue  trail      remaining
c          level     rate       size/glu tier1 irredundant
c 
c *  0.00  0  0 0   0  0    0    0 0.0 0 0 2 6  0%  259  67 79%
c )  0.00  0  0 0   0  0    0    0 0.0 0 0 2 6  0%  259  67 79%
c {  0.00  0  0 0   0  0    0    0 0.0 0 0 2 6  0%  259  67 79%
c i  0.00  0  9 0   0  3    7    6 1.9 2 1 2 6 82%  259  64 75%
c i  0.00  0  5 0   0  1   52   27 1.8 3 2 2 6 83%  252  59 69%
c i  0.00  0  5 0   0  1   53   27 1.8 3 2 2 6 82%  252  55 65%
c i  0.00  0  4 0   0  1   72   40 1.8 3 2 2 6 85%  252  53 62%
c i  0.00  0  4 0   0  1   78   44 1.8 3 1 2 6 86%  252  51 60%
c }  0.00  0  4 0   0  1   81   45 1.9 3 1 2 6 86%  252  21 25%
c 0  0.00  0  4 0   0  1   81   45 1.9 3 1 2 6 86%  252  21 25%
c 
c --- [ closing proof ] ------------------------------------------------------
c 
c DRAT proof file '/Users/djf/develop/CS/Turing/Turing1/morphosat_research/proofs/layer_b_heterogeneous_tseitin.n8.s4.u.cadical.congruence_off.drat' closed
c DRAT 148 added clauses 60.66%
c DRAT 96 deleted clauses 39.34%
c DRAT 3003 bytes (0.00 MB)
c 
c --- [ result ] -------------------------------------------------------------
c 
s UNSATISFIABLE
c 
c --- [ run-time profiling ] -------------------------------------------------
c 
c process time taken by individual solving procedures
c (percentage relative to process time for solving)
c 
c         0.00   89.24% search
c         0.00   72.91% unstable
c         0.00   33.86% parse
c         0.00   12.75% lucky
c         0.00    0.00% simplify
c   =================================
c         0.00   47.09% solve
c 
c last line shows process time for solving
c (percentage relative to total process time)
c 
c --- [ statistics ] ---------------------------------------------------------
c 
c chronological:                22        27.16 %  of conflicts
c conflicts:                    81    322709.16    per second
c decisions:                    80    318725.10    per second
c fixed:                        64        75.29 %  of all variables
c learned:                      56        69.14 %  per conflict
c learned_lits:                195       100.00 %  learned literals
c minimized:                     0         0.00 %  learned literals
c shrunken:                     43        22.05 %  learned literals
c minishrunken:                  4         2.05 %  learned literals
c otfs:                         25        30.86 %  of conflict
c propagations:               1381         5.50 M  per second
c subsumed:                     19         6.15 %  of all clauses
c strengthened:                 18         5.83 %  of all clauses
c ticks:                      6294         4.56    propagation
c 
c seconds are measured in process time for solving
c 
c --- [ glue usage ] ---------------------------------------------------------
c 
c focused glue 1 used 73 clauses 58.87% accumulated 58.87% tier1
c focused glue 2 used 39 clauses 31.45% accumulated 90.32% tier2
c 
c stable glue 2 used 0 clauses 0.000% accumulated 0.000% tier1
c stable glue 3 used 0 clauses 0.000% accumulated 0.000%
c stable glue 4 used 0 clauses 0.000% accumulated 0.000%
c stable glue 5 used 0 clauses 0.000% accumulated 0.000%
c stable glue 6 used 0 clauses 0.000% accumulated 0.000% tier2
c 
c 
c --- [ resources ] ----------------------------------------------------------
c 
c total process time since initialization:         0.00    seconds
c total real time since initialization:            0.00    seconds
c maximum resident set size of process:            2.39    MB
c 
c --- [ shutting down ] ------------------------------------------------------
c 
c exit 20

        0.00 real         0.00 user         0.00 sys
             2506752  maximum resident set size
                   0  average shared memory size
                   0  average unshared data size
                   0  average unshared stack size
                 317  page reclaims
                   1  page faults
                   0  swaps
                   0  block input operations
                   0  block output operations
                   0  messages sent
                   0  messages received
                   0  signals received
                   0  voluntary context switches
                   8  involuntary context switches
            21260124  instructions retired
             7761070  cycles elapsed
             1245472  peak memory footprint
