c --- [ banner ] -------------------------------------------------------------
c 
c CaDiCaL SAT Solver
c Copyright (c) 2016-2026
c A. Biere, M. Fleury, N. Froleyks, K. Fazekas, F. Pollitt, T. Faller
c JKU Linz, University of Freiburg, TU Wien
c 
c Version 3.0.1 6f2b1a38e26bb3cddb49c89c64d419c1d6a16ecb
c Apple clang version 21.0.0 (clang-2100.1.1.101) -Wall -Wextra -O3 -DNDEBUG -DNCLOSEFROM
c Sun Aug 30 17:38:15 CST 2026 Darwin djftekiMacBook-Pro.local 25.3.0 arm64
c 
c --- [ proof tracing ] ------------------------------------------------------
c 
c opening file to write '/Users/djf/develop/CS/Turing/Turing1/morphosat_research/proofs/layer_c_heterogeneous_tseitin.n4.s6.s.cadical.factor_off.drat'
c writing non-binary proof trace to '/Users/djf/develop/CS/Turing/Turing1/morphosat_research/proofs/layer_c_heterogeneous_tseitin.n4.s6.s.cadical.factor_off.drat'
c 
c --- [ parsing input ] ------------------------------------------------------
c 
c reading DIMACS file from '/Users/djf/develop/CS/Turing/Turing1/morphosat_research/instances/separation_v0.2/layer_c_heterogeneous_tseitin.n4.s6.s.cnf'
c opening file to read '/Users/djf/develop/CS/Turing/Turing1/morphosat_research/instances/separation_v0.2/layer_c_heterogeneous_tseitin.n4.s6.s.cnf'
c found 'p cnf 297 390' header
c parsed 390 clauses in 0.00 seconds process time
c 
c --- [ options ] ------------------------------------------------------------
c 
c   --binary=false                 (different from default 'true')
c 
c --- [ solving ] ------------------------------------------------------------
c 
c time measured in process time since initialization
c 
c  seconds  reduction conflicts       size tier2     variables
c         MB    restarts   redundant    glue  trail      remaining
c          level     rate       size/glu tier1 irredundant
c 
c *  0.00  0  0 0   0  0    0    0 0.0 0 0 2 6  0%  190  31 10%
c l  0.00  0  0 0   0  0    0    0 0.0 1 0 2 6 90%  190  29 10%
c 1  0.00  0  0 0   0  0    0    0 0.0 1 0 2 6 90%  190  29 10%
c 
c --- [ closing proof ] ------------------------------------------------------
c 
c DRAT proof file '/Users/djf/develop/CS/Turing/Turing1/morphosat_research/proofs/layer_c_heterogeneous_tseitin.n4.s6.s.cadical.factor_off.drat' closed
c DRAT 175 added clauses 62.06%
c DRAT 107 deleted clauses 37.94%
c DRAT 3122 bytes (0.00 MB)
c 
c --- [ result ] -------------------------------------------------------------
c 
s SATISFIABLE
v 1 -2 -3 4 5 -6 -7 -8 -9 -10 11 12 13 14 -15 -16 -17 18 19 -20 -21 22 23 -24
v 25 -26 27 28 29 30 31 -32 33 34 35 -36 -37 38 39 -40 -41 42 43 44 -45 -46
v -47 48 49 50 -51 -52 53 -54 55 56 -57 -58 -59 -60 -61 -62 -63 64 65 66 -67
v -68 69 -70 -71 -72 -73 -74 75 76 -77 -78 79 -80 -81 82 83 -84 85 86 87 88
v -89 90 91 -92 93 -94 -95 96 97 -98 -99 100 -101 -102 -103 104 -105 106 107
v 108 -109 -110 -111 112 -113 -114 -115 -116 117 -118 119 -120 121 -122 123
v 124 125 -126 -127 -128 129 130 -131 -132 133 -134 -135 -136 137 -138 139
v -140 -141 142 -143 144 145 146 147 -148 149 150 -151 152 -153 154 -155 -156
v -157 158 159 160 -161 -162 163 164 -165 -166 -167 -168 -169 -170 171 172
v -173 174 175 -176 177 -178 179 -180 181 -182 183 184 185 -186 187 188 -189
v 190 191 -192 193 194 195 -196 -197 -198 -199 200 201 -202 -203 -204 205 -206
v -207 -208 -209 -210 211 -212 213 -214 -215 -216 217 -218 -219 220 -221 222
v 223 224 225 -226 -227 -228 -229 230 -231 232 233 -234 235 236 -237 238 239
v 240 241 242 243 244 -245 246 -247 -248 -249 -250 -251 252 -253 -254 255 -256
v -257 258 259 -260 261 262 -263 264 265 -266 -267 268 -269 -270 271 272 273
v 274 275 -276 277 278 279 280 281 -282 -283 284 285 -286 287 -288 -289 290
v 291 -292 293 -294 295 -296 -297 0
c 
c --- [ run-time profiling ] -------------------------------------------------
c 
c process time taken by individual solving procedures
c (percentage relative to process time for solving)
c 
c         0.00  244.30% parse
c         0.00   41.77% search
c         0.00   39.24% lucky
c         0.00    0.00% simplify
c   =================================
c         0.00   11.08% solve
c 
c last line shows process time for solving
c (percentage relative to total process time)
c 
c --- [ statistics ] ---------------------------------------------------------
c 
c fixed:                       268        90.24 %  of all variables
c lucky:                         1       100.00 %  of tried
c learned_lits:                  1       100.00 %  learned literals
c minimized:                     0         0.00 %  learned literals
c shrunken:                      0         0.00 %  learned literals
c minishrunken:                  0         0.00 %  learned literals
c propagations:                266         3.37 M  per second
c ticks:                       528         1.98    propagation
c 
c seconds are measured in process time for solving
c 
c --- [ glue usage ] ---------------------------------------------------------
c 
c focused glue 2 used 0 clauses 0.000% accumulated 0.000% tier1
c focused glue 3 used 0 clauses 0.000% accumulated 0.000%
c focused glue 4 used 0 clauses 0.000% accumulated 0.000%
c focused glue 5 used 0 clauses 0.000% accumulated 0.000%
c focused glue 6 used 0 clauses 0.000% accumulated 0.000% tier2
c 
c stable glue 2 used 0 clauses 0.000% accumulated 0.000% tier1
c stable glue 3 used 0 clauses 0.000% accumulated 0.000%
c stable glue 4 used 0 clauses 0.000% accumulated 0.000%
c stable glue 5 used 0 clauses 0.000% accumulated 0.000%
c stable glue 6 used 0 clauses 0.000% accumulated 0.000% tier2
c 
c 
c --- [ resources ] ----------------------------------------------------------
c 
c total process time since initialization:         0.00    seconds
c total real time since initialization:            0.00    seconds
c maximum resident set size of process:            2.42    MB
c 
c --- [ shutting down ] ------------------------------------------------------
c 
c exit 10

        0.00 real         0.00 user         0.00 sys
             2539520  maximum resident set size
                   0  average shared memory size
                   0  average unshared data size
                   0  average unshared stack size
                 319  page reclaims
                   1  page faults
                   0  swaps
                   0  block input operations
                   0  block output operations
                   0  messages sent
                   0  messages received
                   0  signals received
                   0  voluntary context switches
                  12  involuntary context switches
            19954173  instructions retired
             9417595  cycles elapsed
             1294624  peak memory footprint
