c ---- [ banner ] ------------------------------------------------------------
c
c Kissat SAT Solver
c 
c Copyright (c) 2021-2024 Armin Biere University of Freiburg
c Copyright (c) 2019-2021 Armin Biere Johannes Kepler University Linz
c 
c Version 4.0.4 unknown
c Apple clang version 21.0.0 (clang-2100.1.1.101) -W -Wall -O3 -DNDEBUG
c Sun Aug 30 17:38:25 CST 2026 Darwin djftekiMacBook-Pro.local 25.3.0 arm64
c
c ---- [ proving ] -----------------------------------------------------------
c
c opened and writing proof to DRAT file:
c
c   /Users/djf/develop/CS/Turing/Turing1/morphosat_research/proofs/layer_b_heterogeneous_tseitin.n16.s8.u.kissat.default.drat
c
c ---- [ parsing ] -----------------------------------------------------------
c
c opened and reading DIMACS file:
c
c   /Users/djf/develop/CS/Turing/Turing1/morphosat_research/instances/separation_v0.2/layer_b_heterogeneous_tseitin.n16.s8.u.cnf
c
c parsed 'p cnf 153 548' header
c closing input after reading 7689 bytes (8 KB)
c finished parsing after 0.00 seconds
c
c ---- [ solving ] -----------------------------------------------------------
c
c seconds switched rate     size/glue tier1 binary     remaining
c        MB reductions conflicts size  tier2  irredundant
c         level restarts redundant glue  trail     variables
c
c *  0.00  2 0 0 0  0 0   0   0 0.0 0 0 0 0 0%  67 398 128 84%
c (  0.00  2 0 0 0  0 0   0   0 0.0 0 0 0 0 0%  67 398 128 84%
c .  0.00  2 0 0 0  0 0   0   0 0.0 0 0 0 0 0%  77 340 128 84%
c c  0.00  2 0 0 0  0 0   0   0 0.0 0 0 0 0 0%  86 273 85 56%
c d  0.00  2 0 0 0  0 0   0   0 0.0 0 0 0 0 0%  14 263 84 55%
c d  0.00  2 0 0 0  0 0   0   0 0.0 0 0 0 0 0%  10 263 82 54%
c =  0.00  2 0 0 0  0 0   0   0 0.0 0 0 0 0 0%  72 200 58 38%
c d  0.00  2 0 0 0  0 0   0   0 0.0 0 0 0 0 0%   0 200 58 38%
c f  0.00  2 0 0 0  0 0   0   0 0.0 0 0 0 0 0%  10 183 63 41%
c )  0.00  2 0 0 0  0 0   0   0 0.0 0 0 0 0 0%  10 183 63 41%
c lucky 5 units
c l  0.00  2 0 0 0  0 0   0   0 0.0 0 0 0 0 0%  10 183 58 38%
c {  0.00  2 0 0 0  0 0   0   0 0.0 0 0 2 6 0%  10 183 58 38%
c i  0.00  2 6 0 0  0 1 138  56 1.7 5 3 3 4 70%  26 172 57 37%
c i  0.00  2 6 0 0  0 1 196  81 1.6 4 3 2 4 71%  35 170 56 37%
c i  0.00  2 6 0 0  0 1 211  83 1.6 4 3 2 4 70%  40 167 54 35%
c i  0.00  2 6 0 0  0 1 216  83 1.6 4 3 2 4 69%  42 167 51 33%
c i  0.00  2 6 0 0  0 1 218  83 1.6 4 3 2 4 69%  43 167 50 33%
c }  0.00  2 5 0 0  0 1 220  83 1.7 4 3 2 4 69%  43 167 40 26%
c 0  0.00  2 5 0 0  0 1 220  83 1.7 4 3 2 4 69%  43 167 40 26%
c
c ---- [ result ] ------------------------------------------------------------
c
s UNSATISFIABLE
c
c ---- [ profiling ] ---------------------------------------------------------
c
c           0.00   53.96 %  preprocess
c           0.00   51.97 %  probe
c           0.00   31.52 %  sweep
c           0.00   19.60 %  search
c           0.00   19.48 %  focused
c           0.00    8.95 %  congruence
c           0.00    6.47 %  parse
c           0.00    6.29 %  factor
c           0.00    4.48 %  substitute
c           0.00    2.36 %  lucky
c           0.00    0.30 %  backbone
c           0.00    0.00 %  simplify
c =============================================
c           0.00  100.00 %  total
c
c ---- [ statistics ] --------------------------------------------------------
c
c conflicts:                              220            72013.09 per second
c congruent:                               32               21 %  variables
c decisions:                              236                1.07 per conflict
c factored:                                 5                3 %  variables
c iterations:                               6                4 %  variables
c propagations:                          3600          1178396    per second
c substituted:                             57               37 %  variables
c switched:                                 0                0    interval
c
c ---- [ glue usage ] --------------------------------------------------------
c
c focused glue 2 used 125 clauses 38.70% accumulated 60.99% tier1
c focused glue 3 used  78 clauses 24.15% accumulated 85.14%
c focused glue 4 used  40 clauses 12.38% accumulated 97.52% tier2
c
c ---- [ resources ] ---------------------------------------------------------
c
c maximum-resident-set-size:       2231369728 bytes       2128 MB
c process-time:                                              0.00 seconds
c
c ---- [ shutting down ] -----------------------------------------------------
c
c exit 20

        0.00 real         0.00 user         0.00 sys
             2179072  maximum resident set size
                   0  average shared memory size
                   0  average unshared data size
                   0  average unshared stack size
                 296  page reclaims
                   1  page faults
                   0  swaps
                   0  block input operations
                   0  block output operations
                   0  messages sent
                   0  messages received
                   0  signals received
                   0  voluntary context switches
                   4  involuntary context switches
            26909977  instructions retired
            13372984  cycles elapsed
             1458464  peak memory footprint
