c --- [ banner ] -------------------------------------------------------------
c 
c CaDiCaL SAT Solver
c Copyright (c) 2016-2026
c A. Biere, M. Fleury, N. Froleyks, K. Fazekas, F. Pollitt, T. Faller
c JKU Linz, University of Freiburg, TU Wien
c 
c Version 3.0.1 6f2b1a38e26bb3cddb49c89c64d419c1d6a16ecb
c Apple clang version 21.0.0 (clang-2100.1.1.101) -Wall -Wextra -O3 -DNDEBUG -DNCLOSEFROM
c Sun Aug 30 17:38:15 CST 2026 Darwin djftekiMacBook-Pro.local 25.3.0 arm64
c 
c --- [ proof tracing ] ------------------------------------------------------
c 
c opening file to write '/Users/djf/develop/CS/Turing/Turing1/morphosat_research/proofs/layer_c_heterogeneous_tseitin.n4.s4.s.cadical.congruence_on.drat'
c writing non-binary proof trace to '/Users/djf/develop/CS/Turing/Turing1/morphosat_research/proofs/layer_c_heterogeneous_tseitin.n4.s4.s.cadical.congruence_on.drat'
c 
c --- [ parsing input ] ------------------------------------------------------
c 
c reading DIMACS file from '/Users/djf/develop/CS/Turing/Turing1/morphosat_research/instances/separation_v0.2/layer_c_heterogeneous_tseitin.n4.s4.s.cnf'
c opening file to read '/Users/djf/develop/CS/Turing/Turing1/morphosat_research/instances/separation_v0.2/layer_c_heterogeneous_tseitin.n4.s4.s.cnf'
c found 'p cnf 341 450' header
c parsed 450 clauses in 0.00 seconds process time
c 
c --- [ options ] ------------------------------------------------------------
c 
c   --binary=false                 (different from default 'true')
c 
c --- [ solving ] ------------------------------------------------------------
c 
c time measured in process time since initialization
c 
c  seconds  reduction conflicts       size tier2     variables
c         MB    restarts   redundant    glue  trail      remaining
c          level     rate       size/glu tier1 irredundant
c 
c *  0.00  0  0 0   0  0    0    0 0.0 0 0 2 6  0%  206  32  9%
c l  0.00  0  0 0   0  0    0    0 0.0 0 0 2 6  0%  206  32  9%
c 1  0.00  0  0 0   0  0    0    0 0.0 0 0 2 6  0%  206  32  9%
c 
c --- [ closing proof ] ------------------------------------------------------
c 
c DRAT proof file '/Users/djf/develop/CS/Turing/Turing1/morphosat_research/proofs/layer_c_heterogeneous_tseitin.n4.s4.s.cadical.congruence_on.drat' closed
c DRAT 206 added clauses 59.37%
c DRAT 141 deleted clauses 40.63%
c DRAT 4073 bytes (0.00 MB)
c 
c --- [ result ] -------------------------------------------------------------
c 
s SATISFIABLE
v -1 -2 3 4 -5 6 7 -8 -9 -10 -11 -12 -13 -14 15 -16 17 18 -19 -20 -21 22 23
v -24 25 -26 -27 -28 29 -30 31 -32 33 -34 -35 36 -37 38 -39 40 41 -42 -43 -44
v 45 46 -47 -48 -49 50 -51 52 -53 -54 55 56 -57 -58 -59 -60 61 62 63 64 65 66
v 67 -68 -69 -70 -71 -72 73 74 75 76 77 78 79 -80 81 -82 -83 -84 85 -86 87 -88
v 89 90 -91 -92 93 94 95 96 -97 -98 -99 100 101 -102 -103 104 -105 -106 -107
v -108 109 110 -111 -112 113 114 -115 116 117 118 -119 120 121 -122 123 -124
v -125 126 127 128 129 130 131 132 133 134 135 -136 137 -138 139 140 141 142
v -143 -144 -145 -146 -147 148 149 150 -151 -152 -153 -154 -155 156 -157 -158
v -159 160 161 162 163 -164 165 -166 167 -168 169 -170 -171 172 -173 174 -175
v 176 -177 -178 -179 180 -181 -182 -183 184 -185 186 187 188 -189 -190 -191
v 192 -193 194 195 -196 197 -198 199 -200 -201 202 203 -204 -205 -206 -207 208
v -209 210 -211 -212 213 -214 215 -216 217 -218 -219 -220 221 222 -223 -224
v 225 226 227 -228 229 -230 -231 -232 -233 234 235 236 -237 238 -239 -240 241
v -242 243 -244 245 246 247 248 -249 250 -251 -252 -253 -254 255 -256 -257 258
v -259 -260 261 262 -263 264 265 266 267 268 269 270 -271 272 -273 -274 275
v 276 -277 -278 -279 280 -281 282 283 284 -285 286 -287 -288 289 290 291 292
v 293 -294 295 296 297 -298 -299 300 301 302 -303 304 305 -306 307 308 309
v -310 311 -312 313 314 -315 -316 -317 318 319 -320 -321 322 323 -324 325 326
v 327 -328 329 330 331 -332 333 334 -335 336 337 -338 -339 340 -341 0
c 
c --- [ run-time profiling ] -------------------------------------------------
c 
c process time taken by individual solving procedures
c (percentage relative to process time for solving)
c 
c         0.00  323.08% parse
c         0.00   41.03% lucky
c         0.00   41.03% search
c         0.00    0.00% simplify
c   =================================
c         0.00    9.11% solve
c 
c last line shows process time for solving
c (percentage relative to total process time)
c 
c --- [ statistics ] ---------------------------------------------------------
c 
c fixed:                       309        90.62 %  of all variables
c lucky:                         1       100.00 %  of tried
c minimized:                     0         0.00 %  learned literals
c shrunken:                      0         0.00 %  learned literals
c minishrunken:                  0         0.00 %  learned literals
c propagations:                309         7.92 M  per second
c ticks:                       634         2.05    propagation
c 
c seconds are measured in process time for solving
c 
c --- [ glue usage ] ---------------------------------------------------------
c 
c focused glue 2 used 0 clauses 0.000% accumulated 0.000% tier1
c focused glue 3 used 0 clauses 0.000% accumulated 0.000%
c focused glue 4 used 0 clauses 0.000% accumulated 0.000%
c focused glue 5 used 0 clauses 0.000% accumulated 0.000%
c focused glue 6 used 0 clauses 0.000% accumulated 0.000% tier2
c 
c stable glue 2 used 0 clauses 0.000% accumulated 0.000% tier1
c stable glue 3 used 0 clauses 0.000% accumulated 0.000%
c stable glue 4 used 0 clauses 0.000% accumulated 0.000%
c stable glue 5 used 0 clauses 0.000% accumulated 0.000%
c stable glue 6 used 0 clauses 0.000% accumulated 0.000% tier2
c 
c 
c --- [ resources ] ----------------------------------------------------------
c 
c total process time since initialization:         0.00    seconds
c total real time since initialization:            0.00    seconds
c maximum resident set size of process:            2.42    MB
c 
c --- [ shutting down ] ------------------------------------------------------
c 
c exit 10

        0.00 real         0.00 user         0.00 sys
             2539520  maximum resident set size
                   0  average shared memory size
                   0  average unshared data size
                   0  average unshared stack size
                 319  page reclaims
                   1  page faults
                   0  swaps
                   0  block input operations
                   0  block output operations
                   0  messages sent
                   0  messages received
                   0  signals received
                   0  voluntary context switches
                   6  involuntary context switches
            20102687  instructions retired
             7729641  cycles elapsed
             1311008  peak memory footprint
