c ---- [ banner ] ------------------------------------------------------------
c
c Kissat SAT Solver
c 
c Copyright (c) 2021-2024 Armin Biere University of Freiburg
c Copyright (c) 2019-2021 Armin Biere Johannes Kepler University Linz
c 
c Version 4.0.4 unknown
c Apple clang version 21.0.0 (clang-2100.1.1.101) -W -Wall -O3 -DNDEBUG
c Sun Aug 30 17:38:25 CST 2026 Darwin djftekiMacBook-Pro.local 25.3.0 arm64
c
c ---- [ proving ] -----------------------------------------------------------
c
c opened and writing proof to DRAT file:
c
c   /Users/djf/develop/CS/Turing/Turing1/morphosat_research/proofs/layer_b_heterogeneous_tseitin.n8.s8.u.kissat.default.drat
c
c ---- [ parsing ] -----------------------------------------------------------
c
c opened and reading DIMACS file:
c
c   /Users/djf/develop/CS/Turing/Turing1/morphosat_research/instances/separation_v0.2/layer_b_heterogeneous_tseitin.n8.s8.u.cnf
c
c parsed 'p cnf 71 250' header
c closing input after reading 3213 bytes (3 KB)
c finished parsing after 0.00 seconds
c
c ---- [ solving ] -----------------------------------------------------------
c
c seconds switched rate     size/glue tier1 binary    remaining
c        MB reductions conflicts size  tier2  irredundant
c         level restarts redundant glue  trail    variables
c
c *  0.00  2 0 0 0  0 0   0   0 0.0 0 0 0 0 0%  26 194 60 85%
c (  0.00  2 0 0 0  0 0   0   0 0.0 0 0 0 0 0%  26 194 60 85%
c .  0.00  2 0 0 0  0 0   0   0 0.0 0 0 0 0 0%  34 168 60 85%
c c  0.00  2 0 0 0  0 0   0   0 0.0 0 0 0 0 0%  37 129 41 58%
c d  0.00  2 0 0 0  0 0   0   0 0.0 0 0 0 0 0%   9 123 41 58%
c =  0.00  2 0 0 0  0 0   0   0 0.0 0 0 0 0 0%  51 80 24 34%
c d  0.00  2 0 0 0  0 0   0   0 0.0 0 0 0 0 0%   0 80 24 34%
c f  0.00  2 0 0 0  0 0   0   0 0.0 0 0 0 0 0%   2 76 25 35%
c )  0.00  2 0 0 0  0 0   0   0 0.0 0 0 0 0 0%   2 76 25 35%
c lucky 1 units
c l  0.00  2 0 0 0  0 0   0   0 0.0 0 0 0 0 0%   2 76 24 34%
c {  0.00  2 0 0 0  0 0   0   0 0.0 0 0 2 6 0%   2 76 24 34%
c i  0.00  2 4 0 0  0 1  39  19 1.9 4 2 2 3 92%  11 68 18 25%
c i  0.00  2 4 0 0  0 1  42  17 1.9 4 2 2 3 92%  12 68 16 23%
c i  0.00  2 4 0 0  0 1  43  17 1.9 4 2 2 3 89%  12 68 14 20%
c i  0.00  2 3 0 0  0 1  45  17 2.0 4 2 2 3 90%  13 68  9 13%
c }  0.00  2 3 0 0  0 1  47  17 2.0 3 2 2 3 90%  13 68  1 1%
c 0  0.00  2 3 0 0  0 1  47  17 2.0 3 2 2 3 90%  13 68  1 1%
c
c ---- [ result ] ------------------------------------------------------------
c
s UNSATISFIABLE
c
c ---- [ profiling ] ---------------------------------------------------------
c
c           0.00   51.35 %  preprocess
c           0.00   48.89 %  probe
c           0.00   28.14 %  sweep
c           0.00    9.61 %  congruence
c           0.00    8.79 %  search
c           0.00    8.56 %  focused
c           0.00    5.74 %  parse
c           0.00    5.39 %  factor
c           0.00    4.57 %  substitute
c           0.00    3.05 %  lucky
c           0.00    0.47 %  backbone
c           0.00    0.00 %  simplify
c =============================================
c           0.00  100.00 %  total
c
c ---- [ statistics ] --------------------------------------------------------
c
c conflicts:                               47            23785.43 per second
c congruent:                               13               18 %  variables
c decisions:                               39                0.83 per conflict
c factored:                                 1                1 %  variables
c iterations:                               5                7 %  variables
c propagations:                           787           398279    per second
c substituted:                             28               39 %  variables
c switched:                                 0                0    interval
c
c ---- [ glue usage ] --------------------------------------------------------
c
c focused glue 2 used 16 clauses 42.11% accumulated 57.89% tier1
c focused glue 3 used 15 clauses 39.47% accumulated 97.37% tier2
c
c ---- [ resources ] ---------------------------------------------------------
c
c maximum-resident-set-size:       2164260864 bytes       2064 MB
c process-time:                                              0.00 seconds
c
c ---- [ shutting down ] -----------------------------------------------------
c
c exit 20

        0.00 real         0.00 user         0.00 sys
             2113536  maximum resident set size
                   0  average shared memory size
                   0  average unshared data size
                   0  average unshared stack size
                 292  page reclaims
                   1  page faults
                   0  swaps
                   0  block input operations
                   0  block output operations
                   0  messages sent
                   0  messages received
                   0  signals received
                   0  voluntary context switches
                   5  involuntary context switches
            20162602  instructions retired
             8503123  cycles elapsed
             1392928  peak memory footprint
