c --- [ banner ] -------------------------------------------------------------
c 
c CaDiCaL SAT Solver
c Copyright (c) 2016-2026
c A. Biere, M. Fleury, N. Froleyks, K. Fazekas, F. Pollitt, T. Faller
c JKU Linz, University of Freiburg, TU Wien
c 
c Version 3.0.1 6f2b1a38e26bb3cddb49c89c64d419c1d6a16ecb
c Apple clang version 21.0.0 (clang-2100.1.1.101) -Wall -Wextra -O3 -DNDEBUG -DNCLOSEFROM
c Sun Aug 30 17:38:15 CST 2026 Darwin djftekiMacBook-Pro.local 25.3.0 arm64
c 
c --- [ proof tracing ] ------------------------------------------------------
c 
c opening file to write '/Users/djf/develop/CS/Turing/Turing1/morphosat_research/proofs/layer_c_heterogeneous_tseitin.n4.s2.u.cadical.congruence_on.drat'
c writing non-binary proof trace to '/Users/djf/develop/CS/Turing/Turing1/morphosat_research/proofs/layer_c_heterogeneous_tseitin.n4.s2.u.cadical.congruence_on.drat'
c 
c --- [ parsing input ] ------------------------------------------------------
c 
c reading DIMACS file from '/Users/djf/develop/CS/Turing/Turing1/morphosat_research/instances/separation_v0.2/layer_c_heterogeneous_tseitin.n4.s2.u.cnf'
c opening file to read '/Users/djf/develop/CS/Turing/Turing1/morphosat_research/instances/separation_v0.2/layer_c_heterogeneous_tseitin.n4.s2.u.cnf'
c found 'p cnf 305 402' header
c parsed 402 clauses in 0.00 seconds process time
c 
c --- [ options ] ------------------------------------------------------------
c 
c   --binary=false                 (different from default 'true')
c 
c --- [ solving ] ------------------------------------------------------------
c 
c time measured in process time since initialization
c 
c  seconds  reduction conflicts       size tier2     variables
c         MB    restarts   redundant    glue  trail      remaining
c          level     rate       size/glu tier1 irredundant
c 
c *  0.00  0  0 0   0  0    0    0 0.0 0 0 2 6  0%  195  31 10%
c )  0.00  0  0 0   0  0    0    0 0.0 0 0 2 6  0%  195  31 10%
c {  0.00  0  0 0   0  0    0    0 0.0 0 0 2 6  0%  195  31 10%
c i  0.00  0  1 0   0  2    1    0 0.0 1 0 2 6 91%  195  29 10%
c i  0.00  0  2 0   1  1   16    5 2.0 2 1 2 6 99%  191  26  9%
c }  0.00  0  2 0   1  1   24    7 2.1 2 1 2 6 99%  191   0  0%
c 0  0.00  0  2 0   1  1   24    7 2.1 2 1 2 6 99%  191   0  0%
c 
c --- [ closing proof ] ------------------------------------------------------
c 
c DRAT proof file '/Users/djf/develop/CS/Turing/Turing1/morphosat_research/proofs/layer_c_heterogeneous_tseitin.n4.s2.u.cadical.congruence_on.drat' closed
c DRAT 229 added clauses 64.33%
c DRAT 127 deleted clauses 35.67%
c DRAT 4007 bytes (0.00 MB)
c 
c --- [ result ] -------------------------------------------------------------
c 
s UNSATISFIABLE
c 
c --- [ run-time profiling ] -------------------------------------------------
c 
c process time taken by individual solving procedures
c (percentage relative to process time for solving)
c 
c         0.00   94.87% parse
c         0.00   75.21% search
c         0.00   46.15% unstable
c         0.00   19.66% lucky
c         0.00    0.00% simplify
c   =================================
c         0.00   24.17% solve
c 
c last line shows process time for solving
c (percentage relative to total process time)
c 
c --- [ statistics ] ---------------------------------------------------------
c 
c chronological:                 3        12.50 %  of conflicts
c conflicts:                    24    205128.21    per second
c decisions:                    21    179487.18    per second
c fixed:                       305       100.00 %  of all variables
c learned:                      11        45.83 %  per conflict
c learned_lits:                 27       100.00 %  learned literals
c minimized:                     0         0.00 %  learned literals
c shrunken:                      6        22.22 %  learned literals
c minishrunken:                  0         0.00 %  learned literals
c otfs:                         14        58.33 %  of conflict
c propagations:                527         4.50 M  per second
c restarts:                      1        24.00    interval
c subsumed:                      9         4.43 %  of all clauses
c strengthened:                 10         4.93 %  of all clauses
c ticks:                      1736         3.29    propagation
c 
c seconds are measured in process time for solving
c 
c --- [ glue usage ] ---------------------------------------------------------
c 
c focused glue 1 used 8 clauses 88.88% accumulated 88.88% tier1
c focused glue 2 used 1 clauses 11.11% accumulated 100.0% tier2
c 
c stable glue 2 used 0 clauses 0.000% accumulated 0.000% tier1
c stable glue 3 used 0 clauses 0.000% accumulated 0.000%
c stable glue 4 used 0 clauses 0.000% accumulated 0.000%
c stable glue 5 used 0 clauses 0.000% accumulated 0.000%
c stable glue 6 used 0 clauses 0.000% accumulated 0.000% tier2
c 
c 
c --- [ resources ] ----------------------------------------------------------
c 
c total process time since initialization:         0.00    seconds
c total real time since initialization:            0.00    seconds
c maximum resident set size of process:            2.38    MB
c 
c --- [ shutting down ] ------------------------------------------------------
c 
c exit 20

        0.00 real         0.00 user         0.00 sys
             2490368  maximum resident set size
                   0  average shared memory size
                   0  average unshared data size
                   0  average unshared stack size
                 316  page reclaims
                   1  page faults
                   0  swaps
                   0  block input operations
                   0  block output operations
                   0  messages sent
                   0  messages received
                   0  signals received
                   0  voluntary context switches
                   6  involuntary context switches
            20175743  instructions retired
             7778054  cycles elapsed
             1229088  peak memory footprint
