c ---- [ banner ] ------------------------------------------------------------
c
c Kissat SAT Solver
c 
c Copyright (c) 2021-2024 Armin Biere University of Freiburg
c Copyright (c) 2019-2021 Armin Biere Johannes Kepler University Linz
c 
c Version 4.0.4 unknown
c Apple clang version 21.0.0 (clang-2100.1.1.101) -W -Wall -O3 -DNDEBUG
c Sun Aug 30 17:38:25 CST 2026 Darwin djftekiMacBook-Pro.local 25.3.0 arm64
c
c ---- [ proving ] -----------------------------------------------------------
c
c opened and writing proof to DRAT file:
c
c   /Users/djf/develop/CS/Turing/Turing1/morphosat_research/proofs/layer_c_heterogeneous_tseitin.n8.s0.u.kissat.default.drat
c
c ---- [ parsing ] -----------------------------------------------------------
c
c opened and reading DIMACS file:
c
c   /Users/djf/develop/CS/Turing/Turing1/morphosat_research/instances/separation_v0.2/layer_c_heterogeneous_tseitin.n8.s0.u.cnf
c
c parsed 'p cnf 566 744' header
c closing input after reading 9173 bytes (9 KB)
c finished parsing after 0.00 seconds
c
c ---- [ solving ] -----------------------------------------------------------
c
c seconds switched rate     size/glue tier1 binary    remaining
c        MB reductions conflicts size  tier2  irredundant
c         level restarts redundant glue  trail    variables
c
c *  0.00  2 0 0 0  0 0   0   0 0.0 0 0 0 0 0% 123 218 58 10%
c (  0.00  2 0 0 0  0 0   0   0 0.0 0 0 0 0 0% 123 218 58 10%
c .  0.00  2 0 0 0  0 0   0   0 0.0 0 0 0 0 0%  31 160 58 10%
c c  0.00  2 0 0 0  0 0   0   0 0.0 0 0 0 0 0%  38 134 43 8%
c d  0.00  2 0 0 0  0 0   0   0 0.0 0 0 0 0 0%   6 128 41 7%
c =  0.00  2 0 0 0  0 0   0   0 0.0 0 0 0 0 0%  46 84 25 4%
c d  0.00  2 0 0 0  0 0   0   0 0.0 0 0 0 0 0%   0 84 25 4%
c f  0.00  2 0 0 0  0 0   0   0 0.0 0 0 0 0 0%   8 71 29 5%
c )  0.00  2 0 0 0  0 0   0   0 0.0 0 0 0 0 0%   8 71 29 5%
c lucky 4 units
c l  0.00  2 0 0 0  0 0   0   0 0.0 0 0 0 0 0%   8 71 25 4%
c {  0.00  2 0 0 0  0 0   0   0 0.0 0 0 2 6 0%   8 71 25 4%
c i  0.00  2 4 0 0  0 1  27  13 1.8 4 2 2 3 82%  11 69 18 3%
c i  0.00  2 4 0 0  0 1  31  14 1.9 4 2 2 3 85%  13 69 17 3%
c }  0.00  2 4 0 0  0 1  37  15 1.9 4 2 2 3 86%  15 68  0 0%
c 0  0.00  2 4 0 0  0 1  37  15 1.9 4 2 2 3 86%  15 68  0 0%
c
c ---- [ result ] ------------------------------------------------------------
c
s UNSATISFIABLE
c
c ---- [ profiling ] ---------------------------------------------------------
c
c           0.00   44.93 %  preprocess
c           0.00   40.26 %  probe
c           0.00   23.14 %  sweep
c           0.00   11.71 %  parse
c           0.00    7.98 %  congruence
c           0.00    6.09 %  search
c           0.00    5.95 %  focused
c           0.00    4.33 %  substitute
c           0.00    3.99 %  factor
c           0.00    3.59 %  lucky
c           0.00    0.27 %  backbone
c           0.00    0.00 %  simplify
c =============================================
c           0.00  100.00 %  total
c
c ---- [ statistics ] --------------------------------------------------------
c
c conflicts:                               37            10286.35 per second
c congruent:                               13                2 %  variables
c decisions:                               32                0.86 per conflict
c factored:                                 4                1 %  variables
c iterations:                               3                1 %  variables
c propagations:                          1266           351960    per second
c substituted:                             29                5 %  variables
c switched:                                 0                0    interval
c
c ---- [ glue usage ] --------------------------------------------------------
c
c focused glue 2 used 18 clauses 62.07% accumulated 72.41% tier1
c focused glue 3 used  7 clauses 24.14% accumulated 96.55% tier2
c
c ---- [ resources ] ---------------------------------------------------------
c
c maximum-resident-set-size:       2298478592 bytes       2192 MB
c process-time:                                              0.00 seconds
c
c ---- [ shutting down ] -----------------------------------------------------
c
c exit 20

        0.00 real         0.00 user         0.00 sys
             2244608  maximum resident set size
                   0  average shared memory size
                   0  average unshared data size
                   0  average unshared stack size
                 302  page reclaims
                   1  page faults
                   0  swaps
                   0  block input operations
                   0  block output operations
                   0  messages sent
                   0  messages received
                   0  signals received
                   0  voluntary context switches
                   5  involuntary context switches
            21322813  instructions retired
            11603951  cycles elapsed
             1524000  peak memory footprint
