c --- [ banner ] -------------------------------------------------------------
c 
c CaDiCaL SAT Solver
c Copyright (c) 2016-2026
c A. Biere, M. Fleury, N. Froleyks, K. Fazekas, F. Pollitt, T. Faller
c JKU Linz, University of Freiburg, TU Wien
c 
c Version 3.0.1 6f2b1a38e26bb3cddb49c89c64d419c1d6a16ecb
c Apple clang version 21.0.0 (clang-2100.1.1.101) -Wall -Wextra -O3 -DNDEBUG -DNCLOSEFROM
c Sun Aug 30 17:38:15 CST 2026 Darwin djftekiMacBook-Pro.local 25.3.0 arm64
c 
c --- [ proof tracing ] ------------------------------------------------------
c 
c opening file to write '/Users/djf/develop/CS/Turing/Turing1/morphosat_research/proofs/layer_c_heterogeneous_tseitin.n8.s0.u.cadical.elimdef_on.drat'
c writing non-binary proof trace to '/Users/djf/develop/CS/Turing/Turing1/morphosat_research/proofs/layer_c_heterogeneous_tseitin.n8.s0.u.cadical.elimdef_on.drat'
c 
c --- [ parsing input ] ------------------------------------------------------
c 
c reading DIMACS file from '/Users/djf/develop/CS/Turing/Turing1/morphosat_research/instances/separation_v0.2/layer_c_heterogeneous_tseitin.n8.s0.u.cnf'
c opening file to read '/Users/djf/develop/CS/Turing/Turing1/morphosat_research/instances/separation_v0.2/layer_c_heterogeneous_tseitin.n8.s0.u.cnf'
c found 'p cnf 566 744' header
c parsed 744 clauses in 0.00 seconds process time
c 
c --- [ options ] ------------------------------------------------------------
c 
c   --binary=false                 (different from default 'true')
c   --elimdef=true                 (different from default 'false')
c 
c --- [ solving ] ------------------------------------------------------------
c 
c time measured in process time since initialization
c 
c  seconds  reduction conflicts       size tier2     variables
c         MB    restarts   redundant    glue  trail      remaining
c          level     rate       size/glu tier1 irredundant
c 
c *  0.00  0  0 0   0  0    0    0 0.0 0 0 2 6  0%  341  58 10%
c )  0.00  0  0 0   0  0    0    0 0.0 0 0 2 6  0%  341  58 10%
c {  0.00  0  0 0   0  0    0    0 0.0 0 0 2 6  0%  341  58 10%
c i  0.00  0  1 0   0  2    1    0 0.0 1 0 2 6 90%  341  56 10%
c i  0.00  0  4 0   1  1   57   28 1.7 3 2 2 6 98%  332  55 10%
c i  0.00  0  4 0   1  1   70   37 1.7 3 2 2 6 98%  332  46  8%
c i  0.00  0  4 0   1  1   77   41 1.7 3 2 2 6 98%  332  35  6%
c }  0.00  0  4 0   1  1   79   41 1.7 3 2 2 6 98%  332  13  2%
c 0  0.00  0  4 0   1  1   79   41 1.7 3 2 2 6 98%  332  13  2%
c 
c --- [ closing proof ] ------------------------------------------------------
c 
c DRAT proof file '/Users/djf/develop/CS/Turing/Turing1/morphosat_research/proofs/layer_c_heterogeneous_tseitin.n8.s0.u.cadical.elimdef_on.drat' closed
c DRAT 436 added clauses 63.28%
c DRAT 253 deleted clauses 36.72%
c DRAT 8067 bytes (0.01 MB)
c 
c --- [ result ] -------------------------------------------------------------
c 
s UNSATISFIABLE
c 
c --- [ run-time profiling ] -------------------------------------------------
c 
c process time taken by individual solving procedures
c (percentage relative to process time for solving)
c 
c         0.00   88.06% search
c         0.00   77.45% parse
c         0.00   68.97% unstable
c         0.00   15.12% lucky
c         0.00    0.00% simplify
c   =================================
c         0.00   36.35% solve
c 
c last line shows process time for solving
c (percentage relative to total process time)
c 
c --- [ statistics ] ---------------------------------------------------------
c 
c chronological:                17        21.52 %  of conflicts
c conflicts:                    79    209549.07    per second
c decisions:                    81    214854.11    per second
c fixed:                       553        97.70 %  of all variables
c learned:                      53        67.09 %  per conflict
c learned_lits:                180       100.00 %  learned literals
c minimized:                     0         0.00 %  learned literals
c shrunken:                     32        17.78 %  learned literals
c minishrunken:                  2         1.11 %  learned literals
c otfs:                         33        41.77 %  of conflict
c propagations:               1656         4.39 M  per second
c restarts:                      1        79.00    interval
c subsumed:                     25         6.43 %  of all clauses
c strengthened:                 24         6.17 %  of all clauses
c ticks:                      6448         3.89    propagation
c 
c seconds are measured in process time for solving
c 
c --- [ glue usage ] ---------------------------------------------------------
c 
c focused glue 1 used 86 clauses 66.66% accumulated 66.66% tier1
c focused glue 2 used 33 clauses 25.58% accumulated 92.24% tier2
c 
c stable glue 2 used 0 clauses 0.000% accumulated 0.000% tier1
c stable glue 3 used 0 clauses 0.000% accumulated 0.000%
c stable glue 4 used 0 clauses 0.000% accumulated 0.000%
c stable glue 5 used 0 clauses 0.000% accumulated 0.000%
c stable glue 6 used 0 clauses 0.000% accumulated 0.000% tier2
c 
c 
c --- [ resources ] ----------------------------------------------------------
c 
c total process time since initialization:         0.00    seconds
c total real time since initialization:            0.00    seconds
c maximum resident set size of process:            2.53    MB
c 
c --- [ shutting down ] ------------------------------------------------------
c 
c exit 20

        0.00 real         0.00 user         0.00 sys
             2654208  maximum resident set size
                   0  average shared memory size
                   0  average unshared data size
                   0  average unshared stack size
                 326  page reclaims
                   1  page faults
                   0  swaps
                   0  block input operations
                   0  block output operations
                   0  messages sent
                   0  messages received
                   0  signals received
                   2  voluntary context switches
                  10  involuntary context switches
            22689275  instructions retired
             9960666  cycles elapsed
             1392928  peak memory footprint
