c --- [ banner ] -------------------------------------------------------------
c 
c CaDiCaL SAT Solver
c Copyright (c) 2016-2026
c A. Biere, M. Fleury, N. Froleyks, K. Fazekas, F. Pollitt, T. Faller
c JKU Linz, University of Freiburg, TU Wien
c 
c Version 3.0.1 6f2b1a38e26bb3cddb49c89c64d419c1d6a16ecb
c Apple clang version 21.0.0 (clang-2100.1.1.101) -Wall -Wextra -O3 -DNDEBUG -DNCLOSEFROM
c Sun Aug 30 17:38:15 CST 2026 Darwin djftekiMacBook-Pro.local 25.3.0 arm64
c 
c --- [ proof tracing ] ------------------------------------------------------
c 
c opening file to write '/Users/djf/develop/CS/Turing/Turing1/morphosat_research/proofs/layer_b_heterogeneous_tseitin.n4.s5.u.cadical.factor_on.drat'
c writing non-binary proof trace to '/Users/djf/develop/CS/Turing/Turing1/morphosat_research/proofs/layer_b_heterogeneous_tseitin.n4.s5.u.cadical.factor_on.drat'
c 
c --- [ parsing input ] ------------------------------------------------------
c 
c reading DIMACS file from '/Users/djf/develop/CS/Turing/Turing1/morphosat_research/instances/separation_v0.2/layer_b_heterogeneous_tseitin.n4.s5.u.cnf'
c opening file to read '/Users/djf/develop/CS/Turing/Turing1/morphosat_research/instances/separation_v0.2/layer_b_heterogeneous_tseitin.n4.s5.u.cnf'
c found 'p cnf 48 172' header
c parsed 172 clauses in 0.00 seconds process time
c 
c --- [ options ] ------------------------------------------------------------
c 
c   --binary=false                 (different from default 'true')
c   --factor=true                  (different from default 'false')
c 
c --- [ solving ] ------------------------------------------------------------
c 
c time measured in process time since initialization
c 
c  seconds  reduction conflicts       size tier2     variables
c         MB    restarts   redundant    glue  trail      remaining
c          level     rate       size/glu tier1 irredundant
c 
c *  0.00  0  0 0   0  0    0    0 0.0 0 0 2 6  0%  128  37 77%
c )  0.00  0  0 0   0  0    0    0 0.0 0 0 2 6  0%  128  37 77%
c {  0.00  0  0 0   0  0    0    0 0.0 0 0 2 6  0%  128  37 77%
c i  0.00  0  3 0   0  1   24   13 1.9 2 1 2 6 90%  125  35 73%
c i  0.00  0  3 0   0  1   27   15 1.9 2 1 2 6 91%  125  25 52%
c }  0.00  0  3 0   0  1   29   15 2.0 2 1 2 6 91%  125   1  2%
c 0  0.00  0  3 0   0  1   29   15 2.0 2 1 2 6 91%  125   1  2%
c 
c --- [ closing proof ] ------------------------------------------------------
c 
c DRAT proof file '/Users/djf/develop/CS/Turing/Turing1/morphosat_research/proofs/layer_b_heterogeneous_tseitin.n4.s5.u.cadical.factor_on.drat' closed
c DRAT 82 added clauses 55.41%
c DRAT 66 deleted clauses 44.59%
c DRAT 1753 bytes (0.00 MB)
c 
c --- [ result ] -------------------------------------------------------------
c 
s UNSATISFIABLE
c 
c --- [ run-time profiling ] -------------------------------------------------
c 
c process time taken by individual solving procedures
c (percentage relative to process time for solving)
c 
c         0.00   76.96% search
c         0.00   52.53% parse
c         0.00   51.61% unstable
c         0.00   17.97% lucky
c         0.00    0.00% simplify
c   =================================
c         0.00   29.36% solve
c 
c last line shows process time for solving
c (percentage relative to total process time)
c 
c --- [ statistics ] ---------------------------------------------------------
c 
c chronological:                 9        31.03 %  of conflicts
c conflicts:                    29    133640.55    per second
c decisions:                    28    129032.26    per second
c fixed:                        47        97.92 %  of all variables
c learned:                      18        62.07 %  per conflict
c learned_lits:                 55       100.00 %  learned literals
c minimized:                     0         0.00 %  learned literals
c shrunken:                     15        27.27 %  learned literals
c minishrunken:                  1         1.82 %  learned literals
c otfs:                         11        37.93 %  of conflict
c propagations:                428         1.97 M  per second
c subsumed:                      6         4.20 %  of all clauses
c strengthened:                  8         5.59 %  of all clauses
c ticks:                      1812         4.23    propagation
c 
c seconds are measured in process time for solving
c 
c --- [ glue usage ] ---------------------------------------------------------
c 
c focused glue 1 used 22 clauses 84.61% accumulated 84.61% tier1
c focused glue 2 used 4 clauses 15.38% accumulated 100.0% tier2
c 
c stable glue 2 used 0 clauses 0.000% accumulated 0.000% tier1
c stable glue 3 used 0 clauses 0.000% accumulated 0.000%
c stable glue 4 used 0 clauses 0.000% accumulated 0.000%
c stable glue 5 used 0 clauses 0.000% accumulated 0.000%
c stable glue 6 used 0 clauses 0.000% accumulated 0.000% tier2
c 
c 
c --- [ resources ] ----------------------------------------------------------
c 
c total process time since initialization:         0.00    seconds
c total real time since initialization:            0.00    seconds
c maximum resident set size of process:            2.31    MB
c 
c --- [ shutting down ] ------------------------------------------------------
c 
c exit 20

        0.00 real         0.00 user         0.00 sys
             2424832  maximum resident set size
                   0  average shared memory size
                   0  average unshared data size
                   0  average unshared stack size
                 312  page reclaims
                   1  page faults
                   0  swaps
                   0  block input operations
                   0  block output operations
                   0  messages sent
                   0  messages received
                   0  signals received
                   1  voluntary context switches
                   9  involuntary context switches
            19616250  instructions retired
             8380464  cycles elapsed
             1163552  peak memory footprint
