c --- [ banner ] -------------------------------------------------------------
c 
c CaDiCaL SAT Solver
c Copyright (c) 2016-2026
c A. Biere, M. Fleury, N. Froleyks, K. Fazekas, F. Pollitt, T. Faller
c JKU Linz, University of Freiburg, TU Wien
c 
c Version 3.0.1 6f2b1a38e26bb3cddb49c89c64d419c1d6a16ecb
c Apple clang version 21.0.0 (clang-2100.1.1.101) -Wall -Wextra -O3 -DNDEBUG -DNCLOSEFROM
c Sun Aug 30 17:38:15 CST 2026 Darwin djftekiMacBook-Pro.local 25.3.0 arm64
c 
c --- [ proof tracing ] ------------------------------------------------------
c 
c opening file to write '/Users/djf/develop/CS/Turing/Turing1/morphosat_research/proofs/layer_d_random_reordered_parity.n8.s8.u.cadical.bve_off.drat'
c writing non-binary proof trace to '/Users/djf/develop/CS/Turing/Turing1/morphosat_research/proofs/layer_d_random_reordered_parity.n8.s8.u.cadical.bve_off.drat'
c 
c --- [ parsing input ] ------------------------------------------------------
c 
c reading DIMACS file from '/Users/djf/develop/CS/Turing/Turing1/morphosat_research/instances/separation_v0.2/layer_d_random_reordered_parity.n8.s8.u.cnf'
c opening file to read '/Users/djf/develop/CS/Turing/Turing1/morphosat_research/instances/separation_v0.2/layer_d_random_reordered_parity.n8.s8.u.cnf'
c found 'p cnf 12 32' header
c parsed 32 clauses in 0.00 seconds process time
c 
c --- [ options ] ------------------------------------------------------------
c 
c   --binary=false                 (different from default 'true')
c   --elim=false                   (different from default 'true')
c 
c --- [ solving ] ------------------------------------------------------------
c 
c time measured in process time since initialization
c 
c  seconds  reduction conflicts       size tier2     variables
c         MB    restarts   redundant    glue  trail      remaining
c          level     rate       size/glu tier1 irredundant
c 
c *  0.00  0  0 0   0  0    0    0 0.0 0 0 2 6  0%   32  12 100%
c )  0.00  0  0 0   0  0    0    0 0.0 0 0 2 6  0%   32  12 100%
c {  0.00  0  0 0   0  0    0    0 0.0 0 0 2 6  0%   32  12 100%
c i  0.00  0  2 0   0  1   26   13 2.6 4 1 2 6 100%   32  11 92%
c i  0.00  0  2 0   0  1   31   14 2.3 3 1 2 6 98%   32  10 83%
c }  0.00  0  2 0   0  1   33   14 2.4 3 1 2 6 93%   32   6 50%
c 0  0.00  0  2 0   0  1   33   14 2.4 3 1 2 6 93%   32   6 50%
c 
c --- [ closing proof ] ------------------------------------------------------
c 
c DRAT proof file '/Users/djf/develop/CS/Turing/Turing1/morphosat_research/proofs/layer_d_random_reordered_parity.n8.s8.u.cadical.bve_off.drat' closed
c DRAT 36 added clauses 70.59%
c DRAT 15 deleted clauses 29.41%
c DRAT 583 bytes (0.00 MB)
c 
c --- [ result ] -------------------------------------------------------------
c 
s UNSATISFIABLE
c 
c --- [ run-time profiling ] -------------------------------------------------
c 
c process time taken by individual solving procedures
c (percentage relative to process time for solving)
c 
c         0.00   75.26% search
c         0.00   56.70% unstable
c         0.00   28.87% parse
c         0.00    9.28% lucky
c         0.00    0.00% simplify
c   =================================
c         0.00   28.12% solve
c 
c last line shows process time for solving
c (percentage relative to total process time)
c 
c --- [ statistics ] ---------------------------------------------------------
c 
c conflicts:                    33    340206.19    per second
c decisions:                    22    226804.12    per second
c fixed:                         6        50.00 %  of all variables
c learned:                      21        63.64 %  per conflict
c learned_lits:                 84       100.00 %  learned literals
c minimized:                     0         0.00 %  learned literals
c shrunken:                     15        17.86 %  learned literals
c minishrunken:                  0         0.00 %  learned literals
c otfs:                         11        33.33 %  of conflict
c propagations:                113         1.16 M  per second
c subsumed:                      4         8.00 %  of all clauses
c strengthened:                 11        22.00 %  of all clauses
c ticks:                       634         5.61    propagation
c 
c seconds are measured in process time for solving
c 
c --- [ glue usage ] ---------------------------------------------------------
c 
c focused glue 2 used 15 clauses 51.72% accumulated 96.55% tier1
c focused glue 3 used 1 clauses 3.448% accumulated 100.0% tier2
c 
c stable glue 2 used 0 clauses 0.000% accumulated 0.000% tier1
c stable glue 3 used 0 clauses 0.000% accumulated 0.000%
c stable glue 4 used 0 clauses 0.000% accumulated 0.000%
c stable glue 5 used 0 clauses 0.000% accumulated 0.000%
c stable glue 6 used 0 clauses 0.000% accumulated 0.000% tier2
c 
c 
c --- [ resources ] ----------------------------------------------------------
c 
c total process time since initialization:         0.00    seconds
c total real time since initialization:            0.00    seconds
c maximum resident set size of process:            2.27    MB
c 
c --- [ shutting down ] ------------------------------------------------------
c 
c exit 20

        0.00 real         0.00 user         0.00 sys
             2375680  maximum resident set size
                   0  average shared memory size
                   0  average unshared data size
                   0  average unshared stack size
                 309  page reclaims
                   1  page faults
                   0  swaps
                   0  block input operations
                   0  block output operations
                   0  messages sent
                   0  messages received
                   0  signals received
                   0  voluntary context switches
                   5  involuntary context switches
            18760303  instructions retired
             6989228  cycles elapsed
             1114400  peak memory footprint
