c --- [ banner ] -------------------------------------------------------------
c 
c CaDiCaL SAT Solver
c Copyright (c) 2016-2026
c A. Biere, M. Fleury, N. Froleyks, K. Fazekas, F. Pollitt, T. Faller
c JKU Linz, University of Freiburg, TU Wien
c 
c Version 3.0.1 6f2b1a38e26bb3cddb49c89c64d419c1d6a16ecb
c Apple clang version 21.0.0 (clang-2100.1.1.101) -Wall -Wextra -O3 -DNDEBUG -DNCLOSEFROM
c Sun Aug 30 17:38:15 CST 2026 Darwin djftekiMacBook-Pro.local 25.3.0 arm64
c 
c --- [ proof tracing ] ------------------------------------------------------
c 
c opening file to write '/Users/djf/develop/CS/Turing/Turing1/morphosat_research/proofs/layer_c_heterogeneous_tseitin.n8.s5.u.cadical.elimdef_on.drat'
c writing non-binary proof trace to '/Users/djf/develop/CS/Turing/Turing1/morphosat_research/proofs/layer_c_heterogeneous_tseitin.n8.s5.u.cadical.elimdef_on.drat'
c 
c --- [ parsing input ] ------------------------------------------------------
c 
c reading DIMACS file from '/Users/djf/develop/CS/Turing/Turing1/morphosat_research/instances/separation_v0.2/layer_c_heterogeneous_tseitin.n8.s5.u.cnf'
c opening file to read '/Users/djf/develop/CS/Turing/Turing1/morphosat_research/instances/separation_v0.2/layer_c_heterogeneous_tseitin.n8.s5.u.cnf'
c found 'p cnf 675 888' header
c parsed 888 clauses in 0.00 seconds process time
c 
c --- [ options ] ------------------------------------------------------------
c 
c   --binary=false                 (different from default 'true')
c   --elimdef=true                 (different from default 'false')
c 
c --- [ solving ] ------------------------------------------------------------
c 
c time measured in process time since initialization
c 
c  seconds  reduction conflicts       size tier2     variables
c         MB    restarts   redundant    glue  trail      remaining
c          level     rate       size/glu tier1 irredundant
c 
c *  0.00  0  0 0   0  0    0    0 0.0 0 0 2 6  0%  419  67 10%
c )  0.00  0  0 0   0  0    0    0 0.0 0 0 2 6  0%  419  67 10%
c {  0.00  0  0 0   0  0    0    0 0.0 0 0 2 6  0%  419  67 10%
c i  0.00  0  1 0   0  4    1    0 0.0 1 0 2 6 92%  419  65 10%
c i  0.00  0  4 0   0  3    4    1 4.0 1 0 2 6 93%  419  63  9%
c i  0.00  0  4 0   0  1   49   25 2.2 3 1 2 6 98%  411  60  9%
c i  0.00  0  3 0   0  1   63   33 2.1 3 1 2 6 98%  411  59  9%
c i  0.00  0  3 0   0  1   64   33 2.1 3 1 2 6 98%  411  54  8%
c i  0.00  0  3 0   0  1   70   37 2.1 3 1 2 6 98%  411  48  7%
c }  0.00  0  3 0   0  1   74   38 2.1 3 1 2 6 98%  411  22  3%
c 0  0.00  0  3 0   0  1   74   38 2.1 3 1 2 6 98%  411  22  3%
c 
c --- [ closing proof ] ------------------------------------------------------
c 
c DRAT proof file '/Users/djf/develop/CS/Turing/Turing1/morphosat_research/proofs/layer_c_heterogeneous_tseitin.n8.s5.u.cadical.elimdef_on.drat' closed
c DRAT 508 added clauses 63.42%
c DRAT 293 deleted clauses 36.58%
c DRAT 9639 bytes (0.01 MB)
c 
c --- [ result ] -------------------------------------------------------------
c 
s UNSATISFIABLE
c 
c --- [ run-time profiling ] -------------------------------------------------
c 
c process time taken by individual solving procedures
c (percentage relative to process time for solving)
c 
c         0.00   88.49% search
c         0.00   78.57% parse
c         0.00   74.21% unstable
c         0.00   11.90% lucky
c         0.00    0.00% simplify
c   =================================
c         0.00   37.95% solve
c 
c last line shows process time for solving
c (percentage relative to total process time)
c 
c --- [ statistics ] ---------------------------------------------------------
c 
c chronological:                15        20.27 %  of conflicts
c conflicts:                    74    293650.79    per second
c decisions:                    75    297619.05    per second
c fixed:                       653        96.74 %  of all variables
c learned:                      51        68.92 %  per conflict
c learned_lits:                186       100.00 %  learned literals
c minimized:                     0         0.00 %  learned literals
c shrunken:                     44        23.66 %  learned literals
c minishrunken:                  1         0.54 %  learned literals
c otfs:                         30        40.54 %  of conflict
c propagations:               2053         8.15 M  per second
c subsumed:                     22         4.75 %  of all clauses
c strengthened:                 22         4.75 %  of all clauses
c ticks:                      7985         3.89    propagation
c 
c seconds are measured in process time for solving
c 
c --- [ glue usage ] ---------------------------------------------------------
c 
c focused glue 1 used 94 clauses 75.20% accumulated 75.20% tier1
c focused glue 2 used 30 clauses 24.00% accumulated 99.20% tier2
c 
c stable glue 2 used 0 clauses 0.000% accumulated 0.000% tier1
c stable glue 3 used 0 clauses 0.000% accumulated 0.000%
c stable glue 4 used 0 clauses 0.000% accumulated 0.000%
c stable glue 5 used 0 clauses 0.000% accumulated 0.000%
c stable glue 6 used 0 clauses 0.000% accumulated 0.000% tier2
c 
c 
c --- [ resources ] ----------------------------------------------------------
c 
c total process time since initialization:         0.00    seconds
c total real time since initialization:            0.00    seconds
c maximum resident set size of process:            2.56    MB
c 
c --- [ shutting down ] ------------------------------------------------------
c 
c exit 20

        0.00 real         0.00 user         0.00 sys
             2686976  maximum resident set size
                   0  average shared memory size
                   0  average unshared data size
                   0  average unshared stack size
                 328  page reclaims
                   1  page faults
                   0  swaps
                   0  block input operations
                   0  block output operations
                   0  messages sent
                   0  messages received
                   0  signals received
                   0  voluntary context switches
                   5  involuntary context switches
            23517433  instructions retired
             8504766  cycles elapsed
             1425696  peak memory footprint
