c --- [ banner ] -------------------------------------------------------------
c 
c CaDiCaL SAT Solver
c Copyright (c) 2016-2026
c A. Biere, M. Fleury, N. Froleyks, K. Fazekas, F. Pollitt, T. Faller
c JKU Linz, University of Freiburg, TU Wien
c 
c Version 3.0.1 6f2b1a38e26bb3cddb49c89c64d419c1d6a16ecb
c Apple clang version 21.0.0 (clang-2100.1.1.101) -Wall -Wextra -O3 -DNDEBUG -DNCLOSEFROM
c Sun Aug 30 17:38:15 CST 2026 Darwin djftekiMacBook-Pro.local 25.3.0 arm64
c 
c --- [ proof tracing ] ------------------------------------------------------
c 
c opening file to write '/Users/djf/develop/CS/Turing/Turing1/morphosat_research/proofs/layer_a_v01_regression.n8.s2.u.cadical.elimdef_on.drat'
c writing non-binary proof trace to '/Users/djf/develop/CS/Turing/Turing1/morphosat_research/proofs/layer_a_v01_regression.n8.s2.u.cadical.elimdef_on.drat'
c 
c --- [ parsing input ] ------------------------------------------------------
c 
c reading DIMACS file from '/Users/djf/develop/CS/Turing/Turing1/morphosat_research/instances/separation_v0.2/layer_a_v01_regression.n8.s2.u.cnf'
c opening file to read '/Users/djf/develop/CS/Turing/Turing1/morphosat_research/instances/separation_v0.2/layer_a_v01_regression.n8.s2.u.cnf'
c found 'p cnf 76 184' header
c parsed 184 clauses in 0.00 seconds process time
c 
c --- [ options ] ------------------------------------------------------------
c 
c   --binary=false                 (different from default 'true')
c   --elimdef=true                 (different from default 'false')
c 
c --- [ solving ] ------------------------------------------------------------
c 
c time measured in process time since initialization
c 
c  seconds  reduction conflicts       size tier2     variables
c         MB    restarts   redundant    glue  trail      remaining
c          level     rate       size/glu tier1 irredundant
c 
c *  0.00  0  0 0   0  0    0    0 0.0 0 0 2 6  0%  155  59 78%
c )  0.00  0  0 0   0  0    0    0 0.0 0 0 2 6  0%  155  59 78%
c {  0.00  0  0 0   0  0    0    0 0.0 0 0 2 6  0%  155  59 78%
c i  0.00  0  2 0   0  1   15    8 1.7 3 2 2 6 100%  155  50 66%
c i  0.00  0  2 0   0  1   23   13 1.8 3 2 2 6 100%  155  47 62%
c i  0.00  0  2 0   0  1   27   15 1.9 3 2 2 6 100%  155  38 50%
c i  0.00  0  2 0   0  1   29   16 1.9 3 1 2 6 100%  155  29 38%
c }  0.00  0  2 0   0  1   31   16 1.9 3 1 2 6 100%  155   0  0%
c 0  0.00  0  2 0   0  1   31   16 1.9 3 1 2 6 100%  155   0  0%
c 
c --- [ closing proof ] ------------------------------------------------------
c 
c DRAT proof file '/Users/djf/develop/CS/Turing/Turing1/morphosat_research/proofs/layer_a_v01_regression.n8.s2.u.cadical.elimdef_on.drat' closed
c DRAT 98 added clauses 74.24%
c DRAT 34 deleted clauses 25.76%
c DRAT 1137 bytes (0.00 MB)
c 
c --- [ result ] -------------------------------------------------------------
c 
s UNSATISFIABLE
c 
c --- [ run-time profiling ] -------------------------------------------------
c 
c process time taken by individual solving procedures
c (percentage relative to process time for solving)
c 
c         0.00   85.47% search
c         0.00   66.09% unstable
c         0.00   33.56% parse
c         0.00   14.88% lucky
c         0.00    0.00% simplify
c   =================================
c         0.00   39.70% solve
c 
c last line shows process time for solving
c (percentage relative to total process time)
c 
c --- [ statistics ] ---------------------------------------------------------
c 
c chronological:                 3         9.68 %  of conflicts
c conflicts:                    31    107266.44    per second
c decisions:                    32    110726.64    per second
c fixed:                        76       100.00 %  of all variables
c learned:                      30        96.77 %  per conflict
c learned_lits:                121       100.00 %  learned literals
c minimized:                     0         0.00 %  learned literals
c shrunken:                     40        33.06 %  learned literals
c minishrunken:                  0         0.00 %  learned literals
c otfs:                          0         0.00 %  of conflict
c propagations:                992         3.43 M  per second
c subsumed:                      9         5.00 %  of all clauses
c ticks:                      4056         4.09    propagation
c 
c seconds are measured in process time for solving
c 
c --- [ glue usage ] ---------------------------------------------------------
c 
c focused glue 1 used 17 clauses 51.51% accumulated 51.51% tier1
c focused glue 2 used 12 clauses 36.36% accumulated 87.87% tier2
c 
c stable glue 2 used 0 clauses 0.000% accumulated 0.000% tier1
c stable glue 3 used 0 clauses 0.000% accumulated 0.000%
c stable glue 4 used 0 clauses 0.000% accumulated 0.000%
c stable glue 5 used 0 clauses 0.000% accumulated 0.000%
c stable glue 6 used 0 clauses 0.000% accumulated 0.000% tier2
c 
c 
c --- [ resources ] ----------------------------------------------------------
c 
c total process time since initialization:         0.00    seconds
c total real time since initialization:            0.00    seconds
c maximum resident set size of process:            2.31    MB
c 
c --- [ shutting down ] ------------------------------------------------------
c 
c exit 20

        0.00 real         0.00 user         0.00 sys
             2424832  maximum resident set size
                   0  average shared memory size
                   0  average unshared data size
                   0  average unshared stack size
                 312  page reclaims
                   1  page faults
                   0  swaps
                   0  block input operations
                   0  block output operations
                   0  messages sent
                   0  messages received
                   0  signals received
                   2  voluntary context switches
                   9  involuntary context switches
            20457759  instructions retired
             9060013  cycles elapsed
             1163552  peak memory footprint
