c ---- [ banner ] ------------------------------------------------------------
c
c Kissat SAT Solver
c 
c Copyright (c) 2021-2024 Armin Biere University of Freiburg
c Copyright (c) 2019-2021 Armin Biere Johannes Kepler University Linz
c 
c Version 4.0.4 unknown
c Apple clang version 21.0.0 (clang-2100.1.1.101) -W -Wall -O3 -DNDEBUG
c Sun Aug 30 17:38:25 CST 2026 Darwin djftekiMacBook-Pro.local 25.3.0 arm64
c
c ---- [ proving ] -----------------------------------------------------------
c
c opened and writing proof to DRAT file:
c
c   /Users/djf/develop/CS/Turing/Turing1/morphosat_research/proofs/layer_a_v01_regression.n8.s6.u.kissat.default.drat
c
c ---- [ parsing ] -----------------------------------------------------------
c
c opened and reading DIMACS file:
c
c   /Users/djf/develop/CS/Turing/Turing1/morphosat_research/instances/separation_v0.2/layer_a_v01_regression.n8.s6.u.cnf
c
c parsed 'p cnf 76 184' header
c closing input after reading 1817 bytes (2 KB)
c finished parsing after 0.00 seconds
c
c ---- [ solving ] -----------------------------------------------------------
c
c seconds switched rate     size/glue tier1 binary   remaining
c        MB reductions conflicts size  tier2 irredundant
c         level restarts redundant glue  trail   variables
c
c *  0.00  2 0 0 0  0 0   0   0 0.0 0 0 0 0 0% 114 45 59 78%
c (  0.00  2 0 0 0  0 0   0   0 0.0 0 0 0 0 0% 114 45 59 78%
c .  0.00  2 0 0 0  0 0   0   0 0.0 0 0 0 0 0% 105 34 59 78%
c c  0.00  2 0 0 0  0 0   0   0 0.0 0 0 0 0 0% 105 34 43 57%
c d  0.00  2 0 0 0  0 0   0   0 0.0 0 0 0 0 0%  48 24 28 37%
c )  0.00  2 0 0 0  0 0   0   0 0.0 0 0 0 0 0%  48 24 28 37%
c {  0.00  2 0 0 0  0 0   0   0 0.0 0 0 2 6 0%  48 24 28 37%
c i  0.00  2 2 0 0  0 1   8   4 2.7 3 1 2 6 100%  51 24 27 36%
c i  0.00  2 3 0 0  0 1  17   7 2.3 3 1 1 2 94%  55 24 24 32%
c i  0.00  2 3 0 0  0 1  18   7 2.3 2 1 1 2 92%  55 24 15 20%
c }  0.00  2 2 0 0  0 1  20   7 2.4 2 1 1 2 88%  55 24 10 13%
c 0  0.00  2 2 0 0  0 1  20   7 2.4 2 1 1 2 88%  55 24 10 13%
c
c ---- [ result ] ------------------------------------------------------------
c
s UNSATISFIABLE
c
c ---- [ profiling ] ---------------------------------------------------------
c
c           0.00   41.39 %  preprocess
c           0.00   38.23 %  probe
c           0.00   22.59 %  sweep
c           0.00    8.06 %  congruence
c           0.00    6.64 %  search
c           0.00    6.32 %  focused
c           0.00    5.85 %  parse
c           0.00    3.63 %  substitute
c           0.00    2.69 %  lucky
c           0.00    2.37 %  factor
c           0.00    0.63 %  backbone
c           0.00    0.00 %  simplify
c =============================================
c           0.00  100.00 %  total
c
c ---- [ statistics ] --------------------------------------------------------
c
c conflicts:                               20            11560.69 per second
c congruent:                               16               21 %  variables
c decisions:                               19                0.95 per conflict
c iterations:                               4                5 %  variables
c propagations:                           801           463006    per second
c substituted:                             31               41 %  variables
c switched:                                 0                0    interval
c
c ---- [ glue usage ] --------------------------------------------------------
c
c focused glue 1 used 4 clauses 44.44% accumulated 44.44% tier1
c focused glue 2 used 5 clauses 55.56% accumulated 100.00% tier2
c
c ---- [ resources ] ---------------------------------------------------------
c
c maximum-resident-set-size:       2080374784 bytes       1984 MB
c process-time:                                              0.00 seconds
c
c ---- [ shutting down ] -----------------------------------------------------
c
c exit 20

        0.00 real         0.00 user         0.00 sys
             2031616  maximum resident set size
                   0  average shared memory size
                   0  average unshared data size
                   0  average unshared stack size
                 287  page reclaims
                   1  page faults
                   0  swaps
                   0  block input operations
                   0  block output operations
                   0  messages sent
                   0  messages received
                   0  signals received
                   0  voluntary context switches
                   5  involuntary context switches
            17827953  instructions retired
             7482017  cycles elapsed
             1311008  peak memory footprint
