c ---- [ banner ] ------------------------------------------------------------
c
c Kissat SAT Solver
c 
c Copyright (c) 2021-2024 Armin Biere University of Freiburg
c Copyright (c) 2019-2021 Armin Biere Johannes Kepler University Linz
c 
c Version 4.0.4 unknown
c Apple clang version 21.0.0 (clang-2100.1.1.101) -W -Wall -O3 -DNDEBUG
c Sun Aug 30 17:38:25 CST 2026 Darwin djftekiMacBook-Pro.local 25.3.0 arm64
c
c ---- [ proving ] -----------------------------------------------------------
c
c opened and writing proof to DRAT file:
c
c   /Users/djf/develop/CS/Turing/Turing1/morphosat_research/proofs/layer_b_heterogeneous_tseitin.n8.s1.u.kissat.default.drat
c
c ---- [ parsing ] -----------------------------------------------------------
c
c opened and reading DIMACS file:
c
c   /Users/djf/develop/CS/Turing/Turing1/morphosat_research/instances/separation_v0.2/layer_b_heterogeneous_tseitin.n8.s1.u.cnf
c
c parsed 'p cnf 92 344' header
c closing input after reading 4657 bytes (5 KB)
c finished parsing after 0.00 seconds
c
c ---- [ solving ] -----------------------------------------------------------
c
c seconds switched rate     size/glue tier1 binary    remaining
c        MB reductions conflicts size  tier2  irredundant
c         level restarts redundant glue  trail    variables
c
c *  0.00  2 0 0 0  0 0   0   0 0.0 0 0 0 0 0%  41 224 69 75%
c (  0.00  2 0 0 0  0 0   0   0 0.0 0 0 0 0 0%  41 224 69 75%
c .  0.00  2 0 0 0  0 0   0   0 0.0 0 0 0 0 0%  52 164 69 75%
c c  0.00  2 0 0 0  0 0   0   0 0.0 0 0 0 0 0%  46 131 42 46%
c d  0.00  2 0 0 0  0 0   0   0 0.0 0 0 0 0 0%  10 119 40 43%
c d  0.00  2 0 0 0  0 0   0   0 0.0 0 0 0 0 0%   4 119 37 40%
c =  0.00  2 0 0 0  0 0   0   0 0.0 0 0 0 0 0%  27 100 29 32%
c d  0.00  2 0 0 0  0 0   0   0 0.0 0 0 0 0 0%   0 100 29 32%
c f  0.00  2 0 0 0  0 0   0   0 0.0 0 0 0 0 0%   6 89 32 35%
c )  0.00  2 0 0 0  0 0   0   0 0.0 0 0 0 0 0%   6 89 32 35%
c lucky 3 units
c l  0.00  2 0 0 0  0 0   0   0 0.0 0 0 0 0 0%   6 89 29 32%
c {  0.00  2 0 0 0  0 0   0   0 0.0 0 0 2 6 0%   6 89 29 32%
c i  0.00  2 3 0 0  0 1  22   6 1.8 3 1 2 2 81%  14 81 28 30%
c i  0.00  2 3 0 0  0 1  42  15 2.0 3 2 2 2 89%  18 80 25 27%
c i  0.00  2 3 0 0  0 1  50  16 2.0 3 1 2 2 89%  22 80 23 25%
c i  0.00  2 3 0 0  0 1  53  17 2.0 3 1 2 2 89%  23 80 22 24%
c i  0.00  2 3 0 0  0 1  54  17 2.1 3 1 2 2 89%  23 80 21 23%
c i  0.00  2 3 0 0  0 1  55  17 2.1 3 1 2 2 89%  23 80 20 22%
c }  0.00  2 3 0 0  0 1  58  17 2.1 3 1 2 2 89%  24 80  0 0%
c 0  0.00  2 3 0 0  0 1  58  17 2.1 3 1 2 2 89%  24 80  0 0%
c
c ---- [ result ] ------------------------------------------------------------
c
s UNSATISFIABLE
c
c ---- [ profiling ] ---------------------------------------------------------
c
c           0.00   49.96 %  preprocess
c           0.00   47.00 %  probe
c           0.00   26.15 %  sweep
c           0.00   10.86 %  search
c           0.00   10.60 %  focused
c           0.00    9.21 %  congruence
c           0.00    6.69 %  parse
c           0.00    5.47 %  factor
c           0.00    4.87 %  substitute
c           0.00    2.78 %  lucky
c           0.00    0.43 %  backbone
c           0.00    0.00 %  simplify
c =============================================
c           0.00  100.00 %  total
c
c ---- [ statistics ] --------------------------------------------------------
c
c conflicts:                               58            21245.42 per second
c congruent:                               19               21 %  variables
c decisions:                               53                0.91 per conflict
c factored:                                 3                3 %  variables
c iterations:                               7                8 %  variables
c propagations:                          1007           368864    per second
c substituted:                             32               35 %  variables
c switched:                                 0                0    interval
c
c ---- [ glue usage ] --------------------------------------------------------
c
c focused glue 2 used 36 clauses 73.47% accumulated 93.88% tier1 tier2
c
c ---- [ resources ] ---------------------------------------------------------
c
c maximum-resident-set-size:       2130706432 bytes       2032 MB
c process-time:                                              0.00 seconds
c
c ---- [ shutting down ] -----------------------------------------------------
c
c exit 20

        0.00 real         0.00 user         0.00 sys
             2080768  maximum resident set size
                   0  average shared memory size
                   0  average unshared data size
                   0  average unshared stack size
                 290  page reclaims
                   1  page faults
                   0  swaps
                   0  block input operations
                   0  block output operations
                   0  messages sent
                   0  messages received
                   0  signals received
                   0  voluntary context switches
                   6  involuntary context switches
            20951334  instructions retired
            10119410  cycles elapsed
             1360160  peak memory footprint
