c --- [ banner ] -------------------------------------------------------------
c 
c CaDiCaL SAT Solver
c Copyright (c) 2016-2026
c A. Biere, M. Fleury, N. Froleyks, K. Fazekas, F. Pollitt, T. Faller
c JKU Linz, University of Freiburg, TU Wien
c 
c Version 3.0.1 6f2b1a38e26bb3cddb49c89c64d419c1d6a16ecb
c Apple clang version 21.0.0 (clang-2100.1.1.101) -Wall -Wextra -O3 -DNDEBUG -DNCLOSEFROM
c Sun Aug 30 17:38:15 CST 2026 Darwin djftekiMacBook-Pro.local 25.3.0 arm64
c 
c --- [ proof tracing ] ------------------------------------------------------
c 
c opening file to write '/Users/djf/develop/CS/Turing/Turing1/morphosat_research/proofs/layer_b_heterogeneous_tseitin.n8.s6.u.cadical.congruence_on.drat'
c writing non-binary proof trace to '/Users/djf/develop/CS/Turing/Turing1/morphosat_research/proofs/layer_b_heterogeneous_tseitin.n8.s6.u.cadical.congruence_on.drat'
c 
c --- [ parsing input ] ------------------------------------------------------
c 
c reading DIMACS file from '/Users/djf/develop/CS/Turing/Turing1/morphosat_research/instances/separation_v0.2/layer_b_heterogeneous_tseitin.n8.s6.u.cnf'
c opening file to read '/Users/djf/develop/CS/Turing/Turing1/morphosat_research/instances/separation_v0.2/layer_b_heterogeneous_tseitin.n8.s6.u.cnf'
c found 'p cnf 82 282' header
c parsed 282 clauses in 0.00 seconds process time
c 
c --- [ options ] ------------------------------------------------------------
c 
c   --binary=false                 (different from default 'true')
c 
c --- [ solving ] ------------------------------------------------------------
c 
c time measured in process time since initialization
c 
c  seconds  reduction conflicts       size tier2     variables
c         MB    restarts   redundant    glue  trail      remaining
c          level     rate       size/glu tier1 irredundant
c 
c *  0.00  0  0 0   0  0    0    0 0.0 0 0 2 6  0%  239  68 83%
c )  0.00  0  0 0   0  0    0    0 0.0 0 0 2 6  0%  239  68 83%
c {  0.00  0  0 0   0  0    0    0 0.0 0 0 2 6  0%  239  68 83%
c i  0.00  0  1 0   0  4    1    0 0.0 1 0 2 6 32%  239  65 79%
c i  0.00  0  1 0   0  4    2    0 0.0 1 0 2 6 35%  239  63 77%
c i  0.00  0  5 0   1  4    6    0 0.0 1 0 2 6 47%  236  61 74%
c i  0.00  0  5 0   2  2   42   24 1.9 2 1 2 6 81%  231  60 73%
c i  0.00  0  5 0   2  2   63   34 1.9 3 1 2 6 82%  228  54 66%
c i  0.00  0  4 0   2  2   65   34 1.9 2 1 2 6 82%  228  49 60%
c }  0.00  0  4 0   2  2   67   34 1.9 2 1 2 6 82%  228  31 38%
c 0  0.00  0  4 0   2  2   67   34 1.9 2 1 2 6 82%  228  31 38%
c 
c --- [ closing proof ] ------------------------------------------------------
c 
c DRAT proof file '/Users/djf/develop/CS/Turing/Turing1/morphosat_research/proofs/layer_b_heterogeneous_tseitin.n8.s6.u.cadical.congruence_on.drat' closed
c DRAT 123 added clauses 57.48%
c DRAT 91 deleted clauses 42.52%
c DRAT 2582 bytes (0.00 MB)
c 
c --- [ result ] -------------------------------------------------------------
c 
s UNSATISFIABLE
c 
c --- [ run-time profiling ] -------------------------------------------------
c 
c process time taken by individual solving procedures
c (percentage relative to process time for solving)
c 
c         0.00   86.96% search
c         0.00   69.02% unstable
c         0.00   43.48% parse
c         0.00   14.13% lucky
c         0.00    0.00% simplify
c   =================================
c         0.00   39.91% solve
c 
c last line shows process time for solving
c (percentage relative to total process time)
c 
c --- [ statistics ] ---------------------------------------------------------
c 
c chronological:                27        40.30 %  of conflicts
c conflicts:                    67    364130.43    per second
c decisions:                    94    510869.57    per second
c fixed:                        51        62.20 %  of all variables
c learned:                      48        71.64 %  per conflict
c learned_lits:                146       100.00 %  learned literals
c minimized:                     0         0.00 %  learned literals
c shrunken:                     25        17.12 %  learned literals
c minishrunken:                  3         2.05 %  learned literals
c otfs:                         28        41.79 %  of conflict
c propagations:                931         5.06 M  per second
c restarts:                      2        33.50    interval
c subsumed:                     29        10.36 %  of all clauses
c strengthened:                 17         6.07 %  of all clauses
c ticks:                      4133         4.44    propagation
c 
c seconds are measured in process time for solving
c 
c --- [ glue usage ] ---------------------------------------------------------
c 
c focused glue 1 used 51 clauses 70.83% accumulated 70.83% tier1
c focused glue 2 used 19 clauses 26.38% accumulated 97.22% tier2
c 
c stable glue 2 used 0 clauses 0.000% accumulated 0.000% tier1
c stable glue 3 used 0 clauses 0.000% accumulated 0.000%
c stable glue 4 used 0 clauses 0.000% accumulated 0.000%
c stable glue 5 used 0 clauses 0.000% accumulated 0.000%
c stable glue 6 used 0 clauses 0.000% accumulated 0.000% tier2
c 
c 
c --- [ resources ] ----------------------------------------------------------
c 
c total process time since initialization:         0.00    seconds
c total real time since initialization:            0.00    seconds
c maximum resident set size of process:            2.34    MB
c 
c --- [ shutting down ] ------------------------------------------------------
c 
c exit 20

        0.00 real         0.00 user         0.00 sys
             2457600  maximum resident set size
                   0  average shared memory size
                   0  average unshared data size
                   0  average unshared stack size
                 314  page reclaims
                   1  page faults
                   0  swaps
                   0  block input operations
                   0  block output operations
                   0  messages sent
                   0  messages received
                   0  signals received
                   1  voluntary context switches
                   6  involuntary context switches
            20828896  instructions retired
             7555942  cycles elapsed
             1196320  peak memory footprint
