c --- [ banner ] -------------------------------------------------------------
c 
c CaDiCaL SAT Solver
c Copyright (c) 2016-2026
c A. Biere, M. Fleury, N. Froleyks, K. Fazekas, F. Pollitt, T. Faller
c JKU Linz, University of Freiburg, TU Wien
c 
c Version 3.0.1 6f2b1a38e26bb3cddb49c89c64d419c1d6a16ecb
c Apple clang version 21.0.0 (clang-2100.1.1.101) -Wall -Wextra -O3 -DNDEBUG -DNCLOSEFROM
c Sun Aug 30 17:38:15 CST 2026 Darwin djftekiMacBook-Pro.local 25.3.0 arm64
c 
c --- [ proof tracing ] ------------------------------------------------------
c 
c opening file to write '/Users/djf/develop/CS/Turing/Turing1/morphosat_research/proofs/layer_c_heterogeneous_tseitin.n4.s1.u.cadical.factor_off.drat'
c writing non-binary proof trace to '/Users/djf/develop/CS/Turing/Turing1/morphosat_research/proofs/layer_c_heterogeneous_tseitin.n4.s1.u.cadical.factor_off.drat'
c 
c --- [ parsing input ] ------------------------------------------------------
c 
c reading DIMACS file from '/Users/djf/develop/CS/Turing/Turing1/morphosat_research/instances/separation_v0.2/layer_c_heterogeneous_tseitin.n4.s1.u.cnf'
c opening file to read '/Users/djf/develop/CS/Turing/Turing1/morphosat_research/instances/separation_v0.2/layer_c_heterogeneous_tseitin.n4.s1.u.cnf'
c found 'p cnf 305 402' header
c parsed 402 clauses in 0.00 seconds process time
c 
c --- [ options ] ------------------------------------------------------------
c 
c   --binary=false                 (different from default 'true')
c 
c --- [ solving ] ------------------------------------------------------------
c 
c time measured in process time since initialization
c 
c  seconds  reduction conflicts       size tier2     variables
c         MB    restarts   redundant    glue  trail      remaining
c          level     rate       size/glu tier1 irredundant
c 
c *  0.00  0  0 0   0  0    0    0 0.0 0 0 2 6  0%  193  31 10%
c )  0.00  0  0 0   0  0    0    0 0.0 0 0 2 6  0%  193  31 10%
c {  0.00  0  0 0   0  0    0    0 0.0 0 0 2 6  0%  193  31 10%
c i  0.00  0  4 0   0  3    4    0 0.0 1 0 2 6 94%  190  30 10%
c i  0.00  0  3 0   1  1   26   11 1.8 2 1 2 6 98%  184  25  8%
c i  0.00  0  3 0   1  1   29   11 1.9 2 1 2 6 99%  184  24  8%
c i  0.00  0  3 0   1  1   30   11 1.9 2 1 2 6 99%  184  22  7%
c i  0.00  0  3 0   1  1   32   11 2.0 2 1 2 6 98%  184  18  6%
c }  0.00  0  3 0   1  1   34   11 2.1 2 1 2 6 99%  184   2  1%
c 0  0.00  0  3 0   1  1   34   11 2.1 2 1 2 6 99%  184   2  1%
c 
c --- [ closing proof ] ------------------------------------------------------
c 
c DRAT proof file '/Users/djf/develop/CS/Turing/Turing1/morphosat_research/proofs/layer_c_heterogeneous_tseitin.n4.s1.u.cadical.factor_off.drat' closed
c DRAT 234 added clauses 63.07%
c DRAT 137 deleted clauses 36.93%
c DRAT 4263 bytes (0.00 MB)
c 
c --- [ result ] -------------------------------------------------------------
c 
s UNSATISFIABLE
c 
c --- [ run-time profiling ] -------------------------------------------------
c 
c process time taken by individual solving procedures
c (percentage relative to process time for solving)
c 
c         0.00   81.29% search
c         0.00   67.84% parse
c         0.00   64.91% unstable
c         0.00   11.11% lucky
c         0.00    0.00% simplify
c   =================================
c         0.00   32.26% solve
c 
c last line shows process time for solving
c (percentage relative to total process time)
c 
c --- [ statistics ] ---------------------------------------------------------
c 
c chronological:                 8        23.53 %  of conflicts
c conflicts:                    34    198830.41    per second
c decisions:                    35    204678.36    per second
c fixed:                       303        99.34 %  of all variables
c learned:                      17        50.00 %  per conflict
c learned_lits:                 42       100.00 %  learned literals
c minimized:                     0         0.00 %  learned literals
c shrunken:                      9        21.43 %  learned literals
c minishrunken:                  0         0.00 %  learned literals
c otfs:                         24        70.59 %  of conflict
c propagations:                581         3.40 M  per second
c restarts:                      1        34.00    interval
c subsumed:                     18         8.82 %  of all clauses
c strengthened:                 15         7.35 %  of all clauses
c ticks:                      2102         3.62    propagation
c 
c seconds are measured in process time for solving
c 
c --- [ glue usage ] ---------------------------------------------------------
c 
c focused glue 1 used 17 clauses 73.91% accumulated 73.91% tier1
c focused glue 2 used 6 clauses 26.08% accumulated 100.0% tier2
c 
c stable glue 2 used 0 clauses 0.000% accumulated 0.000% tier1
c stable glue 3 used 0 clauses 0.000% accumulated 0.000%
c stable glue 4 used 0 clauses 0.000% accumulated 0.000%
c stable glue 5 used 0 clauses 0.000% accumulated 0.000%
c stable glue 6 used 0 clauses 0.000% accumulated 0.000% tier2
c 
c 
c --- [ resources ] ----------------------------------------------------------
c 
c total process time since initialization:         0.00    seconds
c total real time since initialization:            0.00    seconds
c maximum resident set size of process:            2.39    MB
c 
c --- [ shutting down ] ------------------------------------------------------
c 
c exit 20

        0.00 real         0.00 user         0.00 sys
             2506752  maximum resident set size
                   0  average shared memory size
                   0  average unshared data size
                   0  average unshared stack size
                 317  page reclaims
                   1  page faults
                   0  swaps
                   0  block input operations
                   0  block output operations
                   0  messages sent
                   0  messages received
                   0  signals received
                   0  voluntary context switches
                   8  involuntary context switches
            20655946  instructions retired
             8397665  cycles elapsed
             1245472  peak memory footprint
