c --- [ banner ] -------------------------------------------------------------
c 
c CaDiCaL SAT Solver
c Copyright (c) 2016-2026
c A. Biere, M. Fleury, N. Froleyks, K. Fazekas, F. Pollitt, T. Faller
c JKU Linz, University of Freiburg, TU Wien
c 
c Version 3.0.1 6f2b1a38e26bb3cddb49c89c64d419c1d6a16ecb
c Apple clang version 21.0.0 (clang-2100.1.1.101) -Wall -Wextra -O3 -DNDEBUG -DNCLOSEFROM
c Sun Aug 30 17:38:15 CST 2026 Darwin djftekiMacBook-Pro.local 25.3.0 arm64
c 
c --- [ proof tracing ] ------------------------------------------------------
c 
c opening file to write '/Users/djf/develop/CS/Turing/Turing1/morphosat_research/proofs/layer_b_heterogeneous_tseitin.n8.s2.s.cadical.congruence_off.drat'
c writing non-binary proof trace to '/Users/djf/develop/CS/Turing/Turing1/morphosat_research/proofs/layer_b_heterogeneous_tseitin.n8.s2.s.cadical.congruence_off.drat'
c 
c --- [ parsing input ] ------------------------------------------------------
c 
c reading DIMACS file from '/Users/djf/develop/CS/Turing/Turing1/morphosat_research/instances/separation_v0.2/layer_b_heterogeneous_tseitin.n8.s2.s.cnf'
c opening file to read '/Users/djf/develop/CS/Turing/Turing1/morphosat_research/instances/separation_v0.2/layer_b_heterogeneous_tseitin.n8.s2.s.cnf'
c found 'p cnf 83 302' header
c parsed 302 clauses in 0.00 seconds process time
c 
c --- [ options ] ------------------------------------------------------------
c 
c   --binary=false                 (different from default 'true')
c   --congruence=false             (different from default 'true')
c 
c --- [ solving ] ------------------------------------------------------------
c 
c time measured in process time since initialization
c 
c  seconds  reduction conflicts       size tier2     variables
c         MB    restarts   redundant    glue  trail      remaining
c          level     rate       size/glu tier1 irredundant
c 
c *  0.00  0  0 0   0  0    0    0 0.0 0 0 2 6  0%  240  65 78%
c )  0.00  0  0 0   0  0    0    0 0.0 0 0 2 6  0%  240  65 78%
c {  0.00  0  0 0   0  0    0    0 0.0 0 0 2 6  0%  240  65 78%
c i  0.00  0  6 0   0  6    3    0 0.0 1 0 2 6 70%  239  64 77%
c i  0.00  0  7 0   1  6    5    0 0.0 1 0 2 6 76%  238  62 75%
c }  0.00  0  9 0   1  4   11    3 2.2 2 1 2 6 85%  236  62 75%
c 1  0.00  0  9 0   1  4   11    3 2.2 2 1 2 6 85%  236  62 75%
c 
c --- [ closing proof ] ------------------------------------------------------
c 
c DRAT proof file '/Users/djf/develop/CS/Turing/Turing1/morphosat_research/proofs/layer_b_heterogeneous_tseitin.n8.s2.s.cadical.congruence_off.drat' closed
c DRAT 50 added clauses 35.21%
c DRAT 92 deleted clauses 64.79%
c DRAT 2018 bytes (0.00 MB)
c 
c --- [ result ] -------------------------------------------------------------
c 
s SATISFIABLE
v -1 -2 -3 4 -5 6 7 -8 9 -10 11 -12 13 -14 15 16 17 -18 -19 -20 -21 -22 -23 24
v -25 -26 -27 -28 29 30 -31 -32 -33 -34 35 36 37 38 -39 40 -41 42 -43 44 45
v -46 -47 -48 49 50 51 52 53 54 -55 -56 -57 -58 -59 -60 61 62 -63 64 65 66 67
v -68 69 -70 -71 72 73 74 -75 76 77 -78 79 80 81 -82 83 0
c 
c --- [ run-time profiling ] -------------------------------------------------
c 
c process time taken by individual solving procedures
c (percentage relative to process time for solving)
c 
c         0.00   95.52% parse
c         0.00   74.63% search
c         0.00   36.57% unstable
c         0.00   29.85% lucky
c         0.00    0.00% simplify
c   =================================
c         0.00   24.45% solve
c 
c last line shows process time for solving
c (percentage relative to total process time)
c 
c --- [ statistics ] ---------------------------------------------------------
c 
c chronological:                 8        72.73 %  of conflicts
c conflicts:                    11     82089.55    per second
c decisions:                    37    276119.40    per second
c fixed:                        21        25.30 %  of all variables
c learned:                       5        45.45 %  per conflict
c learned_lits:                 11       100.00 %  learned literals
c minimized:                     0         0.00 %  learned literals
c shrunken:                      0         0.00 %  learned literals
c minishrunken:                  0         0.00 %  learned literals
c otfs:                         10        90.91 %  of conflict
c propagations:                184         1.37 M  per second
c restarts:                      1        11.00    interval
c subsumed:                      8         3.29 %  of all clauses
c strengthened:                  6         2.47 %  of all clauses
c ticks:                       777         4.22    propagation
c 
c seconds are measured in process time for solving
c 
c --- [ glue usage ] ---------------------------------------------------------
c 
c focused glue 2 used 0 clauses 0.000% accumulated 0.000% tier1
c focused glue 3 used 0 clauses 0.000% accumulated 0.000%
c focused glue 4 used 0 clauses 0.000% accumulated 0.000%
c focused glue 5 used 0 clauses 0.000% accumulated 0.000%
c focused glue 6 used 0 clauses 0.000% accumulated 0.000% tier2
c 
c stable glue 2 used 0 clauses 0.000% accumulated 0.000% tier1
c stable glue 3 used 0 clauses 0.000% accumulated 0.000%
c stable glue 4 used 0 clauses 0.000% accumulated 0.000%
c stable glue 5 used 0 clauses 0.000% accumulated 0.000%
c stable glue 6 used 0 clauses 0.000% accumulated 0.000% tier2
c 
c 
c --- [ resources ] ----------------------------------------------------------
c 
c total process time since initialization:         0.00    seconds
c total real time since initialization:            0.00    seconds
c maximum resident set size of process:            2.38    MB
c 
c --- [ shutting down ] ------------------------------------------------------
c 
c exit 10

        0.00 real         0.00 user         0.00 sys
             2490368  maximum resident set size
                   0  average shared memory size
                   0  average unshared data size
                   0  average unshared stack size
                 316  page reclaims
                   1  page faults
                   0  swaps
                   0  block input operations
                   0  block output operations
                   0  messages sent
                   0  messages received
                   0  signals received
                   0  voluntary context switches
                   6  involuntary context switches
            20055527  instructions retired
             8622785  cycles elapsed
             1229088  peak memory footprint
