c ---- [ banner ] ------------------------------------------------------------
c
c Kissat SAT Solver
c 
c Copyright (c) 2021-2024 Armin Biere University of Freiburg
c Copyright (c) 2019-2021 Armin Biere Johannes Kepler University Linz
c 
c Version 4.0.4 unknown
c Apple clang version 21.0.0 (clang-2100.1.1.101) -W -Wall -O3 -DNDEBUG
c Sun Aug 30 17:38:25 CST 2026 Darwin djftekiMacBook-Pro.local 25.3.0 arm64
c
c ---- [ proving ] -----------------------------------------------------------
c
c opened and writing proof to DRAT file:
c
c   /Users/djf/develop/CS/Turing/Turing1/morphosat_research/proofs/layer_b_heterogeneous_tseitin.n8.s9.u.kissat.default.drat
c
c ---- [ parsing ] -----------------------------------------------------------
c
c opened and reading DIMACS file:
c
c   /Users/djf/develop/CS/Turing/Turing1/morphosat_research/instances/separation_v0.2/layer_b_heterogeneous_tseitin.n8.s9.u.cnf
c
c parsed 'p cnf 78 282' header
c closing input after reading 3696 bytes (4 KB)
c finished parsing after 0.00 seconds
c
c ---- [ solving ] -----------------------------------------------------------
c
c seconds switched rate     size/glue tier1 binary    remaining
c        MB reductions conflicts size  tier2  irredundant
c         level restarts redundant glue  trail    variables
c
c *  0.00  2 0 0 0  0 0   0   0 0.0 0 0 0 0 0%  37 201 62 79%
c (  0.00  2 0 0 0  0 0   0   0 0.0 0 0 0 0 0%  37 201 62 79%
c .  0.00  2 0 0 0  0 0   0   0 0.0 0 0 0 0 0%  37 160 62 79%
c c  0.00  2 0 0 0  0 0   0   0 0.0 0 0 0 0 0%  46 132 41 53%
c d  0.00  2 0 0 0  0 0   0   0 0.0 0 0 0 0 0%   4 132 41 53%
c =  0.00  2 0 0 0  0 0   0   0 0.0 0 0 0 0 0%  35 88 26 33%
c d  0.00  2 0 0 0  0 0   0   0 0.0 0 0 0 0 0%   0 88 26 33%
c f  0.00  2 0 0 0  0 0   0   0 0.0 0 0 0 0 0%   6 77 29 37%
c )  0.00  2 0 0 0  0 0   0   0 0.0 0 0 0 0 0%   6 77 29 37%
c lucky 3 units
c l  0.00  2 0 0 0  0 0   0   0 0.0 0 0 0 0 0%   6 77 26 33%
c {  0.00  2 0 0 0  0 0   0   0 0.0 0 0 2 6 0%   6 77 26 33%
c i  0.00  2 3 0 0  0 1  15   4 1.9 3 1 2 2 94%  12 73 25 32%
c i  0.00  2 3 0 0  0 1  34   9 1.8 3 2 2 3 87%  18 73 22 28%
c i  0.00  2 3 0 0  0 1  36   9 1.8 3 1 2 3 87%  19 73 21 27%
c i  0.00  2 3 0 0  0 1  42  10 1.8 3 1 2 3 89%  21 73 19 24%
c i  0.00  2 3 0 0  0 1  45  10 1.8 3 1 2 2 89%  23 72 18 23%
c i  0.00  2 3 0 0  0 1  47  10 1.8 3 1 2 2 89%  24 72 17 22%
c }  0.00  2 3 0 0  0 1  49  10 1.9 2 1 2 2 89%  24 72  3 4%
c 0  0.00  2 3 0 0  0 1  49  10 1.9 2 1 2 2 89%  24 72  3 4%
c
c ---- [ result ] ------------------------------------------------------------
c
s UNSATISFIABLE
c
c ---- [ profiling ] ---------------------------------------------------------
c
c           0.00   51.40 %  preprocess
c           0.00   48.60 %  probe
c           0.00   27.92 %  sweep
c           0.00    9.62 %  search
c           0.00    9.31 %  focused
c           0.00    9.20 %  congruence
c           0.00    6.41 %  parse
c           0.00    5.38 %  factor
c           0.00    4.86 %  substitute
c           0.00    3.10 %  lucky
c           0.00    0.52 %  backbone
c           0.00    0.00 %  simplify
c =============================================
c           0.00  100.00 %  total
c
c ---- [ statistics ] --------------------------------------------------------
c
c conflicts:                               49            20493.52 per second
c congruent:                               18               23 %  variables
c decisions:                               50                1.02 per conflict
c factored:                                 3                4 %  variables
c iterations:                               7                9 %  variables
c propagations:                           937           391886    per second
c substituted:                             30               38 %  variables
c switched:                                 0                0    interval
c
c ---- [ glue usage ] --------------------------------------------------------
c
c focused glue 2 used 19 clauses 61.29% accumulated 90.32% tier1 tier2
c
c ---- [ resources ] ---------------------------------------------------------
c
c maximum-resident-set-size:       2164260864 bytes       2064 MB
c process-time:                                              0.00 seconds
c
c ---- [ shutting down ] -----------------------------------------------------
c
c exit 20

        0.00 real         0.00 user         0.00 sys
             2113536  maximum resident set size
                   0  average shared memory size
                   0  average unshared data size
                   0  average unshared stack size
                 292  page reclaims
                   1  page faults
                   0  swaps
                   0  block input operations
                   0  block output operations
                   0  messages sent
                   0  messages received
                   0  signals received
                   0  voluntary context switches
                   3  involuntary context switches
            20198818  instructions retired
            10337855  cycles elapsed
             1392928  peak memory footprint
