c ---- [ banner ] ------------------------------------------------------------
c
c Kissat SAT Solver
c 
c Copyright (c) 2021-2024 Armin Biere University of Freiburg
c Copyright (c) 2019-2021 Armin Biere Johannes Kepler University Linz
c 
c Version 4.0.4 unknown
c Apple clang version 21.0.0 (clang-2100.1.1.101) -W -Wall -O3 -DNDEBUG
c Sun Aug 30 17:38:25 CST 2026 Darwin djftekiMacBook-Pro.local 25.3.0 arm64
c
c ---- [ proving ] -----------------------------------------------------------
c
c opened and writing proof to DRAT file:
c
c   /Users/djf/develop/CS/Turing/Turing1/morphosat_research/proofs/layer_b_heterogeneous_tseitin.n8.s5.u.kissat.default.drat
c
c ---- [ parsing ] -----------------------------------------------------------
c
c opened and reading DIMACS file:
c
c   /Users/djf/develop/CS/Turing/Turing1/morphosat_research/instances/separation_v0.2/layer_b_heterogeneous_tseitin.n8.s5.u.cnf
c
c parsed 'p cnf 83 296' header
c closing input after reading 3820 bytes (4 KB)
c finished parsing after 0.00 seconds
c
c ---- [ solving ] -----------------------------------------------------------
c
c seconds switched rate     size/glue tier1 binary    remaining
c        MB reductions conflicts size  tier2  irredundant
c         level restarts redundant glue  trail    variables
c
c *  0.00  2 0 0 0  0 0   0   0 0.0 0 0 0 0 0%  41 217 67 81%
c lucky 2 units
c l  0.00  2 0 0 0  0 0   0   0 0.0 0 0 0 0 0%  41 217 65 78%
c (  0.00  2 0 0 0  0 0   0   0 0.0 0 0 0 0 0%  41 217 65 78%
c .  0.00  2 0 0 0  0 0   0   0 0.0 0 0 0 0 0%  46 164 65 78%
c c  0.00  2 0 0 0  0 0   0   0 0.0 0 0 0 0 0%  46 123 39 47%
c d  0.00  2 0 0 0  0 0   0   0 0.0 0 0 0 0 0%  10 115 39 47%
c d  0.00  2 0 0 0  0 0   0   0 0.0 0 0 0 0 0%   8 115 38 46%
c =  0.00  2 0 0 0  0 0   0   0 0.0 0 0 0 0 0%  43 88 26 31%
c d  0.00  2 0 0 0  0 0   0   0 0.0 0 0 0 0 0%   0 88 26 31%
c f  0.00  2 0 0 0  0 0   0   0 0.0 0 0 0 0 0%   4 80 28 34%
c )  0.00  2 0 0 0  0 0   0   0 0.0 0 0 0 0 0%   4 80 28 34%
c lucky 2 units
c l  0.00  2 0 0 0  0 0   0   0 0.0 0 0 0 0 0%   4 80 26 31%
c {  0.00  2 0 0 0  0 0   0   0 0.0 0 0 2 6 0%   4 80 26 31%
c i  0.00  2 4 0 0  1 1  26  10 2.1 4 2 2 3 93%  10 77 25 30%
c i  0.00  2 3 0 0  1 1  50  13 2.0 3 2 2 3 81%  18 73 24 29%
c i  0.00  2 3 0 0  1 1  56  13 2.0 3 2 2 3 80%  20 71 22 27%
c }  0.00  2 3 0 0  1 1  59  13 2.0 3 2 2 3 81%  21 71  9 11%
c 0  0.00  2 3 0 0  1 1  59  13 2.0 3 2 2 3 81%  21 71  9 11%
c
c ---- [ result ] ------------------------------------------------------------
c
s UNSATISFIABLE
c
c ---- [ profiling ] ---------------------------------------------------------
c
c           0.00   52.36 %  preprocess
c           0.00   49.71 %  probe
c           0.00   28.65 %  sweep
c           0.00    9.78 %  congruence
c           0.00    8.29 %  search
c           0.00    8.06 %  focused
c           0.00    6.21 %  parse
c           0.00    5.41 %  factor
c           0.00    4.95 %  substitute
c           0.00    4.03 %  lucky
c           0.00    0.46 %  backbone
c           0.00    0.00 %  simplify
c =============================================
c           0.00  100.00 %  total
c
c ---- [ statistics ] --------------------------------------------------------
c
c conflicts:                               59            30633.44 per second
c congruent:                               18               22 %  variables
c decisions:                               55                0.93 per conflict
c factored:                                 2                2 %  variables
c iterations:                               4                5 %  variables
c propagations:                           991           514538    per second
c restarts:                                 1               59    interval
c substituted:                             31               37 %  variables
c switched:                                 0                0    interval
c
c ---- [ glue usage ] --------------------------------------------------------
c
c focused glue 2 used 23 clauses 67.65% accumulated 82.35% tier1
c focused glue 3 used  6 clauses 17.65% accumulated 100.00% tier2
c
c ---- [ resources ] ---------------------------------------------------------
c
c maximum-resident-set-size:       2147483648 bytes       2048 MB
c process-time:                                              0.00 seconds
c
c ---- [ shutting down ] -----------------------------------------------------
c
c exit 20

        0.00 real         0.00 user         0.00 sys
             2097152  maximum resident set size
                   0  average shared memory size
                   0  average unshared data size
                   0  average unshared stack size
                 291  page reclaims
                   1  page faults
                   0  swaps
                   0  block input operations
                   0  block output operations
                   0  messages sent
                   0  messages received
                   0  signals received
                   1  voluntary context switches
                   5  involuntary context switches
            20762649  instructions retired
             8329918  cycles elapsed
             1376544  peak memory footprint
