
c parsing input formula with 643 variables and 846 clauses

c WARNING: detected and deleted duplicate literal 103 at position 2 of proof line 12

c WARNING: detected and deleted duplicate literal 290 at position 2 of proof line 175

c WARNING: detected and deleted duplicate literal -313 at position 2 of proof line 199

c WARNING: detected and deleted duplicate literal 313 at position 2 of proof line 399

c WARNING: detected and deleted duplicate literal -103 at position 2 of proof line 452

c WARNING: detected and deleted duplicate literal -290 at position 2 of proof line 761

c WARNING: detected and deleted duplicate literal 103 at position 2 of proof line 848

c WARNING: detected and deleted duplicate literal 290 at position 2 of proof line 879

c WARNING: detected and deleted duplicate literal -313 at position 2 of proof line 884

c WARNING: detected and deleted duplicate literal 313 at position 2 of proof line 987

c WARNING: detected and deleted duplicate literal -103 at position 2 of proof line 1028

c WARNING: detected and deleted duplicate literal -290 at position 2 of proof line 1344

c finished parsing

c detected empty clause; start verification via backward checking

c 504 of 846 clauses in core                            

c 124 of 504 lemmas in core using 1756 resolution steps

c 0 RAT lemmas in core; 18 redundant literals in core lemmas

s VERIFIED

c verification time: 0.031 seconds
