
c parsing input formula with 172 variables and 610 clauses

c WARNING: detected and deleted duplicate literal 51 at position 2 of proof line 3

c WARNING: detected and deleted duplicate literal -54 at position 2 of proof line 32

c WARNING: detected and deleted duplicate literal 145 at position 2 of proof line 74

c WARNING: detected and deleted duplicate literal -145 at position 1 of proof line 104

c WARNING: detected and deleted duplicate literal -51 at position 1 of proof line 133

c WARNING: detected and deleted duplicate literal 54 at position 1 of proof line 165

c WARNING: detected and deleted duplicate literal 159 at position 2 of proof line 205

c WARNING: detected and deleted duplicate literal -159 at position 1 of proof line 364

c WARNING: detected and deleted duplicate literal 67 at position 2 of proof line 463

c WARNING: detected and deleted duplicate literal -67 at position 1 of proof line 565

c WARNING: detected and deleted duplicate literal 51 at position 2 of proof line 612

c WARNING: detected and deleted duplicate literal -54 at position 2 of proof line 616

c WARNING: detected and deleted duplicate literal 145 at position 2 of proof line 621

c WARNING: detected and deleted duplicate literal -145 at position 1 of proof line 623

c WARNING: detected and deleted duplicate literal -51 at position 1 of proof line 629

c WARNING: detected and deleted duplicate literal 54 at position 1 of proof line 639

c WARNING: detected and deleted duplicate literal 159 at position 2 of proof line 646

c WARNING: detected and deleted duplicate literal -159 at position 1 of proof line 682

c WARNING: detected and deleted duplicate literal 67 at position 2 of proof line 716

c WARNING: detected and deleted duplicate literal -67 at position 1 of proof line 773

c finished parsing

c detected empty clause; start verification via backward checking

c 355 of 610 clauses in core                            

c 237 of 357 lemmas in core using 2653 resolution steps

c 0 RAT lemmas in core; 4 redundant literals in core lemmas

s VERIFIED

c verification time: 0.020 seconds
