
c parsing input formula with 642 variables and 846 clauses

c WARNING: detected and deleted duplicate literal 141 at position 2 of proof line 53

c WARNING: detected and deleted duplicate literal 37 at position 3 of proof line 109

c WARNING: detected and deleted duplicate literal -581 at position 1 of proof line 110

c WARNING: detected and deleted duplicate literal -141 at position 1 of proof line 341

c WARNING: detected and deleted duplicate literal 581 at position 3 of proof line 440

c WARNING: detected and deleted duplicate literal -37 at position 1 of proof line 481

c WARNING: detected and deleted duplicate literal 141 at position 2 of proof line 851

c WARNING: detected and deleted duplicate literal 37 at position 3 of proof line 861

c WARNING: detected and deleted duplicate literal -581 at position 1 of proof line 863

c WARNING: detected and deleted duplicate literal -141 at position 1 of proof line 937

c WARNING: detected and deleted duplicate literal 581 at position 3 of proof line 1008

c WARNING: detected and deleted duplicate literal -37 at position 1 of proof line 1042

c finished parsing

c detected empty clause; start verification via backward checking

c 501 of 846 clauses in core                            

c 133 of 497 lemmas in core using 2335 resolution steps

c 0 RAT lemmas in core; 14 redundant literals in core lemmas

s VERIFIED

c verification time: 0.019 seconds
