
c parsing input formula with 70 variables and 248 clauses

c WARNING: detected and deleted duplicate literal 54 at position 2 of proof line 64

c WARNING: detected and deleted duplicate literal -61 at position 1 of proof line 165

c WARNING: detected and deleted duplicate literal -56 at position 1 of proof line 195

c WARNING: detected and deleted duplicate literal -54 at position 1 of proof line 214

c WARNING: detected and deleted duplicate literal 61 at position 2 of proof line 240

c WARNING: detected and deleted duplicate literal 56 at position 2 of proof line 246

c WARNING: detected and deleted duplicate literal 54 at position 2 of proof line 253

c WARNING: detected and deleted duplicate literal -61 at position 1 of proof line 274

c WARNING: detected and deleted duplicate literal -56 at position 1 of proof line 280

c WARNING: detected and deleted duplicate literal -54 at position 1 of proof line 289

c WARNING: detected and deleted duplicate literal 61 at position 2 of proof line 301

c WARNING: detected and deleted duplicate literal 56 at position 2 of proof line 304

c finished parsing

c detected empty clause; start verification via backward checking

c 154 of 248 clauses in core                            

c 66 of 80 lemmas in core using 665 resolution steps

c 0 RAT lemmas in core; 3 redundant literals in core lemmas

s VERIFIED

c verification time: 0.029 seconds
