
c parsing input formula with 705 variables and 930 clauses

c WARNING: detected and deleted duplicate literal 232 at position 3 of proof line 117

c WARNING: detected and deleted duplicate literal -232 at position 2 of proof line 134

c WARNING: detected and deleted duplicate literal 475 at position 3 of proof line 670

c WARNING: detected and deleted duplicate literal 208 at position 2 of proof line 688

c WARNING: detected and deleted duplicate literal -475 at position 1 of proof line 816

c WARNING: detected and deleted duplicate literal -208 at position 2 of proof line 929

c WARNING: detected and deleted duplicate literal 232 at position 3 of proof line 943

c WARNING: detected and deleted duplicate literal -232 at position 2 of proof line 947

c WARNING: detected and deleted duplicate literal 475 at position 3 of proof line 1276

c WARNING: detected and deleted duplicate literal 208 at position 2 of proof line 1292

c WARNING: detected and deleted duplicate literal -475 at position 1 of proof line 1455

c WARNING: detected and deleted duplicate literal -208 at position 2 of proof line 1622

c finished parsing

c detected empty clause; start verification via backward checking

c 543 of 930 clauses in core                            

c 443 of 966 lemmas in core using 1953 resolution steps

c 4 RAT lemmas in core; 42 redundant literals in core lemmas

s VERIFIED

c verification time: 0.018 seconds
