{
  "verified_steps": 2,
  "monotone": true,
  "endpoint_signature": "0x550155010000110100000501000001010000000000000000000000000000000055004",
  "endpoint_witnesses": [
    "and",
    "or",
    "majority"
  ],
  "snapshots": [
    {
      "step": 0,
      "relation_count": 6,
      "max_scope": 3,
      "table_size": 22,
      "signature": "0x000100000000100000000400000000000000000000000000000000000000000014004",
      "witnesses": [],
      "generation_depth": 0,
      "new_operations": [],
      "new_witnesses": []
    },
    {
      "step": 1,
      "relation_count": 4,
      "max_scope": 3,
      "table_size": 12,
      "signature": "0x000100000000100000000400000000000000000000000000000000000000000014004",
      "witnesses": [],
      "generation_depth": 1,
      "new_operations": [],
      "new_witnesses": []
    },
    {
      "step": 2,
      "relation_count": 3,
      "max_scope": 2,
      "table_size": 5,
      "signature": "0x550155010000110100000501000001010000000000000000000000000000000055004",
      "witnesses": [
        "and",
        "or",
        "majority"
      ],
      "generation_depth": 2,
      "new_operations": [
        [
          2,
          8
        ],
        [
          2,
          14
        ],
        [
          3,
          128
        ],
        [
          3,
          136
        ],
        [
          3,
          160
        ],
        [
          3,
          168
        ],
        [
          3,
          192
        ],
        [
          3,
          200
        ],
        [
          3,
          224
        ],
        [
          3,
          232
        ],
        [
          3,
          234
        ],
        [
          3,
          236
        ],
        [
          3,
          238
        ],
        [
          3,
          248
        ],
        [
          3,
          250
        ],
        [
          3,
          252
        ],
        [
          3,
          254
        ]
      ],
      "new_witnesses": [
        "and",
        "or",
        "majority"
      ]
    }
  ]
}